K6START=1790349208

         /\      Grafana   /‾‾/  
    /\  /  \     |\  __   /  /   
   /  \/    \    | |/ /  /   ‾‾\ 
  /          \   |   (  |  (‾)  |
 / __________ \  |_|\_\  \_____/ 


     execution: local
        script: k6/packing.js
        output: Prometheus remote write (http://172.31.64.6:9090/api/v1/write)

     scenarios: (100.00%) 1 scenario, 100 max VUs, 4m0s max duration (incl. graceful stop):
              * packers: 100 looping VUs for 3m30s (gracefulStop: 30s)


running (0m01.0s), 100/100 VUs, 0 complete and 0 interrupted iterations
packers   [   0% ] 100 VUs  0m01.0s/3m30s

running (0m02.0s), 100/100 VUs, 0 complete and 0 interrupted iterations
packers   [   1% ] 100 VUs  0m02.0s/3m30s

running (0m03.0s), 100/100 VUs, 40 complete and 0 interrupted iterations
packers   [   1% ] 100 VUs  0m03.0s/3m30s

running (0m04.0s), 100/100 VUs, 96 complete and 0 interrupted iterations
packers   [   2% ] 100 VUs  0m04.0s/3m30s

running (0m05.0s), 100/100 VUs, 152 complete and 0 interrupted iterations
packers   [   2% ] 100 VUs  0m05.0s/3m30s

running (0m06.0s), 100/100 VUs, 222 complete and 0 interrupted iterations
packers   [   3% ] 100 VUs  0m06.0s/3m30s

running (0m07.0s), 100/100 VUs, 289 complete and 0 interrupted iterations
packers   [   3% ] 100 VUs  0m07.0s/3m30s

running (0m08.0s), 100/100 VUs, 357 complete and 0 interrupted iterations
packers   [   4% ] 100 VUs  0m08.0s/3m30s

running (0m09.0s), 100/100 VUs, 436 complete and 0 interrupted iterations
packers   [   4% ] 100 VUs  0m09.0s/3m30s

running (0m10.0s), 100/100 VUs, 501 complete and 0 interrupted iterations
packers   [   5% ] 100 VUs  0m10.0s/3m30s

running (0m11.0s), 100/100 VUs, 593 complete and 0 interrupted iterations
packers   [   5% ] 100 VUs  0m11.0s/3m30s

running (0m12.0s), 100/100 VUs, 673 complete and 0 interrupted iterations
packers   [   6% ] 100 VUs  0m12.0s/3m30s

running (0m13.0s), 100/100 VUs, 760 complete and 0 interrupted iterations
packers   [   6% ] 100 VUs  0m13.0s/3m30s

running (0m14.0s), 100/100 VUs, 832 complete and 0 interrupted iterations
packers   [   7% ] 100 VUs  0m14.0s/3m30s

running (0m15.0s), 100/100 VUs, 918 complete and 0 interrupted iterations
packers   [   7% ] 100 VUs  0m15.0s/3m30s

running (0m16.0s), 100/100 VUs, 1016 complete and 0 interrupted iterations
packers   [   8% ] 100 VUs  0m16.0s/3m30s

running (0m17.0s), 100/100 VUs, 1084 complete and 0 interrupted iterations
packers   [   8% ] 100 VUs  0m17.0s/3m30s

running (0m18.0s), 100/100 VUs, 1181 complete and 0 interrupted iterations
packers   [   9% ] 100 VUs  0m18.0s/3m30s

running (0m19.0s), 100/100 VUs, 1281 complete and 0 interrupted iterations
packers   [   9% ] 100 VUs  0m19.0s/3m30s

running (0m20.0s), 100/100 VUs, 1394 complete and 0 interrupted iterations
packers   [  10% ] 100 VUs  0m20.0s/3m30s

running (0m21.0s), 100/100 VUs, 1512 complete and 0 interrupted iterations
packers   [  10% ] 100 VUs  0m21.0s/3m30s

running (0m22.0s), 100/100 VUs, 1613 complete and 0 interrupted iterations
packers   [  10% ] 100 VUs  0m22.0s/3m30s

running (0m23.0s), 100/100 VUs, 1729 complete and 0 interrupted iterations
packers   [  11% ] 100 VUs  0m23.0s/3m30s

running (0m24.0s), 100/100 VUs, 1850 complete and 0 interrupted iterations
packers   [  11% ] 100 VUs  0m24.0s/3m30s

running (0m25.0s), 100/100 VUs, 1968 complete and 0 interrupted iterations
packers   [  12% ] 100 VUs  0m25.0s/3m30s

running (0m26.0s), 100/100 VUs, 2084 complete and 0 interrupted iterations
packers   [  12% ] 100 VUs  0m26.0s/3m30s

running (0m27.0s), 100/100 VUs, 2204 complete and 0 interrupted iterations
packers   [  13% ] 100 VUs  0m27.0s/3m30s

running (0m28.0s), 100/100 VUs, 2327 complete and 0 interrupted iterations
packers   [  13% ] 100 VUs  0m28.0s/3m30s

running (0m29.0s), 100/100 VUs, 2452 complete and 0 interrupted iterations
packers   [  14% ] 100 VUs  0m29.0s/3m30s

running (0m30.0s), 100/100 VUs, 2583 complete and 0 interrupted iterations
packers   [  14% ] 100 VUs  0m30.0s/3m30s

running (0m31.0s), 100/100 VUs, 2714 complete and 0 interrupted iterations
packers   [  15% ] 100 VUs  0m31.0s/3m30s

running (0m32.0s), 100/100 VUs, 2796 complete and 0 interrupted iterations
packers   [  15% ] 100 VUs  0m32.0s/3m30s

running (0m33.0s), 100/100 VUs, 2912 complete and 0 interrupted iterations
packers   [  16% ] 100 VUs  0m33.0s/3m30s

running (0m34.0s), 100/100 VUs, 3045 complete and 0 interrupted iterations
packers   [  16% ] 100 VUs  0m34.0s/3m30s

running (0m35.0s), 100/100 VUs, 3164 complete and 0 interrupted iterations
packers   [  17% ] 100 VUs  0m35.0s/3m30s

running (0m36.0s), 100/100 VUs, 3302 complete and 0 interrupted iterations
packers   [  17% ] 100 VUs  0m36.0s/3m30s

running (0m37.0s), 100/100 VUs, 3428 complete and 0 interrupted iterations
packers   [  18% ] 100 VUs  0m37.0s/3m30s

running (0m38.0s), 100/100 VUs, 3460 complete and 0 interrupted iterations
packers   [  18% ] 100 VUs  0m38.0s/3m30s

running (0m39.0s), 100/100 VUs, 3460 complete and 0 interrupted iterations
packers   [  19% ] 100 VUs  0m39.0s/3m30s

running (0m40.0s), 100/100 VUs, 3567 complete and 0 interrupted iterations
packers   [  19% ] 100 VUs  0m40.0s/3m30s

running (0m41.0s), 100/100 VUs, 3682 complete and 0 interrupted iterations
packers   [  20% ] 100 VUs  0m41.0s/3m30s

running (0m42.0s), 100/100 VUs, 3812 complete and 0 interrupted iterations
packers   [  20% ] 100 VUs  0m42.0s/3m30s

running (0m43.0s), 100/100 VUs, 3955 complete and 0 interrupted iterations
packers   [  20% ] 100 VUs  0m43.0s/3m30s

running (0m44.0s), 100/100 VUs, 4079 complete and 0 interrupted iterations
packers   [  21% ] 100 VUs  0m44.0s/3m30s

running (0m45.0s), 100/100 VUs, 4201 complete and 0 interrupted iterations
packers   [  21% ] 100 VUs  0m45.0s/3m30s

running (0m46.0s), 100/100 VUs, 4329 complete and 0 interrupted iterations
packers   [  22% ] 100 VUs  0m46.0s/3m30s

running (0m47.0s), 100/100 VUs, 4458 complete and 0 interrupted iterations
packers   [  22% ] 100 VUs  0m47.0s/3m30s

running (0m48.0s), 100/100 VUs, 4601 complete and 0 interrupted iterations
packers   [  23% ] 100 VUs  0m48.0s/3m30s

running (0m49.0s), 100/100 VUs, 4732 complete and 0 interrupted iterations
packers   [  23% ] 100 VUs  0m49.0s/3m30s

running (0m50.0s), 100/100 VUs, 4870 complete and 0 interrupted iterations
packers   [  24% ] 100 VUs  0m50.0s/3m30s

running (0m51.0s), 100/100 VUs, 4999 complete and 0 interrupted iterations
packers   [  24% ] 100 VUs  0m51.0s/3m30s

running (0m52.0s), 100/100 VUs, 5122 complete and 0 interrupted iterations
packers   [  25% ] 100 VUs  0m52.0s/3m30s

running (0m53.0s), 100/100 VUs, 5263 complete and 0 interrupted iterations
packers   [  25% ] 100 VUs  0m53.0s/3m30s

running (0m54.0s), 100/100 VUs, 5391 complete and 0 interrupted iterations
packers   [  26% ] 100 VUs  0m54.0s/3m30s

running (0m55.0s), 100/100 VUs, 5518 complete and 0 interrupted iterations
packers   [  26% ] 100 VUs  0m55.0s/3m30s

running (0m56.0s), 100/100 VUs, 5637 complete and 0 interrupted iterations
packers   [  27% ] 100 VUs  0m56.0s/3m30s

running (0m57.0s), 100/100 VUs, 5757 complete and 0 interrupted iterations
packers   [  27% ] 100 VUs  0m57.0s/3m30s

running (0m58.0s), 100/100 VUs, 5899 complete and 0 interrupted iterations
packers   [  28% ] 100 VUs  0m58.0s/3m30s

running (0m59.0s), 100/100 VUs, 6021 complete and 0 interrupted iterations
packers   [  28% ] 100 VUs  0m59.0s/3m30s

running (1m00.0s), 100/100 VUs, 6160 complete and 0 interrupted iterations
packers   [  29% ] 100 VUs  1m00.0s/3m30s

running (1m01.0s), 100/100 VUs, 6291 complete and 0 interrupted iterations
packers   [  29% ] 100 VUs  1m01.0s/3m30s

running (1m02.0s), 100/100 VUs, 6405 complete and 0 interrupted iterations
packers   [  30% ] 100 VUs  1m02.0s/3m30s

running (1m03.0s), 100/100 VUs, 6533 complete and 0 interrupted iterations
packers   [  30% ] 100 VUs  1m03.0s/3m30s

running (1m04.0s), 100/100 VUs, 6659 complete and 0 interrupted iterations
packers   [  30% ] 100 VUs  1m04.0s/3m30s

running (1m05.0s), 100/100 VUs, 6802 complete and 0 interrupted iterations
packers   [  31% ] 100 VUs  1m05.0s/3m30s

running (1m06.0s), 100/100 VUs, 6939 complete and 0 interrupted iterations
packers   [  31% ] 100 VUs  1m06.0s/3m30s

running (1m07.0s), 100/100 VUs, 7073 complete and 0 interrupted iterations
packers   [  32% ] 100 VUs  1m07.0s/3m30s

running (1m08.0s), 100/100 VUs, 7205 complete and 0 interrupted iterations
packers   [  32% ] 100 VUs  1m08.0s/3m30s

running (1m09.0s), 100/100 VUs, 7327 complete and 0 interrupted iterations
packers   [  33% ] 100 VUs  1m09.0s/3m30s

running (1m10.0s), 100/100 VUs, 7459 complete and 0 interrupted iterations
packers   [  33% ] 100 VUs  1m10.0s/3m30s

running (1m11.0s), 100/100 VUs, 7596 complete and 0 interrupted iterations
packers   [  34% ] 100 VUs  1m11.0s/3m30s

running (1m12.0s), 100/100 VUs, 7717 complete and 0 interrupted iterations
packers   [  34% ] 100 VUs  1m12.0s/3m30s

running (1m13.0s), 100/100 VUs, 7856 complete and 0 interrupted iterations
packers   [  35% ] 100 VUs  1m13.0s/3m30s

running (1m14.0s), 100/100 VUs, 7952 complete and 0 interrupted iterations
packers   [  35% ] 100 VUs  1m14.0s/3m30s

running (1m15.0s), 100/100 VUs, 8068 complete and 0 interrupted iterations
packers   [  36% ] 100 VUs  1m15.0s/3m30s

running (1m16.0s), 100/100 VUs, 8207 complete and 0 interrupted iterations
packers   [  36% ] 100 VUs  1m16.0s/3m30s

running (1m17.0s), 100/100 VUs, 8299 complete and 0 interrupted iterations
packers   [  37% ] 100 VUs  1m17.0s/3m30s

running (1m18.0s), 100/100 VUs, 8428 complete and 0 interrupted iterations
packers   [  37% ] 100 VUs  1m18.0s/3m30s

running (1m19.0s), 100/100 VUs, 8561 complete and 0 interrupted iterations
packers   [  38% ] 100 VUs  1m19.0s/3m30s

running (1m20.0s), 100/100 VUs, 8699 complete and 0 interrupted iterations
packers   [  38% ] 100 VUs  1m20.0s/3m30s

running (1m21.0s), 100/100 VUs, 8819 complete and 0 interrupted iterations
packers   [  39% ] 100 VUs  1m21.0s/3m30s

running (1m22.0s), 100/100 VUs, 8951 complete and 0 interrupted iterations
packers   [  39% ] 100 VUs  1m22.0s/3m30s

running (1m23.0s), 100/100 VUs, 9084 complete and 0 interrupted iterations
packers   [  40% ] 100 VUs  1m23.0s/3m30s

running (1m24.0s), 100/100 VUs, 9213 complete and 0 interrupted iterations
packers   [  40% ] 100 VUs  1m24.0s/3m30s

running (1m25.0s), 100/100 VUs, 9331 complete and 0 interrupted iterations
packers   [  40% ] 100 VUs  1m25.0s/3m30s

running (1m26.0s), 100/100 VUs, 9441 complete and 0 interrupted iterations
packers   [  41% ] 100 VUs  1m26.0s/3m30s

running (1m27.0s), 100/100 VUs, 9559 complete and 0 interrupted iterations
packers   [  41% ] 100 VUs  1m27.0s/3m30s

running (1m28.0s), 100/100 VUs, 9691 complete and 0 interrupted iterations
packers   [  42% ] 100 VUs  1m28.0s/3m30s

running (1m29.0s), 100/100 VUs, 9811 complete and 0 interrupted iterations
packers   [  42% ] 100 VUs  1m29.0s/3m30s

running (1m30.0s), 100/100 VUs, 9948 complete and 0 interrupted iterations
packers   [  43% ] 100 VUs  1m30.0s/3m30s

running (1m31.0s), 100/100 VUs, 10085 complete and 0 interrupted iterations
packers   [  43% ] 100 VUs  1m31.0s/3m30s

running (1m32.0s), 100/100 VUs, 10154 complete and 0 interrupted iterations
packers   [  44% ] 100 VUs  1m32.0s/3m30s

running (1m33.0s), 100/100 VUs, 10208 complete and 0 interrupted iterations
packers   [  44% ] 100 VUs  1m33.0s/3m30s

running (1m34.0s), 100/100 VUs, 10279 complete and 0 interrupted iterations
packers   [  45% ] 100 VUs  1m34.0s/3m30s

running (1m35.0s), 100/100 VUs, 10408 complete and 0 interrupted iterations
packers   [  45% ] 100 VUs  1m35.0s/3m30s

running (1m36.0s), 100/100 VUs, 10515 complete and 0 interrupted iterations
packers   [  46% ] 100 VUs  1m36.0s/3m30s

running (1m37.0s), 100/100 VUs, 10617 complete and 0 interrupted iterations
packers   [  46% ] 100 VUs  1m37.0s/3m30s

running (1m38.0s), 100/100 VUs, 10751 complete and 0 interrupted iterations
packers   [  47% ] 100 VUs  1m38.0s/3m30s

running (1m39.0s), 100/100 VUs, 10884 complete and 0 interrupted iterations
packers   [  47% ] 100 VUs  1m39.0s/3m30s

running (1m40.0s), 100/100 VUs, 11000 complete and 0 interrupted iterations
packers   [  48% ] 100 VUs  1m40.0s/3m30s

running (1m41.0s), 100/100 VUs, 11123 complete and 0 interrupted iterations
packers   [  48% ] 100 VUs  1m41.0s/3m30s

running (1m42.0s), 100/100 VUs, 11244 complete and 0 interrupted iterations
packers   [  49% ] 100 VUs  1m42.0s/3m30s

running (1m43.0s), 100/100 VUs, 11383 complete and 0 interrupted iterations
packers   [  49% ] 100 VUs  1m43.0s/3m30s

running (1m44.0s), 100/100 VUs, 11507 complete and 0 interrupted iterations
packers   [  50% ] 100 VUs  1m44.0s/3m30s

running (1m45.0s), 100/100 VUs, 11637 complete and 0 interrupted iterations
packers   [  50% ] 100 VUs  1m45.0s/3m30s

running (1m46.0s), 100/100 VUs, 11751 complete and 0 interrupted iterations
packers   [  50% ] 100 VUs  1m46.0s/3m30s

running (1m47.0s), 100/100 VUs, 11878 complete and 0 interrupted iterations
packers   [  51% ] 100 VUs  1m47.0s/3m30s

running (1m48.0s), 100/100 VUs, 12008 complete and 0 interrupted iterations
packers   [  51% ] 100 VUs  1m48.0s/3m30s

running (1m49.0s), 100/100 VUs, 12150 complete and 0 interrupted iterations
packers   [  52% ] 100 VUs  1m49.0s/3m30s

running (1m50.0s), 100/100 VUs, 12281 complete and 0 interrupted iterations
packers   [  52% ] 100 VUs  1m50.0s/3m30s

running (1m51.0s), 100/100 VUs, 12404 complete and 0 interrupted iterations
packers   [  53% ] 100 VUs  1m51.0s/3m30s

running (1m52.0s), 100/100 VUs, 12527 complete and 0 interrupted iterations
packers   [  53% ] 100 VUs  1m52.0s/3m30s

running (1m53.0s), 100/100 VUs, 12663 complete and 0 interrupted iterations
packers   [  54% ] 100 VUs  1m53.0s/3m30s

running (1m54.0s), 100/100 VUs, 12765 complete and 0 interrupted iterations
packers   [  54% ] 100 VUs  1m54.0s/3m30s

running (1m55.0s), 100/100 VUs, 12892 complete and 0 interrupted iterations
packers   [  55% ] 100 VUs  1m55.0s/3m30s

running (1m56.0s), 100/100 VUs, 12982 complete and 0 interrupted iterations
packers   [  55% ] 100 VUs  1m56.0s/3m30s

running (1m57.0s), 100/100 VUs, 13099 complete and 0 interrupted iterations
packers   [  56% ] 100 VUs  1m57.0s/3m30s

running (1m58.0s), 100/100 VUs, 13221 complete and 0 interrupted iterations
packers   [  56% ] 100 VUs  1m58.0s/3m30s

running (1m59.0s), 100/100 VUs, 13340 complete and 0 interrupted iterations
packers   [  57% ] 100 VUs  1m59.0s/3m30s

running (2m00.0s), 100/100 VUs, 13475 complete and 0 interrupted iterations
packers   [  57% ] 100 VUs  2m00.0s/3m30s

running (2m01.0s), 100/100 VUs, 13609 complete and 0 interrupted iterations
packers   [  58% ] 100 VUs  2m01.0s/3m30s

running (2m02.0s), 100/100 VUs, 13722 complete and 0 interrupted iterations
packers   [  58% ] 100 VUs  2m02.0s/3m30s

running (2m03.0s), 100/100 VUs, 13844 complete and 0 interrupted iterations
packers   [  59% ] 100 VUs  2m03.0s/3m30s

running (2m04.0s), 100/100 VUs, 13975 complete and 0 interrupted iterations
packers   [  59% ] 100 VUs  2m04.0s/3m30s

running (2m05.0s), 100/100 VUs, 14111 complete and 0 interrupted iterations
packers   [  60% ] 100 VUs  2m05.0s/3m30s

running (2m06.0s), 100/100 VUs, 14239 complete and 0 interrupted iterations
packers   [  60% ] 100 VUs  2m06.0s/3m30s

running (2m07.0s), 100/100 VUs, 14369 complete and 0 interrupted iterations
packers   [  60% ] 100 VUs  2m07.0s/3m30s

running (2m08.0s), 100/100 VUs, 14496 complete and 0 interrupted iterations
packers   [  61% ] 100 VUs  2m08.0s/3m30s

running (2m09.0s), 100/100 VUs, 14621 complete and 0 interrupted iterations
packers   [  61% ] 100 VUs  2m09.0s/3m30s

running (2m10.0s), 100/100 VUs, 14731 complete and 0 interrupted iterations
packers   [  62% ] 100 VUs  2m10.0s/3m30s

running (2m11.0s), 100/100 VUs, 14844 complete and 0 interrupted iterations
packers   [  62% ] 100 VUs  2m11.0s/3m30s

running (2m12.0s), 100/100 VUs, 14962 complete and 0 interrupted iterations
packers   [  63% ] 100 VUs  2m12.0s/3m30s

running (2m13.0s), 100/100 VUs, 15097 complete and 0 interrupted iterations
packers   [  63% ] 100 VUs  2m13.0s/3m30s

running (2m14.0s), 100/100 VUs, 15194 complete and 0 interrupted iterations
packers   [  64% ] 100 VUs  2m14.0s/3m30s

running (2m15.0s), 100/100 VUs, 15314 complete and 0 interrupted iterations
packers   [  64% ] 100 VUs  2m15.0s/3m30s

running (2m16.0s), 100/100 VUs, 15421 complete and 0 interrupted iterations
packers   [  65% ] 100 VUs  2m16.0s/3m30s

running (2m17.0s), 100/100 VUs, 15514 complete and 0 interrupted iterations
packers   [  65% ] 100 VUs  2m17.0s/3m30s

running (2m18.0s), 100/100 VUs, 15638 complete and 0 interrupted iterations
packers   [  66% ] 100 VUs  2m18.0s/3m30s

running (2m19.0s), 100/100 VUs, 15772 complete and 0 interrupted iterations
packers   [  66% ] 100 VUs  2m19.0s/3m30s

running (2m20.0s), 100/100 VUs, 15906 complete and 0 interrupted iterations
packers   [  67% ] 100 VUs  2m20.0s/3m30s

running (2m21.0s), 100/100 VUs, 16033 complete and 0 interrupted iterations
packers   [  67% ] 100 VUs  2m21.0s/3m30s

running (2m22.0s), 100/100 VUs, 16139 complete and 0 interrupted iterations
packers   [  68% ] 100 VUs  2m22.0s/3m30s

running (2m23.0s), 100/100 VUs, 16267 complete and 0 interrupted iterations
packers   [  68% ] 100 VUs  2m23.0s/3m30s

running (2m24.0s), 100/100 VUs, 16398 complete and 0 interrupted iterations
packers   [  69% ] 100 VUs  2m24.0s/3m30s

running (2m25.0s), 100/100 VUs, 16528 complete and 0 interrupted iterations
packers   [  69% ] 100 VUs  2m25.0s/3m30s

running (2m26.0s), 100/100 VUs, 16645 complete and 0 interrupted iterations
packers   [  70% ] 100 VUs  2m26.0s/3m30s

running (2m27.0s), 100/100 VUs, 16771 complete and 0 interrupted iterations
packers   [  70% ] 100 VUs  2m27.0s/3m30s

running (2m28.0s), 100/100 VUs, 16892 complete and 0 interrupted iterations
packers   [  70% ] 100 VUs  2m28.0s/3m30s

running (2m29.0s), 100/100 VUs, 17009 complete and 0 interrupted iterations
packers   [  71% ] 100 VUs  2m29.0s/3m30s

running (2m30.0s), 100/100 VUs, 17135 complete and 0 interrupted iterations
packers   [  71% ] 100 VUs  2m30.0s/3m30s

running (2m31.0s), 100/100 VUs, 17266 complete and 0 interrupted iterations
packers   [  72% ] 100 VUs  2m31.0s/3m30s

running (2m32.0s), 100/100 VUs, 17345 complete and 0 interrupted iterations
packers   [  72% ] 100 VUs  2m32.0s/3m30s

running (2m33.0s), 100/100 VUs, 17455 complete and 0 interrupted iterations
packers   [  73% ] 100 VUs  2m33.0s/3m30s

running (2m34.0s), 100/100 VUs, 17566 complete and 0 interrupted iterations
packers   [  73% ] 100 VUs  2m34.0s/3m30s

running (2m35.0s), 100/100 VUs, 17693 complete and 0 interrupted iterations
packers   [  74% ] 100 VUs  2m35.0s/3m30s

running (2m36.0s), 100/100 VUs, 17807 complete and 0 interrupted iterations
packers   [  74% ] 100 VUs  2m36.0s/3m30s

running (2m37.0s), 100/100 VUs, 17927 complete and 0 interrupted iterations
packers   [  75% ] 100 VUs  2m37.0s/3m30s

running (2m38.0s), 100/100 VUs, 18061 complete and 0 interrupted iterations
packers   [  75% ] 100 VUs  2m38.0s/3m30s

running (2m39.0s), 100/100 VUs, 18188 complete and 0 interrupted iterations
packers   [  76% ] 100 VUs  2m39.0s/3m30s

running (2m40.0s), 100/100 VUs, 18291 complete and 0 interrupted iterations
packers   [  76% ] 100 VUs  2m40.0s/3m30s

running (2m41.0s), 100/100 VUs, 18394 complete and 0 interrupted iterations
packers   [  77% ] 100 VUs  2m41.0s/3m30s

running (2m42.0s), 100/100 VUs, 18513 complete and 0 interrupted iterations
packers   [  77% ] 100 VUs  2m42.0s/3m30s

running (2m43.0s), 100/100 VUs, 18644 complete and 0 interrupted iterations
packers   [  78% ] 100 VUs  2m43.0s/3m30s

running (2m44.0s), 100/100 VUs, 18766 complete and 0 interrupted iterations
packers   [  78% ] 100 VUs  2m44.0s/3m30s

running (2m45.0s), 100/100 VUs, 18896 complete and 0 interrupted iterations
packers   [  79% ] 100 VUs  2m45.0s/3m30s

running (2m46.0s), 100/100 VUs, 19010 complete and 0 interrupted iterations
packers   [  79% ] 100 VUs  2m46.0s/3m30s

running (2m47.0s), 100/100 VUs, 19134 complete and 0 interrupted iterations
packers   [  80% ] 100 VUs  2m47.0s/3m30s

running (2m48.0s), 100/100 VUs, 19267 complete and 0 interrupted iterations
packers   [  80% ] 100 VUs  2m48.0s/3m30s

running (2m49.0s), 100/100 VUs, 19401 complete and 0 interrupted iterations
packers   [  80% ] 100 VUs  2m49.0s/3m30s

running (2m50.0s), 100/100 VUs, 19532 complete and 0 interrupted iterations
packers   [  81% ] 100 VUs  2m50.0s/3m30s

running (2m51.0s), 100/100 VUs, 19656 complete and 0 interrupted iterations
packers   [  81% ] 100 VUs  2m51.0s/3m30s

running (2m52.0s), 100/100 VUs, 19765 complete and 0 interrupted iterations
packers   [  82% ] 100 VUs  2m52.0s/3m30s

running (2m53.0s), 100/100 VUs, 19892 complete and 0 interrupted iterations
packers   [  82% ] 100 VUs  2m53.0s/3m30s

running (2m54.0s), 100/100 VUs, 20001 complete and 0 interrupted iterations
packers   [  83% ] 100 VUs  2m54.0s/3m30s

running (2m55.0s), 100/100 VUs, 20121 complete and 0 interrupted iterations
packers   [  83% ] 100 VUs  2m55.0s/3m30s

running (2m56.0s), 100/100 VUs, 20224 complete and 0 interrupted iterations
packers   [  84% ] 100 VUs  2m56.0s/3m30s

running (2m57.0s), 100/100 VUs, 20356 complete and 0 interrupted iterations
packers   [  84% ] 100 VUs  2m57.0s/3m30s

running (2m58.0s), 100/100 VUs, 20465 complete and 0 interrupted iterations
packers   [  85% ] 100 VUs  2m58.0s/3m30s

running (2m59.0s), 100/100 VUs, 20585 complete and 0 interrupted iterations
packers   [  85% ] 100 VUs  2m59.0s/3m30s

running (3m00.0s), 100/100 VUs, 20710 complete and 0 interrupted iterations
packers   [  86% ] 100 VUs  3m00.0s/3m30s

running (3m01.0s), 100/100 VUs, 20838 complete and 0 interrupted iterations
packers   [  86% ] 100 VUs  3m01.0s/3m30s

running (3m02.0s), 100/100 VUs, 20950 complete and 0 interrupted iterations
packers   [  87% ] 100 VUs  3m02.0s/3m30s

running (3m03.0s), 100/100 VUs, 21075 complete and 0 interrupted iterations
packers   [  87% ] 100 VUs  3m03.0s/3m30s

running (3m04.0s), 100/100 VUs, 21177 complete and 0 interrupted iterations
packers   [  88% ] 100 VUs  3m04.0s/3m30s

running (3m05.0s), 100/100 VUs, 21310 complete and 0 interrupted iterations
packers   [  88% ] 100 VUs  3m05.0s/3m30s

running (3m06.0s), 100/100 VUs, 21438 complete and 0 interrupted iterations
packers   [  89% ] 100 VUs  3m06.0s/3m30s

running (3m07.0s), 100/100 VUs, 21568 complete and 0 interrupted iterations
packers   [  89% ] 100 VUs  3m07.0s/3m30s

running (3m08.0s), 100/100 VUs, 21686 complete and 0 interrupted iterations
packers   [  90% ] 100 VUs  3m08.0s/3m30s

running (3m09.0s), 100/100 VUs, 21811 complete and 0 interrupted iterations
packers   [  90% ] 100 VUs  3m09.0s/3m30s

running (3m10.0s), 100/100 VUs, 21907 complete and 0 interrupted iterations
packers   [  90% ] 100 VUs  3m10.0s/3m30s

running (3m11.0s), 100/100 VUs, 22026 complete and 0 interrupted iterations
packers   [  91% ] 100 VUs  3m11.0s/3m30s

running (3m12.0s), 100/100 VUs, 22146 complete and 0 interrupted iterations
packers   [  91% ] 100 VUs  3m12.0s/3m30s

running (3m13.0s), 100/100 VUs, 22280 complete and 0 interrupted iterations
packers   [  92% ] 100 VUs  3m13.0s/3m30s

running (3m14.0s), 100/100 VUs, 22366 complete and 0 interrupted iterations
packers   [  92% ] 100 VUs  3m14.0s/3m30s

running (3m15.0s), 100/100 VUs, 22461 complete and 0 interrupted iterations
packers   [  93% ] 100 VUs  3m15.0s/3m30s

running (3m16.0s), 100/100 VUs, 22569 complete and 0 interrupted iterations
packers   [  93% ] 100 VUs  3m16.0s/3m30s

running (3m17.0s), 100/100 VUs, 22659 complete and 0 interrupted iterations
packers   [  94% ] 100 VUs  3m17.0s/3m30s

running (3m18.0s), 100/100 VUs, 22777 complete and 0 interrupted iterations
packers   [  94% ] 100 VUs  3m18.0s/3m30s

running (3m19.0s), 100/100 VUs, 22912 complete and 0 interrupted iterations
packers   [  95% ] 100 VUs  3m19.0s/3m30s

running (3m20.0s), 100/100 VUs, 23031 complete and 0 interrupted iterations
packers   [  95% ] 100 VUs  3m20.0s/3m30s

running (3m21.0s), 100/100 VUs, 23160 complete and 0 interrupted iterations
packers   [  96% ] 100 VUs  3m21.0s/3m30s

running (3m22.0s), 100/100 VUs, 23275 complete and 0 interrupted iterations
packers   [  96% ] 100 VUs  3m22.0s/3m30s

running (3m23.0s), 100/100 VUs, 23398 complete and 0 interrupted iterations
packers   [  97% ] 100 VUs  3m23.0s/3m30s

running (3m24.0s), 100/100 VUs, 23527 complete and 0 interrupted iterations
packers   [  97% ] 100 VUs  3m24.0s/3m30s

running (3m25.0s), 100/100 VUs, 23650 complete and 0 interrupted iterations
packers   [  98% ] 100 VUs  3m25.0s/3m30s

running (3m26.0s), 100/100 VUs, 23762 complete and 0 interrupted iterations
packers   [  98% ] 100 VUs  3m26.0s/3m30s

running (3m27.0s), 100/100 VUs, 23890 complete and 0 interrupted iterations
packers   [  99% ] 100 VUs  3m27.0s/3m30s

running (3m28.0s), 100/100 VUs, 24008 complete and 0 interrupted iterations
packers   [  99% ] 100 VUs  3m28.0s/3m30s

running (3m29.0s), 100/100 VUs, 24111 complete and 0 interrupted iterations
packers   [ 100% ] 100 VUs  3m29.0s/3m30s

running (3m30.0s), 100/100 VUs, 24241 complete and 0 interrupted iterations
packers   [ 100% ] 100 VUs  3m30.0s/3m30s


  █ THRESHOLDS 

    complete_duration
    ✗ 'p(95)<500' p(95)=524.59ms


  █ TOTAL RESULTS 

    checks_total.......: 73041   346.684863/s
    checks_succeeded...: 100.00% 73041 out of 73041
    checks_failed......: 0.00%   0 out of 73041

    ✓ tote-scan 2xx
    ✓ shipment-detail 2xx
    ✓ complete 2xx

    CUSTOM
    complete_duration..............: avg=306.15ms p(50)=281.54ms p(95)=524.59ms p(99)=880.24ms max=2.29s count=24347
    measured_complete..............: avg=295.83ms p(50)=279.11ms p(95)=464.3ms  p(99)=640.99ms max=2.29s count=21664
    measured_complete_ok...........: 21664 102.826917/s
    measured_detail................: avg=265.13ms p(50)=246.16ms p(95)=420.66ms p(99)=576.05ms max=2.22s count=21661
    measured_reqs..................: 64991 308.476005/s
    measured_scan..................: avg=269.71ms p(50)=251.19ms p(95)=428.55ms p(99)=581.2ms  max=2.46s count=21666

    HTTP
    http_req_duration..............: avg=287.81ms p(50)=261.45ms p(95)=498.18ms p(99)=879.4ms  max=3.15s count=73041
      { expected_response:true }...: avg=287.81ms p(50)=261.45ms p(95)=498.18ms p(99)=879.4ms  max=3.15s count=73041
    http_req_failed................: 0.00% 0 out of 73041
    http_reqs......................: 73041 346.684863/s

    EXECUTION
    iteration_duration.............: avg=863.95ms p(50)=797.88ms p(95)=1.26s    p(99)=2.29s    max=5.23s count=24347
    iterations.....................: 24347 115.561621/s
    vus............................: 100   min=100        max=100
    vus_max........................: 100   min=100        max=100

    NETWORK
    data_received..................: 41 MB 194 kB/s
    data_sent......................: 15 MB 73 kB/s




running (3m30.7s), 000/100 VUs, 24347 complete and 0 interrupted iterations
packers ✓ [ 100% ] 100 VUs  3m30s
time="2026-09-25T15:16:59Z" level=error msg="thresholds on metrics 'complete_duration' have been crossed"
