K6START=1790604847

         /\      Grafana   /‾‾/  
    /\  /  \     |\  __   /  /   
   /  \/    \    | |/ /  /   ‾‾\ 
  /          \   |   (  |  (‾)  |
 / __________ \  |_|\_\  \_____/ 


     execution: local
        script: k6/packing.js
        output: Prometheus remote write (http://172.31.64.6:9090/api/v1/write)

     scenarios: (100.00%) 1 scenario, 100 max VUs, 3m30s max duration (incl. graceful stop):
              * packers: 100 looping VUs for 3m0s (gracefulStop: 30s)


running (0m01.0s), 100/100 VUs, 0 complete and 0 interrupted iterations
packers   [   1% ] 100 VUs  0m01.0s/3m0s

running (0m02.0s), 100/100 VUs, 9 complete and 0 interrupted iterations
packers   [   1% ] 100 VUs  0m02.0s/3m0s

running (0m03.0s), 100/100 VUs, 67 complete and 0 interrupted iterations
packers   [   2% ] 100 VUs  0m03.0s/3m0s

running (0m04.0s), 100/100 VUs, 119 complete and 0 interrupted iterations
packers   [   2% ] 100 VUs  0m04.0s/3m0s

running (0m05.0s), 100/100 VUs, 184 complete and 0 interrupted iterations
packers   [   3% ] 100 VUs  0m05.0s/3m0s

running (0m06.0s), 100/100 VUs, 242 complete and 0 interrupted iterations
packers   [   3% ] 100 VUs  0m06.0s/3m0s

running (0m07.0s), 100/100 VUs, 313 complete and 0 interrupted iterations
packers   [   4% ] 100 VUs  0m07.0s/3m0s

running (0m08.0s), 100/100 VUs, 385 complete and 0 interrupted iterations
packers   [   4% ] 100 VUs  0m08.0s/3m0s

running (0m09.0s), 100/100 VUs, 465 complete and 0 interrupted iterations
packers   [   5% ] 100 VUs  0m09.0s/3m0s

running (0m10.0s), 100/100 VUs, 547 complete and 0 interrupted iterations
packers   [   6% ] 100 VUs  0m10.0s/3m0s

running (0m11.0s), 100/100 VUs, 632 complete and 0 interrupted iterations
packers   [   6% ] 100 VUs  0m11.0s/3m0s

running (0m12.0s), 100/100 VUs, 711 complete and 0 interrupted iterations
packers   [   7% ] 100 VUs  0m12.0s/3m0s

running (0m13.0s), 100/100 VUs, 803 complete and 0 interrupted iterations
packers   [   7% ] 100 VUs  0m13.0s/3m0s

running (0m14.0s), 100/100 VUs, 898 complete and 0 interrupted iterations
packers   [   8% ] 100 VUs  0m14.0s/3m0s

running (0m15.0s), 100/100 VUs, 996 complete and 0 interrupted iterations
packers   [   8% ] 100 VUs  0m15.0s/3m0s

running (0m16.0s), 100/100 VUs, 1099 complete and 0 interrupted iterations
packers   [   9% ] 100 VUs  0m16.0s/3m0s

running (0m17.0s), 100/100 VUs, 1197 complete and 0 interrupted iterations
packers   [   9% ] 100 VUs  0m17.0s/3m0s

running (0m18.0s), 100/100 VUs, 1315 complete and 0 interrupted iterations
packers   [  10% ] 100 VUs  0m18.0s/3m0s

running (0m19.0s), 100/100 VUs, 1445 complete and 0 interrupted iterations
packers   [  11% ] 100 VUs  0m19.0s/3m0s

running (0m20.0s), 100/100 VUs, 1563 complete and 0 interrupted iterations
packers   [  11% ] 100 VUs  0m20.0s/3m0s

running (0m21.0s), 100/100 VUs, 1672 complete and 0 interrupted iterations
packers   [  12% ] 100 VUs  0m21.0s/3m0s

running (0m22.0s), 100/100 VUs, 1784 complete and 0 interrupted iterations
packers   [  12% ] 100 VUs  0m22.0s/3m0s

running (0m23.0s), 100/100 VUs, 1895 complete and 0 interrupted iterations
packers   [  13% ] 100 VUs  0m23.0s/3m0s

running (0m24.0s), 100/100 VUs, 2008 complete and 0 interrupted iterations
packers   [  13% ] 100 VUs  0m24.0s/3m0s

running (0m25.0s), 100/100 VUs, 2130 complete and 0 interrupted iterations
packers   [  14% ] 100 VUs  0m25.0s/3m0s

running (0m26.0s), 100/100 VUs, 2257 complete and 0 interrupted iterations
packers   [  14% ] 100 VUs  0m26.0s/3m0s

running (0m27.0s), 100/100 VUs, 2382 complete and 0 interrupted iterations
packers   [  15% ] 100 VUs  0m27.0s/3m0s

running (0m28.0s), 100/100 VUs, 2524 complete and 0 interrupted iterations
packers   [  16% ] 100 VUs  0m28.0s/3m0s

running (0m29.0s), 100/100 VUs, 2658 complete and 0 interrupted iterations
packers   [  16% ] 100 VUs  0m29.0s/3m0s

running (0m30.0s), 100/100 VUs, 2786 complete and 0 interrupted iterations
packers   [  17% ] 100 VUs  0m30.0s/3m0s

running (0m31.0s), 100/100 VUs, 2908 complete and 0 interrupted iterations
packers   [  17% ] 100 VUs  0m31.0s/3m0s

running (0m32.0s), 100/100 VUs, 3041 complete and 0 interrupted iterations
packers   [  18% ] 100 VUs  0m32.0s/3m0s

running (0m33.0s), 100/100 VUs, 3181 complete and 0 interrupted iterations
packers   [  18% ] 100 VUs  0m33.0s/3m0s

running (0m34.0s), 100/100 VUs, 3309 complete and 0 interrupted iterations
packers   [  19% ] 100 VUs  0m34.0s/3m0s

running (0m35.0s), 100/100 VUs, 3424 complete and 0 interrupted iterations
packers   [  19% ] 100 VUs  0m35.0s/3m0s

running (0m36.0s), 100/100 VUs, 3574 complete and 0 interrupted iterations
packers   [  20% ] 100 VUs  0m36.0s/3m0s

running (0m37.0s), 100/100 VUs, 3713 complete and 0 interrupted iterations
packers   [  21% ] 100 VUs  0m37.0s/3m0s

running (0m38.0s), 100/100 VUs, 3821 complete and 0 interrupted iterations
packers   [  21% ] 100 VUs  0m38.0s/3m0s

running (0m39.0s), 100/100 VUs, 3984 complete and 0 interrupted iterations
packers   [  22% ] 100 VUs  0m39.0s/3m0s

running (0m40.0s), 100/100 VUs, 4136 complete and 0 interrupted iterations
packers   [  22% ] 100 VUs  0m40.0s/3m0s

running (0m41.0s), 100/100 VUs, 4265 complete and 0 interrupted iterations
packers   [  23% ] 100 VUs  0m41.0s/3m0s

running (0m42.0s), 100/100 VUs, 4435 complete and 0 interrupted iterations
packers   [  23% ] 100 VUs  0m42.0s/3m0s

running (0m43.0s), 100/100 VUs, 4600 complete and 0 interrupted iterations
packers   [  24% ] 100 VUs  0m43.0s/3m0s

running (0m44.0s), 100/100 VUs, 4767 complete and 0 interrupted iterations
packers   [  24% ] 100 VUs  0m44.0s/3m0s

running (0m45.0s), 100/100 VUs, 4947 complete and 0 interrupted iterations
packers   [  25% ] 100 VUs  0m45.0s/3m0s

running (0m46.0s), 100/100 VUs, 5109 complete and 0 interrupted iterations
packers   [  26% ] 100 VUs  0m46.0s/3m0s

running (0m47.0s), 100/100 VUs, 5276 complete and 0 interrupted iterations
packers   [  26% ] 100 VUs  0m47.0s/3m0s

running (0m48.0s), 100/100 VUs, 5472 complete and 0 interrupted iterations
packers   [  27% ] 100 VUs  0m48.0s/3m0s

running (0m49.0s), 100/100 VUs, 5649 complete and 0 interrupted iterations
packers   [  27% ] 100 VUs  0m49.0s/3m0s

running (0m50.0s), 100/100 VUs, 5812 complete and 0 interrupted iterations
packers   [  28% ] 100 VUs  0m50.0s/3m0s

running (0m51.0s), 100/100 VUs, 6003 complete and 0 interrupted iterations
packers   [  28% ] 100 VUs  0m51.0s/3m0s

running (0m52.0s), 100/100 VUs, 6182 complete and 0 interrupted iterations
packers   [  29% ] 100 VUs  0m52.0s/3m0s

running (0m53.0s), 100/100 VUs, 6237 complete and 0 interrupted iterations
packers   [  29% ] 100 VUs  0m53.0s/3m0s

running (0m54.0s), 100/100 VUs, 6353 complete and 0 interrupted iterations
packers   [  30% ] 100 VUs  0m54.0s/3m0s

running (0m55.0s), 100/100 VUs, 6538 complete and 0 interrupted iterations
packers   [  31% ] 100 VUs  0m55.0s/3m0s

running (0m56.0s), 100/100 VUs, 6707 complete and 0 interrupted iterations
packers   [  31% ] 100 VUs  0m56.0s/3m0s

running (0m57.0s), 100/100 VUs, 6890 complete and 0 interrupted iterations
packers   [  32% ] 100 VUs  0m57.0s/3m0s

running (0m58.0s), 100/100 VUs, 7076 complete and 0 interrupted iterations
packers   [  32% ] 100 VUs  0m58.0s/3m0s

running (0m59.0s), 100/100 VUs, 7276 complete and 0 interrupted iterations
packers   [  33% ] 100 VUs  0m59.0s/3m0s

running (1m00.0s), 100/100 VUs, 7478 complete and 0 interrupted iterations
packers   [  33% ] 100 VUs  1m00.0s/3m0s

running (1m01.0s), 100/100 VUs, 7652 complete and 0 interrupted iterations
packers   [  34% ] 100 VUs  1m01.0s/3m0s

running (1m02.0s), 100/100 VUs, 7838 complete and 0 interrupted iterations
packers   [  34% ] 100 VUs  1m02.0s/3m0s

running (1m03.0s), 100/100 VUs, 8033 complete and 0 interrupted iterations
packers   [  35% ] 100 VUs  1m03.0s/3m0s

running (1m04.0s), 100/100 VUs, 8226 complete and 0 interrupted iterations
packers   [  36% ] 100 VUs  1m04.0s/3m0s

running (1m05.0s), 100/100 VUs, 8411 complete and 0 interrupted iterations
packers   [  36% ] 100 VUs  1m05.0s/3m0s

running (1m06.0s), 100/100 VUs, 8606 complete and 0 interrupted iterations
packers   [  37% ] 100 VUs  1m06.0s/3m0s

running (1m07.0s), 100/100 VUs, 8792 complete and 0 interrupted iterations
packers   [  37% ] 100 VUs  1m07.0s/3m0s

running (1m08.0s), 100/100 VUs, 8982 complete and 0 interrupted iterations
packers   [  38% ] 100 VUs  1m08.0s/3m0s

running (1m09.0s), 100/100 VUs, 9178 complete and 0 interrupted iterations
packers   [  38% ] 100 VUs  1m09.0s/3m0s

running (1m10.0s), 100/100 VUs, 9378 complete and 0 interrupted iterations
packers   [  39% ] 100 VUs  1m10.0s/3m0s

running (1m11.0s), 100/100 VUs, 9531 complete and 0 interrupted iterations
packers   [  39% ] 100 VUs  1m11.0s/3m0s

running (1m12.0s), 100/100 VUs, 9723 complete and 0 interrupted iterations
packers   [  40% ] 100 VUs  1m12.0s/3m0s

running (1m13.0s), 100/100 VUs, 9924 complete and 0 interrupted iterations
packers   [  41% ] 100 VUs  1m13.0s/3m0s

running (1m14.0s), 100/100 VUs, 10090 complete and 0 interrupted iterations
packers   [  41% ] 100 VUs  1m14.0s/3m0s

running (1m15.0s), 100/100 VUs, 10277 complete and 0 interrupted iterations
packers   [  42% ] 100 VUs  1m15.0s/3m0s

running (1m16.0s), 100/100 VUs, 10413 complete and 0 interrupted iterations
packers   [  42% ] 100 VUs  1m16.0s/3m0s

running (1m17.0s), 100/100 VUs, 10590 complete and 0 interrupted iterations
packers   [  43% ] 100 VUs  1m17.0s/3m0s

running (1m18.0s), 100/100 VUs, 10775 complete and 0 interrupted iterations
packers   [  43% ] 100 VUs  1m18.0s/3m0s

running (1m19.0s), 100/100 VUs, 10968 complete and 0 interrupted iterations
packers   [  44% ] 100 VUs  1m19.0s/3m0s

running (1m20.0s), 100/100 VUs, 11144 complete and 0 interrupted iterations
packers   [  44% ] 100 VUs  1m20.0s/3m0s

running (1m21.0s), 100/100 VUs, 11320 complete and 0 interrupted iterations
packers   [  45% ] 100 VUs  1m21.0s/3m0s

running (1m22.0s), 100/100 VUs, 11496 complete and 0 interrupted iterations
packers   [  46% ] 100 VUs  1m22.0s/3m0s

running (1m23.0s), 100/100 VUs, 11660 complete and 0 interrupted iterations
packers   [  46% ] 100 VUs  1m23.0s/3m0s

running (1m24.0s), 100/100 VUs, 11833 complete and 0 interrupted iterations
packers   [  47% ] 100 VUs  1m24.0s/3m0s

running (1m25.0s), 100/100 VUs, 12024 complete and 0 interrupted iterations
packers   [  47% ] 100 VUs  1m25.0s/3m0s

running (1m26.0s), 100/100 VUs, 12185 complete and 0 interrupted iterations
packers   [  48% ] 100 VUs  1m26.0s/3m0s

running (1m27.0s), 100/100 VUs, 12377 complete and 0 interrupted iterations
packers   [  48% ] 100 VUs  1m27.0s/3m0s

running (1m28.0s), 100/100 VUs, 12565 complete and 0 interrupted iterations
packers   [  49% ] 100 VUs  1m28.0s/3m0s

running (1m29.0s), 100/100 VUs, 12752 complete and 0 interrupted iterations
packers   [  49% ] 100 VUs  1m29.0s/3m0s

running (1m30.0s), 100/100 VUs, 12940 complete and 0 interrupted iterations
packers   [  50% ] 100 VUs  1m30.0s/3m0s

running (1m31.0s), 100/100 VUs, 13100 complete and 0 interrupted iterations
packers   [  51% ] 100 VUs  1m31.0s/3m0s

running (1m32.0s), 100/100 VUs, 13265 complete and 0 interrupted iterations
packers   [  51% ] 100 VUs  1m32.0s/3m0s

running (1m33.0s), 100/100 VUs, 13433 complete and 0 interrupted iterations
packers   [  52% ] 100 VUs  1m33.0s/3m0s

running (1m34.0s), 100/100 VUs, 13606 complete and 0 interrupted iterations
packers   [  52% ] 100 VUs  1m34.0s/3m0s

running (1m35.0s), 100/100 VUs, 13742 complete and 0 interrupted iterations
packers   [  53% ] 100 VUs  1m35.0s/3m0s

running (1m36.0s), 100/100 VUs, 13935 complete and 0 interrupted iterations
packers   [  53% ] 100 VUs  1m36.0s/3m0s

running (1m37.0s), 100/100 VUs, 14119 complete and 0 interrupted iterations
packers   [  54% ] 100 VUs  1m37.0s/3m0s

running (1m38.0s), 100/100 VUs, 14247 complete and 0 interrupted iterations
packers   [  54% ] 100 VUs  1m38.0s/3m0s

running (1m39.0s), 100/100 VUs, 14441 complete and 0 interrupted iterations
packers   [  55% ] 100 VUs  1m39.0s/3m0s

running (1m40.0s), 100/100 VUs, 14639 complete and 0 interrupted iterations
packers   [  56% ] 100 VUs  1m40.0s/3m0s

running (1m41.0s), 100/100 VUs, 14787 complete and 0 interrupted iterations
packers   [  56% ] 100 VUs  1m41.0s/3m0s

running (1m42.0s), 100/100 VUs, 14974 complete and 0 interrupted iterations
packers   [  57% ] 100 VUs  1m42.0s/3m0s

running (1m43.0s), 100/100 VUs, 15163 complete and 0 interrupted iterations
packers   [  57% ] 100 VUs  1m43.0s/3m0s

running (1m44.0s), 100/100 VUs, 15337 complete and 0 interrupted iterations
packers   [  58% ] 100 VUs  1m44.0s/3m0s

running (1m45.0s), 100/100 VUs, 15514 complete and 0 interrupted iterations
packers   [  58% ] 100 VUs  1m45.0s/3m0s

running (1m46.0s), 100/100 VUs, 15670 complete and 0 interrupted iterations
packers   [  59% ] 100 VUs  1m46.0s/3m0s

running (1m47.0s), 100/100 VUs, 15847 complete and 0 interrupted iterations
packers   [  59% ] 100 VUs  1m47.0s/3m0s

running (1m48.0s), 100/100 VUs, 16054 complete and 0 interrupted iterations
packers   [  60% ] 100 VUs  1m48.0s/3m0s

running (1m49.0s), 100/100 VUs, 16223 complete and 0 interrupted iterations
packers   [  61% ] 100 VUs  1m49.0s/3m0s

running (1m50.0s), 100/100 VUs, 16407 complete and 0 interrupted iterations
packers   [  61% ] 100 VUs  1m50.0s/3m0s

running (1m51.0s), 100/100 VUs, 16586 complete and 0 interrupted iterations
packers   [  62% ] 100 VUs  1m51.0s/3m0s

running (1m52.0s), 100/100 VUs, 16771 complete and 0 interrupted iterations
packers   [  62% ] 100 VUs  1m52.0s/3m0s

running (1m53.0s), 100/100 VUs, 16862 complete and 0 interrupted iterations
packers   [  63% ] 100 VUs  1m53.0s/3m0s

running (1m54.0s), 100/100 VUs, 17049 complete and 0 interrupted iterations
packers   [  63% ] 100 VUs  1m54.0s/3m0s

running (1m55.0s), 100/100 VUs, 17236 complete and 0 interrupted iterations
packers   [  64% ] 100 VUs  1m55.0s/3m0s

running (1m56.0s), 100/100 VUs, 17394 complete and 0 interrupted iterations
packers   [  64% ] 100 VUs  1m56.0s/3m0s

running (1m57.0s), 100/100 VUs, 17566 complete and 0 interrupted iterations
packers   [  65% ] 100 VUs  1m57.0s/3m0s

running (1m58.0s), 100/100 VUs, 17754 complete and 0 interrupted iterations
packers   [  66% ] 100 VUs  1m58.0s/3m0s

running (1m59.0s), 100/100 VUs, 17927 complete and 0 interrupted iterations
packers   [  66% ] 100 VUs  1m59.0s/3m0s

running (2m00.0s), 100/100 VUs, 18110 complete and 0 interrupted iterations
packers   [  67% ] 100 VUs  2m00.0s/3m0s

running (2m01.0s), 100/100 VUs, 18232 complete and 0 interrupted iterations
packers   [  67% ] 100 VUs  2m01.0s/3m0s

running (2m02.0s), 100/100 VUs, 18392 complete and 0 interrupted iterations
packers   [  68% ] 100 VUs  2m02.0s/3m0s

running (2m03.0s), 100/100 VUs, 18556 complete and 0 interrupted iterations
packers   [  68% ] 100 VUs  2m03.0s/3m0s

running (2m04.0s), 100/100 VUs, 18730 complete and 0 interrupted iterations
packers   [  69% ] 100 VUs  2m04.0s/3m0s

running (2m05.0s), 100/100 VUs, 18906 complete and 0 interrupted iterations
packers   [  69% ] 100 VUs  2m05.0s/3m0s

running (2m06.0s), 100/100 VUs, 19087 complete and 0 interrupted iterations
packers   [  70% ] 100 VUs  2m06.0s/3m0s

running (2m07.0s), 100/100 VUs, 19266 complete and 0 interrupted iterations
packers   [  71% ] 100 VUs  2m07.0s/3m0s

running (2m08.0s), 100/100 VUs, 19453 complete and 0 interrupted iterations
packers   [  71% ] 100 VUs  2m08.0s/3m0s

running (2m09.0s), 100/100 VUs, 19639 complete and 0 interrupted iterations
packers   [  72% ] 100 VUs  2m09.0s/3m0s

running (2m10.0s), 100/100 VUs, 19827 complete and 0 interrupted iterations
packers   [  72% ] 100 VUs  2m10.0s/3m0s

running (2m11.0s), 100/100 VUs, 19971 complete and 0 interrupted iterations
packers   [  73% ] 100 VUs  2m11.0s/3m0s

running (2m12.0s), 100/100 VUs, 20144 complete and 0 interrupted iterations
packers   [  73% ] 100 VUs  2m12.0s/3m0s

running (2m13.0s), 100/100 VUs, 20326 complete and 0 interrupted iterations
packers   [  74% ] 100 VUs  2m13.0s/3m0s

running (2m14.0s), 100/100 VUs, 20490 complete and 0 interrupted iterations
packers   [  74% ] 100 VUs  2m14.0s/3m0s

running (2m15.0s), 100/100 VUs, 20644 complete and 0 interrupted iterations
packers   [  75% ] 100 VUs  2m15.0s/3m0s

running (2m16.0s), 100/100 VUs, 20771 complete and 0 interrupted iterations
packers   [  76% ] 100 VUs  2m16.0s/3m0s

running (2m17.0s), 100/100 VUs, 20911 complete and 0 interrupted iterations
packers   [  76% ] 100 VUs  2m17.0s/3m0s

running (2m18.0s), 100/100 VUs, 21089 complete and 0 interrupted iterations
packers   [  77% ] 100 VUs  2m18.0s/3m0s

running (2m19.0s), 100/100 VUs, 21268 complete and 0 interrupted iterations
packers   [  77% ] 100 VUs  2m19.0s/3m0s

running (2m20.0s), 100/100 VUs, 21454 complete and 0 interrupted iterations
packers   [  78% ] 100 VUs  2m20.0s/3m0s

running (2m21.0s), 100/100 VUs, 21638 complete and 0 interrupted iterations
packers   [  78% ] 100 VUs  2m21.0s/3m0s

running (2m22.0s), 100/100 VUs, 21825 complete and 0 interrupted iterations
packers   [  79% ] 100 VUs  2m22.0s/3m0s

running (2m23.0s), 100/100 VUs, 21987 complete and 0 interrupted iterations
packers   [  79% ] 100 VUs  2m23.0s/3m0s

running (2m24.0s), 100/100 VUs, 22156 complete and 0 interrupted iterations
packers   [  80% ] 100 VUs  2m24.0s/3m0s

running (2m25.0s), 100/100 VUs, 22345 complete and 0 interrupted iterations
packers   [  81% ] 100 VUs  2m25.0s/3m0s

running (2m26.0s), 100/100 VUs, 22493 complete and 0 interrupted iterations
packers   [  81% ] 100 VUs  2m26.0s/3m0s

running (2m27.0s), 100/100 VUs, 22661 complete and 0 interrupted iterations
packers   [  82% ] 100 VUs  2m27.0s/3m0s

running (2m28.0s), 100/100 VUs, 22857 complete and 0 interrupted iterations
packers   [  82% ] 100 VUs  2m28.0s/3m0s

running (2m29.0s), 100/100 VUs, 23030 complete and 0 interrupted iterations
packers   [  83% ] 100 VUs  2m29.0s/3m0s

running (2m30.0s), 100/100 VUs, 23199 complete and 0 interrupted iterations
packers   [  83% ] 100 VUs  2m30.0s/3m0s

running (2m31.0s), 100/100 VUs, 23349 complete and 0 interrupted iterations
packers   [  84% ] 100 VUs  2m31.0s/3m0s

running (2m32.0s), 100/100 VUs, 23515 complete and 0 interrupted iterations
packers   [  84% ] 100 VUs  2m32.0s/3m0s

running (2m33.0s), 100/100 VUs, 23676 complete and 0 interrupted iterations
packers   [  85% ] 100 VUs  2m33.0s/3m0s

running (2m34.0s), 100/100 VUs, 23849 complete and 0 interrupted iterations
packers   [  86% ] 100 VUs  2m34.0s/3m0s

running (2m35.0s), 100/100 VUs, 23982 complete and 0 interrupted iterations
packers   [  86% ] 100 VUs  2m35.0s/3m0s

running (2m36.0s), 100/100 VUs, 24151 complete and 0 interrupted iterations
packers   [  87% ] 100 VUs  2m36.0s/3m0s

running (2m37.0s), 100/100 VUs, 24312 complete and 0 interrupted iterations
packers   [  87% ] 100 VUs  2m37.0s/3m0s

running (2m38.0s), 100/100 VUs, 24437 complete and 0 interrupted iterations
packers   [  88% ] 100 VUs  2m38.0s/3m0s

running (2m39.0s), 100/100 VUs, 24607 complete and 0 interrupted iterations
packers   [  88% ] 100 VUs  2m39.0s/3m0s

running (2m40.0s), 100/100 VUs, 24784 complete and 0 interrupted iterations
packers   [  89% ] 100 VUs  2m40.0s/3m0s

running (2m41.0s), 100/100 VUs, 24901 complete and 0 interrupted iterations
packers   [  89% ] 100 VUs  2m41.0s/3m0s

running (2m42.0s), 100/100 VUs, 25070 complete and 0 interrupted iterations
packers   [  90% ] 100 VUs  2m42.0s/3m0s

running (2m43.0s), 100/100 VUs, 25247 complete and 0 interrupted iterations
packers   [  91% ] 100 VUs  2m43.0s/3m0s

running (2m44.0s), 100/100 VUs, 25414 complete and 0 interrupted iterations
packers   [  91% ] 100 VUs  2m44.0s/3m0s

running (2m45.0s), 100/100 VUs, 25568 complete and 0 interrupted iterations
packers   [  92% ] 100 VUs  2m45.0s/3m0s

running (2m46.0s), 100/100 VUs, 25722 complete and 0 interrupted iterations
packers   [  92% ] 100 VUs  2m46.0s/3m0s

running (2m47.0s), 100/100 VUs, 25876 complete and 0 interrupted iterations
packers   [  93% ] 100 VUs  2m47.0s/3m0s

running (2m48.0s), 100/100 VUs, 26052 complete and 0 interrupted iterations
packers   [  93% ] 100 VUs  2m48.0s/3m0s

running (2m49.0s), 100/100 VUs, 26223 complete and 0 interrupted iterations
packers   [  94% ] 100 VUs  2m49.0s/3m0s

running (2m50.0s), 100/100 VUs, 26383 complete and 0 interrupted iterations
packers   [  94% ] 100 VUs  2m50.0s/3m0s

running (2m51.0s), 100/100 VUs, 26549 complete and 0 interrupted iterations
packers   [  95% ] 100 VUs  2m51.0s/3m0s

running (2m52.0s), 100/100 VUs, 26697 complete and 0 interrupted iterations
packers   [  96% ] 100 VUs  2m52.0s/3m0s

running (2m53.0s), 100/100 VUs, 26800 complete and 0 interrupted iterations
packers   [  96% ] 100 VUs  2m53.0s/3m0s

running (2m54.0s), 100/100 VUs, 26983 complete and 0 interrupted iterations
packers   [  97% ] 100 VUs  2m54.0s/3m0s

running (2m55.0s), 100/100 VUs, 27159 complete and 0 interrupted iterations
packers   [  97% ] 100 VUs  2m55.0s/3m0s

running (2m56.0s), 100/100 VUs, 27308 complete and 0 interrupted iterations
packers   [  98% ] 100 VUs  2m56.0s/3m0s

running (2m57.0s), 100/100 VUs, 27439 complete and 0 interrupted iterations
packers   [  98% ] 100 VUs  2m57.0s/3m0s

running (2m58.0s), 100/100 VUs, 27532 complete and 0 interrupted iterations
packers   [  99% ] 100 VUs  2m58.0s/3m0s

running (2m59.0s), 100/100 VUs, 27662 complete and 0 interrupted iterations
packers   [  99% ] 100 VUs  2m59.0s/3m0s

running (3m00.0s), 100/100 VUs, 27834 complete and 0 interrupted iterations
packers   [ 100% ] 100 VUs  3m00.0s/3m0s


  █ THRESHOLDS 

    complete_duration
    ✗ 'p(95)<500' p(95)=530.84ms


  █ TOTAL RESULTS 

    checks_total.......: 83814   463.941636/s
    checks_succeeded...: 100.00% 83814 out of 83814
    checks_failed......: 0.00%   0 out of 83814

    ✓ tote-scan 2xx
    ✓ shipment-detail 2xx
    ✓ complete 2xx

    CUSTOM
    complete_duration..............: avg=260.36ms p(50)=221.05ms p(95)=530.84ms p(99)=839.99ms max=2.31s count=27938
    measured_complete..............: avg=243.67ms p(50)=217.87ms p(95)=450.24ms p(99)=623.48ms max=1.47s count=25049
    measured_complete_ok...........: 25049 138.655523/s
    measured_detail................: avg=174.99ms p(50)=163.5ms  p(95)=317.25ms p(99)=449.36ms max=1.54s count=25052
    measured_reqs..................: 75151 415.988711/s
    measured_scan..................: avg=180.06ms p(50)=168.76ms p(95)=323.84ms p(99)=457.31ms max=1.12s count=25050

    HTTP
    http_req_duration..............: avg=214.96ms p(50)=180.52ms p(95)=459.66ms p(99)=774.42ms max=2.52s count=83814
      { expected_response:true }...: avg=214.96ms p(50)=180.52ms p(95)=459.66ms p(99)=774.42ms max=2.52s count=83814
    http_req_failed................: 0.00% 0 out of 83814
    http_reqs......................: 83814 463.941636/s

    EXECUTION
    iteration_duration.............: avg=645.35ms p(50)=573.02ms p(95)=1.11s    p(99)=1.87s    max=4.04s count=27938
    iterations.....................: 27938 154.647212/s
    vus............................: 100   min=100        max=100
    vus_max........................: 100   min=100        max=100

    NETWORK
    data_received..................: 42 MB 230 kB/s
    data_sent......................: 18 MB 98 kB/s




running (3m00.7s), 000/100 VUs, 27938 complete and 0 interrupted iterations
packers ✓ [ 100% ] 100 VUs  3m0s
time="2026-09-28T14:17:08Z" level=error msg="thresholds on metrics 'complete_duration' have been crossed"
