K6START=1790426850

         /\      Grafana   /‾‾/  
    /\  /  \     |\  __   /  /   
   /  \/    \    | |/ /  /   ‾‾\ 
  /          \   |   (  |  (‾)  |
 / __________ \  |_|\_\  \_____/ 


     execution: local
        script: k6/capture.js
        output: Prometheus remote write (http://172.31.64.6:9090/api/v1/write)

     scenarios: (100.00%) 1 scenario, 60 max VUs, 3m30s max duration (incl. graceful stop):
              * capture: 60 looping VUs for 3m0s (gracefulStop: 30s)


running (0m01.0s), 60/60 VUs, 0 complete and 0 interrupted iterations
capture   [   0% ] 60 VUs  0m00.5s/3m0s

running (0m02.0s), 60/60 VUs, 20 complete and 0 interrupted iterations
capture   [   1% ] 60 VUs  0m01.5s/3m0s

running (0m03.0s), 60/60 VUs, 60 complete and 0 interrupted iterations
capture   [   1% ] 60 VUs  0m02.5s/3m0s

running (0m04.0s), 60/60 VUs, 119 complete and 0 interrupted iterations
capture   [   2% ] 60 VUs  0m03.5s/3m0s

running (0m05.0s), 60/60 VUs, 149 complete and 0 interrupted iterations
capture   [   3% ] 60 VUs  0m04.5s/3m0s

running (0m06.0s), 60/60 VUs, 180 complete and 0 interrupted iterations
capture   [   3% ] 60 VUs  0m05.5s/3m0s

running (0m07.0s), 60/60 VUs, 240 complete and 0 interrupted iterations
capture   [   4% ] 60 VUs  0m06.5s/3m0s

running (0m08.0s), 60/60 VUs, 282 complete and 0 interrupted iterations
capture   [   4% ] 60 VUs  0m07.5s/3m0s

running (0m09.0s), 60/60 VUs, 300 complete and 0 interrupted iterations
capture   [   5% ] 60 VUs  0m08.5s/3m0s

running (0m10.0s), 60/60 VUs, 360 complete and 0 interrupted iterations
capture   [   5% ] 60 VUs  0m09.5s/3m0s

running (0m11.0s), 60/60 VUs, 409 complete and 0 interrupted iterations
capture   [   6% ] 60 VUs  0m10.5s/3m0s

running (0m12.0s), 60/60 VUs, 433 complete and 0 interrupted iterations
capture   [   6% ] 60 VUs  0m11.5s/3m0s

running (0m13.0s), 60/60 VUs, 480 complete and 0 interrupted iterations
capture   [   7% ] 60 VUs  0m12.5s/3m0s

running (0m14.0s), 60/60 VUs, 534 complete and 0 interrupted iterations
capture   [   8% ] 60 VUs  0m13.5s/3m0s

running (0m15.0s), 60/60 VUs, 565 complete and 0 interrupted iterations
capture   [   8% ] 60 VUs  0m14.5s/3m0s

running (0m16.0s), 60/60 VUs, 600 complete and 0 interrupted iterations
capture   [   9% ] 60 VUs  0m15.5s/3m0s

running (0m17.0s), 60/60 VUs, 657 complete and 0 interrupted iterations
capture   [   9% ] 60 VUs  0m16.5s/3m0s

running (0m18.0s), 60/60 VUs, 698 complete and 0 interrupted iterations
capture   [  10% ] 60 VUs  0m17.5s/3m0s

running (0m19.0s), 60/60 VUs, 720 complete and 0 interrupted iterations
capture   [  10% ] 60 VUs  0m18.5s/3m0s

running (0m20.0s), 60/60 VUs, 779 complete and 0 interrupted iterations
capture   [  11% ] 60 VUs  0m19.5s/3m0s

running (0m21.0s), 60/60 VUs, 822 complete and 0 interrupted iterations
capture   [  11% ] 60 VUs  0m20.5s/3m0s

running (0m22.0s), 60/60 VUs, 847 complete and 0 interrupted iterations
capture   [  12% ] 60 VUs  0m21.5s/3m0s

running (0m23.0s), 60/60 VUs, 900 complete and 0 interrupted iterations
capture   [  13% ] 60 VUs  0m22.5s/3m0s

running (0m24.0s), 60/60 VUs, 949 complete and 0 interrupted iterations
capture   [  13% ] 60 VUs  0m23.5s/3m0s

running (0m25.0s), 60/60 VUs, 980 complete and 0 interrupted iterations
capture   [  14% ] 60 VUs  0m24.5s/3m0s

running (0m26.0s), 60/60 VUs, 1020 complete and 0 interrupted iterations
capture   [  14% ] 60 VUs  0m25.5s/3m0s

running (0m27.0s), 60/60 VUs, 1071 complete and 0 interrupted iterations
capture   [  15% ] 60 VUs  0m26.5s/3m0s

running (0m28.0s), 60/60 VUs, 1117 complete and 0 interrupted iterations
capture   [  15% ] 60 VUs  0m27.5s/3m0s

running (0m29.0s), 60/60 VUs, 1140 complete and 0 interrupted iterations
capture   [  16% ] 60 VUs  0m28.5s/3m0s

running (0m30.0s), 60/60 VUs, 1199 complete and 0 interrupted iterations
capture   [  16% ] 60 VUs  0m29.5s/3m0s

running (0m31.0s), 60/60 VUs, 1243 complete and 0 interrupted iterations
capture   [  17% ] 60 VUs  0m30.5s/3m0s

running (0m32.0s), 60/60 VUs, 1263 complete and 0 interrupted iterations
capture   [  18% ] 60 VUs  0m31.5s/3m0s

running (0m33.0s), 60/60 VUs, 1319 complete and 0 interrupted iterations
capture   [  18% ] 60 VUs  0m32.5s/3m0s

running (0m34.0s), 60/60 VUs, 1367 complete and 0 interrupted iterations
capture   [  19% ] 60 VUs  0m33.5s/3m0s

running (0m35.0s), 60/60 VUs, 1395 complete and 0 interrupted iterations
capture   [  19% ] 60 VUs  0m34.5s/3m0s

running (0m36.0s), 60/60 VUs, 1439 complete and 0 interrupted iterations
capture   [  20% ] 60 VUs  0m35.5s/3m0s

running (0m37.0s), 60/60 VUs, 1494 complete and 0 interrupted iterations
capture   [  20% ] 60 VUs  0m36.5s/3m0s

running (0m38.0s), 60/60 VUs, 1534 complete and 0 interrupted iterations
capture   [  21% ] 60 VUs  0m37.5s/3m0s

running (0m39.0s), 60/60 VUs, 1559 complete and 0 interrupted iterations
capture   [  21% ] 60 VUs  0m38.5s/3m0s

running (0m40.0s), 60/60 VUs, 1615 complete and 0 interrupted iterations
capture   [  22% ] 60 VUs  0m39.5s/3m0s

running (0m41.0s), 60/60 VUs, 1662 complete and 0 interrupted iterations
capture   [  23% ] 60 VUs  0m40.5s/3m0s

running (0m42.0s), 60/60 VUs, 1681 complete and 0 interrupted iterations
capture   [  23% ] 60 VUs  0m41.5s/3m0s

running (0m43.0s), 60/60 VUs, 1738 complete and 0 interrupted iterations
capture   [  24% ] 60 VUs  0m42.5s/3m0s

running (0m44.0s), 60/60 VUs, 1786 complete and 0 interrupted iterations
capture   [  24% ] 60 VUs  0m43.5s/3m0s

running (0m45.0s), 60/60 VUs, 1816 complete and 0 interrupted iterations
capture   [  25% ] 60 VUs  0m44.5s/3m0s

running (0m46.0s), 60/60 VUs, 1859 complete and 0 interrupted iterations
capture   [  25% ] 60 VUs  0m45.5s/3m0s

running (0m47.0s), 60/60 VUs, 1910 complete and 0 interrupted iterations
capture   [  26% ] 60 VUs  0m46.5s/3m0s

running (0m48.0s), 60/60 VUs, 1953 complete and 0 interrupted iterations
capture   [  26% ] 60 VUs  0m47.5s/3m0s

running (0m49.0s), 60/60 VUs, 1979 complete and 0 interrupted iterations
capture   [  27% ] 60 VUs  0m48.5s/3m0s

running (0m50.0s), 60/60 VUs, 2035 complete and 0 interrupted iterations
capture   [  28% ] 60 VUs  0m49.5s/3m0s

running (0m51.0s), 60/60 VUs, 2081 complete and 0 interrupted iterations
capture   [  28% ] 60 VUs  0m50.5s/3m0s

running (0m52.0s), 60/60 VUs, 2103 complete and 0 interrupted iterations
capture   [  29% ] 60 VUs  0m51.5s/3m0s

running (0m53.0s), 60/60 VUs, 2157 complete and 0 interrupted iterations
capture   [  29% ] 60 VUs  0m52.5s/3m0s

running (0m54.0s), 60/60 VUs, 2204 complete and 0 interrupted iterations
capture   [  30% ] 60 VUs  0m53.5s/3m0s

running (0m55.0s), 60/60 VUs, 2232 complete and 0 interrupted iterations
capture   [  30% ] 60 VUs  0m54.5s/3m0s

running (0m56.0s), 60/60 VUs, 2279 complete and 0 interrupted iterations
capture   [  31% ] 60 VUs  0m55.5s/3m0s

running (0m57.0s), 60/60 VUs, 2327 complete and 0 interrupted iterations
capture   [  31% ] 60 VUs  0m56.5s/3m0s

running (0m58.0s), 60/60 VUs, 2371 complete and 0 interrupted iterations
capture   [  32% ] 60 VUs  0m57.5s/3m0s

running (0m59.0s), 60/60 VUs, 2399 complete and 0 interrupted iterations
capture   [  33% ] 60 VUs  0m58.5s/3m0s

running (1m00.0s), 60/60 VUs, 2450 complete and 0 interrupted iterations
capture   [  33% ] 60 VUs  0m59.5s/3m0s

running (1m01.0s), 60/60 VUs, 2502 complete and 0 interrupted iterations
capture   [  34% ] 60 VUs  1m00.5s/3m0s

running (1m02.0s), 60/60 VUs, 2522 complete and 0 interrupted iterations
capture   [  34% ] 60 VUs  1m01.5s/3m0s

running (1m03.0s), 60/60 VUs, 2576 complete and 0 interrupted iterations
capture   [  35% ] 60 VUs  1m02.5s/3m0s

running (1m04.0s), 60/60 VUs, 2625 complete and 0 interrupted iterations
capture   [  35% ] 60 VUs  1m03.5s/3m0s

running (1m05.0s), 60/60 VUs, 2654 complete and 0 interrupted iterations
capture   [  36% ] 60 VUs  1m04.5s/3m0s

running (1m06.0s), 60/60 VUs, 2698 complete and 0 interrupted iterations
capture   [  36% ] 60 VUs  1m05.5s/3m0s

running (1m07.0s), 60/60 VUs, 2747 complete and 0 interrupted iterations
capture   [  37% ] 60 VUs  1m06.5s/3m0s

running (1m08.0s), 60/60 VUs, 2791 complete and 0 interrupted iterations
capture   [  38% ] 60 VUs  1m07.5s/3m0s

running (1m09.0s), 60/60 VUs, 2818 complete and 0 interrupted iterations
capture   [  38% ] 60 VUs  1m08.5s/3m0s

running (1m10.0s), 60/60 VUs, 2870 complete and 0 interrupted iterations
capture   [  39% ] 60 VUs  1m09.5s/3m0s

running (1m11.0s), 60/60 VUs, 2922 complete and 0 interrupted iterations
capture   [  39% ] 60 VUs  1m10.5s/3m0s

running (1m12.0s), 60/60 VUs, 2942 complete and 0 interrupted iterations
capture   [  40% ] 60 VUs  1m11.5s/3m0s

running (1m13.0s), 60/60 VUs, 2995 complete and 0 interrupted iterations
capture   [  40% ] 60 VUs  1m12.5s/3m0s

running (1m14.0s), 60/60 VUs, 3045 complete and 0 interrupted iterations
capture   [  41% ] 60 VUs  1m13.5s/3m0s

running (1m15.0s), 60/60 VUs, 3074 complete and 0 interrupted iterations
capture   [  41% ] 60 VUs  1m14.5s/3m0s

running (1m16.0s), 60/60 VUs, 3117 complete and 0 interrupted iterations
capture   [  42% ] 60 VUs  1m15.5s/3m0s

running (1m17.0s), 60/60 VUs, 3165 complete and 0 interrupted iterations
capture   [  43% ] 60 VUs  1m16.5s/3m0s

running (1m18.0s), 60/60 VUs, 3203 complete and 0 interrupted iterations
capture   [  43% ] 60 VUs  1m17.5s/3m0s

running (1m19.0s), 60/60 VUs, 3238 complete and 0 interrupted iterations
capture   [  44% ] 60 VUs  1m18.5s/3m0s

running (1m20.0s), 60/60 VUs, 3292 complete and 0 interrupted iterations
capture   [  44% ] 60 VUs  1m19.5s/3m0s

running (1m21.0s), 60/60 VUs, 3339 complete and 0 interrupted iterations
capture   [  45% ] 60 VUs  1m20.5s/3m0s

running (1m22.0s), 60/60 VUs, 3365 complete and 0 interrupted iterations
capture   [  45% ] 60 VUs  1m21.5s/3m0s

running (1m23.0s), 60/60 VUs, 3414 complete and 0 interrupted iterations
capture   [  46% ] 60 VUs  1m22.5s/3m0s

running (1m24.0s), 60/60 VUs, 3463 complete and 0 interrupted iterations
capture   [  46% ] 60 VUs  1m23.5s/3m0s

running (1m25.0s), 60/60 VUs, 3495 complete and 0 interrupted iterations
capture   [  47% ] 60 VUs  1m24.5s/3m0s

running (1m26.0s), 60/60 VUs, 3537 complete and 0 interrupted iterations
capture   [  48% ] 60 VUs  1m25.5s/3m0s

running (1m27.0s), 60/60 VUs, 3584 complete and 0 interrupted iterations
capture   [  48% ] 60 VUs  1m26.5s/3m0s

running (1m28.0s), 60/60 VUs, 3628 complete and 0 interrupted iterations
capture   [  49% ] 60 VUs  1m27.5s/3m0s

running (1m29.0s), 60/60 VUs, 3657 complete and 0 interrupted iterations
capture   [  49% ] 60 VUs  1m28.5s/3m0s

running (1m30.0s), 60/60 VUs, 3709 complete and 0 interrupted iterations
capture   [  50% ] 60 VUs  1m29.5s/3m0s

running (1m31.0s), 60/60 VUs, 3757 complete and 0 interrupted iterations
capture   [  50% ] 60 VUs  1m30.5s/3m0s

running (1m32.0s), 60/60 VUs, 3780 complete and 0 interrupted iterations
capture   [  51% ] 60 VUs  1m31.5s/3m0s

running (1m33.0s), 60/60 VUs, 3832 complete and 0 interrupted iterations
capture   [  51% ] 60 VUs  1m32.5s/3m0s

running (1m34.0s), 60/60 VUs, 3884 complete and 0 interrupted iterations
capture   [  52% ] 60 VUs  1m33.5s/3m0s

running (1m35.0s), 60/60 VUs, 3912 complete and 0 interrupted iterations
capture   [  53% ] 60 VUs  1m34.5s/3m0s

running (1m36.0s), 60/60 VUs, 3957 complete and 0 interrupted iterations
capture   [  53% ] 60 VUs  1m35.5s/3m0s

running (1m37.0s), 60/60 VUs, 4005 complete and 0 interrupted iterations
capture   [  54% ] 60 VUs  1m36.5s/3m0s

running (1m38.0s), 60/60 VUs, 4045 complete and 0 interrupted iterations
capture   [  54% ] 60 VUs  1m37.5s/3m0s

running (1m39.0s), 60/60 VUs, 4079 complete and 0 interrupted iterations
capture   [  55% ] 60 VUs  1m38.5s/3m0s

running (1m40.0s), 60/60 VUs, 4128 complete and 0 interrupted iterations
capture   [  55% ] 60 VUs  1m39.5s/3m0s

running (1m41.0s), 60/60 VUs, 4180 complete and 0 interrupted iterations
capture   [  56% ] 60 VUs  1m40.5s/3m0s

running (1m42.0s), 60/60 VUs, 4203 complete and 0 interrupted iterations
capture   [  56% ] 60 VUs  1m41.5s/3m0s

running (1m43.0s), 60/60 VUs, 4250 complete and 0 interrupted iterations
capture   [  57% ] 60 VUs  1m42.5s/3m0s

running (1m44.0s), 60/60 VUs, 4303 complete and 0 interrupted iterations
capture   [  58% ] 60 VUs  1m43.5s/3m0s

running (1m45.0s), 60/60 VUs, 4332 complete and 0 interrupted iterations
capture   [  58% ] 60 VUs  1m44.5s/3m0s

running (1m46.0s), 60/60 VUs, 4375 complete and 0 interrupted iterations
capture   [  59% ] 60 VUs  1m45.5s/3m0s

running (1m47.0s), 60/60 VUs, 4427 complete and 0 interrupted iterations
capture   [  59% ] 60 VUs  1m46.5s/3m0s

running (1m48.0s), 60/60 VUs, 4466 complete and 0 interrupted iterations
capture   [  60% ] 60 VUs  1m47.5s/3m0s

running (1m49.0s), 60/60 VUs, 4500 complete and 0 interrupted iterations
capture   [  60% ] 60 VUs  1m48.5s/3m0s

running (1m50.0s), 60/60 VUs, 4548 complete and 0 interrupted iterations
capture   [  61% ] 60 VUs  1m49.5s/3m0s

running (1m51.0s), 60/60 VUs, 4600 complete and 0 interrupted iterations
capture   [  61% ] 60 VUs  1m50.5s/3m0s

running (1m52.0s), 60/60 VUs, 4622 complete and 0 interrupted iterations
capture   [  62% ] 60 VUs  1m51.5s/3m0s

running (1m53.0s), 60/60 VUs, 4672 complete and 0 interrupted iterations
capture   [  63% ] 60 VUs  1m52.5s/3m0s

running (1m54.0s), 60/60 VUs, 4723 complete and 0 interrupted iterations
capture   [  63% ] 60 VUs  1m53.5s/3m0s

running (1m55.0s), 60/60 VUs, 4751 complete and 0 interrupted iterations
capture   [  64% ] 60 VUs  1m54.5s/3m0s

running (1m56.0s), 60/60 VUs, 4794 complete and 0 interrupted iterations
capture   [  64% ] 60 VUs  1m55.5s/3m0s

running (1m57.0s), 60/60 VUs, 4846 complete and 0 interrupted iterations
capture   [  65% ] 60 VUs  1m56.5s/3m0s

running (1m58.0s), 60/60 VUs, 4890 complete and 0 interrupted iterations
capture   [  65% ] 60 VUs  1m57.5s/3m0s

running (1m59.0s), 60/60 VUs, 4920 complete and 0 interrupted iterations
capture   [  66% ] 60 VUs  1m58.5s/3m0s

running (2m00.0s), 60/60 VUs, 4968 complete and 0 interrupted iterations
capture   [  66% ] 60 VUs  1m59.5s/3m0s

running (2m01.0s), 60/60 VUs, 5020 complete and 0 interrupted iterations
capture   [  67% ] 60 VUs  2m00.5s/3m0s

running (2m02.0s), 60/60 VUs, 5045 complete and 0 interrupted iterations
capture   [  68% ] 60 VUs  2m01.5s/3m0s

running (2m03.0s), 60/60 VUs, 5092 complete and 0 interrupted iterations
capture   [  68% ] 60 VUs  2m02.5s/3m0s

running (2m04.0s), 60/60 VUs, 5144 complete and 0 interrupted iterations
capture   [  69% ] 60 VUs  2m03.5s/3m0s

running (2m05.0s), 60/60 VUs, 5176 complete and 0 interrupted iterations
capture   [  69% ] 60 VUs  2m04.5s/3m0s

running (2m06.0s), 60/60 VUs, 5215 complete and 0 interrupted iterations
capture   [  70% ] 60 VUs  2m05.5s/3m0s

running (2m07.0s), 60/60 VUs, 5265 complete and 0 interrupted iterations
capture   [  70% ] 60 VUs  2m06.5s/3m0s

running (2m08.0s), 60/60 VUs, 5313 complete and 0 interrupted iterations
capture   [  71% ] 60 VUs  2m07.5s/3m0s

running (2m09.0s), 60/60 VUs, 5339 complete and 0 interrupted iterations
capture   [  71% ] 60 VUs  2m08.5s/3m0s

running (2m10.0s), 60/60 VUs, 5388 complete and 0 interrupted iterations
capture   [  72% ] 60 VUs  2m09.5s/3m0s

running (2m11.0s), 60/60 VUs, 5442 complete and 0 interrupted iterations
capture   [  73% ] 60 VUs  2m10.5s/3m0s

running (2m12.0s), 60/60 VUs, 5468 complete and 0 interrupted iterations
capture   [  73% ] 60 VUs  2m11.5s/3m0s

running (2m13.0s), 60/60 VUs, 5513 complete and 0 interrupted iterations
capture   [  74% ] 60 VUs  2m12.5s/3m0s

running (2m14.0s), 60/60 VUs, 5564 complete and 0 interrupted iterations
capture   [  74% ] 60 VUs  2m13.5s/3m0s

running (2m15.0s), 60/60 VUs, 5606 complete and 0 interrupted iterations
capture   [  75% ] 60 VUs  2m14.5s/3m0s

running (2m16.0s), 60/60 VUs, 5638 complete and 0 interrupted iterations
capture   [  75% ] 60 VUs  2m15.5s/3m0s

running (2m17.0s), 60/60 VUs, 5686 complete and 0 interrupted iterations
capture   [  76% ] 60 VUs  2m16.5s/3m0s

running (2m18.0s), 60/60 VUs, 5731 complete and 0 interrupted iterations
capture   [  76% ] 60 VUs  2m17.5s/3m0s

running (2m19.0s), 60/60 VUs, 5760 complete and 0 interrupted iterations
capture   [  77% ] 60 VUs  2m18.5s/3m0s

running (2m20.0s), 60/60 VUs, 5808 complete and 0 interrupted iterations
capture   [  78% ] 60 VUs  2m19.5s/3m0s

running (2m21.0s), 60/60 VUs, 5858 complete and 0 interrupted iterations
capture   [  78% ] 60 VUs  2m20.5s/3m0s

running (2m22.0s), 60/60 VUs, 5890 complete and 0 interrupted iterations
capture   [  79% ] 60 VUs  2m21.5s/3m0s

running (2m23.0s), 60/60 VUs, 5932 complete and 0 interrupted iterations
capture   [  79% ] 60 VUs  2m22.5s/3m0s

running (2m24.0s), 60/60 VUs, 5980 complete and 0 interrupted iterations
capture   [  80% ] 60 VUs  2m23.5s/3m0s

running (2m25.0s), 60/60 VUs, 6027 complete and 0 interrupted iterations
capture   [  80% ] 60 VUs  2m24.5s/3m0s

running (2m26.0s), 60/60 VUs, 6058 complete and 0 interrupted iterations
capture   [  81% ] 60 VUs  2m25.5s/3m0s

running (2m27.0s), 60/60 VUs, 6107 complete and 0 interrupted iterations
capture   [  81% ] 60 VUs  2m26.5s/3m0s

running (2m28.0s), 60/60 VUs, 6156 complete and 0 interrupted iterations
capture   [  82% ] 60 VUs  2m27.5s/3m0s

running (2m29.0s), 60/60 VUs, 6186 complete and 0 interrupted iterations
capture   [  83% ] 60 VUs  2m28.5s/3m0s

running (2m30.0s), 60/60 VUs, 6228 complete and 0 interrupted iterations
capture   [  83% ] 60 VUs  2m29.5s/3m0s

running (2m31.0s), 60/60 VUs, 6279 complete and 0 interrupted iterations
capture   [  84% ] 60 VUs  2m30.5s/3m0s

running (2m32.0s), 60/60 VUs, 6307 complete and 0 interrupted iterations
capture   [  84% ] 60 VUs  2m31.5s/3m0s

running (2m33.0s), 60/60 VUs, 6353 complete and 0 interrupted iterations
capture   [  85% ] 60 VUs  2m32.5s/3m0s

running (2m34.0s), 60/60 VUs, 6404 complete and 0 interrupted iterations
capture   [  85% ] 60 VUs  2m33.5s/3m0s

running (2m35.0s), 60/60 VUs, 6445 complete and 0 interrupted iterations
capture   [  86% ] 60 VUs  2m34.5s/3m0s

running (2m36.0s), 60/60 VUs, 6475 complete and 0 interrupted iterations
capture   [  86% ] 60 VUs  2m35.5s/3m0s

running (2m37.0s), 60/60 VUs, 6525 complete and 0 interrupted iterations
capture   [  87% ] 60 VUs  2m36.5s/3m0s

running (2m38.0s), 60/60 VUs, 6574 complete and 0 interrupted iterations
capture   [  88% ] 60 VUs  2m37.5s/3m0s

running (2m39.0s), 60/60 VUs, 6600 complete and 0 interrupted iterations
capture   [  88% ] 60 VUs  2m38.5s/3m0s

running (2m40.0s), 60/60 VUs, 6648 complete and 0 interrupted iterations
capture   [  89% ] 60 VUs  2m39.5s/3m0s

running (2m41.0s), 60/60 VUs, 6698 complete and 0 interrupted iterations
capture   [  89% ] 60 VUs  2m40.5s/3m0s

running (2m42.0s), 60/60 VUs, 6733 complete and 0 interrupted iterations
capture   [  90% ] 60 VUs  2m41.5s/3m0s

running (2m43.0s), 60/60 VUs, 6772 complete and 0 interrupted iterations
capture   [  90% ] 60 VUs  2m42.5s/3m0s

running (2m44.0s), 60/60 VUs, 6824 complete and 0 interrupted iterations
capture   [  91% ] 60 VUs  2m43.5s/3m0s

running (2m45.0s), 60/60 VUs, 6869 complete and 0 interrupted iterations
capture   [  91% ] 60 VUs  2m44.5s/3m0s

running (2m46.0s), 60/60 VUs, 6897 complete and 0 interrupted iterations
capture   [  92% ] 60 VUs  2m45.5s/3m0s

running (2m47.0s), 60/60 VUs, 6946 complete and 0 interrupted iterations
capture   [  93% ] 60 VUs  2m46.5s/3m0s

running (2m48.0s), 60/60 VUs, 6994 complete and 0 interrupted iterations
capture   [  93% ] 60 VUs  2m47.5s/3m0s

running (2m49.0s), 60/60 VUs, 7022 complete and 0 interrupted iterations
capture   [  94% ] 60 VUs  2m48.5s/3m0s

running (2m50.0s), 60/60 VUs, 7069 complete and 0 interrupted iterations
capture   [  94% ] 60 VUs  2m49.5s/3m0s

running (2m51.0s), 60/60 VUs, 7119 complete and 0 interrupted iterations
capture   [  95% ] 60 VUs  2m50.5s/3m0s

running (2m52.0s), 60/60 VUs, 7157 complete and 0 interrupted iterations
capture   [  95% ] 60 VUs  2m51.5s/3m0s

running (2m53.0s), 60/60 VUs, 7191 complete and 0 interrupted iterations
capture   [  96% ] 60 VUs  2m52.5s/3m0s

running (2m54.0s), 60/60 VUs, 7242 complete and 0 interrupted iterations
capture   [  96% ] 60 VUs  2m53.5s/3m0s

running (2m55.0s), 60/60 VUs, 7290 complete and 0 interrupted iterations
capture   [  97% ] 60 VUs  2m54.5s/3m0s

running (2m56.0s), 60/60 VUs, 7317 complete and 0 interrupted iterations
capture   [  98% ] 60 VUs  2m55.5s/3m0s

running (2m57.0s), 60/60 VUs, 7366 complete and 0 interrupted iterations
capture   [  98% ] 60 VUs  2m56.5s/3m0s

running (2m58.0s), 60/60 VUs, 7413 complete and 0 interrupted iterations
capture   [  99% ] 60 VUs  2m57.5s/3m0s

running (2m59.0s), 60/60 VUs, 7442 complete and 0 interrupted iterations
capture   [  99% ] 60 VUs  2m58.5s/3m0s

running (3m00.0s), 60/60 VUs, 7488 complete and 0 interrupted iterations
capture   [ 100% ] 60 VUs  2m59.5s/3m0s

running (3m01.0s), 23/60 VUs, 7541 complete and 0 interrupted iterations
capture ↓ [ 100% ] 60 VUs  3m0s


  █ THRESHOLDS 

    http_req_failed{name:measure}
    ✓ 'rate<0.01' rate=0.00%

    measure_duration
    ✓ 'p(95)<1000' p(95)=532.37ms

    measure_inferred
    ✓ 'rate>0.99' rate=100.00%


  █ TOTAL RESULTS 

    checks_total.......: 7564    41.57553/s
    checks_succeeded...: 100.00% 7564 out of 7564
    checks_failed......: 0.00%   0 out of 7564

    ✓ measure 2xx

    CUSTOM
    measure_duration...............: avg=431.42ms min=371.44ms med=415.87ms max=1.05s p(95)=532.37ms p(99)=555.12ms
    measure_inferred...............: 100.00% 7564 out of 7564

    HTTP
    http_req_duration..............: avg=430.85ms min=32.97ms  med=415.84ms max=1.05s p(95)=532.37ms p(99)=555.07ms
      { expected_response:true }...: avg=430.85ms min=32.97ms  med=415.84ms max=1.05s p(95)=532.37ms p(99)=555.07ms
    http_req_failed................: 0.00%   0 out of 7575
      { name:measure }.............: 0.00%   0 out of 7564
    http_reqs......................: 7575    41.635992/s

    EXECUTION
    iteration_duration.............: avg=1.43s    min=1.37s    med=1.41s    max=2.06s p(95)=1.53s    p(99)=1.55s   
    iterations.....................: 7564    41.57553/s
    vus............................: 23      min=23           max=60
    vus_max........................: 60      min=60           max=60

    NETWORK
    data_received..................: 45 MB   247 kB/s
    data_sent......................: 1.7 MB  9.2 kB/s




running (3m01.9s), 00/60 VUs, 7564 complete and 0 interrupted iterations
capture ✓ [ 100% ] 60 VUs  3m0s
