K6START=1790344400

         /\      Grafana   /‾‾/  
    /\  /  \     |\  __   /  /   
   /  \/    \    | |/ /  /   ‾‾\ 
  /          \   |   (  |  (‾)  |
 / __________ \  |_|\_\  \_____/ 


     execution: local
        script: k6/packing.js
        output: Prometheus remote write (http://172.31.64.6:9090/api/v1/write)

     scenarios: (100.00%) 1 scenario, 300 max VUs, 5m30s max duration (incl. graceful stop):
              * packers: 300 looping VUs for 5m0s (gracefulStop: 30s)


running (0m00.9s), 300/300 VUs, 0 complete and 0 interrupted iterations
packers   [   0% ] 300 VUs  0m00.9s/5m0s

running (0m01.9s), 300/300 VUs, 0 complete and 0 interrupted iterations
packers   [   1% ] 300 VUs  0m01.9s/5m0s

running (0m02.9s), 300/300 VUs, 0 complete and 0 interrupted iterations
packers   [   1% ] 300 VUs  0m02.9s/5m0s

running (0m03.9s), 300/300 VUs, 0 complete and 0 interrupted iterations
packers   [   1% ] 300 VUs  0m03.9s/5m0s

running (0m04.9s), 300/300 VUs, 0 complete and 0 interrupted iterations
packers   [   2% ] 300 VUs  0m04.9s/5m0s

running (0m05.9s), 300/300 VUs, 0 complete and 0 interrupted iterations
packers   [   2% ] 300 VUs  0m05.9s/5m0s

running (0m06.9s), 300/300 VUs, 0 complete and 0 interrupted iterations
packers   [   2% ] 300 VUs  0m06.9s/5m0s

running (0m07.9s), 300/300 VUs, 0 complete and 0 interrupted iterations
packers   [   3% ] 300 VUs  0m07.9s/5m0s

running (0m08.9s), 300/300 VUs, 0 complete and 0 interrupted iterations
packers   [   3% ] 300 VUs  0m08.9s/5m0s

running (0m09.9s), 300/300 VUs, 0 complete and 0 interrupted iterations
packers   [   3% ] 300 VUs  0m09.9s/5m0s

running (0m10.9s), 300/300 VUs, 0 complete and 0 interrupted iterations
packers   [   4% ] 300 VUs  0m10.9s/5m0s

running (0m11.9s), 300/300 VUs, 0 complete and 0 interrupted iterations
packers   [   4% ] 300 VUs  0m11.9s/5m0s

running (0m12.9s), 300/300 VUs, 0 complete and 0 interrupted iterations
packers   [   4% ] 300 VUs  0m12.9s/5m0s

running (0m13.9s), 300/300 VUs, 0 complete and 0 interrupted iterations
packers   [   5% ] 300 VUs  0m13.9s/5m0s

running (0m14.9s), 300/300 VUs, 0 complete and 0 interrupted iterations
packers   [   5% ] 300 VUs  0m14.9s/5m0s

running (0m15.9s), 300/300 VUs, 0 complete and 0 interrupted iterations
packers   [   5% ] 300 VUs  0m15.9s/5m0s

running (0m16.9s), 300/300 VUs, 0 complete and 0 interrupted iterations
packers   [   6% ] 300 VUs  0m16.9s/5m0s

running (0m17.9s), 300/300 VUs, 0 complete and 0 interrupted iterations
packers   [   6% ] 300 VUs  0m17.9s/5m0s

running (0m18.9s), 300/300 VUs, 0 complete and 0 interrupted iterations
packers   [   6% ] 300 VUs  0m18.9s/5m0s

running (0m19.9s), 300/300 VUs, 0 complete and 0 interrupted iterations
packers   [   7% ] 300 VUs  0m19.9s/5m0s

running (0m20.9s), 300/300 VUs, 0 complete and 0 interrupted iterations
packers   [   7% ] 300 VUs  0m20.9s/5m0s

running (0m21.9s), 300/300 VUs, 0 complete and 0 interrupted iterations
packers   [   7% ] 300 VUs  0m21.9s/5m0s

running (0m22.9s), 300/300 VUs, 0 complete and 0 interrupted iterations
packers   [   8% ] 300 VUs  0m22.9s/5m0s

running (0m23.9s), 300/300 VUs, 0 complete and 0 interrupted iterations
packers   [   8% ] 300 VUs  0m23.9s/5m0s

running (0m24.9s), 300/300 VUs, 0 complete and 0 interrupted iterations
packers   [   8% ] 300 VUs  0m24.9s/5m0s

running (0m25.9s), 300/300 VUs, 0 complete and 0 interrupted iterations
packers   [   9% ] 300 VUs  0m25.9s/5m0s

running (0m26.9s), 300/300 VUs, 0 complete and 0 interrupted iterations
packers   [   9% ] 300 VUs  0m26.9s/5m0s

running (0m27.9s), 300/300 VUs, 0 complete and 0 interrupted iterations
packers   [   9% ] 300 VUs  0m27.9s/5m0s

running (0m28.9s), 300/300 VUs, 0 complete and 0 interrupted iterations
packers   [  10% ] 300 VUs  0m28.9s/5m0s

running (0m29.9s), 300/300 VUs, 0 complete and 0 interrupted iterations
packers   [  10% ] 300 VUs  0m29.9s/5m0s

running (0m30.9s), 300/300 VUs, 0 complete and 0 interrupted iterations
packers   [  10% ] 300 VUs  0m30.9s/5m0s

running (0m31.9s), 300/300 VUs, 0 complete and 0 interrupted iterations
packers   [  11% ] 300 VUs  0m31.9s/5m0s

running (0m32.9s), 300/300 VUs, 0 complete and 0 interrupted iterations
packers   [  11% ] 300 VUs  0m32.9s/5m0s

running (0m33.9s), 300/300 VUs, 0 complete and 0 interrupted iterations
packers   [  11% ] 300 VUs  0m33.9s/5m0s

running (0m34.9s), 300/300 VUs, 0 complete and 0 interrupted iterations
packers   [  12% ] 300 VUs  0m34.9s/5m0s

running (0m35.9s), 300/300 VUs, 0 complete and 0 interrupted iterations
packers   [  12% ] 300 VUs  0m35.9s/5m0s

running (0m36.9s), 300/300 VUs, 0 complete and 0 interrupted iterations
packers   [  12% ] 300 VUs  0m36.9s/5m0s

running (0m37.9s), 300/300 VUs, 0 complete and 0 interrupted iterations
packers   [  13% ] 300 VUs  0m37.9s/5m0s

running (0m38.9s), 300/300 VUs, 0 complete and 0 interrupted iterations
packers   [  13% ] 300 VUs  0m38.9s/5m0s

running (0m39.9s), 300/300 VUs, 0 complete and 0 interrupted iterations
packers   [  13% ] 300 VUs  0m39.9s/5m0s

running (0m40.9s), 300/300 VUs, 0 complete and 0 interrupted iterations
packers   [  14% ] 300 VUs  0m40.9s/5m0s

running (0m41.9s), 300/300 VUs, 0 complete and 0 interrupted iterations
packers   [  14% ] 300 VUs  0m41.9s/5m0s

running (0m42.9s), 300/300 VUs, 0 complete and 0 interrupted iterations
packers   [  14% ] 300 VUs  0m42.9s/5m0s

running (0m43.9s), 300/300 VUs, 0 complete and 0 interrupted iterations
packers   [  15% ] 300 VUs  0m43.9s/5m0s

running (0m44.9s), 300/300 VUs, 0 complete and 0 interrupted iterations
packers   [  15% ] 300 VUs  0m44.9s/5m0s

running (0m45.9s), 300/300 VUs, 0 complete and 0 interrupted iterations
packers   [  15% ] 300 VUs  0m45.9s/5m0s

running (0m46.9s), 300/300 VUs, 0 complete and 0 interrupted iterations
packers   [  16% ] 300 VUs  0m46.9s/5m0s

running (0m47.9s), 300/300 VUs, 0 complete and 0 interrupted iterations
packers   [  16% ] 300 VUs  0m47.9s/5m0s

running (0m48.9s), 300/300 VUs, 0 complete and 0 interrupted iterations
packers   [  16% ] 300 VUs  0m48.9s/5m0s

running (0m49.9s), 300/300 VUs, 0 complete and 0 interrupted iterations
packers   [  17% ] 300 VUs  0m49.9s/5m0s

running (0m50.9s), 300/300 VUs, 0 complete and 0 interrupted iterations
packers   [  17% ] 300 VUs  0m50.9s/5m0s

running (0m51.9s), 300/300 VUs, 0 complete and 0 interrupted iterations
packers   [  17% ] 300 VUs  0m51.9s/5m0s

running (0m52.9s), 300/300 VUs, 0 complete and 0 interrupted iterations
packers   [  18% ] 300 VUs  0m52.9s/5m0s

running (0m53.9s), 300/300 VUs, 0 complete and 0 interrupted iterations
packers   [  18% ] 300 VUs  0m53.9s/5m0s

running (0m54.9s), 300/300 VUs, 0 complete and 0 interrupted iterations
packers   [  18% ] 300 VUs  0m54.9s/5m0s

running (0m55.9s), 300/300 VUs, 0 complete and 0 interrupted iterations
packers   [  19% ] 300 VUs  0m55.9s/5m0s

running (0m56.9s), 300/300 VUs, 0 complete and 0 interrupted iterations
packers   [  19% ] 300 VUs  0m56.9s/5m0s

running (0m57.9s), 300/300 VUs, 0 complete and 0 interrupted iterations
packers   [  19% ] 300 VUs  0m57.9s/5m0s

running (0m58.9s), 300/300 VUs, 0 complete and 0 interrupted iterations
packers   [  20% ] 300 VUs  0m58.9s/5m0s

running (0m59.9s), 300/300 VUs, 0 complete and 0 interrupted iterations
packers   [  20% ] 300 VUs  0m59.9s/5m0s

running (1m00.9s), 300/300 VUs, 2 complete and 0 interrupted iterations
packers   [  20% ] 300 VUs  1m00.9s/5m0s

running (1m01.9s), 300/300 VUs, 7 complete and 0 interrupted iterations
packers   [  21% ] 300 VUs  1m01.9s/5m0s

running (1m02.9s), 300/300 VUs, 12 complete and 0 interrupted iterations
packers   [  21% ] 300 VUs  1m02.9s/5m0s

running (1m03.9s), 300/300 VUs, 16 complete and 0 interrupted iterations
packers   [  21% ] 300 VUs  1m03.9s/5m0s

running (1m04.9s), 300/300 VUs, 22 complete and 0 interrupted iterations
packers   [  22% ] 300 VUs  1m04.9s/5m0s

running (1m05.9s), 300/300 VUs, 27 complete and 0 interrupted iterations
packers   [  22% ] 300 VUs  1m05.9s/5m0s

running (1m06.9s), 300/300 VUs, 29 complete and 0 interrupted iterations
packers   [  22% ] 300 VUs  1m06.9s/5m0s

running (1m07.9s), 300/300 VUs, 33 complete and 0 interrupted iterations
packers   [  23% ] 300 VUs  1m07.9s/5m0s

running (1m08.9s), 300/300 VUs, 37 complete and 0 interrupted iterations
packers   [  23% ] 300 VUs  1m08.9s/5m0s

running (1m09.9s), 300/300 VUs, 41 complete and 0 interrupted iterations
packers   [  23% ] 300 VUs  1m09.9s/5m0s

running (1m10.9s), 300/300 VUs, 46 complete and 0 interrupted iterations
packers   [  24% ] 300 VUs  1m10.9s/5m0s

running (1m11.9s), 300/300 VUs, 48 complete and 0 interrupted iterations
packers   [  24% ] 300 VUs  1m11.9s/5m0s

running (1m12.9s), 300/300 VUs, 53 complete and 0 interrupted iterations
packers   [  24% ] 300 VUs  1m12.9s/5m0s

running (1m13.9s), 300/300 VUs, 63 complete and 0 interrupted iterations
packers   [  25% ] 300 VUs  1m13.9s/5m0s

running (1m14.9s), 300/300 VUs, 67 complete and 0 interrupted iterations
packers   [  25% ] 300 VUs  1m14.9s/5m0s

running (1m15.9s), 300/300 VUs, 75 complete and 0 interrupted iterations
packers   [  25% ] 300 VUs  1m15.9s/5m0s

running (1m16.9s), 300/300 VUs, 81 complete and 0 interrupted iterations
packers   [  26% ] 300 VUs  1m16.9s/5m0s

running (1m17.9s), 300/300 VUs, 87 complete and 0 interrupted iterations
packers   [  26% ] 300 VUs  1m17.9s/5m0s

running (1m18.9s), 300/300 VUs, 90 complete and 0 interrupted iterations
packers   [  26% ] 300 VUs  1m18.9s/5m0s

running (1m19.9s), 300/300 VUs, 92 complete and 0 interrupted iterations
packers   [  27% ] 300 VUs  1m19.9s/5m0s

running (1m20.9s), 300/300 VUs, 96 complete and 0 interrupted iterations
packers   [  27% ] 300 VUs  1m20.9s/5m0s

running (1m21.9s), 300/300 VUs, 100 complete and 0 interrupted iterations
packers   [  27% ] 300 VUs  1m21.9s/5m0s

running (1m22.9s), 300/300 VUs, 105 complete and 0 interrupted iterations
packers   [  28% ] 300 VUs  1m22.9s/5m0s

running (1m23.9s), 300/300 VUs, 107 complete and 0 interrupted iterations
packers   [  28% ] 300 VUs  1m23.9s/5m0s

running (1m24.9s), 300/300 VUs, 114 complete and 0 interrupted iterations
packers   [  28% ] 300 VUs  1m24.9s/5m0s

running (1m25.9s), 300/300 VUs, 116 complete and 0 interrupted iterations
packers   [  29% ] 300 VUs  1m25.9s/5m0s

running (1m26.9s), 300/300 VUs, 120 complete and 0 interrupted iterations
packers   [  29% ] 300 VUs  1m26.9s/5m0s

running (1m27.9s), 300/300 VUs, 130 complete and 0 interrupted iterations
packers   [  29% ] 300 VUs  1m27.9s/5m0s

running (1m28.9s), 300/300 VUs, 133 complete and 0 interrupted iterations
packers   [  30% ] 300 VUs  1m28.9s/5m0s

running (1m29.9s), 300/300 VUs, 138 complete and 0 interrupted iterations
packers   [  30% ] 300 VUs  1m29.9s/5m0s

running (1m30.9s), 300/300 VUs, 143 complete and 0 interrupted iterations
packers   [  30% ] 300 VUs  1m30.9s/5m0s

running (1m31.9s), 300/300 VUs, 150 complete and 0 interrupted iterations
packers   [  31% ] 300 VUs  1m31.9s/5m0s

running (1m32.9s), 300/300 VUs, 157 complete and 0 interrupted iterations
packers   [  31% ] 300 VUs  1m32.9s/5m0s

running (1m33.9s), 300/300 VUs, 163 complete and 0 interrupted iterations
packers   [  31% ] 300 VUs  1m33.9s/5m0s

running (1m34.9s), 300/300 VUs, 168 complete and 0 interrupted iterations
packers   [  32% ] 300 VUs  1m34.9s/5m0s

running (1m35.9s), 300/300 VUs, 175 complete and 0 interrupted iterations
packers   [  32% ] 300 VUs  1m35.9s/5m0s

running (1m36.9s), 300/300 VUs, 185 complete and 0 interrupted iterations
packers   [  32% ] 300 VUs  1m36.9s/5m0s

running (1m37.9s), 300/300 VUs, 189 complete and 0 interrupted iterations
packers   [  33% ] 300 VUs  1m37.9s/5m0s

running (1m38.9s), 300/300 VUs, 196 complete and 0 interrupted iterations
packers   [  33% ] 300 VUs  1m38.9s/5m0s

running (1m39.9s), 300/300 VUs, 198 complete and 0 interrupted iterations
packers   [  33% ] 300 VUs  1m39.9s/5m0s

running (1m40.9s), 300/300 VUs, 202 complete and 0 interrupted iterations
packers   [  34% ] 300 VUs  1m40.9s/5m0s

running (1m41.9s), 300/300 VUs, 207 complete and 0 interrupted iterations
packers   [  34% ] 300 VUs  1m41.9s/5m0s

running (1m42.9s), 300/300 VUs, 215 complete and 0 interrupted iterations
packers   [  34% ] 300 VUs  1m42.9s/5m0s

running (1m43.9s), 300/300 VUs, 220 complete and 0 interrupted iterations
packers   [  35% ] 300 VUs  1m43.9s/5m0s

running (1m44.9s), 300/300 VUs, 223 complete and 0 interrupted iterations
packers   [  35% ] 300 VUs  1m44.9s/5m0s

running (1m45.9s), 300/300 VUs, 225 complete and 0 interrupted iterations
packers   [  35% ] 300 VUs  1m45.9s/5m0s

running (1m46.9s), 300/300 VUs, 233 complete and 0 interrupted iterations
packers   [  36% ] 300 VUs  1m46.9s/5m0s

running (1m47.9s), 300/300 VUs, 237 complete and 0 interrupted iterations
packers   [  36% ] 300 VUs  1m47.9s/5m0s

running (1m48.9s), 300/300 VUs, 241 complete and 0 interrupted iterations
packers   [  36% ] 300 VUs  1m48.9s/5m0s

running (1m49.9s), 300/300 VUs, 248 complete and 0 interrupted iterations
packers   [  37% ] 300 VUs  1m49.9s/5m0s

running (1m50.9s), 300/300 VUs, 253 complete and 0 interrupted iterations
packers   [  37% ] 300 VUs  1m50.9s/5m0s

running (1m51.9s), 300/300 VUs, 259 complete and 0 interrupted iterations
packers   [  37% ] 300 VUs  1m51.9s/5m0s

running (1m52.9s), 300/300 VUs, 265 complete and 0 interrupted iterations
packers   [  38% ] 300 VUs  1m52.9s/5m0s

running (1m53.9s), 300/300 VUs, 271 complete and 0 interrupted iterations
packers   [  38% ] 300 VUs  1m53.9s/5m0s

running (1m54.9s), 300/300 VUs, 276 complete and 0 interrupted iterations
packers   [  38% ] 300 VUs  1m54.9s/5m0s

running (1m55.9s), 300/300 VUs, 283 complete and 0 interrupted iterations
packers   [  39% ] 300 VUs  1m55.9s/5m0s

running (1m56.9s), 300/300 VUs, 288 complete and 0 interrupted iterations
packers   [  39% ] 300 VUs  1m56.9s/5m0s

running (1m57.9s), 300/300 VUs, 290 complete and 0 interrupted iterations
packers   [  39% ] 300 VUs  1m57.9s/5m0s

running (1m58.9s), 300/300 VUs, 295 complete and 0 interrupted iterations
packers   [  40% ] 300 VUs  1m58.9s/5m0s

running (1m59.9s), 300/300 VUs, 299 complete and 0 interrupted iterations
packers   [  40% ] 300 VUs  1m59.9s/5m0s

running (2m00.9s), 300/300 VUs, 302 complete and 0 interrupted iterations
packers   [  40% ] 300 VUs  2m00.9s/5m0s

running (2m01.9s), 300/300 VUs, 307 complete and 0 interrupted iterations
packers   [  41% ] 300 VUs  2m01.9s/5m0s

running (2m02.9s), 300/300 VUs, 312 complete and 0 interrupted iterations
packers   [  41% ] 300 VUs  2m02.9s/5m0s

running (2m03.9s), 300/300 VUs, 316 complete and 0 interrupted iterations
packers   [  41% ] 300 VUs  2m03.9s/5m0s

running (2m04.9s), 300/300 VUs, 322 complete and 0 interrupted iterations
packers   [  42% ] 300 VUs  2m04.9s/5m0s

running (2m05.9s), 300/300 VUs, 331 complete and 0 interrupted iterations
packers   [  42% ] 300 VUs  2m05.9s/5m0s

running (2m06.9s), 300/300 VUs, 339 complete and 0 interrupted iterations
packers   [  42% ] 300 VUs  2m06.9s/5m0s

running (2m07.9s), 300/300 VUs, 352 complete and 0 interrupted iterations
packers   [  43% ] 300 VUs  2m07.9s/5m0s

running (2m08.9s), 300/300 VUs, 364 complete and 0 interrupted iterations
packers   [  43% ] 300 VUs  2m08.9s/5m0s

running (2m09.9s), 300/300 VUs, 381 complete and 0 interrupted iterations
packers   [  43% ] 300 VUs  2m09.9s/5m0s

running (2m10.9s), 300/300 VUs, 398 complete and 0 interrupted iterations
packers   [  44% ] 300 VUs  2m10.9s/5m0s

running (2m11.9s), 300/300 VUs, 417 complete and 0 interrupted iterations
packers   [  44% ] 300 VUs  2m11.9s/5m0s
time="2026-09-25T13:55:33Z" level=warning msg="Request Failed" error="Post \"http://172.31.64.6:8000/api/v1/shipments/14341/complete\": request timeout"
time="2026-09-25T13:55:33Z" level=warning msg="Request Failed" error="Post \"http://172.31.64.6:8000/api/v1/shipments/14157/complete\": request timeout"
time="2026-09-25T13:55:33Z" level=warning msg="Request Failed" error="Post \"http://172.31.64.6:8000/api/v1/shipments/14343/complete\": request timeout"
time="2026-09-25T13:55:33Z" level=warning msg="Request Failed" error="Post \"http://172.31.64.6:8000/api/v1/shipments/14290/complete\": request timeout"

running (2m12.9s), 300/300 VUs, 438 complete and 0 interrupted iterations
packers   [  44% ] 300 VUs  2m12.9s/5m0s
time="2026-09-25T13:55:34Z" level=warning msg="Request Failed" error="Post \"http://172.31.64.6:8000/api/v1/shipments/14346/complete\": request timeout"
time="2026-09-25T13:55:34Z" level=warning msg="Request Failed" error="Post \"http://172.31.64.6:8000/api/v1/shipments/14309/complete\": request timeout"
time="2026-09-25T13:55:34Z" level=warning msg="Request Failed" error="Post \"http://172.31.64.6:8000/api/v1/shipments/14238/complete\": request timeout"
time="2026-09-25T13:55:34Z" level=warning msg="Request Failed" error="Post \"http://172.31.64.6:8000/api/v1/shipments/14201/complete\": request timeout"
time="2026-09-25T13:55:34Z" level=warning msg="Request Failed" error="Post \"http://172.31.64.6:8000/api/v1/shipments/14246/complete\": request timeout"
time="2026-09-25T13:55:34Z" level=warning msg="Request Failed" error="Post \"http://172.31.64.6:8000/api/v1/shipments/14242/complete\": request timeout"

running (2m13.9s), 300/300 VUs, 468 complete and 0 interrupted iterations
packers   [  45% ] 300 VUs  2m13.9s/5m0s

running (2m14.9s), 300/300 VUs, 493 complete and 0 interrupted iterations
packers   [  45% ] 300 VUs  2m14.9s/5m0s

running (2m15.9s), 300/300 VUs, 531 complete and 0 interrupted iterations
packers   [  45% ] 300 VUs  2m15.9s/5m0s

running (2m16.9s), 300/300 VUs, 562 complete and 0 interrupted iterations
packers   [  46% ] 300 VUs  2m16.9s/5m0s

running (2m17.9s), 300/300 VUs, 606 complete and 0 interrupted iterations
packers   [  46% ] 300 VUs  2m17.9s/5m0s

running (2m18.9s), 300/300 VUs, 640 complete and 0 interrupted iterations
packers   [  46% ] 300 VUs  2m18.9s/5m0s

running (2m19.9s), 300/300 VUs, 685 complete and 0 interrupted iterations
packers   [  47% ] 300 VUs  2m19.9s/5m0s

running (2m20.9s), 300/300 VUs, 724 complete and 0 interrupted iterations
packers   [  47% ] 300 VUs  2m20.9s/5m0s

running (2m21.9s), 300/300 VUs, 773 complete and 0 interrupted iterations
packers   [  47% ] 300 VUs  2m21.9s/5m0s

running (2m22.9s), 300/300 VUs, 817 complete and 0 interrupted iterations
packers   [  48% ] 300 VUs  2m22.9s/5m0s

running (2m23.9s), 300/300 VUs, 848 complete and 0 interrupted iterations
packers   [  48% ] 300 VUs  2m23.9s/5m0s

running (2m24.9s), 300/300 VUs, 855 complete and 0 interrupted iterations
packers   [  48% ] 300 VUs  2m24.9s/5m0s

running (2m25.9s), 300/300 VUs, 857 complete and 0 interrupted iterations
packers   [  49% ] 300 VUs  2m25.9s/5m0s

running (2m26.9s), 300/300 VUs, 861 complete and 0 interrupted iterations
packers   [  49% ] 300 VUs  2m26.9s/5m0s

running (2m27.9s), 300/300 VUs, 871 complete and 0 interrupted iterations
packers   [  49% ] 300 VUs  2m27.9s/5m0s

running (2m28.9s), 300/300 VUs, 874 complete and 0 interrupted iterations
packers   [  50% ] 300 VUs  2m28.9s/5m0s

running (2m29.9s), 300/300 VUs, 879 complete and 0 interrupted iterations
packers   [  50% ] 300 VUs  2m29.9s/5m0s

running (2m30.9s), 300/300 VUs, 884 complete and 0 interrupted iterations
packers   [  50% ] 300 VUs  2m30.9s/5m0s

running (2m31.9s), 300/300 VUs, 891 complete and 0 interrupted iterations
packers   [  51% ] 300 VUs  2m31.9s/5m0s

running (2m32.9s), 300/300 VUs, 898 complete and 0 interrupted iterations
packers   [  51% ] 300 VUs  2m32.9s/5m0s

running (2m33.9s), 300/300 VUs, 904 complete and 0 interrupted iterations
packers   [  51% ] 300 VUs  2m33.9s/5m0s

running (2m34.9s), 300/300 VUs, 909 complete and 0 interrupted iterations
packers   [  52% ] 300 VUs  2m34.9s/5m0s

running (2m35.9s), 300/300 VUs, 916 complete and 0 interrupted iterations
packers   [  52% ] 300 VUs  2m35.9s/5m0s

running (2m36.9s), 300/300 VUs, 926 complete and 0 interrupted iterations
packers   [  52% ] 300 VUs  2m36.9s/5m0s

running (2m37.9s), 300/300 VUs, 930 complete and 0 interrupted iterations
packers   [  53% ] 300 VUs  2m37.9s/5m0s

running (2m38.9s), 300/300 VUs, 937 complete and 0 interrupted iterations
packers   [  53% ] 300 VUs  2m38.9s/5m0s

running (2m39.9s), 300/300 VUs, 939 complete and 0 interrupted iterations
packers   [  53% ] 300 VUs  2m39.9s/5m0s

running (2m40.9s), 300/300 VUs, 943 complete and 0 interrupted iterations
packers   [  54% ] 300 VUs  2m40.9s/5m0s

running (2m41.9s), 300/300 VUs, 948 complete and 0 interrupted iterations
packers   [  54% ] 300 VUs  2m41.9s/5m0s

running (2m42.9s), 300/300 VUs, 956 complete and 0 interrupted iterations
packers   [  54% ] 300 VUs  2m42.9s/5m0s

running (2m43.9s), 300/300 VUs, 961 complete and 0 interrupted iterations
packers   [  55% ] 300 VUs  2m43.9s/5m0s

running (2m44.9s), 300/300 VUs, 964 complete and 0 interrupted iterations
packers   [  55% ] 300 VUs  2m44.9s/5m0s

running (2m45.9s), 300/300 VUs, 966 complete and 0 interrupted iterations
packers   [  55% ] 300 VUs  2m45.9s/5m0s

running (2m46.9s), 300/300 VUs, 974 complete and 0 interrupted iterations
packers   [  56% ] 300 VUs  2m46.9s/5m0s

running (2m47.9s), 300/300 VUs, 978 complete and 0 interrupted iterations
packers   [  56% ] 300 VUs  2m47.9s/5m0s

running (2m48.9s), 300/300 VUs, 982 complete and 0 interrupted iterations
packers   [  56% ] 300 VUs  2m48.9s/5m0s

running (2m49.9s), 300/300 VUs, 989 complete and 0 interrupted iterations
packers   [  57% ] 300 VUs  2m49.9s/5m0s

running (2m50.9s), 300/300 VUs, 994 complete and 0 interrupted iterations
packers   [  57% ] 300 VUs  2m50.9s/5m0s

running (2m51.9s), 300/300 VUs, 1000 complete and 0 interrupted iterations
packers   [  57% ] 300 VUs  2m51.9s/5m0s

running (2m52.9s), 300/300 VUs, 1006 complete and 0 interrupted iterations
packers   [  58% ] 300 VUs  2m52.9s/5m0s

running (2m53.9s), 300/300 VUs, 1012 complete and 0 interrupted iterations
packers   [  58% ] 300 VUs  2m53.9s/5m0s

running (2m54.9s), 300/300 VUs, 1017 complete and 0 interrupted iterations
packers   [  58% ] 300 VUs  2m54.9s/5m0s

running (2m55.9s), 300/300 VUs, 1024 complete and 0 interrupted iterations
packers   [  59% ] 300 VUs  2m55.9s/5m0s

running (2m56.9s), 300/300 VUs, 1029 complete and 0 interrupted iterations
packers   [  59% ] 300 VUs  2m56.9s/5m0s

running (2m57.9s), 300/300 VUs, 1031 complete and 0 interrupted iterations
packers   [  59% ] 300 VUs  2m57.9s/5m0s

running (2m58.9s), 300/300 VUs, 1036 complete and 0 interrupted iterations
packers   [  60% ] 300 VUs  2m58.9s/5m0s

running (2m59.9s), 300/300 VUs, 1040 complete and 0 interrupted iterations
packers   [  60% ] 300 VUs  2m59.9s/5m0s

running (3m00.9s), 300/300 VUs, 1043 complete and 0 interrupted iterations
packers   [  60% ] 300 VUs  3m00.9s/5m0s

running (3m01.9s), 300/300 VUs, 1048 complete and 0 interrupted iterations
packers   [  61% ] 300 VUs  3m01.9s/5m0s

running (3m02.9s), 300/300 VUs, 1053 complete and 0 interrupted iterations
packers   [  61% ] 300 VUs  3m02.9s/5m0s

running (3m03.9s), 300/300 VUs, 1053 complete and 0 interrupted iterations
packers   [  61% ] 300 VUs  3m03.9s/5m0s

running (3m04.9s), 300/300 VUs, 1053 complete and 0 interrupted iterations
packers   [  62% ] 300 VUs  3m04.9s/5m0s

running (3m05.9s), 300/300 VUs, 1053 complete and 0 interrupted iterations
packers   [  62% ] 300 VUs  3m05.9s/5m0s

running (3m06.9s), 300/300 VUs, 1053 complete and 0 interrupted iterations
packers   [  62% ] 300 VUs  3m06.9s/5m0s

running (3m07.9s), 300/300 VUs, 1053 complete and 0 interrupted iterations
packers   [  63% ] 300 VUs  3m07.9s/5m0s

running (3m08.9s), 300/300 VUs, 1053 complete and 0 interrupted iterations
packers   [  63% ] 300 VUs  3m08.9s/5m0s

running (3m09.9s), 300/300 VUs, 1053 complete and 0 interrupted iterations
packers   [  63% ] 300 VUs  3m09.9s/5m0s

running (3m10.9s), 300/300 VUs, 1053 complete and 0 interrupted iterations
packers   [  64% ] 300 VUs  3m10.9s/5m0s

running (3m11.9s), 300/300 VUs, 1053 complete and 0 interrupted iterations
packers   [  64% ] 300 VUs  3m11.9s/5m0s

running (3m12.9s), 300/300 VUs, 1053 complete and 0 interrupted iterations
packers   [  64% ] 300 VUs  3m12.9s/5m0s

running (3m13.9s), 300/300 VUs, 1053 complete and 0 interrupted iterations
packers   [  65% ] 300 VUs  3m13.9s/5m0s

running (3m14.9s), 300/300 VUs, 1053 complete and 0 interrupted iterations
packers   [  65% ] 300 VUs  3m14.9s/5m0s

running (3m15.9s), 300/300 VUs, 1053 complete and 0 interrupted iterations
packers   [  65% ] 300 VUs  3m15.9s/5m0s

running (3m16.9s), 300/300 VUs, 1053 complete and 0 interrupted iterations
packers   [  66% ] 300 VUs  3m16.9s/5m0s

running (3m17.9s), 300/300 VUs, 1053 complete and 0 interrupted iterations
packers   [  66% ] 300 VUs  3m17.9s/5m0s

running (3m18.9s), 300/300 VUs, 1053 complete and 0 interrupted iterations
packers   [  66% ] 300 VUs  3m18.9s/5m0s

running (3m19.9s), 300/300 VUs, 1053 complete and 0 interrupted iterations
packers   [  67% ] 300 VUs  3m19.9s/5m0s

running (3m20.9s), 300/300 VUs, 1053 complete and 0 interrupted iterations
packers   [  67% ] 300 VUs  3m20.9s/5m0s

running (3m21.9s), 300/300 VUs, 1073 complete and 0 interrupted iterations
packers   [  67% ] 300 VUs  3m21.9s/5m0s

running (3m22.9s), 300/300 VUs, 1117 complete and 0 interrupted iterations
packers   [  68% ] 300 VUs  3m22.9s/5m0s

running (3m23.9s), 300/300 VUs, 1148 complete and 0 interrupted iterations
packers   [  68% ] 300 VUs  3m23.9s/5m0s

running (3m24.9s), 300/300 VUs, 1155 complete and 0 interrupted iterations
packers   [  68% ] 300 VUs  3m24.9s/5m0s

running (3m25.9s), 300/300 VUs, 1157 complete and 0 interrupted iterations
packers   [  69% ] 300 VUs  3m25.9s/5m0s

running (3m26.9s), 300/300 VUs, 1161 complete and 0 interrupted iterations
packers   [  69% ] 300 VUs  3m26.9s/5m0s

running (3m27.9s), 300/300 VUs, 1171 complete and 0 interrupted iterations
packers   [  69% ] 300 VUs  3m27.9s/5m0s

running (3m28.9s), 300/300 VUs, 1174 complete and 0 interrupted iterations
packers   [  70% ] 300 VUs  3m28.9s/5m0s

running (3m29.9s), 300/300 VUs, 1179 complete and 0 interrupted iterations
packers   [  70% ] 300 VUs  3m29.9s/5m0s

running (3m30.9s), 300/300 VUs, 1184 complete and 0 interrupted iterations
packers   [  70% ] 300 VUs  3m30.9s/5m0s

running (3m31.9s), 300/300 VUs, 1191 complete and 0 interrupted iterations
packers   [  71% ] 300 VUs  3m31.9s/5m0s

running (3m32.9s), 300/300 VUs, 1198 complete and 0 interrupted iterations
packers   [  71% ] 300 VUs  3m32.9s/5m0s

running (3m33.9s), 300/300 VUs, 1204 complete and 0 interrupted iterations
packers   [  71% ] 300 VUs  3m33.9s/5m0s

running (3m34.9s), 300/300 VUs, 1209 complete and 0 interrupted iterations
packers   [  72% ] 300 VUs  3m34.9s/5m0s

running (3m35.9s), 300/300 VUs, 1216 complete and 0 interrupted iterations
packers   [  72% ] 300 VUs  3m35.9s/5m0s

running (3m36.9s), 300/300 VUs, 1226 complete and 0 interrupted iterations
packers   [  72% ] 300 VUs  3m36.9s/5m0s

running (3m37.9s), 300/300 VUs, 1230 complete and 0 interrupted iterations
packers   [  73% ] 300 VUs  3m37.9s/5m0s

running (3m38.9s), 300/300 VUs, 1237 complete and 0 interrupted iterations
packers   [  73% ] 300 VUs  3m38.9s/5m0s

running (3m39.9s), 300/300 VUs, 1239 complete and 0 interrupted iterations
packers   [  73% ] 300 VUs  3m39.9s/5m0s

running (3m40.9s), 300/300 VUs, 1243 complete and 0 interrupted iterations
packers   [  74% ] 300 VUs  3m40.9s/5m0s

running (3m41.9s), 300/300 VUs, 1248 complete and 0 interrupted iterations
packers   [  74% ] 300 VUs  3m41.9s/5m0s

running (3m42.9s), 300/300 VUs, 1256 complete and 0 interrupted iterations
packers   [  74% ] 300 VUs  3m42.9s/5m0s

running (3m43.9s), 300/300 VUs, 1261 complete and 0 interrupted iterations
packers   [  75% ] 300 VUs  3m43.9s/5m0s

running (3m44.9s), 300/300 VUs, 1264 complete and 0 interrupted iterations
packers   [  75% ] 300 VUs  3m44.9s/5m0s

running (3m45.9s), 300/300 VUs, 1266 complete and 0 interrupted iterations
packers   [  75% ] 300 VUs  3m45.9s/5m0s

running (3m46.9s), 300/300 VUs, 1274 complete and 0 interrupted iterations
packers   [  76% ] 300 VUs  3m46.9s/5m0s

running (3m47.9s), 300/300 VUs, 1278 complete and 0 interrupted iterations
packers   [  76% ] 300 VUs  3m47.9s/5m0s

running (3m48.9s), 300/300 VUs, 1282 complete and 0 interrupted iterations
packers   [  76% ] 300 VUs  3m48.9s/5m0s

running (3m49.9s), 300/300 VUs, 1289 complete and 0 interrupted iterations
packers   [  77% ] 300 VUs  3m49.9s/5m0s

running (3m50.9s), 300/300 VUs, 1294 complete and 0 interrupted iterations
packers   [  77% ] 300 VUs  3m50.9s/5m0s

running (3m51.9s), 300/300 VUs, 1300 complete and 0 interrupted iterations
packers   [  77% ] 300 VUs  3m51.9s/5m0s

running (3m52.9s), 300/300 VUs, 1306 complete and 0 interrupted iterations
packers   [  78% ] 300 VUs  3m52.9s/5m0s

running (3m53.9s), 300/300 VUs, 1312 complete and 0 interrupted iterations
packers   [  78% ] 300 VUs  3m53.9s/5m0s

running (3m54.9s), 300/300 VUs, 1317 complete and 0 interrupted iterations
packers   [  78% ] 300 VUs  3m54.9s/5m0s

running (3m55.9s), 300/300 VUs, 1324 complete and 0 interrupted iterations
packers   [  79% ] 300 VUs  3m55.9s/5m0s

running (3m56.9s), 300/300 VUs, 1329 complete and 0 interrupted iterations
packers   [  79% ] 300 VUs  3m56.9s/5m0s

running (3m57.9s), 300/300 VUs, 1331 complete and 0 interrupted iterations
packers   [  79% ] 300 VUs  3m57.9s/5m0s

running (3m58.9s), 300/300 VUs, 1336 complete and 0 interrupted iterations
packers   [  80% ] 300 VUs  3m58.9s/5m0s

running (3m59.9s), 300/300 VUs, 1340 complete and 0 interrupted iterations
packers   [  80% ] 300 VUs  3m59.9s/5m0s

running (4m00.9s), 300/300 VUs, 1343 complete and 0 interrupted iterations
packers   [  80% ] 300 VUs  4m00.9s/5m0s

running (4m01.9s), 300/300 VUs, 1348 complete and 0 interrupted iterations
packers   [  81% ] 300 VUs  4m01.9s/5m0s

running (4m02.9s), 300/300 VUs, 1353 complete and 0 interrupted iterations
packers   [  81% ] 300 VUs  4m02.9s/5m0s

running (4m03.9s), 300/300 VUs, 1353 complete and 0 interrupted iterations
packers   [  81% ] 300 VUs  4m03.9s/5m0s

running (4m04.9s), 300/300 VUs, 1353 complete and 0 interrupted iterations
packers   [  82% ] 300 VUs  4m04.9s/5m0s

running (4m05.9s), 300/300 VUs, 1353 complete and 0 interrupted iterations
packers   [  82% ] 300 VUs  4m05.9s/5m0s

running (4m06.9s), 300/300 VUs, 1353 complete and 0 interrupted iterations
packers   [  82% ] 300 VUs  4m06.9s/5m0s

running (4m07.9s), 300/300 VUs, 1353 complete and 0 interrupted iterations
packers   [  83% ] 300 VUs  4m07.9s/5m0s

running (4m08.9s), 300/300 VUs, 1353 complete and 0 interrupted iterations
packers   [  83% ] 300 VUs  4m08.9s/5m0s

running (4m09.9s), 300/300 VUs, 1353 complete and 0 interrupted iterations
packers   [  83% ] 300 VUs  4m09.9s/5m0s

running (4m10.9s), 300/300 VUs, 1353 complete and 0 interrupted iterations
packers   [  84% ] 300 VUs  4m10.9s/5m0s

running (4m11.9s), 300/300 VUs, 1353 complete and 0 interrupted iterations
packers   [  84% ] 300 VUs  4m11.9s/5m0s

running (4m12.9s), 300/300 VUs, 1353 complete and 0 interrupted iterations
packers   [  84% ] 300 VUs  4m12.9s/5m0s

running (4m13.9s), 300/300 VUs, 1353 complete and 0 interrupted iterations
packers   [  85% ] 300 VUs  4m13.9s/5m0s

running (4m14.9s), 300/300 VUs, 1353 complete and 0 interrupted iterations
packers   [  85% ] 300 VUs  4m14.9s/5m0s

running (4m15.9s), 300/300 VUs, 1353 complete and 0 interrupted iterations
packers   [  85% ] 300 VUs  4m15.9s/5m0s

running (4m16.9s), 300/300 VUs, 1353 complete and 0 interrupted iterations
packers   [  86% ] 300 VUs  4m16.9s/5m0s

running (4m17.9s), 300/300 VUs, 1353 complete and 0 interrupted iterations
packers   [  86% ] 300 VUs  4m17.9s/5m0s

running (4m18.9s), 300/300 VUs, 1353 complete and 0 interrupted iterations
packers   [  86% ] 300 VUs  4m18.9s/5m0s

running (4m19.9s), 300/300 VUs, 1353 complete and 0 interrupted iterations
packers   [  87% ] 300 VUs  4m19.9s/5m0s

running (4m20.9s), 300/300 VUs, 1353 complete and 0 interrupted iterations
packers   [  87% ] 300 VUs  4m20.9s/5m0s

running (4m21.9s), 300/300 VUs, 1373 complete and 0 interrupted iterations
packers   [  87% ] 300 VUs  4m21.9s/5m0s

running (4m22.9s), 300/300 VUs, 1417 complete and 0 interrupted iterations
packers   [  88% ] 300 VUs  4m22.9s/5m0s

running (4m23.9s), 300/300 VUs, 1448 complete and 0 interrupted iterations
packers   [  88% ] 300 VUs  4m23.9s/5m0s

running (4m24.9s), 300/300 VUs, 1455 complete and 0 interrupted iterations
packers   [  88% ] 300 VUs  4m24.9s/5m0s

running (4m25.9s), 300/300 VUs, 1457 complete and 0 interrupted iterations
packers   [  89% ] 300 VUs  4m25.9s/5m0s

running (4m26.9s), 300/300 VUs, 1461 complete and 0 interrupted iterations
packers   [  89% ] 300 VUs  4m26.9s/5m0s

running (4m27.9s), 300/300 VUs, 1471 complete and 0 interrupted iterations
packers   [  89% ] 300 VUs  4m27.9s/5m0s

running (4m28.9s), 300/300 VUs, 1474 complete and 0 interrupted iterations
packers   [  90% ] 300 VUs  4m28.9s/5m0s

running (4m29.9s), 300/300 VUs, 1479 complete and 0 interrupted iterations
packers   [  90% ] 300 VUs  4m29.9s/5m0s

running (4m30.9s), 300/300 VUs, 1484 complete and 0 interrupted iterations
packers   [  90% ] 300 VUs  4m30.9s/5m0s

running (4m31.9s), 300/300 VUs, 1491 complete and 0 interrupted iterations
packers   [  91% ] 300 VUs  4m31.9s/5m0s

running (4m32.9s), 300/300 VUs, 1498 complete and 0 interrupted iterations
packers   [  91% ] 300 VUs  4m32.9s/5m0s

running (4m33.9s), 300/300 VUs, 1504 complete and 0 interrupted iterations
packers   [  91% ] 300 VUs  4m33.9s/5m0s

running (4m34.9s), 300/300 VUs, 1509 complete and 0 interrupted iterations
packers   [  92% ] 300 VUs  4m34.9s/5m0s

running (4m35.9s), 300/300 VUs, 1516 complete and 0 interrupted iterations
packers   [  92% ] 300 VUs  4m35.9s/5m0s

running (4m36.9s), 300/300 VUs, 1526 complete and 0 interrupted iterations
packers   [  92% ] 300 VUs  4m36.9s/5m0s

running (4m37.9s), 300/300 VUs, 1530 complete and 0 interrupted iterations
packers   [  93% ] 300 VUs  4m37.9s/5m0s

running (4m38.9s), 300/300 VUs, 1537 complete and 0 interrupted iterations
packers   [  93% ] 300 VUs  4m38.9s/5m0s

running (4m39.9s), 300/300 VUs, 1539 complete and 0 interrupted iterations
packers   [  93% ] 300 VUs  4m39.9s/5m0s

running (4m40.9s), 300/300 VUs, 1543 complete and 0 interrupted iterations
packers   [  94% ] 300 VUs  4m40.9s/5m0s

running (4m41.9s), 300/300 VUs, 1548 complete and 0 interrupted iterations
packers   [  94% ] 300 VUs  4m41.9s/5m0s

running (4m42.9s), 300/300 VUs, 1556 complete and 0 interrupted iterations
packers   [  94% ] 300 VUs  4m42.9s/5m0s

running (4m43.9s), 300/300 VUs, 1561 complete and 0 interrupted iterations
packers   [  95% ] 300 VUs  4m43.9s/5m0s

running (4m44.9s), 300/300 VUs, 1564 complete and 0 interrupted iterations
packers   [  95% ] 300 VUs  4m44.9s/5m0s

running (4m45.9s), 300/300 VUs, 1566 complete and 0 interrupted iterations
packers   [  95% ] 300 VUs  4m45.9s/5m0s

running (4m46.9s), 300/300 VUs, 1574 complete and 0 interrupted iterations
packers   [  96% ] 300 VUs  4m46.9s/5m0s

running (4m47.9s), 300/300 VUs, 1578 complete and 0 interrupted iterations
packers   [  96% ] 300 VUs  4m47.9s/5m0s

running (4m48.9s), 300/300 VUs, 1582 complete and 0 interrupted iterations
packers   [  96% ] 300 VUs  4m48.9s/5m0s

running (4m49.9s), 300/300 VUs, 1589 complete and 0 interrupted iterations
packers   [  97% ] 300 VUs  4m49.9s/5m0s

running (4m50.9s), 300/300 VUs, 1594 complete and 0 interrupted iterations
packers   [  97% ] 300 VUs  4m50.9s/5m0s

running (4m51.9s), 300/300 VUs, 1600 complete and 0 interrupted iterations
packers   [  97% ] 300 VUs  4m51.9s/5m0s

running (4m52.9s), 300/300 VUs, 1606 complete and 0 interrupted iterations
packers   [  98% ] 300 VUs  4m52.9s/5m0s

running (4m53.9s), 300/300 VUs, 1612 complete and 0 interrupted iterations
packers   [  98% ] 300 VUs  4m53.9s/5m0s

running (4m54.9s), 300/300 VUs, 1617 complete and 0 interrupted iterations
packers   [  98% ] 300 VUs  4m54.9s/5m0s

running (4m55.9s), 300/300 VUs, 1624 complete and 0 interrupted iterations
packers   [  99% ] 300 VUs  4m55.9s/5m0s

running (4m56.9s), 300/300 VUs, 1629 complete and 0 interrupted iterations
packers   [  99% ] 300 VUs  4m56.9s/5m0s

running (4m57.9s), 300/300 VUs, 1631 complete and 0 interrupted iterations
packers   [  99% ] 300 VUs  4m57.9s/5m0s

running (4m58.9s), 300/300 VUs, 1636 complete and 0 interrupted iterations
packers   [ 100% ] 300 VUs  4m58.9s/5m0s

running (4m59.9s), 300/300 VUs, 1640 complete and 0 interrupted iterations
packers   [ 100% ] 300 VUs  4m59.9s/5m0s

running (5m00.9s), 298/300 VUs, 1643 complete and 0 interrupted iterations
packers ↓ [ 100% ] 300 VUs  5m0s

running (5m01.9s), 293/300 VUs, 1648 complete and 0 interrupted iterations
packers ↓ [ 100% ] 300 VUs  5m0s

running (5m02.9s), 288/300 VUs, 1653 complete and 0 interrupted iterations
packers ↓ [ 100% ] 300 VUs  5m0s

running (5m03.9s), 288/300 VUs, 1653 complete and 0 interrupted iterations
packers ↓ [ 100% ] 300 VUs  5m0s

running (5m04.9s), 288/300 VUs, 1653 complete and 0 interrupted iterations
packers ↓ [ 100% ] 300 VUs  5m0s

running (5m05.9s), 288/300 VUs, 1653 complete and 0 interrupted iterations
packers ↓ [ 100% ] 300 VUs  5m0s

running (5m06.9s), 288/300 VUs, 1653 complete and 0 interrupted iterations
packers ↓ [ 100% ] 300 VUs  5m0s

running (5m07.9s), 288/300 VUs, 1653 complete and 0 interrupted iterations
packers ↓ [ 100% ] 300 VUs  5m0s

running (5m08.9s), 288/300 VUs, 1653 complete and 0 interrupted iterations
packers ↓ [ 100% ] 300 VUs  5m0s

running (5m09.9s), 288/300 VUs, 1653 complete and 0 interrupted iterations
packers ↓ [ 100% ] 300 VUs  5m0s

running (5m10.9s), 288/300 VUs, 1653 complete and 0 interrupted iterations
packers ↓ [ 100% ] 300 VUs  5m0s

running (5m11.9s), 288/300 VUs, 1653 complete and 0 interrupted iterations
packers ↓ [ 100% ] 300 VUs  5m0s

running (5m12.9s), 288/300 VUs, 1653 complete and 0 interrupted iterations
packers ↓ [ 100% ] 300 VUs  5m0s

running (5m13.9s), 288/300 VUs, 1653 complete and 0 interrupted iterations
packers ↓ [ 100% ] 300 VUs  5m0s

running (5m14.9s), 288/300 VUs, 1653 complete and 0 interrupted iterations
packers ↓ [ 100% ] 300 VUs  5m0s

running (5m15.9s), 288/300 VUs, 1653 complete and 0 interrupted iterations
packers ↓ [ 100% ] 300 VUs  5m0s

running (5m16.9s), 288/300 VUs, 1653 complete and 0 interrupted iterations
packers ↓ [ 100% ] 300 VUs  5m0s

running (5m17.9s), 288/300 VUs, 1653 complete and 0 interrupted iterations
packers ↓ [ 100% ] 300 VUs  5m0s

running (5m18.9s), 288/300 VUs, 1653 complete and 0 interrupted iterations
packers ↓ [ 100% ] 300 VUs  5m0s

running (5m19.9s), 288/300 VUs, 1653 complete and 0 interrupted iterations
packers ↓ [ 100% ] 300 VUs  5m0s

running (5m20.9s), 288/300 VUs, 1653 complete and 0 interrupted iterations
packers ↓ [ 100% ] 300 VUs  5m0s

running (5m21.9s), 268/300 VUs, 1673 complete and 0 interrupted iterations
packers ↓ [ 100% ] 300 VUs  5m0s

running (5m22.9s), 224/300 VUs, 1717 complete and 0 interrupted iterations
packers ↓ [ 100% ] 300 VUs  5m0s

running (5m23.9s), 193/300 VUs, 1748 complete and 0 interrupted iterations
packers ↓ [ 100% ] 300 VUs  5m0s

running (5m24.9s), 186/300 VUs, 1755 complete and 0 interrupted iterations
packers ↓ [ 100% ] 300 VUs  5m0s

running (5m25.9s), 184/300 VUs, 1757 complete and 0 interrupted iterations
packers ↓ [ 100% ] 300 VUs  5m0s

running (5m26.9s), 180/300 VUs, 1761 complete and 0 interrupted iterations
packers ↓ [ 100% ] 300 VUs  5m0s

running (5m27.9s), 170/300 VUs, 1771 complete and 0 interrupted iterations
packers ↓ [ 100% ] 300 VUs  5m0s

running (5m28.9s), 167/300 VUs, 1774 complete and 0 interrupted iterations
packers ↓ [ 100% ] 300 VUs  5m0s

running (5m29.9s), 162/300 VUs, 1779 complete and 0 interrupted iterations
packers ↓ [ 100% ] 300 VUs  5m0s


  █ THRESHOLDS 

    complete_duration
    ✗ 'p(95)<500' p(95)=1s


  █ TOTAL RESULTS 

    checks_total.......: 3339   10.118122/s
    checks_succeeded...: 83.82% 2799 out of 3339
    checks_failed......: 16.17% 540 out of 3339

    ✗ tote-scan 2xx
      ↳  77% — ✓ 1500 / ✗ 441
    ✗ complete 2xx
      ↳  92% — ✓ 1299 / ✗ 99

    CUSTOM
    complete_duration..............: avg=199.97ms p(50)=43.54ms p(95)=1s       p(99)=1s       max=10s      count=1398
    lockwin_complete...............: avg=1.88s    p(50)=1s      p(95)=10s      p(99)=10s      max=10s      count=102 
    lockwin_detail.................: avg=91.44ms  p(50)=67.05ms p(95)=190.76ms p(99)=204.06ms max=207.38ms count=4   
    lockwin_fail_5xx...............: 530    1.606051/s
    lockwin_fail_timeout...........: 10     0.030303/s
    lockwin_ok.....................: 37     0.112121/s
    lockwin_scan...................: avg=987.86ms p(50)=1s      p(95)=1s       p(99)=1.01s    max=1.02s    count=471 
    measured_complete..............: avg=228.39ms p(50)=44.04ms p(95)=1s       p(99)=1.02s    max=10s      count=1171
    measured_complete_ok...........: 1072   3.248466/s
    measured_detail................: avg=24.36ms  p(50)=15.05ms p(95)=81.43ms  p(99)=172.58ms max=452.78ms count=1200
    measured_fail_5xx..............: 530    1.606051/s
    measured_fail_timeout..........: 10     0.030303/s
    measured_req_fail..............: 540    1.636354/s
    measured_reqs..................: 4012   12.157504/s
    measured_scan..................: avg=311.35ms p(50)=24.32ms p(95)=1s       p(99)=1s       max=1.02s    count=1641

    HTTP
    http_req_duration..............: avg=172.77ms p(50)=26.98ms p(95)=1s       p(99)=1s       max=10s      count=4839
      { expected_response:true }...: avg=47.55ms  p(50)=23.54ms p(95)=151.76ms p(99)=592.22ms max=1.09s    count=4299
    http_req_failed................: 11.15% 540 out of 4839
    http_reqs......................: 4839   14.66355/s

    EXECUTION
    iteration_duration.............: avg=50.84s   p(50)=1m0s    p(95)=1m42s    p(99)=1m55s    max=1m59s    count=1781
    iterations.....................: 1781   5.396938/s
    vus............................: 162    min=162         max=300
    vus_max........................: 300    min=300         max=300

    NETWORK
    data_received..................: 2.6 MB 7.9 kB/s
    data_sent......................: 1.0 MB 3.1 kB/s




running (5m30.0s), 000/300 VUs, 1781 complete and 160 interrupted iterations
packers ✓ [ 100% ] 300 VUs  5m0s
time="2026-09-25T13:58:51Z" level=error msg="thresholds on metrics 'complete_duration' have been crossed"
