K6START=1790606595

         /\      Grafana   /‾‾/  
    /\  /  \     |\  __   /  /   
   /  \/    \    | |/ /  /   ‾‾\ 
  /          \   |   (  |  (‾)  |
 / __________ \  |_|\_\  \_____/ 


     execution: local
        script: k6/packing.js
        output: Prometheus remote write (http://172.31.64.6:9090/api/v1/write)

     scenarios: (100.00%) 1 scenario, 100 max VUs, 3m30s max duration (incl. graceful stop):
              * packers: 100 looping VUs for 3m0s (gracefulStop: 30s)


running (0m01.0s), 100/100 VUs, 0 complete and 0 interrupted iterations
packers   [   1% ] 100 VUs  0m01.0s/3m0s

running (0m02.0s), 100/100 VUs, 17 complete and 0 interrupted iterations
packers   [   1% ] 100 VUs  0m02.0s/3m0s

running (0m03.0s), 100/100 VUs, 66 complete and 0 interrupted iterations
packers   [   2% ] 100 VUs  0m03.0s/3m0s

running (0m04.0s), 100/100 VUs, 113 complete and 0 interrupted iterations
packers   [   2% ] 100 VUs  0m04.0s/3m0s

running (0m05.0s), 100/100 VUs, 167 complete and 0 interrupted iterations
packers   [   3% ] 100 VUs  0m05.0s/3m0s

running (0m06.0s), 100/100 VUs, 231 complete and 0 interrupted iterations
packers   [   3% ] 100 VUs  0m06.0s/3m0s

running (0m07.0s), 100/100 VUs, 297 complete and 0 interrupted iterations
packers   [   4% ] 100 VUs  0m07.0s/3m0s

running (0m08.0s), 100/100 VUs, 374 complete and 0 interrupted iterations
packers   [   4% ] 100 VUs  0m08.0s/3m0s

running (0m09.0s), 100/100 VUs, 452 complete and 0 interrupted iterations
packers   [   5% ] 100 VUs  0m09.0s/3m0s

running (0m10.0s), 100/100 VUs, 530 complete and 0 interrupted iterations
packers   [   6% ] 100 VUs  0m10.0s/3m0s

running (0m11.0s), 100/100 VUs, 625 complete and 0 interrupted iterations
packers   [   6% ] 100 VUs  0m11.0s/3m0s

running (0m12.0s), 100/100 VUs, 714 complete and 0 interrupted iterations
packers   [   7% ] 100 VUs  0m12.0s/3m0s

running (0m13.0s), 100/100 VUs, 805 complete and 0 interrupted iterations
packers   [   7% ] 100 VUs  0m13.0s/3m0s

running (0m14.0s), 100/100 VUs, 907 complete and 0 interrupted iterations
packers   [   8% ] 100 VUs  0m14.0s/3m0s

running (0m15.0s), 100/100 VUs, 992 complete and 0 interrupted iterations
packers   [   8% ] 100 VUs  0m15.0s/3m0s

running (0m16.0s), 100/100 VUs, 1087 complete and 0 interrupted iterations
packers   [   9% ] 100 VUs  0m16.0s/3m0s

running (0m17.0s), 100/100 VUs, 1187 complete and 0 interrupted iterations
packers   [   9% ] 100 VUs  0m17.0s/3m0s

running (0m18.0s), 100/100 VUs, 1287 complete and 0 interrupted iterations
packers   [  10% ] 100 VUs  0m18.0s/3m0s

running (0m19.0s), 100/100 VUs, 1389 complete and 0 interrupted iterations
packers   [  11% ] 100 VUs  0m19.0s/3m0s

running (0m20.0s), 100/100 VUs, 1496 complete and 0 interrupted iterations
packers   [  11% ] 100 VUs  0m20.0s/3m0s

running (0m21.0s), 100/100 VUs, 1610 complete and 0 interrupted iterations
packers   [  12% ] 100 VUs  0m21.0s/3m0s

running (0m22.0s), 100/100 VUs, 1722 complete and 0 interrupted iterations
packers   [  12% ] 100 VUs  0m22.0s/3m0s

running (0m23.0s), 100/100 VUs, 1835 complete and 0 interrupted iterations
packers   [  13% ] 100 VUs  0m23.0s/3m0s

running (0m24.0s), 100/100 VUs, 1950 complete and 0 interrupted iterations
packers   [  13% ] 100 VUs  0m24.0s/3m0s

running (0m25.0s), 100/100 VUs, 2062 complete and 0 interrupted iterations
packers   [  14% ] 100 VUs  0m25.0s/3m0s

running (0m26.0s), 100/100 VUs, 2192 complete and 0 interrupted iterations
packers   [  14% ] 100 VUs  0m26.0s/3m0s

running (0m27.0s), 100/100 VUs, 2306 complete and 0 interrupted iterations
packers   [  15% ] 100 VUs  0m27.0s/3m0s

running (0m28.0s), 100/100 VUs, 2429 complete and 0 interrupted iterations
packers   [  16% ] 100 VUs  0m28.0s/3m0s

running (0m29.0s), 100/100 VUs, 2562 complete and 0 interrupted iterations
packers   [  16% ] 100 VUs  0m29.0s/3m0s

running (0m30.0s), 100/100 VUs, 2661 complete and 0 interrupted iterations
packers   [  17% ] 100 VUs  0m30.0s/3m0s

running (0m31.0s), 100/100 VUs, 2786 complete and 0 interrupted iterations
packers   [  17% ] 100 VUs  0m31.0s/3m0s

running (0m32.0s), 100/100 VUs, 2923 complete and 0 interrupted iterations
packers   [  18% ] 100 VUs  0m32.0s/3m0s

running (0m33.0s), 100/100 VUs, 3064 complete and 0 interrupted iterations
packers   [  18% ] 100 VUs  0m33.0s/3m0s

running (0m34.0s), 100/100 VUs, 3211 complete and 0 interrupted iterations
packers   [  19% ] 100 VUs  0m34.0s/3m0s

running (0m35.0s), 100/100 VUs, 3339 complete and 0 interrupted iterations
packers   [  19% ] 100 VUs  0m35.0s/3m0s

running (0m36.0s), 100/100 VUs, 3482 complete and 0 interrupted iterations
packers   [  20% ] 100 VUs  0m36.0s/3m0s

running (0m37.0s), 100/100 VUs, 3629 complete and 0 interrupted iterations
packers   [  21% ] 100 VUs  0m37.0s/3m0s

running (0m38.0s), 100/100 VUs, 3773 complete and 0 interrupted iterations
packers   [  21% ] 100 VUs  0m38.0s/3m0s

running (0m39.0s), 100/100 VUs, 3905 complete and 0 interrupted iterations
packers   [  22% ] 100 VUs  0m39.0s/3m0s

running (0m40.0s), 100/100 VUs, 4054 complete and 0 interrupted iterations
packers   [  22% ] 100 VUs  0m40.0s/3m0s

running (0m41.0s), 100/100 VUs, 4202 complete and 0 interrupted iterations
packers   [  23% ] 100 VUs  0m41.0s/3m0s

running (0m42.0s), 100/100 VUs, 4357 complete and 0 interrupted iterations
packers   [  23% ] 100 VUs  0m42.0s/3m0s

running (0m43.0s), 100/100 VUs, 4506 complete and 0 interrupted iterations
packers   [  24% ] 100 VUs  0m43.0s/3m0s

running (0m44.0s), 100/100 VUs, 4657 complete and 0 interrupted iterations
packers   [  24% ] 100 VUs  0m44.0s/3m0s

running (0m45.0s), 100/100 VUs, 4783 complete and 0 interrupted iterations
packers   [  25% ] 100 VUs  0m45.0s/3m0s

running (0m46.0s), 100/100 VUs, 4900 complete and 0 interrupted iterations
packers   [  26% ] 100 VUs  0m46.0s/3m0s

running (0m47.0s), 100/100 VUs, 5045 complete and 0 interrupted iterations
packers   [  26% ] 100 VUs  0m47.0s/3m0s

running (0m48.0s), 100/100 VUs, 5192 complete and 0 interrupted iterations
packers   [  27% ] 100 VUs  0m48.0s/3m0s

running (0m49.0s), 100/100 VUs, 5307 complete and 0 interrupted iterations
packers   [  27% ] 100 VUs  0m49.0s/3m0s

running (0m50.0s), 100/100 VUs, 5452 complete and 0 interrupted iterations
packers   [  28% ] 100 VUs  0m50.0s/3m0s

running (0m51.0s), 100/100 VUs, 5612 complete and 0 interrupted iterations
packers   [  28% ] 100 VUs  0m51.0s/3m0s

running (0m52.0s), 100/100 VUs, 5764 complete and 0 interrupted iterations
packers   [  29% ] 100 VUs  0m52.0s/3m0s

running (0m53.0s), 100/100 VUs, 5919 complete and 0 interrupted iterations
packers   [  29% ] 100 VUs  0m53.0s/3m0s

running (0m54.0s), 100/100 VUs, 6067 complete and 0 interrupted iterations
packers   [  30% ] 100 VUs  0m54.0s/3m0s

running (0m55.0s), 100/100 VUs, 6207 complete and 0 interrupted iterations
packers   [  31% ] 100 VUs  0m55.0s/3m0s

running (0m56.0s), 100/100 VUs, 6360 complete and 0 interrupted iterations
packers   [  31% ] 100 VUs  0m56.0s/3m0s

running (0m57.0s), 100/100 VUs, 6517 complete and 0 interrupted iterations
packers   [  32% ] 100 VUs  0m57.0s/3m0s

running (0m58.0s), 100/100 VUs, 6674 complete and 0 interrupted iterations
packers   [  32% ] 100 VUs  0m58.0s/3m0s

running (0m59.0s), 100/100 VUs, 6826 complete and 0 interrupted iterations
packers   [  33% ] 100 VUs  0m59.0s/3m0s

running (1m00.0s), 100/100 VUs, 6980 complete and 0 interrupted iterations
packers   [  33% ] 100 VUs  1m00.0s/3m0s

running (1m01.0s), 100/100 VUs, 7135 complete and 0 interrupted iterations
packers   [  34% ] 100 VUs  1m01.0s/3m0s

running (1m02.0s), 100/100 VUs, 7294 complete and 0 interrupted iterations
packers   [  34% ] 100 VUs  1m02.0s/3m0s

running (1m03.0s), 100/100 VUs, 7451 complete and 0 interrupted iterations
packers   [  35% ] 100 VUs  1m03.0s/3m0s

running (1m04.0s), 100/100 VUs, 7603 complete and 0 interrupted iterations
packers   [  36% ] 100 VUs  1m04.0s/3m0s

running (1m05.0s), 100/100 VUs, 7743 complete and 0 interrupted iterations
packers   [  36% ] 100 VUs  1m05.0s/3m0s

running (1m06.0s), 100/100 VUs, 7895 complete and 0 interrupted iterations
packers   [  37% ] 100 VUs  1m06.0s/3m0s

running (1m07.0s), 100/100 VUs, 8018 complete and 0 interrupted iterations
packers   [  37% ] 100 VUs  1m07.0s/3m0s

running (1m08.0s), 100/100 VUs, 8178 complete and 0 interrupted iterations
packers   [  38% ] 100 VUs  1m08.0s/3m0s

running (1m09.0s), 100/100 VUs, 8311 complete and 0 interrupted iterations
packers   [  38% ] 100 VUs  1m09.0s/3m0s

running (1m10.0s), 100/100 VUs, 8461 complete and 0 interrupted iterations
packers   [  39% ] 100 VUs  1m10.0s/3m0s

running (1m11.0s), 100/100 VUs, 8621 complete and 0 interrupted iterations
packers   [  39% ] 100 VUs  1m11.0s/3m0s

running (1m12.0s), 100/100 VUs, 8783 complete and 0 interrupted iterations
packers   [  40% ] 100 VUs  1m12.0s/3m0s

running (1m13.0s), 100/100 VUs, 8937 complete and 0 interrupted iterations
packers   [  41% ] 100 VUs  1m13.0s/3m0s

running (1m14.0s), 100/100 VUs, 9092 complete and 0 interrupted iterations
packers   [  41% ] 100 VUs  1m14.0s/3m0s

running (1m15.0s), 100/100 VUs, 9234 complete and 0 interrupted iterations
packers   [  42% ] 100 VUs  1m15.0s/3m0s

running (1m16.0s), 100/100 VUs, 9389 complete and 0 interrupted iterations
packers   [  42% ] 100 VUs  1m16.0s/3m0s

running (1m17.0s), 100/100 VUs, 9550 complete and 0 interrupted iterations
packers   [  43% ] 100 VUs  1m17.0s/3m0s

running (1m18.0s), 100/100 VUs, 9703 complete and 0 interrupted iterations
packers   [  43% ] 100 VUs  1m18.0s/3m0s

running (1m19.0s), 100/100 VUs, 9856 complete and 0 interrupted iterations
packers   [  44% ] 100 VUs  1m19.0s/3m0s

running (1m20.0s), 100/100 VUs, 9994 complete and 0 interrupted iterations
packers   [  44% ] 100 VUs  1m20.0s/3m0s

running (1m21.0s), 100/100 VUs, 10152 complete and 0 interrupted iterations
packers   [  45% ] 100 VUs  1m21.0s/3m0s

running (1m22.0s), 100/100 VUs, 10300 complete and 0 interrupted iterations
packers   [  46% ] 100 VUs  1m22.0s/3m0s

running (1m23.0s), 100/100 VUs, 10453 complete and 0 interrupted iterations
packers   [  46% ] 100 VUs  1m23.0s/3m0s

running (1m24.0s), 100/100 VUs, 10577 complete and 0 interrupted iterations
packers   [  47% ] 100 VUs  1m24.0s/3m0s

running (1m25.0s), 100/100 VUs, 10722 complete and 0 interrupted iterations
packers   [  47% ] 100 VUs  1m25.0s/3m0s

running (1m26.0s), 100/100 VUs, 10869 complete and 0 interrupted iterations
packers   [  48% ] 100 VUs  1m26.0s/3m0s

running (1m27.0s), 100/100 VUs, 10992 complete and 0 interrupted iterations
packers   [  48% ] 100 VUs  1m27.0s/3m0s

running (1m28.0s), 100/100 VUs, 11132 complete and 0 interrupted iterations
packers   [  49% ] 100 VUs  1m28.0s/3m0s

running (1m29.0s), 100/100 VUs, 11285 complete and 0 interrupted iterations
packers   [  49% ] 100 VUs  1m29.0s/3m0s

running (1m30.0s), 100/100 VUs, 11395 complete and 0 interrupted iterations
packers   [  50% ] 100 VUs  1m30.0s/3m0s

running (1m31.0s), 100/100 VUs, 11529 complete and 0 interrupted iterations
packers   [  51% ] 100 VUs  1m31.0s/3m0s

running (1m32.0s), 100/100 VUs, 11681 complete and 0 interrupted iterations
packers   [  51% ] 100 VUs  1m32.0s/3m0s

running (1m33.0s), 100/100 VUs, 11828 complete and 0 interrupted iterations
packers   [  52% ] 100 VUs  1m33.0s/3m0s

running (1m34.0s), 100/100 VUs, 11984 complete and 0 interrupted iterations
packers   [  52% ] 100 VUs  1m34.0s/3m0s

running (1m35.0s), 100/100 VUs, 12112 complete and 0 interrupted iterations
packers   [  53% ] 100 VUs  1m35.0s/3m0s

running (1m36.0s), 100/100 VUs, 12268 complete and 0 interrupted iterations
packers   [  53% ] 100 VUs  1m36.0s/3m0s

running (1m37.0s), 100/100 VUs, 12424 complete and 0 interrupted iterations
packers   [  54% ] 100 VUs  1m37.0s/3m0s

running (1m38.0s), 100/100 VUs, 12574 complete and 0 interrupted iterations
packers   [  54% ] 100 VUs  1m38.0s/3m0s

running (1m39.0s), 100/100 VUs, 12688 complete and 0 interrupted iterations
packers   [  55% ] 100 VUs  1m39.0s/3m0s

running (1m40.0s), 100/100 VUs, 12831 complete and 0 interrupted iterations
packers   [  56% ] 100 VUs  1m40.0s/3m0s

running (1m41.0s), 100/100 VUs, 12983 complete and 0 interrupted iterations
packers   [  56% ] 100 VUs  1m41.0s/3m0s

running (1m42.0s), 100/100 VUs, 13133 complete and 0 interrupted iterations
packers   [  57% ] 100 VUs  1m42.0s/3m0s

running (1m43.0s), 100/100 VUs, 13277 complete and 0 interrupted iterations
packers   [  57% ] 100 VUs  1m43.0s/3m0s

running (1m44.0s), 100/100 VUs, 13419 complete and 0 interrupted iterations
packers   [  58% ] 100 VUs  1m44.0s/3m0s

running (1m45.0s), 100/100 VUs, 13527 complete and 0 interrupted iterations
packers   [  58% ] 100 VUs  1m45.0s/3m0s

running (1m46.0s), 100/100 VUs, 13552 complete and 0 interrupted iterations
packers   [  59% ] 100 VUs  1m46.0s/3m0s

running (1m47.0s), 100/100 VUs, 13630 complete and 0 interrupted iterations
packers   [  59% ] 100 VUs  1m47.0s/3m0s

running (1m48.0s), 100/100 VUs, 13770 complete and 0 interrupted iterations
packers   [  60% ] 100 VUs  1m48.0s/3m0s

running (1m49.0s), 100/100 VUs, 13914 complete and 0 interrupted iterations
packers   [  61% ] 100 VUs  1m49.0s/3m0s

running (1m50.0s), 100/100 VUs, 14048 complete and 0 interrupted iterations
packers   [  61% ] 100 VUs  1m50.0s/3m0s

running (1m51.0s), 100/100 VUs, 14197 complete and 0 interrupted iterations
packers   [  62% ] 100 VUs  1m51.0s/3m0s

running (1m52.0s), 100/100 VUs, 14349 complete and 0 interrupted iterations
packers   [  62% ] 100 VUs  1m52.0s/3m0s

running (1m53.0s), 100/100 VUs, 14502 complete and 0 interrupted iterations
packers   [  63% ] 100 VUs  1m53.0s/3m0s

running (1m54.0s), 100/100 VUs, 14632 complete and 0 interrupted iterations
packers   [  63% ] 100 VUs  1m54.0s/3m0s

running (1m55.0s), 100/100 VUs, 14766 complete and 0 interrupted iterations
packers   [  64% ] 100 VUs  1m55.0s/3m0s

running (1m56.0s), 100/100 VUs, 14875 complete and 0 interrupted iterations
packers   [  64% ] 100 VUs  1m56.0s/3m0s

running (1m57.0s), 100/100 VUs, 15014 complete and 0 interrupted iterations
packers   [  65% ] 100 VUs  1m57.0s/3m0s

running (1m58.0s), 100/100 VUs, 15159 complete and 0 interrupted iterations
packers   [  66% ] 100 VUs  1m58.0s/3m0s

running (1m59.0s), 100/100 VUs, 15300 complete and 0 interrupted iterations
packers   [  66% ] 100 VUs  1m59.0s/3m0s

running (2m00.0s), 100/100 VUs, 15438 complete and 0 interrupted iterations
packers   [  67% ] 100 VUs  2m00.0s/3m0s

running (2m01.0s), 100/100 VUs, 15594 complete and 0 interrupted iterations
packers   [  67% ] 100 VUs  2m01.0s/3m0s

running (2m02.0s), 100/100 VUs, 15740 complete and 0 interrupted iterations
packers   [  68% ] 100 VUs  2m02.0s/3m0s

running (2m03.0s), 100/100 VUs, 15893 complete and 0 interrupted iterations
packers   [  68% ] 100 VUs  2m03.0s/3m0s

running (2m04.0s), 100/100 VUs, 16040 complete and 0 interrupted iterations
packers   [  69% ] 100 VUs  2m04.0s/3m0s

running (2m05.0s), 100/100 VUs, 16167 complete and 0 interrupted iterations
packers   [  69% ] 100 VUs  2m05.0s/3m0s

running (2m06.0s), 100/100 VUs, 16312 complete and 0 interrupted iterations
packers   [  70% ] 100 VUs  2m06.0s/3m0s

running (2m07.0s), 100/100 VUs, 16459 complete and 0 interrupted iterations
packers   [  71% ] 100 VUs  2m07.0s/3m0s

running (2m08.0s), 100/100 VUs, 16610 complete and 0 interrupted iterations
packers   [  71% ] 100 VUs  2m08.0s/3m0s

running (2m09.0s), 100/100 VUs, 16725 complete and 0 interrupted iterations
packers   [  72% ] 100 VUs  2m09.0s/3m0s

running (2m10.0s), 100/100 VUs, 16868 complete and 0 interrupted iterations
packers   [  72% ] 100 VUs  2m10.0s/3m0s

running (2m11.0s), 100/100 VUs, 17017 complete and 0 interrupted iterations
packers   [  73% ] 100 VUs  2m11.0s/3m0s

running (2m12.0s), 100/100 VUs, 17166 complete and 0 interrupted iterations
packers   [  73% ] 100 VUs  2m12.0s/3m0s

running (2m13.0s), 100/100 VUs, 17313 complete and 0 interrupted iterations
packers   [  74% ] 100 VUs  2m13.0s/3m0s

running (2m14.0s), 100/100 VUs, 17457 complete and 0 interrupted iterations
packers   [  74% ] 100 VUs  2m14.0s/3m0s

running (2m15.0s), 100/100 VUs, 17581 complete and 0 interrupted iterations
packers   [  75% ] 100 VUs  2m15.0s/3m0s

running (2m16.0s), 100/100 VUs, 17726 complete and 0 interrupted iterations
packers   [  76% ] 100 VUs  2m16.0s/3m0s

running (2m17.0s), 100/100 VUs, 17864 complete and 0 interrupted iterations
packers   [  76% ] 100 VUs  2m17.0s/3m0s

running (2m18.0s), 100/100 VUs, 18010 complete and 0 interrupted iterations
packers   [  77% ] 100 VUs  2m18.0s/3m0s

running (2m19.0s), 100/100 VUs, 18155 complete and 0 interrupted iterations
packers   [  77% ] 100 VUs  2m19.0s/3m0s

running (2m20.0s), 100/100 VUs, 18282 complete and 0 interrupted iterations
packers   [  78% ] 100 VUs  2m20.0s/3m0s

running (2m21.0s), 100/100 VUs, 18423 complete and 0 interrupted iterations
packers   [  78% ] 100 VUs  2m21.0s/3m0s

running (2m22.0s), 100/100 VUs, 18557 complete and 0 interrupted iterations
packers   [  79% ] 100 VUs  2m22.0s/3m0s

running (2m23.0s), 100/100 VUs, 18706 complete and 0 interrupted iterations
packers   [  79% ] 100 VUs  2m23.0s/3m0s

running (2m24.0s), 100/100 VUs, 18832 complete and 0 interrupted iterations
packers   [  80% ] 100 VUs  2m24.0s/3m0s

running (2m25.0s), 100/100 VUs, 18969 complete and 0 interrupted iterations
packers   [  81% ] 100 VUs  2m25.0s/3m0s

running (2m26.0s), 100/100 VUs, 19121 complete and 0 interrupted iterations
packers   [  81% ] 100 VUs  2m26.0s/3m0s

running (2m27.0s), 100/100 VUs, 19242 complete and 0 interrupted iterations
packers   [  82% ] 100 VUs  2m27.0s/3m0s

running (2m28.0s), 100/100 VUs, 19382 complete and 0 interrupted iterations
packers   [  82% ] 100 VUs  2m28.0s/3m0s

running (2m29.0s), 100/100 VUs, 19531 complete and 0 interrupted iterations
packers   [  83% ] 100 VUs  2m29.0s/3m0s

running (2m30.0s), 100/100 VUs, 19640 complete and 0 interrupted iterations
packers   [  83% ] 100 VUs  2m30.0s/3m0s

running (2m31.0s), 100/100 VUs, 19766 complete and 0 interrupted iterations
packers   [  84% ] 100 VUs  2m31.0s/3m0s

running (2m32.0s), 100/100 VUs, 19913 complete and 0 interrupted iterations
packers   [  84% ] 100 VUs  2m32.0s/3m0s

running (2m33.0s), 100/100 VUs, 20054 complete and 0 interrupted iterations
packers   [  85% ] 100 VUs  2m33.0s/3m0s

running (2m34.0s), 100/100 VUs, 20207 complete and 0 interrupted iterations
packers   [  86% ] 100 VUs  2m34.0s/3m0s

running (2m35.0s), 100/100 VUs, 20324 complete and 0 interrupted iterations
packers   [  86% ] 100 VUs  2m35.0s/3m0s

running (2m36.0s), 100/100 VUs, 20472 complete and 0 interrupted iterations
packers   [  87% ] 100 VUs  2m36.0s/3m0s

running (2m37.0s), 100/100 VUs, 20616 complete and 0 interrupted iterations
packers   [  87% ] 100 VUs  2m37.0s/3m0s

running (2m38.0s), 100/100 VUs, 20762 complete and 0 interrupted iterations
packers   [  88% ] 100 VUs  2m38.0s/3m0s

running (2m39.0s), 100/100 VUs, 20883 complete and 0 interrupted iterations
packers   [  88% ] 100 VUs  2m39.0s/3m0s

running (2m40.0s), 100/100 VUs, 21025 complete and 0 interrupted iterations
packers   [  89% ] 100 VUs  2m40.0s/3m0s

running (2m41.0s), 100/100 VUs, 21180 complete and 0 interrupted iterations
packers   [  89% ] 100 VUs  2m41.0s/3m0s

running (2m42.0s), 100/100 VUs, 21325 complete and 0 interrupted iterations
packers   [  90% ] 100 VUs  2m42.0s/3m0s

running (2m43.0s), 100/100 VUs, 21471 complete and 0 interrupted iterations
packers   [  91% ] 100 VUs  2m43.0s/3m0s

running (2m44.0s), 100/100 VUs, 21616 complete and 0 interrupted iterations
packers   [  91% ] 100 VUs  2m44.0s/3m0s

running (2m45.0s), 100/100 VUs, 21735 complete and 0 interrupted iterations
packers   [  92% ] 100 VUs  2m45.0s/3m0s

running (2m46.0s), 100/100 VUs, 21857 complete and 0 interrupted iterations
packers   [  92% ] 100 VUs  2m46.0s/3m0s

running (2m47.0s), 100/100 VUs, 21997 complete and 0 interrupted iterations
packers   [  93% ] 100 VUs  2m47.0s/3m0s

running (2m48.0s), 100/100 VUs, 22143 complete and 0 interrupted iterations
packers   [  93% ] 100 VUs  2m48.0s/3m0s

running (2m49.0s), 100/100 VUs, 22283 complete and 0 interrupted iterations
packers   [  94% ] 100 VUs  2m49.0s/3m0s

running (2m50.0s), 100/100 VUs, 22420 complete and 0 interrupted iterations
packers   [  94% ] 100 VUs  2m50.0s/3m0s

running (2m51.0s), 100/100 VUs, 22566 complete and 0 interrupted iterations
packers   [  95% ] 100 VUs  2m51.0s/3m0s

running (2m52.0s), 100/100 VUs, 22713 complete and 0 interrupted iterations
packers   [  96% ] 100 VUs  2m52.0s/3m0s

running (2m53.0s), 100/100 VUs, 22856 complete and 0 interrupted iterations
packers   [  96% ] 100 VUs  2m53.0s/3m0s

running (2m54.0s), 100/100 VUs, 22968 complete and 0 interrupted iterations
packers   [  97% ] 100 VUs  2m54.0s/3m0s

running (2m55.0s), 100/100 VUs, 23095 complete and 0 interrupted iterations
packers   [  97% ] 100 VUs  2m55.0s/3m0s

running (2m56.0s), 100/100 VUs, 23243 complete and 0 interrupted iterations
packers   [  98% ] 100 VUs  2m56.0s/3m0s

running (2m57.0s), 100/100 VUs, 23375 complete and 0 interrupted iterations
packers   [  98% ] 100 VUs  2m57.0s/3m0s

running (2m58.0s), 100/100 VUs, 23516 complete and 0 interrupted iterations
packers   [  99% ] 100 VUs  2m58.0s/3m0s

running (2m59.0s), 100/100 VUs, 23661 complete and 0 interrupted iterations
packers   [  99% ] 100 VUs  2m59.0s/3m0s

running (3m00.0s), 100/100 VUs, 23792 complete and 0 interrupted iterations
packers   [ 100% ] 100 VUs  3m00.0s/3m0s


  █ THRESHOLDS 

    complete_duration
    ✓ 'p(95)<500' p(95)=478.19ms


  █ TOTAL RESULTS 

    checks_total.......: 71694   396.889813/s
    checks_succeeded...: 100.00% 71694 out of 71694
    checks_failed......: 0.00%   0 out of 71694

    ✓ tote-scan 2xx
    ✓ shipment-detail 2xx
    ✓ complete 2xx

    CUSTOM
    complete_duration..............: avg=266.16ms p(50)=244.61ms p(95)=478.19ms p(99)=794.92ms max=2.42s count=23898
    measured_complete..............: avg=251.29ms p(50)=241.83ms p(95)=403.76ms p(99)=538.27ms max=1.86s count=21135
    measured_complete_ok...........: 21135 117.000951/s
    measured_detail................: avg=227.52ms p(50)=214.86ms p(95)=370.03ms p(99)=486.61ms max=1.52s count=21134
    measured_reqs..................: 63399 350.969639/s
    measured_scan..................: avg=231.83ms p(50)=219.26ms p(95)=375.64ms p(99)=489.02ms max=1.58s count=21130

    HTTP
    http_req_duration..............: avg=251.36ms p(50)=227.66ms p(95)=452.79ms p(99)=783.07ms max=3.23s count=71694
      { expected_response:true }...: avg=251.36ms p(50)=227.66ms p(95)=452.79ms p(99)=783.07ms max=3.23s count=71694
    http_req_failed................: 0.00% 0 out of 71694
    http_reqs......................: 71694 396.889813/s

    EXECUTION
    iteration_duration.............: avg=754.56ms p(50)=690.57ms p(95)=1.11s    p(99)=2.04s    max=5.52s count=23898
    iterations.....................: 23898 132.296604/s
    vus............................: 100   min=100        max=100
    vus_max........................: 100   min=100        max=100

    NETWORK
    data_received..................: 36 MB 197 kB/s
    data_sent......................: 15 MB 84 kB/s




running (3m00.6s), 000/100 VUs, 23898 complete and 0 interrupted iterations
packers ✓ [ 100% ] 100 VUs  3m0s
