[22:31:55] 기준 상태 기록: 이미지 cj-ai-backend:latest (cd6222eefbf2), 실험 설정 없음
[22:31:59] ── 조건 sat-p10-t30000-th200-r1
[22:31:59] RDS CPU 크레딧 잔고 30.6 (기준 )
[22:32:13] 반영 확인: hikari max / tomcat max = 10.0 200.0 
[22:32:13] 원장 원복:  ledger_rows | 29 | 3131672
[22:32:39] 실험 묶음 토트 19649개
pool  10 | VU  100 | pacing      0 | TPS   139.4 | Queue-ms p95   359.0 | Run-ms p95    54.8 | http p95   401.1 | pending max   91 | top wait IdleInTx:app(7.1)
[22:34:44] ── 조건 sat-p20-t30000-th200-r1
[22:34:45] RDS CPU 크레딧 잔고 30.6 (기준 )
[22:35:01] 반영 확인: hikari max / tomcat max = 20.0 200.0 
[22:35:02] 원장 원복:  ledger_rows | 29 | 3131672
[22:35:28] 실험 묶음 토트 19649개
pool  20 | VU  100 | pacing      0 | TPS   160.2 | Queue-ms p95   323.3 | Run-ms p95   153.0 | http p95   462.1 | pending max   80 | top wait IdleInTx:app(10.8)
[22:37:33] ── 조건 sat-p40-t30000-th200-r1
[22:37:33] RDS CPU 크레딧 잔고 28.4 (기준 )
[22:37:49] 반영 확인: hikari max / tomcat max = 40.0 200.0 
[22:37:50] 원장 원복:  ledger_rows | 29 | 3131672
[22:38:16] 실험 묶음 토트 19649개
pool  40 | VU  100 | pacing      0 | TPS   155.9 | Queue-ms p95   257.0 | Run-ms p95   472.0 | http p95  1119.5 | pending max   60 | top wait Lock:tuple(24.6)
작성: docs/evidence/pool-sizing/live-console/README.md
[22:40:22] 복원: 실험 설정 제거, 기준 이미지로 재생성
[22:40:38] 복원 확인: SPRING_APPLICATION_JSON 없음, 이미지 cd6222eefbf2 일치
hikaricp_connections_max{pool="HikariPool-1"} 10.0
tomcat_threads_config_max_threads{name="http-nio-8000"} 200.0
[22:40:39] 결과: docs/evidence/pool-sizing/live-console/README.md
