K6START=1790427241

         /\      Grafana   /‾‾/  
    /\  /  \     |\  __   /  /   
   /  \/    \    | |/ /  /   ‾‾\ 
  /          \   |   (  |  (‾)  |
 / __________ \  |_|\_\  \_____/ 


     execution: local
        script: k6/capture.js
        output: Prometheus remote write (http://172.31.64.6:9090/api/v1/write)

     scenarios: (100.00%) 1 scenario, 60 max VUs, 3m30s max duration (incl. graceful stop):
              * capture: 60 looping VUs for 3m0s (gracefulStop: 30s)


running (0m01.0s), 60/60 VUs, 0 complete and 0 interrupted iterations
capture   [   0% ] 60 VUs  0m00.5s/3m0s

running (0m02.0s), 60/60 VUs, 18 complete and 0 interrupted iterations
capture   [   1% ] 60 VUs  0m01.5s/3m0s

running (0m03.0s), 60/60 VUs, 59 complete and 0 interrupted iterations
capture   [   1% ] 60 VUs  0m02.5s/3m0s

running (0m04.0s), 60/60 VUs, 117 complete and 0 interrupted iterations
capture   [   2% ] 60 VUs  0m03.5s/3m0s

running (0m05.0s), 60/60 VUs, 145 complete and 0 interrupted iterations
capture   [   3% ] 60 VUs  0m04.5s/3m0s

running (0m06.0s), 60/60 VUs, 179 complete and 0 interrupted iterations
capture   [   3% ] 60 VUs  0m05.5s/3m0s

running (0m07.0s), 60/60 VUs, 239 complete and 0 interrupted iterations
capture   [   4% ] 60 VUs  0m06.5s/3m0s

running (0m08.0s), 60/60 VUs, 279 complete and 0 interrupted iterations
capture   [   4% ] 60 VUs  0m07.5s/3m0s

running (0m09.0s), 60/60 VUs, 299 complete and 0 interrupted iterations
capture   [   5% ] 60 VUs  0m08.5s/3m0s

running (0m10.0s), 60/60 VUs, 359 complete and 0 interrupted iterations
capture   [   5% ] 60 VUs  0m09.5s/3m0s

running (0m11.0s), 60/60 VUs, 403 complete and 0 interrupted iterations
capture   [   6% ] 60 VUs  0m10.5s/3m0s

running (0m12.0s), 60/60 VUs, 427 complete and 0 interrupted iterations
capture   [   6% ] 60 VUs  0m11.5s/3m0s

running (0m13.0s), 60/60 VUs, 479 complete and 0 interrupted iterations
capture   [   7% ] 60 VUs  0m12.5s/3m0s

running (0m14.0s), 60/60 VUs, 532 complete and 0 interrupted iterations
capture   [   8% ] 60 VUs  0m13.5s/3m0s

running (0m15.0s), 60/60 VUs, 562 complete and 0 interrupted iterations
capture   [   8% ] 60 VUs  0m14.5s/3m0s

running (0m16.0s), 60/60 VUs, 599 complete and 0 interrupted iterations
capture   [   9% ] 60 VUs  0m15.5s/3m0s

running (0m17.0s), 60/60 VUs, 655 complete and 0 interrupted iterations
capture   [   9% ] 60 VUs  0m16.5s/3m0s

running (0m18.0s), 60/60 VUs, 695 complete and 0 interrupted iterations
capture   [  10% ] 60 VUs  0m17.5s/3m0s

running (0m19.0s), 60/60 VUs, 719 complete and 0 interrupted iterations
capture   [  10% ] 60 VUs  0m18.5s/3m0s

running (0m20.0s), 60/60 VUs, 779 complete and 0 interrupted iterations
capture   [  11% ] 60 VUs  0m19.5s/3m0s

running (0m21.0s), 60/60 VUs, 821 complete and 0 interrupted iterations
capture   [  11% ] 60 VUs  0m20.5s/3m0s

running (0m22.0s), 60/60 VUs, 844 complete and 0 interrupted iterations
capture   [  12% ] 60 VUs  0m21.5s/3m0s

running (0m23.0s), 60/60 VUs, 899 complete and 0 interrupted iterations
capture   [  13% ] 60 VUs  0m22.5s/3m0s

running (0m24.0s), 60/60 VUs, 951 complete and 0 interrupted iterations
capture   [  13% ] 60 VUs  0m23.5s/3m0s

running (0m25.0s), 60/60 VUs, 981 complete and 0 interrupted iterations
capture   [  14% ] 60 VUs  0m24.5s/3m0s

running (0m26.0s), 60/60 VUs, 1019 complete and 0 interrupted iterations
capture   [  14% ] 60 VUs  0m25.5s/3m0s

running (0m27.0s), 60/60 VUs, 1074 complete and 0 interrupted iterations
capture   [  15% ] 60 VUs  0m26.5s/3m0s

running (0m28.0s), 60/60 VUs, 1117 complete and 0 interrupted iterations
capture   [  15% ] 60 VUs  0m27.5s/3m0s

running (0m29.0s), 60/60 VUs, 1139 complete and 0 interrupted iterations
capture   [  16% ] 60 VUs  0m28.5s/3m0s

running (0m30.0s), 60/60 VUs, 1198 complete and 0 interrupted iterations
capture   [  16% ] 60 VUs  0m29.5s/3m0s

running (0m31.0s), 60/60 VUs, 1243 complete and 0 interrupted iterations
capture   [  17% ] 60 VUs  0m30.5s/3m0s

running (0m32.0s), 60/60 VUs, 1268 complete and 0 interrupted iterations
capture   [  18% ] 60 VUs  0m31.5s/3m0s

running (0m33.0s), 60/60 VUs, 1318 complete and 0 interrupted iterations
capture   [  18% ] 60 VUs  0m32.5s/3m0s

running (0m34.0s), 60/60 VUs, 1366 complete and 0 interrupted iterations
capture   [  19% ] 60 VUs  0m33.5s/3m0s

running (0m35.0s), 60/60 VUs, 1401 complete and 0 interrupted iterations
capture   [  19% ] 60 VUs  0m34.5s/3m0s

running (0m36.0s), 60/60 VUs, 1438 complete and 0 interrupted iterations
capture   [  20% ] 60 VUs  0m35.5s/3m0s

running (0m37.0s), 60/60 VUs, 1496 complete and 0 interrupted iterations
capture   [  20% ] 60 VUs  0m36.5s/3m0s

running (0m38.0s), 60/60 VUs, 1537 complete and 0 interrupted iterations
capture   [  21% ] 60 VUs  0m37.5s/3m0s

running (0m39.0s), 60/60 VUs, 1559 complete and 0 interrupted iterations
capture   [  21% ] 60 VUs  0m38.5s/3m0s

running (0m40.0s), 60/60 VUs, 1617 complete and 0 interrupted iterations
capture   [  22% ] 60 VUs  0m39.5s/3m0s

running (0m41.0s), 60/60 VUs, 1664 complete and 0 interrupted iterations
capture   [  23% ] 60 VUs  0m40.5s/3m0s

running (0m42.0s), 60/60 VUs, 1691 complete and 0 interrupted iterations
capture   [  23% ] 60 VUs  0m41.5s/3m0s

running (0m43.0s), 60/60 VUs, 1737 complete and 0 interrupted iterations
capture   [  24% ] 60 VUs  0m42.5s/3m0s

running (0m44.0s), 60/60 VUs, 1785 complete and 0 interrupted iterations
capture   [  24% ] 60 VUs  0m43.5s/3m0s

running (0m45.0s), 60/60 VUs, 1816 complete and 0 interrupted iterations
capture   [  25% ] 60 VUs  0m44.5s/3m0s

running (0m46.0s), 60/60 VUs, 1858 complete and 0 interrupted iterations
capture   [  25% ] 60 VUs  0m45.5s/3m0s

running (0m47.0s), 60/60 VUs, 1914 complete and 0 interrupted iterations
capture   [  26% ] 60 VUs  0m46.5s/3m0s

running (0m48.0s), 60/60 VUs, 1951 complete and 0 interrupted iterations
capture   [  26% ] 60 VUs  0m47.5s/3m0s

running (0m49.0s), 60/60 VUs, 1982 complete and 0 interrupted iterations
capture   [  27% ] 60 VUs  0m48.5s/3m0s

running (0m50.0s), 60/60 VUs, 2036 complete and 0 interrupted iterations
capture   [  28% ] 60 VUs  0m49.5s/3m0s

running (0m51.0s), 60/60 VUs, 2080 complete and 0 interrupted iterations
capture   [  28% ] 60 VUs  0m50.5s/3m0s

running (0m52.0s), 60/60 VUs, 2111 complete and 0 interrupted iterations
capture   [  29% ] 60 VUs  0m51.5s/3m0s

running (0m53.0s), 60/60 VUs, 2157 complete and 0 interrupted iterations
capture   [  29% ] 60 VUs  0m52.5s/3m0s

running (0m54.0s), 60/60 VUs, 2211 complete and 0 interrupted iterations
capture   [  30% ] 60 VUs  0m53.5s/3m0s

running (0m55.0s), 60/60 VUs, 2242 complete and 0 interrupted iterations
capture   [  30% ] 60 VUs  0m54.5s/3m0s

running (0m56.0s), 60/60 VUs, 2277 complete and 0 interrupted iterations
capture   [  31% ] 60 VUs  0m55.5s/3m0s

running (0m57.0s), 60/60 VUs, 2332 complete and 0 interrupted iterations
capture   [  31% ] 60 VUs  0m56.5s/3m0s

running (0m58.0s), 60/60 VUs, 2374 complete and 0 interrupted iterations
capture   [  32% ] 60 VUs  0m57.5s/3m0s

running (0m59.0s), 60/60 VUs, 2404 complete and 0 interrupted iterations
capture   [  33% ] 60 VUs  0m58.5s/3m0s

running (1m00.0s), 60/60 VUs, 2454 complete and 0 interrupted iterations
capture   [  33% ] 60 VUs  0m59.5s/3m0s

running (1m01.0s), 60/60 VUs, 2504 complete and 0 interrupted iterations
capture   [  34% ] 60 VUs  1m00.5s/3m0s

running (1m02.0s), 60/60 VUs, 2530 complete and 0 interrupted iterations
capture   [  34% ] 60 VUs  1m01.5s/3m0s

running (1m03.0s), 60/60 VUs, 2577 complete and 0 interrupted iterations
capture   [  35% ] 60 VUs  1m02.5s/3m0s

running (1m04.0s), 60/60 VUs, 2630 complete and 0 interrupted iterations
capture   [  35% ] 60 VUs  1m03.5s/3m0s

running (1m05.0s), 60/60 VUs, 2665 complete and 0 interrupted iterations
capture   [  36% ] 60 VUs  1m04.5s/3m0s

running (1m06.0s), 60/60 VUs, 2699 complete and 0 interrupted iterations
capture   [  36% ] 60 VUs  1m05.5s/3m0s

running (1m07.0s), 60/60 VUs, 2754 complete and 0 interrupted iterations
capture   [  37% ] 60 VUs  1m06.5s/3m0s

running (1m08.0s), 60/60 VUs, 2796 complete and 0 interrupted iterations
capture   [  38% ] 60 VUs  1m07.5s/3m0s

running (1m09.0s), 60/60 VUs, 2821 complete and 0 interrupted iterations
capture   [  38% ] 60 VUs  1m08.5s/3m0s

running (1m10.0s), 60/60 VUs, 2874 complete and 0 interrupted iterations
capture   [  39% ] 60 VUs  1m09.5s/3m0s

running (1m11.0s), 60/60 VUs, 2923 complete and 0 interrupted iterations
capture   [  39% ] 60 VUs  1m10.5s/3m0s

running (1m12.0s), 60/60 VUs, 2953 complete and 0 interrupted iterations
capture   [  40% ] 60 VUs  1m11.5s/3m0s

running (1m13.0s), 60/60 VUs, 2996 complete and 0 interrupted iterations
capture   [  40% ] 60 VUs  1m12.5s/3m0s

running (1m14.0s), 60/60 VUs, 3051 complete and 0 interrupted iterations
capture   [  41% ] 60 VUs  1m13.5s/3m0s

running (1m15.0s), 60/60 VUs, 3084 complete and 0 interrupted iterations
capture   [  41% ] 60 VUs  1m14.5s/3m0s

running (1m16.0s), 60/60 VUs, 3119 complete and 0 interrupted iterations
capture   [  42% ] 60 VUs  1m15.5s/3m0s

running (1m17.0s), 60/60 VUs, 3173 complete and 0 interrupted iterations
capture   [  43% ] 60 VUs  1m16.5s/3m0s

running (1m18.0s), 60/60 VUs, 3219 complete and 0 interrupted iterations
capture   [  43% ] 60 VUs  1m17.5s/3m0s

running (1m19.0s), 60/60 VUs, 3244 complete and 0 interrupted iterations
capture   [  44% ] 60 VUs  1m18.5s/3m0s

running (1m20.0s), 60/60 VUs, 3295 complete and 0 interrupted iterations
capture   [  44% ] 60 VUs  1m19.5s/3m0s

running (1m21.0s), 60/60 VUs, 3347 complete and 0 interrupted iterations
capture   [  45% ] 60 VUs  1m20.5s/3m0s

running (1m22.0s), 60/60 VUs, 3376 complete and 0 interrupted iterations
capture   [  45% ] 60 VUs  1m21.5s/3m0s

running (1m23.0s), 60/60 VUs, 3417 complete and 0 interrupted iterations
capture   [  46% ] 60 VUs  1m22.5s/3m0s

running (1m24.0s), 60/60 VUs, 3468 complete and 0 interrupted iterations
capture   [  46% ] 60 VUs  1m23.5s/3m0s

running (1m25.0s), 60/60 VUs, 3495 complete and 0 interrupted iterations
capture   [  47% ] 60 VUs  1m24.5s/3m0s

running (1m26.0s), 60/60 VUs, 3539 complete and 0 interrupted iterations
capture   [  48% ] 60 VUs  1m25.5s/3m0s

running (1m27.0s), 60/60 VUs, 3593 complete and 0 interrupted iterations
capture   [  48% ] 60 VUs  1m26.5s/3m0s

running (1m28.0s), 60/60 VUs, 3628 complete and 0 interrupted iterations
capture   [  49% ] 60 VUs  1m27.5s/3m0s

running (1m29.0s), 60/60 VUs, 3662 complete and 0 interrupted iterations
capture   [  49% ] 60 VUs  1m28.5s/3m0s

running (1m30.0s), 60/60 VUs, 3714 complete and 0 interrupted iterations
capture   [  50% ] 60 VUs  1m29.5s/3m0s

running (1m31.0s), 60/60 VUs, 3762 complete and 0 interrupted iterations
capture   [  50% ] 60 VUs  1m30.5s/3m0s

running (1m32.0s), 60/60 VUs, 3789 complete and 0 interrupted iterations
capture   [  51% ] 60 VUs  1m31.5s/3m0s

running (1m33.0s), 60/60 VUs, 3836 complete and 0 interrupted iterations
capture   [  51% ] 60 VUs  1m32.5s/3m0s

running (1m34.0s), 60/60 VUs, 3888 complete and 0 interrupted iterations
capture   [  52% ] 60 VUs  1m33.5s/3m0s

running (1m35.0s), 60/60 VUs, 3916 complete and 0 interrupted iterations
capture   [  53% ] 60 VUs  1m34.5s/3m0s

running (1m36.0s), 60/60 VUs, 3958 complete and 0 interrupted iterations
capture   [  53% ] 60 VUs  1m35.5s/3m0s

running (1m37.0s), 60/60 VUs, 4012 complete and 0 interrupted iterations
capture   [  54% ] 60 VUs  1m36.5s/3m0s

running (1m38.0s), 60/60 VUs, 4052 complete and 0 interrupted iterations
capture   [  54% ] 60 VUs  1m37.5s/3m0s

running (1m39.0s), 60/60 VUs, 4081 complete and 0 interrupted iterations
capture   [  55% ] 60 VUs  1m38.5s/3m0s

running (1m40.0s), 60/60 VUs, 4132 complete and 0 interrupted iterations
capture   [  55% ] 60 VUs  1m39.5s/3m0s

running (1m41.0s), 60/60 VUs, 4180 complete and 0 interrupted iterations
capture   [  56% ] 60 VUs  1m40.5s/3m0s

running (1m42.0s), 60/60 VUs, 4208 complete and 0 interrupted iterations
capture   [  56% ] 60 VUs  1m41.5s/3m0s

running (1m43.0s), 60/60 VUs, 4254 complete and 0 interrupted iterations
capture   [  57% ] 60 VUs  1m42.5s/3m0s

running (1m44.0s), 60/60 VUs, 4306 complete and 0 interrupted iterations
capture   [  58% ] 60 VUs  1m43.5s/3m0s

running (1m45.0s), 60/60 VUs, 4330 complete and 0 interrupted iterations
capture   [  58% ] 60 VUs  1m44.5s/3m0s

running (1m46.0s), 60/60 VUs, 4375 complete and 0 interrupted iterations
capture   [  59% ] 60 VUs  1m45.5s/3m0s

running (1m47.0s), 60/60 VUs, 4431 complete and 0 interrupted iterations
capture   [  59% ] 60 VUs  1m46.5s/3m0s

running (1m48.0s), 60/60 VUs, 4460 complete and 0 interrupted iterations
capture   [  60% ] 60 VUs  1m47.5s/3m0s

running (1m49.0s), 60/60 VUs, 4501 complete and 0 interrupted iterations
capture   [  60% ] 60 VUs  1m48.5s/3m0s

running (1m50.0s), 60/60 VUs, 4552 complete and 0 interrupted iterations
capture   [  61% ] 60 VUs  1m49.5s/3m0s

running (1m51.0s), 60/60 VUs, 4597 complete and 0 interrupted iterations
capture   [  61% ] 60 VUs  1m50.5s/3m0s

running (1m52.0s), 60/60 VUs, 4626 complete and 0 interrupted iterations
capture   [  62% ] 60 VUs  1m51.5s/3m0s

running (1m53.0s), 60/60 VUs, 4674 complete and 0 interrupted iterations
capture   [  63% ] 60 VUs  1m52.5s/3m0s

running (1m54.0s), 60/60 VUs, 4725 complete and 0 interrupted iterations
capture   [  63% ] 60 VUs  1m53.5s/3m0s

running (1m55.0s), 60/60 VUs, 4751 complete and 0 interrupted iterations
capture   [  64% ] 60 VUs  1m54.5s/3m0s

running (1m56.0s), 60/60 VUs, 4794 complete and 0 interrupted iterations
capture   [  64% ] 60 VUs  1m55.5s/3m0s

running (1m57.0s), 60/60 VUs, 4849 complete and 0 interrupted iterations
capture   [  65% ] 60 VUs  1m56.5s/3m0s

running (1m58.0s), 60/60 VUs, 4880 complete and 0 interrupted iterations
capture   [  65% ] 60 VUs  1m57.5s/3m0s

running (1m59.0s), 60/60 VUs, 4922 complete and 0 interrupted iterations
capture   [  66% ] 60 VUs  1m58.5s/3m0s

running (2m00.0s), 60/60 VUs, 4970 complete and 0 interrupted iterations
capture   [  66% ] 60 VUs  1m59.5s/3m0s

running (2m01.0s), 60/60 VUs, 5018 complete and 0 interrupted iterations
capture   [  67% ] 60 VUs  2m00.5s/3m0s

running (2m02.0s), 60/60 VUs, 5045 complete and 0 interrupted iterations
capture   [  68% ] 60 VUs  2m01.5s/3m0s

running (2m03.0s), 60/60 VUs, 5091 complete and 0 interrupted iterations
capture   [  68% ] 60 VUs  2m02.5s/3m0s

running (2m04.0s), 60/60 VUs, 5148 complete and 0 interrupted iterations
capture   [  69% ] 60 VUs  2m03.5s/3m0s

running (2m05.0s), 60/60 VUs, 5173 complete and 0 interrupted iterations
capture   [  69% ] 60 VUs  2m04.5s/3m0s

running (2m06.0s), 60/60 VUs, 5214 complete and 0 interrupted iterations
capture   [  70% ] 60 VUs  2m05.5s/3m0s

running (2m07.0s), 60/60 VUs, 5269 complete and 0 interrupted iterations
capture   [  70% ] 60 VUs  2m06.5s/3m0s

running (2m08.0s), 60/60 VUs, 5304 complete and 0 interrupted iterations
capture   [  71% ] 60 VUs  2m07.5s/3m0s

running (2m09.0s), 60/60 VUs, 5340 complete and 0 interrupted iterations
capture   [  71% ] 60 VUs  2m08.5s/3m0s

running (2m10.0s), 60/60 VUs, 5390 complete and 0 interrupted iterations
capture   [  72% ] 60 VUs  2m09.5s/3m0s

running (2m11.0s), 60/60 VUs, 5436 complete and 0 interrupted iterations
capture   [  73% ] 60 VUs  2m10.5s/3m0s

running (2m12.0s), 60/60 VUs, 5465 complete and 0 interrupted iterations
capture   [  73% ] 60 VUs  2m11.5s/3m0s

running (2m13.0s), 60/60 VUs, 5510 complete and 0 interrupted iterations
capture   [  74% ] 60 VUs  2m12.5s/3m0s

running (2m14.0s), 60/60 VUs, 5568 complete and 0 interrupted iterations
capture   [  74% ] 60 VUs  2m13.5s/3m0s

running (2m15.0s), 60/60 VUs, 5594 complete and 0 interrupted iterations
capture   [  75% ] 60 VUs  2m14.5s/3m0s

running (2m16.0s), 60/60 VUs, 5634 complete and 0 interrupted iterations
capture   [  75% ] 60 VUs  2m15.5s/3m0s

running (2m17.0s), 60/60 VUs, 5689 complete and 0 interrupted iterations
capture   [  76% ] 60 VUs  2m16.5s/3m0s

running (2m18.0s), 60/60 VUs, 5727 complete and 0 interrupted iterations
capture   [  76% ] 60 VUs  2m17.5s/3m0s

running (2m19.0s), 60/60 VUs, 5761 complete and 0 interrupted iterations
capture   [  77% ] 60 VUs  2m18.5s/3m0s

running (2m20.0s), 60/60 VUs, 5810 complete and 0 interrupted iterations
capture   [  78% ] 60 VUs  2m19.5s/3m0s

running (2m21.0s), 60/60 VUs, 5861 complete and 0 interrupted iterations
capture   [  78% ] 60 VUs  2m20.5s/3m0s

running (2m22.0s), 60/60 VUs, 5889 complete and 0 interrupted iterations
capture   [  79% ] 60 VUs  2m21.5s/3m0s

running (2m23.0s), 60/60 VUs, 5930 complete and 0 interrupted iterations
capture   [  79% ] 60 VUs  2m22.5s/3m0s

running (2m24.0s), 60/60 VUs, 5985 complete and 0 interrupted iterations
capture   [  80% ] 60 VUs  2m23.5s/3m0s

running (2m25.0s), 60/60 VUs, 6016 complete and 0 interrupted iterations
capture   [  80% ] 60 VUs  2m24.5s/3m0s

running (2m26.0s), 60/60 VUs, 6053 complete and 0 interrupted iterations
capture   [  81% ] 60 VUs  2m25.5s/3m0s

running (2m27.0s), 60/60 VUs, 6107 complete and 0 interrupted iterations
capture   [  81% ] 60 VUs  2m26.5s/3m0s

running (2m28.0s), 60/60 VUs, 6143 complete and 0 interrupted iterations
capture   [  82% ] 60 VUs  2m27.5s/3m0s

running (2m29.0s), 60/60 VUs, 6185 complete and 0 interrupted iterations
capture   [  83% ] 60 VUs  2m28.5s/3m0s

running (2m30.0s), 60/60 VUs, 6229 complete and 0 interrupted iterations
capture   [  83% ] 60 VUs  2m29.5s/3m0s

running (2m31.0s), 60/60 VUs, 6274 complete and 0 interrupted iterations
capture   [  84% ] 60 VUs  2m30.5s/3m0s

running (2m32.0s), 60/60 VUs, 6308 complete and 0 interrupted iterations
capture   [  84% ] 60 VUs  2m31.5s/3m0s

running (2m33.0s), 60/60 VUs, 6349 complete and 0 interrupted iterations
capture   [  85% ] 60 VUs  2m32.5s/3m0s

running (2m34.0s), 60/60 VUs, 6400 complete and 0 interrupted iterations
capture   [  85% ] 60 VUs  2m33.5s/3m0s

running (2m35.0s), 60/60 VUs, 6437 complete and 0 interrupted iterations
capture   [  86% ] 60 VUs  2m34.5s/3m0s

running (2m36.0s), 60/60 VUs, 6474 complete and 0 interrupted iterations
capture   [  86% ] 60 VUs  2m35.5s/3m0s

running (2m37.0s), 60/60 VUs, 6525 complete and 0 interrupted iterations
capture   [  87% ] 60 VUs  2m36.5s/3m0s

running (2m38.0s), 60/60 VUs, 6562 complete and 0 interrupted iterations
capture   [  88% ] 60 VUs  2m37.5s/3m0s

running (2m39.0s), 60/60 VUs, 6600 complete and 0 interrupted iterations
capture   [  88% ] 60 VUs  2m38.5s/3m0s

running (2m40.0s), 60/60 VUs, 6648 complete and 0 interrupted iterations
capture   [  89% ] 60 VUs  2m39.5s/3m0s

running (2m41.0s), 60/60 VUs, 6698 complete and 0 interrupted iterations
capture   [  89% ] 60 VUs  2m40.5s/3m0s

running (2m42.0s), 60/60 VUs, 6733 complete and 0 interrupted iterations
capture   [  90% ] 60 VUs  2m41.5s/3m0s

running (2m43.0s), 60/60 VUs, 6770 complete and 0 interrupted iterations
capture   [  90% ] 60 VUs  2m42.5s/3m0s

running (2m44.0s), 60/60 VUs, 6821 complete and 0 interrupted iterations
capture   [  91% ] 60 VUs  2m43.5s/3m0s

running (2m45.0s), 60/60 VUs, 6854 complete and 0 interrupted iterations
capture   [  91% ] 60 VUs  2m44.5s/3m0s

running (2m46.0s), 60/60 VUs, 6896 complete and 0 interrupted iterations
capture   [  92% ] 60 VUs  2m45.5s/3m0s

running (2m47.0s), 60/60 VUs, 6945 complete and 0 interrupted iterations
capture   [  93% ] 60 VUs  2m46.5s/3m0s

running (2m48.0s), 60/60 VUs, 6981 complete and 0 interrupted iterations
capture   [  93% ] 60 VUs  2m47.5s/3m0s

running (2m49.0s), 60/60 VUs, 7019 complete and 0 interrupted iterations
capture   [  94% ] 60 VUs  2m48.5s/3m0s

running (2m50.0s), 60/60 VUs, 7068 complete and 0 interrupted iterations
capture   [  94% ] 60 VUs  2m49.5s/3m0s

running (2m51.0s), 60/60 VUs, 7110 complete and 0 interrupted iterations
capture   [  95% ] 60 VUs  2m50.5s/3m0s

running (2m52.0s), 60/60 VUs, 7149 complete and 0 interrupted iterations
capture   [  95% ] 60 VUs  2m51.5s/3m0s

running (2m53.0s), 60/60 VUs, 7190 complete and 0 interrupted iterations
capture   [  96% ] 60 VUs  2m52.5s/3m0s

running (2m54.0s), 60/60 VUs, 7239 complete and 0 interrupted iterations
capture   [  96% ] 60 VUs  2m53.5s/3m0s

running (2m55.0s), 60/60 VUs, 7275 complete and 0 interrupted iterations
capture   [  97% ] 60 VUs  2m54.5s/3m0s

running (2m56.0s), 60/60 VUs, 7313 complete and 0 interrupted iterations
capture   [  98% ] 60 VUs  2m55.5s/3m0s

running (2m57.0s), 60/60 VUs, 7363 complete and 0 interrupted iterations
capture   [  98% ] 60 VUs  2m56.5s/3m0s

running (2m58.0s), 60/60 VUs, 7401 complete and 0 interrupted iterations
capture   [  99% ] 60 VUs  2m57.5s/3m0s

running (2m59.0s), 60/60 VUs, 7441 complete and 0 interrupted iterations
capture   [  99% ] 60 VUs  2m58.5s/3m0s

running (3m00.0s), 60/60 VUs, 7486 complete and 0 interrupted iterations
capture   [ 100% ] 60 VUs  2m59.5s/3m0s

running (3m01.0s), 27/60 VUs, 7532 complete and 0 interrupted iterations
capture ↓ [ 100% ] 60 VUs  3m0s


  █ THRESHOLDS 

    http_req_failed{name:measure}
    ✓ 'rate<0.01' rate=0.00%

    measure_duration
    ✓ 'p(95)<1000' p(95)=533.77ms

    measure_inferred
    ✓ 'rate>0.99' rate=100.00%


  █ TOTAL RESULTS 

    checks_total.......: 7559    41.567536/s
    checks_succeeded...: 100.00% 7559 out of 7559
    checks_failed......: 0.00%   0 out of 7559

    ✓ measure 2xx

    CUSTOM
    measure_duration...............: avg=432.25ms min=367.12ms med=413.6ms  max=2.37s p(95)=533.77ms p(99)=571.24ms
    measure_inferred...............: 100.00% 7559 out of 7559

    HTTP
    http_req_duration..............: avg=431.69ms min=31.29ms  med=413.55ms max=2.37s p(95)=533.76ms p(99)=571.21ms
      { expected_response:true }...: avg=431.69ms min=31.29ms  med=413.55ms max=2.37s p(95)=533.76ms p(99)=571.21ms
    http_req_failed................: 0.00%   0 out of 7570
      { name:measure }.............: 0.00%   0 out of 7559
    http_reqs......................: 7570    41.628026/s

    EXECUTION
    iteration_duration.............: avg=1.43s    min=1.36s    med=1.41s    max=3.37s p(95)=1.53s    p(99)=1.57s   
    iterations.....................: 7559    41.567536/s
    vus............................: 28      min=28           max=60
    vus_max........................: 60      min=60           max=60

    NETWORK
    data_received..................: 45 MB   247 kB/s
    data_sent......................: 1.7 MB  9.2 kB/s




running (3m01.8s), 00/60 VUs, 7559 complete and 0 interrupted iterations
capture ✓ [ 100% ] 60 VUs  3m0s
