K6START=1790332562

         /\      Grafana   /‾‾/  
    /\  /  \     |\  __   /  /   
   /  \/    \    | |/ /  /   ‾‾\ 
  /          \   |   (  |  (‾)  |
 / __________ \  |_|\_\  \_____/ 


     execution: local
        script: k6/packing.js
        output: Prometheus remote write (http://172.31.64.6:9090/api/v1/write)

     scenarios: (100.00%) 1 scenario, 300 max VUs, 5m30s max duration (incl. graceful stop):
              * packers: 300 looping VUs for 5m0s (gracefulStop: 30s)


running (0m00.9s), 300/300 VUs, 0 complete and 0 interrupted iterations
packers   [   0% ] 300 VUs  0m00.9s/5m0s

running (0m01.9s), 300/300 VUs, 0 complete and 0 interrupted iterations
packers   [   1% ] 300 VUs  0m01.9s/5m0s

running (0m02.9s), 300/300 VUs, 0 complete and 0 interrupted iterations
packers   [   1% ] 300 VUs  0m02.9s/5m0s

running (0m03.9s), 300/300 VUs, 0 complete and 0 interrupted iterations
packers   [   1% ] 300 VUs  0m03.9s/5m0s

running (0m04.9s), 300/300 VUs, 0 complete and 0 interrupted iterations
packers   [   2% ] 300 VUs  0m04.9s/5m0s

running (0m05.9s), 300/300 VUs, 0 complete and 0 interrupted iterations
packers   [   2% ] 300 VUs  0m05.9s/5m0s

running (0m06.9s), 300/300 VUs, 0 complete and 0 interrupted iterations
packers   [   2% ] 300 VUs  0m06.9s/5m0s

running (0m07.9s), 300/300 VUs, 0 complete and 0 interrupted iterations
packers   [   3% ] 300 VUs  0m07.9s/5m0s

running (0m08.9s), 300/300 VUs, 0 complete and 0 interrupted iterations
packers   [   3% ] 300 VUs  0m08.9s/5m0s

running (0m09.9s), 300/300 VUs, 0 complete and 0 interrupted iterations
packers   [   3% ] 300 VUs  0m09.9s/5m0s

running (0m10.9s), 300/300 VUs, 0 complete and 0 interrupted iterations
packers   [   4% ] 300 VUs  0m10.9s/5m0s

running (0m11.9s), 300/300 VUs, 0 complete and 0 interrupted iterations
packers   [   4% ] 300 VUs  0m11.9s/5m0s

running (0m12.9s), 300/300 VUs, 0 complete and 0 interrupted iterations
packers   [   4% ] 300 VUs  0m12.9s/5m0s

running (0m13.9s), 300/300 VUs, 0 complete and 0 interrupted iterations
packers   [   5% ] 300 VUs  0m13.9s/5m0s

running (0m14.9s), 300/300 VUs, 0 complete and 0 interrupted iterations
packers   [   5% ] 300 VUs  0m14.9s/5m0s

running (0m15.9s), 300/300 VUs, 0 complete and 0 interrupted iterations
packers   [   5% ] 300 VUs  0m15.9s/5m0s

running (0m16.9s), 300/300 VUs, 0 complete and 0 interrupted iterations
packers   [   6% ] 300 VUs  0m16.9s/5m0s

running (0m17.9s), 300/300 VUs, 0 complete and 0 interrupted iterations
packers   [   6% ] 300 VUs  0m17.9s/5m0s

running (0m18.9s), 300/300 VUs, 0 complete and 0 interrupted iterations
packers   [   6% ] 300 VUs  0m18.9s/5m0s

running (0m19.9s), 300/300 VUs, 0 complete and 0 interrupted iterations
packers   [   7% ] 300 VUs  0m19.9s/5m0s

running (0m20.9s), 300/300 VUs, 0 complete and 0 interrupted iterations
packers   [   7% ] 300 VUs  0m20.9s/5m0s

running (0m21.9s), 300/300 VUs, 0 complete and 0 interrupted iterations
packers   [   7% ] 300 VUs  0m21.9s/5m0s

running (0m22.9s), 300/300 VUs, 0 complete and 0 interrupted iterations
packers   [   8% ] 300 VUs  0m22.9s/5m0s

running (0m23.9s), 300/300 VUs, 0 complete and 0 interrupted iterations
packers   [   8% ] 300 VUs  0m23.9s/5m0s

running (0m24.9s), 300/300 VUs, 0 complete and 0 interrupted iterations
packers   [   8% ] 300 VUs  0m24.9s/5m0s

running (0m25.9s), 300/300 VUs, 0 complete and 0 interrupted iterations
packers   [   9% ] 300 VUs  0m25.9s/5m0s

running (0m26.9s), 300/300 VUs, 0 complete and 0 interrupted iterations
packers   [   9% ] 300 VUs  0m26.9s/5m0s

running (0m27.9s), 300/300 VUs, 0 complete and 0 interrupted iterations
packers   [   9% ] 300 VUs  0m27.9s/5m0s

running (0m28.9s), 300/300 VUs, 0 complete and 0 interrupted iterations
packers   [  10% ] 300 VUs  0m28.9s/5m0s

running (0m29.9s), 300/300 VUs, 0 complete and 0 interrupted iterations
packers   [  10% ] 300 VUs  0m29.9s/5m0s

running (0m30.9s), 300/300 VUs, 0 complete and 0 interrupted iterations
packers   [  10% ] 300 VUs  0m30.9s/5m0s

running (0m31.9s), 300/300 VUs, 0 complete and 0 interrupted iterations
packers   [  11% ] 300 VUs  0m31.9s/5m0s

running (0m32.9s), 300/300 VUs, 0 complete and 0 interrupted iterations
packers   [  11% ] 300 VUs  0m32.9s/5m0s

running (0m33.9s), 300/300 VUs, 0 complete and 0 interrupted iterations
packers   [  11% ] 300 VUs  0m33.9s/5m0s

running (0m34.9s), 300/300 VUs, 0 complete and 0 interrupted iterations
packers   [  12% ] 300 VUs  0m34.9s/5m0s

running (0m35.9s), 300/300 VUs, 0 complete and 0 interrupted iterations
packers   [  12% ] 300 VUs  0m35.9s/5m0s

running (0m36.9s), 300/300 VUs, 0 complete and 0 interrupted iterations
packers   [  12% ] 300 VUs  0m36.9s/5m0s

running (0m37.9s), 300/300 VUs, 0 complete and 0 interrupted iterations
packers   [  13% ] 300 VUs  0m37.9s/5m0s

running (0m38.9s), 300/300 VUs, 0 complete and 0 interrupted iterations
packers   [  13% ] 300 VUs  0m38.9s/5m0s

running (0m39.9s), 300/300 VUs, 0 complete and 0 interrupted iterations
packers   [  13% ] 300 VUs  0m39.9s/5m0s

running (0m40.9s), 300/300 VUs, 0 complete and 0 interrupted iterations
packers   [  14% ] 300 VUs  0m40.9s/5m0s

running (0m41.9s), 300/300 VUs, 0 complete and 0 interrupted iterations
packers   [  14% ] 300 VUs  0m41.9s/5m0s

running (0m42.9s), 300/300 VUs, 0 complete and 0 interrupted iterations
packers   [  14% ] 300 VUs  0m42.9s/5m0s

running (0m43.9s), 300/300 VUs, 0 complete and 0 interrupted iterations
packers   [  15% ] 300 VUs  0m43.9s/5m0s

running (0m44.9s), 300/300 VUs, 0 complete and 0 interrupted iterations
packers   [  15% ] 300 VUs  0m44.9s/5m0s

running (0m45.9s), 300/300 VUs, 0 complete and 0 interrupted iterations
packers   [  15% ] 300 VUs  0m45.9s/5m0s

running (0m46.9s), 300/300 VUs, 0 complete and 0 interrupted iterations
packers   [  16% ] 300 VUs  0m46.9s/5m0s

running (0m47.9s), 300/300 VUs, 0 complete and 0 interrupted iterations
packers   [  16% ] 300 VUs  0m47.9s/5m0s

running (0m48.9s), 300/300 VUs, 0 complete and 0 interrupted iterations
packers   [  16% ] 300 VUs  0m48.9s/5m0s

running (0m49.9s), 300/300 VUs, 0 complete and 0 interrupted iterations
packers   [  17% ] 300 VUs  0m49.9s/5m0s

running (0m50.9s), 300/300 VUs, 0 complete and 0 interrupted iterations
packers   [  17% ] 300 VUs  0m50.9s/5m0s

running (0m51.9s), 300/300 VUs, 0 complete and 0 interrupted iterations
packers   [  17% ] 300 VUs  0m51.9s/5m0s

running (0m52.9s), 300/300 VUs, 0 complete and 0 interrupted iterations
packers   [  18% ] 300 VUs  0m52.9s/5m0s

running (0m53.9s), 300/300 VUs, 0 complete and 0 interrupted iterations
packers   [  18% ] 300 VUs  0m53.9s/5m0s

running (0m54.9s), 300/300 VUs, 0 complete and 0 interrupted iterations
packers   [  18% ] 300 VUs  0m54.9s/5m0s

running (0m55.9s), 300/300 VUs, 0 complete and 0 interrupted iterations
packers   [  19% ] 300 VUs  0m55.9s/5m0s

running (0m56.9s), 300/300 VUs, 0 complete and 0 interrupted iterations
packers   [  19% ] 300 VUs  0m56.9s/5m0s

running (0m57.9s), 300/300 VUs, 0 complete and 0 interrupted iterations
packers   [  19% ] 300 VUs  0m57.9s/5m0s

running (0m58.9s), 300/300 VUs, 0 complete and 0 interrupted iterations
packers   [  20% ] 300 VUs  0m58.9s/5m0s

running (0m59.9s), 300/300 VUs, 0 complete and 0 interrupted iterations
packers   [  20% ] 300 VUs  0m59.9s/5m0s

running (1m00.9s), 300/300 VUs, 4 complete and 0 interrupted iterations
packers   [  20% ] 300 VUs  1m00.9s/5m0s

running (1m01.9s), 300/300 VUs, 13 complete and 0 interrupted iterations
packers   [  21% ] 300 VUs  1m01.9s/5m0s

running (1m02.9s), 300/300 VUs, 17 complete and 0 interrupted iterations
packers   [  21% ] 300 VUs  1m02.9s/5m0s

running (1m03.9s), 300/300 VUs, 22 complete and 0 interrupted iterations
packers   [  21% ] 300 VUs  1m03.9s/5m0s

running (1m04.9s), 300/300 VUs, 26 complete and 0 interrupted iterations
packers   [  22% ] 300 VUs  1m04.9s/5m0s

running (1m05.9s), 300/300 VUs, 32 complete and 0 interrupted iterations
packers   [  22% ] 300 VUs  1m05.9s/5m0s

running (1m06.9s), 300/300 VUs, 38 complete and 0 interrupted iterations
packers   [  22% ] 300 VUs  1m06.9s/5m0s

running (1m07.9s), 300/300 VUs, 42 complete and 0 interrupted iterations
packers   [  23% ] 300 VUs  1m07.9s/5m0s

running (1m08.9s), 300/300 VUs, 52 complete and 0 interrupted iterations
packers   [  23% ] 300 VUs  1m08.9s/5m0s

running (1m09.9s), 300/300 VUs, 58 complete and 0 interrupted iterations
packers   [  23% ] 300 VUs  1m09.9s/5m0s

running (1m10.9s), 300/300 VUs, 64 complete and 0 interrupted iterations
packers   [  24% ] 300 VUs  1m10.9s/5m0s

running (1m11.9s), 300/300 VUs, 69 complete and 0 interrupted iterations
packers   [  24% ] 300 VUs  1m11.9s/5m0s

running (1m12.9s), 300/300 VUs, 73 complete and 0 interrupted iterations
packers   [  24% ] 300 VUs  1m12.9s/5m0s

running (1m13.9s), 300/300 VUs, 77 complete and 0 interrupted iterations
packers   [  25% ] 300 VUs  1m13.9s/5m0s

running (1m14.9s), 300/300 VUs, 84 complete and 0 interrupted iterations
packers   [  25% ] 300 VUs  1m14.9s/5m0s

running (1m15.9s), 300/300 VUs, 90 complete and 0 interrupted iterations
packers   [  25% ] 300 VUs  1m15.9s/5m0s

running (1m16.9s), 300/300 VUs, 95 complete and 0 interrupted iterations
packers   [  26% ] 300 VUs  1m16.9s/5m0s

running (1m17.9s), 300/300 VUs, 97 complete and 0 interrupted iterations
packers   [  26% ] 300 VUs  1m17.9s/5m0s

running (1m18.9s), 300/300 VUs, 102 complete and 0 interrupted iterations
packers   [  26% ] 300 VUs  1m18.9s/5m0s

running (1m19.9s), 300/300 VUs, 105 complete and 0 interrupted iterations
packers   [  27% ] 300 VUs  1m19.9s/5m0s

running (1m20.9s), 300/300 VUs, 109 complete and 0 interrupted iterations
packers   [  27% ] 300 VUs  1m20.9s/5m0s

running (1m21.9s), 300/300 VUs, 112 complete and 0 interrupted iterations
packers   [  27% ] 300 VUs  1m21.9s/5m0s

running (1m22.9s), 300/300 VUs, 115 complete and 0 interrupted iterations
packers   [  28% ] 300 VUs  1m22.9s/5m0s

running (1m23.9s), 300/300 VUs, 120 complete and 0 interrupted iterations
packers   [  28% ] 300 VUs  1m23.9s/5m0s

running (1m24.9s), 300/300 VUs, 124 complete and 0 interrupted iterations
packers   [  28% ] 300 VUs  1m24.9s/5m0s

running (1m25.9s), 300/300 VUs, 130 complete and 0 interrupted iterations
packers   [  29% ] 300 VUs  1m25.9s/5m0s

running (1m26.9s), 300/300 VUs, 133 complete and 0 interrupted iterations
packers   [  29% ] 300 VUs  1m26.9s/5m0s

running (1m27.9s), 300/300 VUs, 140 complete and 0 interrupted iterations
packers   [  29% ] 300 VUs  1m27.9s/5m0s

running (1m28.9s), 300/300 VUs, 145 complete and 0 interrupted iterations
packers   [  30% ] 300 VUs  1m28.9s/5m0s

running (1m29.9s), 300/300 VUs, 149 complete and 0 interrupted iterations
packers   [  30% ] 300 VUs  1m29.9s/5m0s

running (1m30.9s), 300/300 VUs, 156 complete and 0 interrupted iterations
packers   [  30% ] 300 VUs  1m30.9s/5m0s

running (1m31.9s), 300/300 VUs, 157 complete and 0 interrupted iterations
packers   [  31% ] 300 VUs  1m31.9s/5m0s

running (1m32.9s), 300/300 VUs, 166 complete and 0 interrupted iterations
packers   [  31% ] 300 VUs  1m32.9s/5m0s

running (1m33.9s), 300/300 VUs, 170 complete and 0 interrupted iterations
packers   [  31% ] 300 VUs  1m33.9s/5m0s

running (1m34.9s), 300/300 VUs, 174 complete and 0 interrupted iterations
packers   [  32% ] 300 VUs  1m34.9s/5m0s

running (1m35.9s), 300/300 VUs, 178 complete and 0 interrupted iterations
packers   [  32% ] 300 VUs  1m35.9s/5m0s

running (1m36.9s), 300/300 VUs, 183 complete and 0 interrupted iterations
packers   [  32% ] 300 VUs  1m36.9s/5m0s

running (1m37.9s), 300/300 VUs, 186 complete and 0 interrupted iterations
packers   [  33% ] 300 VUs  1m37.9s/5m0s

running (1m38.9s), 300/300 VUs, 192 complete and 0 interrupted iterations
packers   [  33% ] 300 VUs  1m38.9s/5m0s

running (1m39.9s), 300/300 VUs, 199 complete and 0 interrupted iterations
packers   [  33% ] 300 VUs  1m39.9s/5m0s

running (1m40.9s), 300/300 VUs, 207 complete and 0 interrupted iterations
packers   [  34% ] 300 VUs  1m40.9s/5m0s

running (1m41.9s), 300/300 VUs, 213 complete and 0 interrupted iterations
packers   [  34% ] 300 VUs  1m41.9s/5m0s

running (1m42.9s), 300/300 VUs, 219 complete and 0 interrupted iterations
packers   [  34% ] 300 VUs  1m42.9s/5m0s

running (1m43.9s), 300/300 VUs, 225 complete and 0 interrupted iterations
packers   [  35% ] 300 VUs  1m43.9s/5m0s

running (1m44.9s), 300/300 VUs, 230 complete and 0 interrupted iterations
packers   [  35% ] 300 VUs  1m44.9s/5m0s

running (1m45.9s), 300/300 VUs, 232 complete and 0 interrupted iterations
packers   [  35% ] 300 VUs  1m45.9s/5m0s

running (1m46.9s), 300/300 VUs, 240 complete and 0 interrupted iterations
packers   [  36% ] 300 VUs  1m46.9s/5m0s

running (1m47.9s), 300/300 VUs, 247 complete and 0 interrupted iterations
packers   [  36% ] 300 VUs  1m47.9s/5m0s

running (1m48.9s), 300/300 VUs, 247 complete and 0 interrupted iterations
packers   [  36% ] 300 VUs  1m48.9s/5m0s

running (1m49.9s), 300/300 VUs, 250 complete and 0 interrupted iterations
packers   [  37% ] 300 VUs  1m49.9s/5m0s

running (1m50.9s), 300/300 VUs, 254 complete and 0 interrupted iterations
packers   [  37% ] 300 VUs  1m50.9s/5m0s

running (1m51.9s), 300/300 VUs, 255 complete and 0 interrupted iterations
packers   [  37% ] 300 VUs  1m51.9s/5m0s

running (1m52.9s), 300/300 VUs, 261 complete and 0 interrupted iterations
packers   [  38% ] 300 VUs  1m52.9s/5m0s

running (1m53.9s), 300/300 VUs, 267 complete and 0 interrupted iterations
packers   [  38% ] 300 VUs  1m53.9s/5m0s

running (1m54.9s), 300/300 VUs, 270 complete and 0 interrupted iterations
packers   [  38% ] 300 VUs  1m54.9s/5m0s

running (1m55.9s), 300/300 VUs, 272 complete and 0 interrupted iterations
packers   [  39% ] 300 VUs  1m55.9s/5m0s

running (1m56.9s), 300/300 VUs, 281 complete and 0 interrupted iterations
packers   [  39% ] 300 VUs  1m56.9s/5m0s

running (1m57.9s), 300/300 VUs, 286 complete and 0 interrupted iterations
packers   [  39% ] 300 VUs  1m57.9s/5m0s

running (1m58.9s), 300/300 VUs, 292 complete and 0 interrupted iterations
packers   [  40% ] 300 VUs  1m58.9s/5m0s

running (1m59.9s), 300/300 VUs, 300 complete and 0 interrupted iterations
packers   [  40% ] 300 VUs  1m59.9s/5m0s

running (2m00.9s), 300/300 VUs, 304 complete and 0 interrupted iterations
packers   [  40% ] 300 VUs  2m00.9s/5m0s

running (2m01.9s), 300/300 VUs, 313 complete and 0 interrupted iterations
packers   [  41% ] 300 VUs  2m01.9s/5m0s

running (2m02.9s), 300/300 VUs, 317 complete and 0 interrupted iterations
packers   [  41% ] 300 VUs  2m02.9s/5m0s

running (2m03.9s), 300/300 VUs, 322 complete and 0 interrupted iterations
packers   [  41% ] 300 VUs  2m03.9s/5m0s

running (2m04.9s), 300/300 VUs, 326 complete and 0 interrupted iterations
packers   [  42% ] 300 VUs  2m04.9s/5m0s

running (2m05.9s), 300/300 VUs, 332 complete and 0 interrupted iterations
packers   [  42% ] 300 VUs  2m05.9s/5m0s

running (2m06.9s), 300/300 VUs, 338 complete and 0 interrupted iterations
packers   [  42% ] 300 VUs  2m06.9s/5m0s

running (2m07.9s), 300/300 VUs, 342 complete and 0 interrupted iterations
packers   [  43% ] 300 VUs  2m07.9s/5m0s

running (2m08.9s), 300/300 VUs, 352 complete and 0 interrupted iterations
packers   [  43% ] 300 VUs  2m08.9s/5m0s

running (2m09.9s), 300/300 VUs, 358 complete and 0 interrupted iterations
packers   [  43% ] 300 VUs  2m09.9s/5m0s

running (2m10.9s), 300/300 VUs, 364 complete and 0 interrupted iterations
packers   [  44% ] 300 VUs  2m10.9s/5m0s

running (2m11.9s), 300/300 VUs, 369 complete and 0 interrupted iterations
packers   [  44% ] 300 VUs  2m11.9s/5m0s

running (2m12.9s), 300/300 VUs, 373 complete and 0 interrupted iterations
packers   [  44% ] 300 VUs  2m12.9s/5m0s

running (2m13.9s), 300/300 VUs, 377 complete and 0 interrupted iterations
packers   [  45% ] 300 VUs  2m13.9s/5m0s

running (2m14.9s), 300/300 VUs, 384 complete and 0 interrupted iterations
packers   [  45% ] 300 VUs  2m14.9s/5m0s

running (2m15.9s), 300/300 VUs, 390 complete and 0 interrupted iterations
packers   [  45% ] 300 VUs  2m15.9s/5m0s

running (2m16.9s), 300/300 VUs, 395 complete and 0 interrupted iterations
packers   [  46% ] 300 VUs  2m16.9s/5m0s

running (2m17.9s), 300/300 VUs, 397 complete and 0 interrupted iterations
packers   [  46% ] 300 VUs  2m17.9s/5m0s

running (2m18.9s), 300/300 VUs, 402 complete and 0 interrupted iterations
packers   [  46% ] 300 VUs  2m18.9s/5m0s

running (2m19.9s), 300/300 VUs, 405 complete and 0 interrupted iterations
packers   [  47% ] 300 VUs  2m19.9s/5m0s

running (2m20.9s), 300/300 VUs, 409 complete and 0 interrupted iterations
packers   [  47% ] 300 VUs  2m20.9s/5m0s

running (2m21.9s), 300/300 VUs, 412 complete and 0 interrupted iterations
packers   [  47% ] 300 VUs  2m21.9s/5m0s

running (2m22.9s), 300/300 VUs, 415 complete and 0 interrupted iterations
packers   [  48% ] 300 VUs  2m22.9s/5m0s

running (2m23.9s), 300/300 VUs, 420 complete and 0 interrupted iterations
packers   [  48% ] 300 VUs  2m23.9s/5m0s

running (2m24.9s), 300/300 VUs, 424 complete and 0 interrupted iterations
packers   [  48% ] 300 VUs  2m24.9s/5m0s

running (2m25.9s), 300/300 VUs, 430 complete and 0 interrupted iterations
packers   [  49% ] 300 VUs  2m25.9s/5m0s

running (2m26.9s), 300/300 VUs, 433 complete and 0 interrupted iterations
packers   [  49% ] 300 VUs  2m26.9s/5m0s

running (2m27.9s), 300/300 VUs, 440 complete and 0 interrupted iterations
packers   [  49% ] 300 VUs  2m27.9s/5m0s

running (2m28.9s), 300/300 VUs, 445 complete and 0 interrupted iterations
packers   [  50% ] 300 VUs  2m28.9s/5m0s

running (2m29.9s), 300/300 VUs, 449 complete and 0 interrupted iterations
packers   [  50% ] 300 VUs  2m29.9s/5m0s

running (2m30.9s), 300/300 VUs, 456 complete and 0 interrupted iterations
packers   [  50% ] 300 VUs  2m30.9s/5m0s

running (2m31.9s), 300/300 VUs, 457 complete and 0 interrupted iterations
packers   [  51% ] 300 VUs  2m31.9s/5m0s

running (2m32.9s), 300/300 VUs, 466 complete and 0 interrupted iterations
packers   [  51% ] 300 VUs  2m32.9s/5m0s

running (2m33.9s), 300/300 VUs, 470 complete and 0 interrupted iterations
packers   [  51% ] 300 VUs  2m33.9s/5m0s

running (2m34.9s), 300/300 VUs, 474 complete and 0 interrupted iterations
packers   [  52% ] 300 VUs  2m34.9s/5m0s

running (2m35.9s), 300/300 VUs, 478 complete and 0 interrupted iterations
packers   [  52% ] 300 VUs  2m35.9s/5m0s

running (2m36.9s), 300/300 VUs, 483 complete and 0 interrupted iterations
packers   [  52% ] 300 VUs  2m36.9s/5m0s

running (2m37.9s), 300/300 VUs, 486 complete and 0 interrupted iterations
packers   [  53% ] 300 VUs  2m37.9s/5m0s

running (2m38.9s), 300/300 VUs, 492 complete and 0 interrupted iterations
packers   [  53% ] 300 VUs  2m38.9s/5m0s

running (2m39.9s), 300/300 VUs, 499 complete and 0 interrupted iterations
packers   [  53% ] 300 VUs  2m39.9s/5m0s

running (2m40.9s), 300/300 VUs, 507 complete and 0 interrupted iterations
packers   [  54% ] 300 VUs  2m40.9s/5m0s

running (2m41.9s), 300/300 VUs, 513 complete and 0 interrupted iterations
packers   [  54% ] 300 VUs  2m41.9s/5m0s

running (2m42.9s), 300/300 VUs, 519 complete and 0 interrupted iterations
packers   [  54% ] 300 VUs  2m42.9s/5m0s

running (2m43.9s), 300/300 VUs, 525 complete and 0 interrupted iterations
packers   [  55% ] 300 VUs  2m43.9s/5m0s

running (2m44.9s), 300/300 VUs, 530 complete and 0 interrupted iterations
packers   [  55% ] 300 VUs  2m44.9s/5m0s

running (2m45.9s), 300/300 VUs, 532 complete and 0 interrupted iterations
packers   [  55% ] 300 VUs  2m45.9s/5m0s

running (2m46.9s), 300/300 VUs, 540 complete and 0 interrupted iterations
packers   [  56% ] 300 VUs  2m46.9s/5m0s

running (2m47.9s), 300/300 VUs, 547 complete and 0 interrupted iterations
packers   [  56% ] 300 VUs  2m47.9s/5m0s

running (2m48.9s), 300/300 VUs, 547 complete and 0 interrupted iterations
packers   [  56% ] 300 VUs  2m48.9s/5m0s

running (2m49.9s), 300/300 VUs, 550 complete and 0 interrupted iterations
packers   [  57% ] 300 VUs  2m49.9s/5m0s

running (2m50.9s), 300/300 VUs, 554 complete and 0 interrupted iterations
packers   [  57% ] 300 VUs  2m50.9s/5m0s

running (2m51.9s), 300/300 VUs, 555 complete and 0 interrupted iterations
packers   [  57% ] 300 VUs  2m51.9s/5m0s

running (2m52.9s), 300/300 VUs, 561 complete and 0 interrupted iterations
packers   [  58% ] 300 VUs  2m52.9s/5m0s

running (2m53.9s), 300/300 VUs, 567 complete and 0 interrupted iterations
packers   [  58% ] 300 VUs  2m53.9s/5m0s

running (2m54.9s), 300/300 VUs, 570 complete and 0 interrupted iterations
packers   [  58% ] 300 VUs  2m54.9s/5m0s

running (2m55.9s), 300/300 VUs, 572 complete and 0 interrupted iterations
packers   [  59% ] 300 VUs  2m55.9s/5m0s

running (2m56.9s), 300/300 VUs, 581 complete and 0 interrupted iterations
packers   [  59% ] 300 VUs  2m56.9s/5m0s

running (2m57.9s), 300/300 VUs, 586 complete and 0 interrupted iterations
packers   [  59% ] 300 VUs  2m57.9s/5m0s

running (2m58.9s), 300/300 VUs, 592 complete and 0 interrupted iterations
packers   [  60% ] 300 VUs  2m58.9s/5m0s

running (2m59.9s), 300/300 VUs, 600 complete and 0 interrupted iterations
packers   [  60% ] 300 VUs  2m59.9s/5m0s

running (3m00.9s), 300/300 VUs, 604 complete and 0 interrupted iterations
packers   [  60% ] 300 VUs  3m00.9s/5m0s

running (3m01.9s), 300/300 VUs, 613 complete and 0 interrupted iterations
packers   [  61% ] 300 VUs  3m01.9s/5m0s

running (3m02.9s), 300/300 VUs, 617 complete and 0 interrupted iterations
packers   [  61% ] 300 VUs  3m02.9s/5m0s

running (3m03.9s), 300/300 VUs, 622 complete and 0 interrupted iterations
packers   [  61% ] 300 VUs  3m03.9s/5m0s

running (3m04.9s), 300/300 VUs, 626 complete and 0 interrupted iterations
packers   [  62% ] 300 VUs  3m04.9s/5m0s

running (3m05.9s), 300/300 VUs, 632 complete and 0 interrupted iterations
packers   [  62% ] 300 VUs  3m05.9s/5m0s

running (3m06.9s), 300/300 VUs, 638 complete and 0 interrupted iterations
packers   [  62% ] 300 VUs  3m06.9s/5m0s

running (3m07.9s), 300/300 VUs, 642 complete and 0 interrupted iterations
packers   [  63% ] 300 VUs  3m07.9s/5m0s

running (3m08.9s), 300/300 VUs, 652 complete and 0 interrupted iterations
packers   [  63% ] 300 VUs  3m08.9s/5m0s

running (3m09.9s), 300/300 VUs, 658 complete and 0 interrupted iterations
packers   [  63% ] 300 VUs  3m09.9s/5m0s

running (3m10.9s), 300/300 VUs, 663 complete and 0 interrupted iterations
packers   [  64% ] 300 VUs  3m10.9s/5m0s

running (3m11.9s), 300/300 VUs, 669 complete and 0 interrupted iterations
packers   [  64% ] 300 VUs  3m11.9s/5m0s

running (3m12.9s), 300/300 VUs, 673 complete and 0 interrupted iterations
packers   [  64% ] 300 VUs  3m12.9s/5m0s

running (3m13.9s), 300/300 VUs, 677 complete and 0 interrupted iterations
packers   [  65% ] 300 VUs  3m13.9s/5m0s

running (3m14.9s), 300/300 VUs, 684 complete and 0 interrupted iterations
packers   [  65% ] 300 VUs  3m14.9s/5m0s

running (3m15.9s), 300/300 VUs, 690 complete and 0 interrupted iterations
packers   [  65% ] 300 VUs  3m15.9s/5m0s

running (3m16.9s), 300/300 VUs, 695 complete and 0 interrupted iterations
packers   [  66% ] 300 VUs  3m16.9s/5m0s

running (3m17.9s), 300/300 VUs, 697 complete and 0 interrupted iterations
packers   [  66% ] 300 VUs  3m17.9s/5m0s

running (3m18.9s), 300/300 VUs, 702 complete and 0 interrupted iterations
packers   [  66% ] 300 VUs  3m18.9s/5m0s

running (3m19.9s), 300/300 VUs, 705 complete and 0 interrupted iterations
packers   [  67% ] 300 VUs  3m19.9s/5m0s

running (3m20.9s), 300/300 VUs, 709 complete and 0 interrupted iterations
packers   [  67% ] 300 VUs  3m20.9s/5m0s

running (3m21.9s), 300/300 VUs, 712 complete and 0 interrupted iterations
packers   [  67% ] 300 VUs  3m21.9s/5m0s

running (3m22.9s), 300/300 VUs, 715 complete and 0 interrupted iterations
packers   [  68% ] 300 VUs  3m22.9s/5m0s

running (3m23.9s), 300/300 VUs, 720 complete and 0 interrupted iterations
packers   [  68% ] 300 VUs  3m23.9s/5m0s

running (3m24.9s), 300/300 VUs, 724 complete and 0 interrupted iterations
packers   [  68% ] 300 VUs  3m24.9s/5m0s

running (3m25.9s), 300/300 VUs, 730 complete and 0 interrupted iterations
packers   [  69% ] 300 VUs  3m25.9s/5m0s

running (3m26.9s), 300/300 VUs, 733 complete and 0 interrupted iterations
packers   [  69% ] 300 VUs  3m26.9s/5m0s

running (3m27.9s), 300/300 VUs, 740 complete and 0 interrupted iterations
packers   [  69% ] 300 VUs  3m27.9s/5m0s

running (3m28.9s), 300/300 VUs, 745 complete and 0 interrupted iterations
packers   [  70% ] 300 VUs  3m28.9s/5m0s

running (3m29.9s), 300/300 VUs, 749 complete and 0 interrupted iterations
packers   [  70% ] 300 VUs  3m29.9s/5m0s

running (3m30.9s), 300/300 VUs, 756 complete and 0 interrupted iterations
packers   [  70% ] 300 VUs  3m30.9s/5m0s

running (3m31.9s), 300/300 VUs, 757 complete and 0 interrupted iterations
packers   [  71% ] 300 VUs  3m31.9s/5m0s

running (3m32.9s), 300/300 VUs, 766 complete and 0 interrupted iterations
packers   [  71% ] 300 VUs  3m32.9s/5m0s

running (3m33.9s), 300/300 VUs, 770 complete and 0 interrupted iterations
packers   [  71% ] 300 VUs  3m33.9s/5m0s

running (3m34.9s), 300/300 VUs, 774 complete and 0 interrupted iterations
packers   [  72% ] 300 VUs  3m34.9s/5m0s

running (3m35.9s), 300/300 VUs, 778 complete and 0 interrupted iterations
packers   [  72% ] 300 VUs  3m35.9s/5m0s

running (3m36.9s), 300/300 VUs, 783 complete and 0 interrupted iterations
packers   [  72% ] 300 VUs  3m36.9s/5m0s

running (3m37.9s), 300/300 VUs, 786 complete and 0 interrupted iterations
packers   [  73% ] 300 VUs  3m37.9s/5m0s

running (3m38.9s), 300/300 VUs, 792 complete and 0 interrupted iterations
packers   [  73% ] 300 VUs  3m38.9s/5m0s

running (3m39.9s), 300/300 VUs, 799 complete and 0 interrupted iterations
packers   [  73% ] 300 VUs  3m39.9s/5m0s

running (3m40.9s), 300/300 VUs, 807 complete and 0 interrupted iterations
packers   [  74% ] 300 VUs  3m40.9s/5m0s

running (3m41.9s), 300/300 VUs, 813 complete and 0 interrupted iterations
packers   [  74% ] 300 VUs  3m41.9s/5m0s

running (3m42.9s), 300/300 VUs, 819 complete and 0 interrupted iterations
packers   [  74% ] 300 VUs  3m42.9s/5m0s

running (3m43.9s), 300/300 VUs, 825 complete and 0 interrupted iterations
packers   [  75% ] 300 VUs  3m43.9s/5m0s

running (3m44.9s), 300/300 VUs, 830 complete and 0 interrupted iterations
packers   [  75% ] 300 VUs  3m44.9s/5m0s

running (3m45.9s), 300/300 VUs, 832 complete and 0 interrupted iterations
packers   [  75% ] 300 VUs  3m45.9s/5m0s

running (3m46.9s), 300/300 VUs, 840 complete and 0 interrupted iterations
packers   [  76% ] 300 VUs  3m46.9s/5m0s

running (3m47.9s), 300/300 VUs, 847 complete and 0 interrupted iterations
packers   [  76% ] 300 VUs  3m47.9s/5m0s

running (3m48.9s), 300/300 VUs, 847 complete and 0 interrupted iterations
packers   [  76% ] 300 VUs  3m48.9s/5m0s

running (3m49.9s), 300/300 VUs, 850 complete and 0 interrupted iterations
packers   [  77% ] 300 VUs  3m49.9s/5m0s

running (3m50.9s), 300/300 VUs, 854 complete and 0 interrupted iterations
packers   [  77% ] 300 VUs  3m50.9s/5m0s

running (3m51.9s), 300/300 VUs, 855 complete and 0 interrupted iterations
packers   [  77% ] 300 VUs  3m51.9s/5m0s

running (3m52.9s), 300/300 VUs, 861 complete and 0 interrupted iterations
packers   [  78% ] 300 VUs  3m52.9s/5m0s

running (3m53.9s), 300/300 VUs, 867 complete and 0 interrupted iterations
packers   [  78% ] 300 VUs  3m53.9s/5m0s

running (3m54.9s), 300/300 VUs, 870 complete and 0 interrupted iterations
packers   [  78% ] 300 VUs  3m54.9s/5m0s

running (3m55.9s), 300/300 VUs, 872 complete and 0 interrupted iterations
packers   [  79% ] 300 VUs  3m55.9s/5m0s

running (3m56.9s), 300/300 VUs, 881 complete and 0 interrupted iterations
packers   [  79% ] 300 VUs  3m56.9s/5m0s

running (3m57.9s), 300/300 VUs, 886 complete and 0 interrupted iterations
packers   [  79% ] 300 VUs  3m57.9s/5m0s

running (3m58.9s), 300/300 VUs, 892 complete and 0 interrupted iterations
packers   [  80% ] 300 VUs  3m58.9s/5m0s

running (3m59.9s), 300/300 VUs, 900 complete and 0 interrupted iterations
packers   [  80% ] 300 VUs  3m59.9s/5m0s

running (4m00.9s), 300/300 VUs, 904 complete and 0 interrupted iterations
packers   [  80% ] 300 VUs  4m00.9s/5m0s

running (4m01.9s), 300/300 VUs, 913 complete and 0 interrupted iterations
packers   [  81% ] 300 VUs  4m01.9s/5m0s

running (4m02.9s), 300/300 VUs, 917 complete and 0 interrupted iterations
packers   [  81% ] 300 VUs  4m02.9s/5m0s

running (4m03.9s), 300/300 VUs, 922 complete and 0 interrupted iterations
packers   [  81% ] 300 VUs  4m03.9s/5m0s

running (4m04.9s), 300/300 VUs, 926 complete and 0 interrupted iterations
packers   [  82% ] 300 VUs  4m04.9s/5m0s

running (4m05.9s), 300/300 VUs, 932 complete and 0 interrupted iterations
packers   [  82% ] 300 VUs  4m05.9s/5m0s

running (4m06.9s), 300/300 VUs, 938 complete and 0 interrupted iterations
packers   [  82% ] 300 VUs  4m06.9s/5m0s

running (4m07.9s), 300/300 VUs, 942 complete and 0 interrupted iterations
packers   [  83% ] 300 VUs  4m07.9s/5m0s

running (4m08.9s), 300/300 VUs, 952 complete and 0 interrupted iterations
packers   [  83% ] 300 VUs  4m08.9s/5m0s

running (4m09.9s), 300/300 VUs, 958 complete and 0 interrupted iterations
packers   [  83% ] 300 VUs  4m09.9s/5m0s

running (4m10.9s), 300/300 VUs, 963 complete and 0 interrupted iterations
packers   [  84% ] 300 VUs  4m10.9s/5m0s

running (4m11.9s), 300/300 VUs, 969 complete and 0 interrupted iterations
packers   [  84% ] 300 VUs  4m11.9s/5m0s

running (4m12.9s), 300/300 VUs, 973 complete and 0 interrupted iterations
packers   [  84% ] 300 VUs  4m12.9s/5m0s

running (4m13.9s), 300/300 VUs, 977 complete and 0 interrupted iterations
packers   [  85% ] 300 VUs  4m13.9s/5m0s

running (4m14.9s), 300/300 VUs, 984 complete and 0 interrupted iterations
packers   [  85% ] 300 VUs  4m14.9s/5m0s

running (4m15.9s), 300/300 VUs, 990 complete and 0 interrupted iterations
packers   [  85% ] 300 VUs  4m15.9s/5m0s

running (4m16.9s), 300/300 VUs, 995 complete and 0 interrupted iterations
packers   [  86% ] 300 VUs  4m16.9s/5m0s

running (4m17.9s), 300/300 VUs, 997 complete and 0 interrupted iterations
packers   [  86% ] 300 VUs  4m17.9s/5m0s

running (4m18.9s), 300/300 VUs, 1002 complete and 0 interrupted iterations
packers   [  86% ] 300 VUs  4m18.9s/5m0s

running (4m19.9s), 300/300 VUs, 1005 complete and 0 interrupted iterations
packers   [  87% ] 300 VUs  4m19.9s/5m0s

running (4m20.9s), 300/300 VUs, 1009 complete and 0 interrupted iterations
packers   [  87% ] 300 VUs  4m20.9s/5m0s

running (4m21.9s), 300/300 VUs, 1012 complete and 0 interrupted iterations
packers   [  87% ] 300 VUs  4m21.9s/5m0s

running (4m22.9s), 300/300 VUs, 1015 complete and 0 interrupted iterations
packers   [  88% ] 300 VUs  4m22.9s/5m0s

running (4m23.9s), 300/300 VUs, 1020 complete and 0 interrupted iterations
packers   [  88% ] 300 VUs  4m23.9s/5m0s

running (4m24.9s), 300/300 VUs, 1024 complete and 0 interrupted iterations
packers   [  88% ] 300 VUs  4m24.9s/5m0s

running (4m25.9s), 300/300 VUs, 1030 complete and 0 interrupted iterations
packers   [  89% ] 300 VUs  4m25.9s/5m0s

running (4m26.9s), 300/300 VUs, 1033 complete and 0 interrupted iterations
packers   [  89% ] 300 VUs  4m26.9s/5m0s

running (4m27.9s), 300/300 VUs, 1040 complete and 0 interrupted iterations
packers   [  89% ] 300 VUs  4m27.9s/5m0s

running (4m28.9s), 300/300 VUs, 1045 complete and 0 interrupted iterations
packers   [  90% ] 300 VUs  4m28.9s/5m0s

running (4m29.9s), 300/300 VUs, 1049 complete and 0 interrupted iterations
packers   [  90% ] 300 VUs  4m29.9s/5m0s

running (4m30.9s), 300/300 VUs, 1056 complete and 0 interrupted iterations
packers   [  90% ] 300 VUs  4m30.9s/5m0s

running (4m31.9s), 300/300 VUs, 1057 complete and 0 interrupted iterations
packers   [  91% ] 300 VUs  4m31.9s/5m0s

running (4m32.9s), 300/300 VUs, 1066 complete and 0 interrupted iterations
packers   [  91% ] 300 VUs  4m32.9s/5m0s

running (4m33.9s), 300/300 VUs, 1070 complete and 0 interrupted iterations
packers   [  91% ] 300 VUs  4m33.9s/5m0s

running (4m34.9s), 300/300 VUs, 1074 complete and 0 interrupted iterations
packers   [  92% ] 300 VUs  4m34.9s/5m0s

running (4m35.9s), 300/300 VUs, 1078 complete and 0 interrupted iterations
packers   [  92% ] 300 VUs  4m35.9s/5m0s

running (4m36.9s), 300/300 VUs, 1083 complete and 0 interrupted iterations
packers   [  92% ] 300 VUs  4m36.9s/5m0s

running (4m37.9s), 300/300 VUs, 1086 complete and 0 interrupted iterations
packers   [  93% ] 300 VUs  4m37.9s/5m0s

running (4m38.9s), 300/300 VUs, 1092 complete and 0 interrupted iterations
packers   [  93% ] 300 VUs  4m38.9s/5m0s

running (4m39.9s), 300/300 VUs, 1099 complete and 0 interrupted iterations
packers   [  93% ] 300 VUs  4m39.9s/5m0s

running (4m40.9s), 300/300 VUs, 1107 complete and 0 interrupted iterations
packers   [  94% ] 300 VUs  4m40.9s/5m0s

running (4m41.9s), 300/300 VUs, 1113 complete and 0 interrupted iterations
packers   [  94% ] 300 VUs  4m41.9s/5m0s

running (4m42.9s), 300/300 VUs, 1119 complete and 0 interrupted iterations
packers   [  94% ] 300 VUs  4m42.9s/5m0s

running (4m43.9s), 300/300 VUs, 1125 complete and 0 interrupted iterations
packers   [  95% ] 300 VUs  4m43.9s/5m0s

running (4m44.9s), 300/300 VUs, 1130 complete and 0 interrupted iterations
packers   [  95% ] 300 VUs  4m44.9s/5m0s

running (4m45.9s), 300/300 VUs, 1132 complete and 0 interrupted iterations
packers   [  95% ] 300 VUs  4m45.9s/5m0s

running (4m46.9s), 300/300 VUs, 1140 complete and 0 interrupted iterations
packers   [  96% ] 300 VUs  4m46.9s/5m0s

running (4m47.9s), 300/300 VUs, 1147 complete and 0 interrupted iterations
packers   [  96% ] 300 VUs  4m47.9s/5m0s

running (4m48.9s), 300/300 VUs, 1147 complete and 0 interrupted iterations
packers   [  96% ] 300 VUs  4m48.9s/5m0s

running (4m49.9s), 300/300 VUs, 1150 complete and 0 interrupted iterations
packers   [  97% ] 300 VUs  4m49.9s/5m0s

running (4m50.9s), 300/300 VUs, 1154 complete and 0 interrupted iterations
packers   [  97% ] 300 VUs  4m50.9s/5m0s

running (4m51.9s), 300/300 VUs, 1155 complete and 0 interrupted iterations
packers   [  97% ] 300 VUs  4m51.9s/5m0s

running (4m52.9s), 300/300 VUs, 1161 complete and 0 interrupted iterations
packers   [  98% ] 300 VUs  4m52.9s/5m0s

running (4m53.9s), 300/300 VUs, 1167 complete and 0 interrupted iterations
packers   [  98% ] 300 VUs  4m53.9s/5m0s

running (4m54.9s), 300/300 VUs, 1170 complete and 0 interrupted iterations
packers   [  98% ] 300 VUs  4m54.9s/5m0s

running (4m55.9s), 300/300 VUs, 1172 complete and 0 interrupted iterations
packers   [  99% ] 300 VUs  4m55.9s/5m0s

running (4m56.9s), 300/300 VUs, 1181 complete and 0 interrupted iterations
packers   [  99% ] 300 VUs  4m56.9s/5m0s

running (4m57.9s), 300/300 VUs, 1186 complete and 0 interrupted iterations
packers   [  99% ] 300 VUs  4m57.9s/5m0s

running (4m58.9s), 300/300 VUs, 1192 complete and 0 interrupted iterations
packers   [ 100% ] 300 VUs  4m58.9s/5m0s

running (4m59.9s), 300/300 VUs, 1200 complete and 0 interrupted iterations
packers   [ 100% ] 300 VUs  4m59.9s/5m0s

running (5m00.9s), 296/300 VUs, 1204 complete and 0 interrupted iterations
packers ↓ [ 100% ] 300 VUs  5m0s

running (5m01.9s), 287/300 VUs, 1213 complete and 0 interrupted iterations
packers ↓ [ 100% ] 300 VUs  5m0s

running (5m02.9s), 283/300 VUs, 1217 complete and 0 interrupted iterations
packers ↓ [ 100% ] 300 VUs  5m0s

running (5m03.9s), 278/300 VUs, 1222 complete and 0 interrupted iterations
packers ↓ [ 100% ] 300 VUs  5m0s

running (5m04.9s), 274/300 VUs, 1226 complete and 0 interrupted iterations
packers ↓ [ 100% ] 300 VUs  5m0s

running (5m05.9s), 268/300 VUs, 1232 complete and 0 interrupted iterations
packers ↓ [ 100% ] 300 VUs  5m0s

running (5m06.9s), 262/300 VUs, 1238 complete and 0 interrupted iterations
packers ↓ [ 100% ] 300 VUs  5m0s

running (5m07.9s), 258/300 VUs, 1242 complete and 0 interrupted iterations
packers ↓ [ 100% ] 300 VUs  5m0s

running (5m08.9s), 248/300 VUs, 1252 complete and 0 interrupted iterations
packers ↓ [ 100% ] 300 VUs  5m0s

running (5m09.9s), 242/300 VUs, 1258 complete and 0 interrupted iterations
packers ↓ [ 100% ] 300 VUs  5m0s

running (5m10.9s), 237/300 VUs, 1263 complete and 0 interrupted iterations
packers ↓ [ 100% ] 300 VUs  5m0s

running (5m11.9s), 231/300 VUs, 1269 complete and 0 interrupted iterations
packers ↓ [ 100% ] 300 VUs  5m0s

running (5m12.9s), 227/300 VUs, 1273 complete and 0 interrupted iterations
packers ↓ [ 100% ] 300 VUs  5m0s

running (5m13.9s), 223/300 VUs, 1277 complete and 0 interrupted iterations
packers ↓ [ 100% ] 300 VUs  5m0s

running (5m14.9s), 216/300 VUs, 1284 complete and 0 interrupted iterations
packers ↓ [ 100% ] 300 VUs  5m0s

running (5m15.9s), 210/300 VUs, 1290 complete and 0 interrupted iterations
packers ↓ [ 100% ] 300 VUs  5m0s

running (5m16.9s), 205/300 VUs, 1295 complete and 0 interrupted iterations
packers ↓ [ 100% ] 300 VUs  5m0s

running (5m17.9s), 203/300 VUs, 1297 complete and 0 interrupted iterations
packers ↓ [ 100% ] 300 VUs  5m0s

running (5m18.9s), 198/300 VUs, 1302 complete and 0 interrupted iterations
packers ↓ [ 100% ] 300 VUs  5m0s

running (5m19.9s), 195/300 VUs, 1305 complete and 0 interrupted iterations
packers ↓ [ 100% ] 300 VUs  5m0s

running (5m20.9s), 191/300 VUs, 1309 complete and 0 interrupted iterations
packers ↓ [ 100% ] 300 VUs  5m0s

running (5m21.9s), 188/300 VUs, 1312 complete and 0 interrupted iterations
packers ↓ [ 100% ] 300 VUs  5m0s

running (5m22.9s), 185/300 VUs, 1315 complete and 0 interrupted iterations
packers ↓ [ 100% ] 300 VUs  5m0s

running (5m23.9s), 180/300 VUs, 1320 complete and 0 interrupted iterations
packers ↓ [ 100% ] 300 VUs  5m0s

running (5m24.9s), 176/300 VUs, 1324 complete and 0 interrupted iterations
packers ↓ [ 100% ] 300 VUs  5m0s

running (5m25.9s), 170/300 VUs, 1330 complete and 0 interrupted iterations
packers ↓ [ 100% ] 300 VUs  5m0s

running (5m26.9s), 167/300 VUs, 1333 complete and 0 interrupted iterations
packers ↓ [ 100% ] 300 VUs  5m0s

running (5m27.9s), 160/300 VUs, 1340 complete and 0 interrupted iterations
packers ↓ [ 100% ] 300 VUs  5m0s

running (5m28.9s), 155/300 VUs, 1345 complete and 0 interrupted iterations
packers ↓ [ 100% ] 300 VUs  5m0s

running (5m29.9s), 151/300 VUs, 1349 complete and 0 interrupted iterations
packers ↓ [ 100% ] 300 VUs  5m0s


  █ THRESHOLDS 

    complete_duration
    ✓ 'p(95)<500' p(95)=52.72ms


  █ TOTAL RESULTS 

    checks_total.......: 2899    8.784764/s
    checks_succeeded...: 100.00% 2899 out of 2899
    checks_failed......: 0.00%   0 out of 2899

    ✓ tote-scan 2xx
    ✓ complete 2xx

    CUSTOM
    complete_duration..............: avg=39.5ms  p(50)=38.61ms p(95)=52.72ms p(99)=71.16ms max=230.09ms count=1399
    measured_complete..............: avg=39.2ms  p(50)=38.11ms p(95)=52.4ms  p(99)=71.16ms max=230.09ms count=1200
    measured_complete_ok...........: 1200   3.636329/s
    measured_detail................: avg=15.38ms p(50)=14.53ms p(95)=19.37ms p(99)=28.32ms max=66.53ms  count=1200
    measured_reqs..................: 3600   10.908986/s
    measured_scan..................: avg=21.02ms p(50)=19.93ms p(95)=25.62ms p(99)=40.96ms max=123.85ms count=1200

    HTTP
    http_req_duration..............: avg=25.93ms p(50)=21.21ms p(95)=46.93ms p(99)=60.25ms max=385.87ms count=4399
      { expected_response:true }...: avg=25.93ms p(50)=21.21ms p(95)=46.93ms p(99)=60.25ms max=385.87ms count=4399
    http_req_failed................: 0.00%  0 out of 4399
    http_reqs......................: 4399   13.330174/s

    EXECUTION
    iteration_duration.............: avg=1m6s    p(50)=1m0s    p(95)=1m45s   p(99)=1m57s   max=1m59s    count=1349
    iterations.....................: 1349   4.087839/s
    vus............................: 151    min=151       max=300
    vus_max........................: 300    min=300       max=300

    NETWORK
    data_received..................: 2.5 MB 7.5 kB/s
    data_sent......................: 927 kB 2.8 kB/s




running (5m30.0s), 000/300 VUs, 1349 complete and 151 interrupted iterations
packers ✓ [ 100% ] 300 VUs  5m0s
