[22:41:39] 기준 상태 기록: 이미지 cj-ai-backend:latest (cd6222eefbf2), 실험 설정 없음
[22:41:43] ── 조건 sat-p10-t30000-th200-r1
[22:41:43] RDS CPU 크레딧 잔고 24.5 (기준 )
[22:41:57] 반영 확인: hikari max / tomcat max = 10.0 200.0 
[22:41:58] 원장 원복:  ledger_rows | 29 | 3131672
[22:42:24] 실험 묶음 토트 19649개
pool  10 | VU  100 | pacing      0 | TPS   140.7 | Queue-ms p95   350.7 | Run-ms p95    53.3 | http p95   385.7 | pending max   91 | top wait IdleInTx:app(7.7)
[22:44:28] ── 조건 sat-p20-t30000-th200-r1
[22:44:29] RDS CPU 크레딧 잔고 24.5 (기준 )
[22:44:45] 반영 확인: hikari max / tomcat max = 20.0 200.0 
[22:44:46] 원장 원복:  ledger_rows | 29 | 3131672
[22:45:12] 실험 묶음 토트 19649개
pool  20 | VU  100 | pacing      0 | TPS   162.4 | Queue-ms p95   327.7 | Run-ms p95   146.7 | http p95   452.1 | pending max   80 | top wait IdleInTx:app(9.8)
[22:47:18] ── 조건 sat-p40-t30000-th200-r1
[22:47:18] RDS CPU 크레딧 잔고 22.1 (기준 )
[22:47:34] 반영 확인: hikari max / tomcat max = 40.0 200.0 
[22:47:35] 원장 원복:  ledger_rows | 29 | 3131672
[22:48:01] 실험 묶음 토트 19649개
pool  40 | VU  100 | pacing      0 | TPS   159.8 | Queue-ms p95   258.4 | Run-ms p95   480.0 | http p95  1019.6 | pending max   60 | top wait Lock:tuple(24.0)
작성: docs/evidence/pool-sizing/live-console/README.md
[22:50:07] 복원: 실험 설정 제거, 기준 이미지로 재생성
[22:50:21] 복원 확인: SPRING_APPLICATION_JSON 없음, 이미지 cd6222eefbf2 일치
hikaricp_connections_max{pool="HikariPool-1"} 10.0
tomcat_threads_config_max_threads{name="http-nio-8000"} 200.0
[22:50:21] 결과: docs/evidence/pool-sizing/live-console/README.md
