K6START=1790331037

         /\      Grafana   /‾‾/  
    /\  /  \     |\  __   /  /   
   /  \/    \    | |/ /  /   ‾‾\ 
  /          \   |   (  |  (‾)  |
 / __________ \  |_|\_\  \_____/ 


     execution: local
        script: k6/packing.js
        output: Prometheus remote write (http://172.31.64.6:9090/api/v1/write)

     scenarios: (100.00%) 1 scenario, 300 max VUs, 5m30s max duration (incl. graceful stop):
              * packers: 300 looping VUs for 5m0s (gracefulStop: 30s)


running (0m00.9s), 300/300 VUs, 0 complete and 0 interrupted iterations
packers   [   0% ] 300 VUs  0m00.9s/5m0s

running (0m01.9s), 300/300 VUs, 0 complete and 0 interrupted iterations
packers   [   1% ] 300 VUs  0m01.9s/5m0s

running (0m02.9s), 300/300 VUs, 0 complete and 0 interrupted iterations
packers   [   1% ] 300 VUs  0m02.9s/5m0s

running (0m03.9s), 300/300 VUs, 0 complete and 0 interrupted iterations
packers   [   1% ] 300 VUs  0m03.9s/5m0s

running (0m04.9s), 300/300 VUs, 0 complete and 0 interrupted iterations
packers   [   2% ] 300 VUs  0m04.9s/5m0s

running (0m05.9s), 300/300 VUs, 0 complete and 0 interrupted iterations
packers   [   2% ] 300 VUs  0m05.9s/5m0s

running (0m06.9s), 300/300 VUs, 0 complete and 0 interrupted iterations
packers   [   2% ] 300 VUs  0m06.9s/5m0s

running (0m07.9s), 300/300 VUs, 0 complete and 0 interrupted iterations
packers   [   3% ] 300 VUs  0m07.9s/5m0s

running (0m08.9s), 300/300 VUs, 0 complete and 0 interrupted iterations
packers   [   3% ] 300 VUs  0m08.9s/5m0s

running (0m09.9s), 300/300 VUs, 0 complete and 0 interrupted iterations
packers   [   3% ] 300 VUs  0m09.9s/5m0s

running (0m10.9s), 300/300 VUs, 0 complete and 0 interrupted iterations
packers   [   4% ] 300 VUs  0m10.9s/5m0s

running (0m11.9s), 300/300 VUs, 0 complete and 0 interrupted iterations
packers   [   4% ] 300 VUs  0m11.9s/5m0s

running (0m12.9s), 300/300 VUs, 0 complete and 0 interrupted iterations
packers   [   4% ] 300 VUs  0m12.9s/5m0s

running (0m13.9s), 300/300 VUs, 0 complete and 0 interrupted iterations
packers   [   5% ] 300 VUs  0m13.9s/5m0s

running (0m14.9s), 300/300 VUs, 0 complete and 0 interrupted iterations
packers   [   5% ] 300 VUs  0m14.9s/5m0s

running (0m15.9s), 300/300 VUs, 0 complete and 0 interrupted iterations
packers   [   5% ] 300 VUs  0m15.9s/5m0s

running (0m16.9s), 300/300 VUs, 0 complete and 0 interrupted iterations
packers   [   6% ] 300 VUs  0m16.9s/5m0s

running (0m17.9s), 300/300 VUs, 0 complete and 0 interrupted iterations
packers   [   6% ] 300 VUs  0m17.9s/5m0s

running (0m18.9s), 300/300 VUs, 0 complete and 0 interrupted iterations
packers   [   6% ] 300 VUs  0m18.9s/5m0s

running (0m19.9s), 300/300 VUs, 0 complete and 0 interrupted iterations
packers   [   7% ] 300 VUs  0m19.9s/5m0s

running (0m20.9s), 300/300 VUs, 0 complete and 0 interrupted iterations
packers   [   7% ] 300 VUs  0m20.9s/5m0s

running (0m21.9s), 300/300 VUs, 0 complete and 0 interrupted iterations
packers   [   7% ] 300 VUs  0m21.9s/5m0s

running (0m22.9s), 300/300 VUs, 0 complete and 0 interrupted iterations
packers   [   8% ] 300 VUs  0m22.9s/5m0s

running (0m23.9s), 300/300 VUs, 0 complete and 0 interrupted iterations
packers   [   8% ] 300 VUs  0m23.9s/5m0s

running (0m24.9s), 300/300 VUs, 0 complete and 0 interrupted iterations
packers   [   8% ] 300 VUs  0m24.9s/5m0s

running (0m25.9s), 300/300 VUs, 0 complete and 0 interrupted iterations
packers   [   9% ] 300 VUs  0m25.9s/5m0s

running (0m26.9s), 300/300 VUs, 0 complete and 0 interrupted iterations
packers   [   9% ] 300 VUs  0m26.9s/5m0s

running (0m27.9s), 300/300 VUs, 0 complete and 0 interrupted iterations
packers   [   9% ] 300 VUs  0m27.9s/5m0s

running (0m28.9s), 300/300 VUs, 0 complete and 0 interrupted iterations
packers   [  10% ] 300 VUs  0m28.9s/5m0s

running (0m29.9s), 300/300 VUs, 0 complete and 0 interrupted iterations
packers   [  10% ] 300 VUs  0m29.9s/5m0s

running (0m30.9s), 300/300 VUs, 0 complete and 0 interrupted iterations
packers   [  10% ] 300 VUs  0m30.9s/5m0s

running (0m31.9s), 300/300 VUs, 0 complete and 0 interrupted iterations
packers   [  11% ] 300 VUs  0m31.9s/5m0s

running (0m32.9s), 300/300 VUs, 0 complete and 0 interrupted iterations
packers   [  11% ] 300 VUs  0m32.9s/5m0s

running (0m33.9s), 300/300 VUs, 0 complete and 0 interrupted iterations
packers   [  11% ] 300 VUs  0m33.9s/5m0s

running (0m34.9s), 300/300 VUs, 0 complete and 0 interrupted iterations
packers   [  12% ] 300 VUs  0m34.9s/5m0s

running (0m35.9s), 300/300 VUs, 0 complete and 0 interrupted iterations
packers   [  12% ] 300 VUs  0m35.9s/5m0s

running (0m36.9s), 300/300 VUs, 0 complete and 0 interrupted iterations
packers   [  12% ] 300 VUs  0m36.9s/5m0s

running (0m37.9s), 300/300 VUs, 0 complete and 0 interrupted iterations
packers   [  13% ] 300 VUs  0m37.9s/5m0s

running (0m38.9s), 300/300 VUs, 0 complete and 0 interrupted iterations
packers   [  13% ] 300 VUs  0m38.9s/5m0s

running (0m39.9s), 300/300 VUs, 0 complete and 0 interrupted iterations
packers   [  13% ] 300 VUs  0m39.9s/5m0s

running (0m40.9s), 300/300 VUs, 0 complete and 0 interrupted iterations
packers   [  14% ] 300 VUs  0m40.9s/5m0s

running (0m41.9s), 300/300 VUs, 0 complete and 0 interrupted iterations
packers   [  14% ] 300 VUs  0m41.9s/5m0s

running (0m42.9s), 300/300 VUs, 0 complete and 0 interrupted iterations
packers   [  14% ] 300 VUs  0m42.9s/5m0s

running (0m43.9s), 300/300 VUs, 0 complete and 0 interrupted iterations
packers   [  15% ] 300 VUs  0m43.9s/5m0s

running (0m44.9s), 300/300 VUs, 0 complete and 0 interrupted iterations
packers   [  15% ] 300 VUs  0m44.9s/5m0s

running (0m45.9s), 300/300 VUs, 0 complete and 0 interrupted iterations
packers   [  15% ] 300 VUs  0m45.9s/5m0s

running (0m46.9s), 300/300 VUs, 0 complete and 0 interrupted iterations
packers   [  16% ] 300 VUs  0m46.9s/5m0s

running (0m47.9s), 300/300 VUs, 0 complete and 0 interrupted iterations
packers   [  16% ] 300 VUs  0m47.9s/5m0s

running (0m48.9s), 300/300 VUs, 0 complete and 0 interrupted iterations
packers   [  16% ] 300 VUs  0m48.9s/5m0s

running (0m49.9s), 300/300 VUs, 0 complete and 0 interrupted iterations
packers   [  17% ] 300 VUs  0m49.9s/5m0s

running (0m50.9s), 300/300 VUs, 0 complete and 0 interrupted iterations
packers   [  17% ] 300 VUs  0m50.9s/5m0s

running (0m51.9s), 300/300 VUs, 0 complete and 0 interrupted iterations
packers   [  17% ] 300 VUs  0m51.9s/5m0s

running (0m52.9s), 300/300 VUs, 0 complete and 0 interrupted iterations
packers   [  18% ] 300 VUs  0m52.9s/5m0s

running (0m53.9s), 300/300 VUs, 0 complete and 0 interrupted iterations
packers   [  18% ] 300 VUs  0m53.9s/5m0s

running (0m54.9s), 300/300 VUs, 0 complete and 0 interrupted iterations
packers   [  18% ] 300 VUs  0m54.9s/5m0s

running (0m55.9s), 300/300 VUs, 0 complete and 0 interrupted iterations
packers   [  19% ] 300 VUs  0m55.9s/5m0s

running (0m56.9s), 300/300 VUs, 0 complete and 0 interrupted iterations
packers   [  19% ] 300 VUs  0m56.9s/5m0s

running (0m57.9s), 300/300 VUs, 0 complete and 0 interrupted iterations
packers   [  19% ] 300 VUs  0m57.9s/5m0s

running (0m58.9s), 300/300 VUs, 0 complete and 0 interrupted iterations
packers   [  20% ] 300 VUs  0m58.9s/5m0s

running (0m59.9s), 300/300 VUs, 0 complete and 0 interrupted iterations
packers   [  20% ] 300 VUs  0m59.9s/5m0s

running (1m00.9s), 300/300 VUs, 4 complete and 0 interrupted iterations
packers   [  20% ] 300 VUs  1m00.9s/5m0s

running (1m01.9s), 300/300 VUs, 9 complete and 0 interrupted iterations
packers   [  21% ] 300 VUs  1m01.9s/5m0s

running (1m02.9s), 300/300 VUs, 10 complete and 0 interrupted iterations
packers   [  21% ] 300 VUs  1m02.9s/5m0s

running (1m03.9s), 300/300 VUs, 12 complete and 0 interrupted iterations
packers   [  21% ] 300 VUs  1m03.9s/5m0s

running (1m04.9s), 300/300 VUs, 19 complete and 0 interrupted iterations
packers   [  22% ] 300 VUs  1m04.9s/5m0s

running (1m05.9s), 300/300 VUs, 22 complete and 0 interrupted iterations
packers   [  22% ] 300 VUs  1m05.9s/5m0s

running (1m06.9s), 300/300 VUs, 26 complete and 0 interrupted iterations
packers   [  22% ] 300 VUs  1m06.9s/5m0s

running (1m07.9s), 300/300 VUs, 33 complete and 0 interrupted iterations
packers   [  23% ] 300 VUs  1m07.9s/5m0s

running (1m08.9s), 300/300 VUs, 36 complete and 0 interrupted iterations
packers   [  23% ] 300 VUs  1m08.9s/5m0s

running (1m09.9s), 300/300 VUs, 47 complete and 0 interrupted iterations
packers   [  23% ] 300 VUs  1m09.9s/5m0s

running (1m10.9s), 300/300 VUs, 50 complete and 0 interrupted iterations
packers   [  24% ] 300 VUs  1m10.9s/5m0s

running (1m11.9s), 300/300 VUs, 55 complete and 0 interrupted iterations
packers   [  24% ] 300 VUs  1m11.9s/5m0s

running (1m12.9s), 300/300 VUs, 61 complete and 0 interrupted iterations
packers   [  24% ] 300 VUs  1m12.9s/5m0s

running (1m13.9s), 300/300 VUs, 70 complete and 0 interrupted iterations
packers   [  25% ] 300 VUs  1m13.9s/5m0s

running (1m14.9s), 300/300 VUs, 73 complete and 0 interrupted iterations
packers   [  25% ] 300 VUs  1m14.9s/5m0s

running (1m15.9s), 300/300 VUs, 79 complete and 0 interrupted iterations
packers   [  25% ] 300 VUs  1m15.9s/5m0s

running (1m16.9s), 300/300 VUs, 85 complete and 0 interrupted iterations
packers   [  26% ] 300 VUs  1m16.9s/5m0s

running (1m17.9s), 300/300 VUs, 96 complete and 0 interrupted iterations
packers   [  26% ] 300 VUs  1m17.9s/5m0s

running (1m18.9s), 300/300 VUs, 102 complete and 0 interrupted iterations
packers   [  26% ] 300 VUs  1m18.9s/5m0s

running (1m19.9s), 300/300 VUs, 108 complete and 0 interrupted iterations
packers   [  27% ] 300 VUs  1m19.9s/5m0s

running (1m20.9s), 300/300 VUs, 111 complete and 0 interrupted iterations
packers   [  27% ] 300 VUs  1m20.9s/5m0s

running (1m21.9s), 300/300 VUs, 113 complete and 0 interrupted iterations
packers   [  27% ] 300 VUs  1m21.9s/5m0s

running (1m22.9s), 300/300 VUs, 120 complete and 0 interrupted iterations
packers   [  28% ] 300 VUs  1m22.9s/5m0s

running (1m23.9s), 300/300 VUs, 125 complete and 0 interrupted iterations
packers   [  28% ] 300 VUs  1m23.9s/5m0s

running (1m24.9s), 300/300 VUs, 129 complete and 0 interrupted iterations
packers   [  28% ] 300 VUs  1m24.9s/5m0s

running (1m25.9s), 300/300 VUs, 131 complete and 0 interrupted iterations
packers   [  29% ] 300 VUs  1m25.9s/5m0s

running (1m26.9s), 300/300 VUs, 137 complete and 0 interrupted iterations
packers   [  29% ] 300 VUs  1m26.9s/5m0s

running (1m27.9s), 300/300 VUs, 140 complete and 0 interrupted iterations
packers   [  29% ] 300 VUs  1m27.9s/5m0s

running (1m28.9s), 300/300 VUs, 146 complete and 0 interrupted iterations
packers   [  30% ] 300 VUs  1m28.9s/5m0s

running (1m29.9s), 300/300 VUs, 150 complete and 0 interrupted iterations
packers   [  30% ] 300 VUs  1m29.9s/5m0s

running (1m30.9s), 300/300 VUs, 153 complete and 0 interrupted iterations
packers   [  30% ] 300 VUs  1m30.9s/5m0s

running (1m31.9s), 300/300 VUs, 155 complete and 0 interrupted iterations
packers   [  31% ] 300 VUs  1m31.9s/5m0s

running (1m32.9s), 300/300 VUs, 158 complete and 0 interrupted iterations
packers   [  31% ] 300 VUs  1m32.9s/5m0s

running (1m33.9s), 300/300 VUs, 160 complete and 0 interrupted iterations
packers   [  31% ] 300 VUs  1m33.9s/5m0s

running (1m34.9s), 300/300 VUs, 164 complete and 0 interrupted iterations
packers   [  32% ] 300 VUs  1m34.9s/5m0s

running (1m35.9s), 300/300 VUs, 170 complete and 0 interrupted iterations
packers   [  32% ] 300 VUs  1m35.9s/5m0s

running (1m36.9s), 300/300 VUs, 174 complete and 0 interrupted iterations
packers   [  32% ] 300 VUs  1m36.9s/5m0s

running (1m37.9s), 300/300 VUs, 180 complete and 0 interrupted iterations
packers   [  33% ] 300 VUs  1m37.9s/5m0s

running (1m38.9s), 300/300 VUs, 185 complete and 0 interrupted iterations
packers   [  33% ] 300 VUs  1m38.9s/5m0s

running (1m39.9s), 300/300 VUs, 190 complete and 0 interrupted iterations
packers   [  33% ] 300 VUs  1m39.9s/5m0s

running (1m40.9s), 300/300 VUs, 194 complete and 0 interrupted iterations
packers   [  34% ] 300 VUs  1m40.9s/5m0s

running (1m41.9s), 300/300 VUs, 202 complete and 0 interrupted iterations
packers   [  34% ] 300 VUs  1m41.9s/5m0s

running (1m42.9s), 300/300 VUs, 204 complete and 0 interrupted iterations
packers   [  34% ] 300 VUs  1m42.9s/5m0s

running (1m43.9s), 300/300 VUs, 208 complete and 0 interrupted iterations
packers   [  35% ] 300 VUs  1m43.9s/5m0s

running (1m44.9s), 300/300 VUs, 214 complete and 0 interrupted iterations
packers   [  35% ] 300 VUs  1m44.9s/5m0s

running (1m45.9s), 300/300 VUs, 224 complete and 0 interrupted iterations
packers   [  35% ] 300 VUs  1m45.9s/5m0s

running (1m46.9s), 300/300 VUs, 228 complete and 0 interrupted iterations
packers   [  36% ] 300 VUs  1m46.9s/5m0s

running (1m47.9s), 300/300 VUs, 234 complete and 0 interrupted iterations
packers   [  36% ] 300 VUs  1m47.9s/5m0s

running (1m48.9s), 300/300 VUs, 236 complete and 0 interrupted iterations
packers   [  36% ] 300 VUs  1m48.9s/5m0s

running (1m49.9s), 300/300 VUs, 237 complete and 0 interrupted iterations
packers   [  37% ] 300 VUs  1m49.9s/5m0s

running (1m50.9s), 300/300 VUs, 241 complete and 0 interrupted iterations
packers   [  37% ] 300 VUs  1m50.9s/5m0s

running (1m51.9s), 300/300 VUs, 251 complete and 0 interrupted iterations
packers   [  37% ] 300 VUs  1m51.9s/5m0s

running (1m52.9s), 300/300 VUs, 257 complete and 0 interrupted iterations
packers   [  38% ] 300 VUs  1m52.9s/5m0s

running (1m53.9s), 300/300 VUs, 266 complete and 0 interrupted iterations
packers   [  38% ] 300 VUs  1m53.9s/5m0s

running (1m54.9s), 300/300 VUs, 271 complete and 0 interrupted iterations
packers   [  38% ] 300 VUs  1m54.9s/5m0s

running (1m55.9s), 300/300 VUs, 279 complete and 0 interrupted iterations
packers   [  39% ] 300 VUs  1m55.9s/5m0s

running (1m56.9s), 300/300 VUs, 282 complete and 0 interrupted iterations
packers   [  39% ] 300 VUs  1m56.9s/5m0s

running (1m57.9s), 300/300 VUs, 287 complete and 0 interrupted iterations
packers   [  39% ] 300 VUs  1m57.9s/5m0s

running (1m58.9s), 300/300 VUs, 292 complete and 0 interrupted iterations
packers   [  40% ] 300 VUs  1m58.9s/5m0s

running (1m59.9s), 300/300 VUs, 299 complete and 0 interrupted iterations
packers   [  40% ] 300 VUs  1m59.9s/5m0s

running (2m00.9s), 300/300 VUs, 304 complete and 0 interrupted iterations
packers   [  40% ] 300 VUs  2m00.9s/5m0s

running (2m01.9s), 300/300 VUs, 309 complete and 0 interrupted iterations
packers   [  41% ] 300 VUs  2m01.9s/5m0s

running (2m02.9s), 300/300 VUs, 310 complete and 0 interrupted iterations
packers   [  41% ] 300 VUs  2m02.9s/5m0s

running (2m03.9s), 300/300 VUs, 312 complete and 0 interrupted iterations
packers   [  41% ] 300 VUs  2m03.9s/5m0s

running (2m04.9s), 300/300 VUs, 319 complete and 0 interrupted iterations
packers   [  42% ] 300 VUs  2m04.9s/5m0s

running (2m05.9s), 300/300 VUs, 322 complete and 0 interrupted iterations
packers   [  42% ] 300 VUs  2m05.9s/5m0s

running (2m06.9s), 300/300 VUs, 326 complete and 0 interrupted iterations
packers   [  42% ] 300 VUs  2m06.9s/5m0s

running (2m07.9s), 300/300 VUs, 333 complete and 0 interrupted iterations
packers   [  43% ] 300 VUs  2m07.9s/5m0s

running (2m08.9s), 300/300 VUs, 336 complete and 0 interrupted iterations
packers   [  43% ] 300 VUs  2m08.9s/5m0s

running (2m09.9s), 300/300 VUs, 347 complete and 0 interrupted iterations
packers   [  43% ] 300 VUs  2m09.9s/5m0s

running (2m10.9s), 300/300 VUs, 350 complete and 0 interrupted iterations
packers   [  44% ] 300 VUs  2m10.9s/5m0s

running (2m11.9s), 300/300 VUs, 355 complete and 0 interrupted iterations
packers   [  44% ] 300 VUs  2m11.9s/5m0s

running (2m12.9s), 300/300 VUs, 361 complete and 0 interrupted iterations
packers   [  44% ] 300 VUs  2m12.9s/5m0s

running (2m13.9s), 300/300 VUs, 370 complete and 0 interrupted iterations
packers   [  45% ] 300 VUs  2m13.9s/5m0s

running (2m14.9s), 300/300 VUs, 373 complete and 0 interrupted iterations
packers   [  45% ] 300 VUs  2m14.9s/5m0s

running (2m15.9s), 300/300 VUs, 379 complete and 0 interrupted iterations
packers   [  45% ] 300 VUs  2m15.9s/5m0s

running (2m16.9s), 300/300 VUs, 385 complete and 0 interrupted iterations
packers   [  46% ] 300 VUs  2m16.9s/5m0s

running (2m17.9s), 300/300 VUs, 396 complete and 0 interrupted iterations
packers   [  46% ] 300 VUs  2m17.9s/5m0s

running (2m18.9s), 300/300 VUs, 402 complete and 0 interrupted iterations
packers   [  46% ] 300 VUs  2m18.9s/5m0s

running (2m19.9s), 300/300 VUs, 408 complete and 0 interrupted iterations
packers   [  47% ] 300 VUs  2m19.9s/5m0s

running (2m20.9s), 300/300 VUs, 411 complete and 0 interrupted iterations
packers   [  47% ] 300 VUs  2m20.9s/5m0s

running (2m21.9s), 300/300 VUs, 413 complete and 0 interrupted iterations
packers   [  47% ] 300 VUs  2m21.9s/5m0s

running (2m22.9s), 300/300 VUs, 420 complete and 0 interrupted iterations
packers   [  48% ] 300 VUs  2m22.9s/5m0s

running (2m23.9s), 300/300 VUs, 425 complete and 0 interrupted iterations
packers   [  48% ] 300 VUs  2m23.9s/5m0s

running (2m24.9s), 300/300 VUs, 429 complete and 0 interrupted iterations
packers   [  48% ] 300 VUs  2m24.9s/5m0s

running (2m25.9s), 300/300 VUs, 431 complete and 0 interrupted iterations
packers   [  49% ] 300 VUs  2m25.9s/5m0s

running (2m26.9s), 300/300 VUs, 437 complete and 0 interrupted iterations
packers   [  49% ] 300 VUs  2m26.9s/5m0s

running (2m27.9s), 300/300 VUs, 440 complete and 0 interrupted iterations
packers   [  49% ] 300 VUs  2m27.9s/5m0s

running (2m28.9s), 300/300 VUs, 446 complete and 0 interrupted iterations
packers   [  50% ] 300 VUs  2m28.9s/5m0s

running (2m29.9s), 300/300 VUs, 450 complete and 0 interrupted iterations
packers   [  50% ] 300 VUs  2m29.9s/5m0s

running (2m30.9s), 300/300 VUs, 453 complete and 0 interrupted iterations
packers   [  50% ] 300 VUs  2m30.9s/5m0s

running (2m31.9s), 300/300 VUs, 455 complete and 0 interrupted iterations
packers   [  51% ] 300 VUs  2m31.9s/5m0s

running (2m32.9s), 300/300 VUs, 458 complete and 0 interrupted iterations
packers   [  51% ] 300 VUs  2m32.9s/5m0s

running (2m33.9s), 300/300 VUs, 460 complete and 0 interrupted iterations
packers   [  51% ] 300 VUs  2m33.9s/5m0s

running (2m34.9s), 300/300 VUs, 464 complete and 0 interrupted iterations
packers   [  52% ] 300 VUs  2m34.9s/5m0s

running (2m35.9s), 300/300 VUs, 470 complete and 0 interrupted iterations
packers   [  52% ] 300 VUs  2m35.9s/5m0s

running (2m36.9s), 300/300 VUs, 474 complete and 0 interrupted iterations
packers   [  52% ] 300 VUs  2m36.9s/5m0s

running (2m37.9s), 300/300 VUs, 480 complete and 0 interrupted iterations
packers   [  53% ] 300 VUs  2m37.9s/5m0s

running (2m38.9s), 300/300 VUs, 485 complete and 0 interrupted iterations
packers   [  53% ] 300 VUs  2m38.9s/5m0s

running (2m39.9s), 300/300 VUs, 490 complete and 0 interrupted iterations
packers   [  53% ] 300 VUs  2m39.9s/5m0s

running (2m40.9s), 300/300 VUs, 494 complete and 0 interrupted iterations
packers   [  54% ] 300 VUs  2m40.9s/5m0s

running (2m41.9s), 300/300 VUs, 502 complete and 0 interrupted iterations
packers   [  54% ] 300 VUs  2m41.9s/5m0s

running (2m42.9s), 300/300 VUs, 504 complete and 0 interrupted iterations
packers   [  54% ] 300 VUs  2m42.9s/5m0s

running (2m43.9s), 300/300 VUs, 508 complete and 0 interrupted iterations
packers   [  55% ] 300 VUs  2m43.9s/5m0s

running (2m44.9s), 300/300 VUs, 514 complete and 0 interrupted iterations
packers   [  55% ] 300 VUs  2m44.9s/5m0s

running (2m45.9s), 300/300 VUs, 524 complete and 0 interrupted iterations
packers   [  55% ] 300 VUs  2m45.9s/5m0s

running (2m46.9s), 300/300 VUs, 528 complete and 0 interrupted iterations
packers   [  56% ] 300 VUs  2m46.9s/5m0s

running (2m47.9s), 300/300 VUs, 534 complete and 0 interrupted iterations
packers   [  56% ] 300 VUs  2m47.9s/5m0s

running (2m48.9s), 300/300 VUs, 536 complete and 0 interrupted iterations
packers   [  56% ] 300 VUs  2m48.9s/5m0s

running (2m49.9s), 300/300 VUs, 537 complete and 0 interrupted iterations
packers   [  57% ] 300 VUs  2m49.9s/5m0s

running (2m50.9s), 300/300 VUs, 541 complete and 0 interrupted iterations
packers   [  57% ] 300 VUs  2m50.9s/5m0s

running (2m51.9s), 300/300 VUs, 551 complete and 0 interrupted iterations
packers   [  57% ] 300 VUs  2m51.9s/5m0s

running (2m52.9s), 300/300 VUs, 557 complete and 0 interrupted iterations
packers   [  58% ] 300 VUs  2m52.9s/5m0s

running (2m53.9s), 300/300 VUs, 566 complete and 0 interrupted iterations
packers   [  58% ] 300 VUs  2m53.9s/5m0s

running (2m54.9s), 300/300 VUs, 571 complete and 0 interrupted iterations
packers   [  58% ] 300 VUs  2m54.9s/5m0s

running (2m55.9s), 300/300 VUs, 579 complete and 0 interrupted iterations
packers   [  59% ] 300 VUs  2m55.9s/5m0s

running (2m56.9s), 300/300 VUs, 582 complete and 0 interrupted iterations
packers   [  59% ] 300 VUs  2m56.9s/5m0s

running (2m57.9s), 300/300 VUs, 587 complete and 0 interrupted iterations
packers   [  59% ] 300 VUs  2m57.9s/5m0s

running (2m58.9s), 300/300 VUs, 592 complete and 0 interrupted iterations
packers   [  60% ] 300 VUs  2m58.9s/5m0s

running (2m59.9s), 300/300 VUs, 599 complete and 0 interrupted iterations
packers   [  60% ] 300 VUs  2m59.9s/5m0s

running (3m00.9s), 300/300 VUs, 604 complete and 0 interrupted iterations
packers   [  60% ] 300 VUs  3m00.9s/5m0s

running (3m01.9s), 300/300 VUs, 609 complete and 0 interrupted iterations
packers   [  61% ] 300 VUs  3m01.9s/5m0s

running (3m02.9s), 300/300 VUs, 610 complete and 0 interrupted iterations
packers   [  61% ] 300 VUs  3m02.9s/5m0s

running (3m03.9s), 300/300 VUs, 612 complete and 0 interrupted iterations
packers   [  61% ] 300 VUs  3m03.9s/5m0s

running (3m04.9s), 300/300 VUs, 619 complete and 0 interrupted iterations
packers   [  62% ] 300 VUs  3m04.9s/5m0s

running (3m05.9s), 300/300 VUs, 622 complete and 0 interrupted iterations
packers   [  62% ] 300 VUs  3m05.9s/5m0s

running (3m06.9s), 300/300 VUs, 626 complete and 0 interrupted iterations
packers   [  62% ] 300 VUs  3m06.9s/5m0s

running (3m07.9s), 300/300 VUs, 633 complete and 0 interrupted iterations
packers   [  63% ] 300 VUs  3m07.9s/5m0s

running (3m08.9s), 300/300 VUs, 636 complete and 0 interrupted iterations
packers   [  63% ] 300 VUs  3m08.9s/5m0s

running (3m09.9s), 300/300 VUs, 647 complete and 0 interrupted iterations
packers   [  63% ] 300 VUs  3m09.9s/5m0s

running (3m10.9s), 300/300 VUs, 650 complete and 0 interrupted iterations
packers   [  64% ] 300 VUs  3m10.9s/5m0s

running (3m11.9s), 300/300 VUs, 655 complete and 0 interrupted iterations
packers   [  64% ] 300 VUs  3m11.9s/5m0s

running (3m12.9s), 300/300 VUs, 661 complete and 0 interrupted iterations
packers   [  64% ] 300 VUs  3m12.9s/5m0s

running (3m13.9s), 300/300 VUs, 670 complete and 0 interrupted iterations
packers   [  65% ] 300 VUs  3m13.9s/5m0s

running (3m14.9s), 300/300 VUs, 673 complete and 0 interrupted iterations
packers   [  65% ] 300 VUs  3m14.9s/5m0s

running (3m15.9s), 300/300 VUs, 679 complete and 0 interrupted iterations
packers   [  65% ] 300 VUs  3m15.9s/5m0s

running (3m16.9s), 300/300 VUs, 685 complete and 0 interrupted iterations
packers   [  66% ] 300 VUs  3m16.9s/5m0s

running (3m17.9s), 300/300 VUs, 696 complete and 0 interrupted iterations
packers   [  66% ] 300 VUs  3m17.9s/5m0s

running (3m18.9s), 300/300 VUs, 702 complete and 0 interrupted iterations
packers   [  66% ] 300 VUs  3m18.9s/5m0s

running (3m19.9s), 300/300 VUs, 708 complete and 0 interrupted iterations
packers   [  67% ] 300 VUs  3m19.9s/5m0s

running (3m20.9s), 300/300 VUs, 711 complete and 0 interrupted iterations
packers   [  67% ] 300 VUs  3m20.9s/5m0s

running (3m21.9s), 300/300 VUs, 713 complete and 0 interrupted iterations
packers   [  67% ] 300 VUs  3m21.9s/5m0s

running (3m22.9s), 300/300 VUs, 720 complete and 0 interrupted iterations
packers   [  68% ] 300 VUs  3m22.9s/5m0s

running (3m23.9s), 300/300 VUs, 725 complete and 0 interrupted iterations
packers   [  68% ] 300 VUs  3m23.9s/5m0s

running (3m24.9s), 300/300 VUs, 729 complete and 0 interrupted iterations
packers   [  68% ] 300 VUs  3m24.9s/5m0s

running (3m25.9s), 300/300 VUs, 731 complete and 0 interrupted iterations
packers   [  69% ] 300 VUs  3m25.9s/5m0s

running (3m26.9s), 300/300 VUs, 737 complete and 0 interrupted iterations
packers   [  69% ] 300 VUs  3m26.9s/5m0s

running (3m27.9s), 300/300 VUs, 740 complete and 0 interrupted iterations
packers   [  69% ] 300 VUs  3m27.9s/5m0s

running (3m28.9s), 300/300 VUs, 746 complete and 0 interrupted iterations
packers   [  70% ] 300 VUs  3m28.9s/5m0s

running (3m29.9s), 300/300 VUs, 750 complete and 0 interrupted iterations
packers   [  70% ] 300 VUs  3m29.9s/5m0s

running (3m30.9s), 300/300 VUs, 753 complete and 0 interrupted iterations
packers   [  70% ] 300 VUs  3m30.9s/5m0s

running (3m31.9s), 300/300 VUs, 755 complete and 0 interrupted iterations
packers   [  71% ] 300 VUs  3m31.9s/5m0s

running (3m32.9s), 300/300 VUs, 758 complete and 0 interrupted iterations
packers   [  71% ] 300 VUs  3m32.9s/5m0s

running (3m33.9s), 300/300 VUs, 760 complete and 0 interrupted iterations
packers   [  71% ] 300 VUs  3m33.9s/5m0s

running (3m34.9s), 300/300 VUs, 764 complete and 0 interrupted iterations
packers   [  72% ] 300 VUs  3m34.9s/5m0s

running (3m35.9s), 300/300 VUs, 770 complete and 0 interrupted iterations
packers   [  72% ] 300 VUs  3m35.9s/5m0s

running (3m36.9s), 300/300 VUs, 774 complete and 0 interrupted iterations
packers   [  72% ] 300 VUs  3m36.9s/5m0s

running (3m37.9s), 300/300 VUs, 780 complete and 0 interrupted iterations
packers   [  73% ] 300 VUs  3m37.9s/5m0s

running (3m38.9s), 300/300 VUs, 785 complete and 0 interrupted iterations
packers   [  73% ] 300 VUs  3m38.9s/5m0s

running (3m39.9s), 300/300 VUs, 790 complete and 0 interrupted iterations
packers   [  73% ] 300 VUs  3m39.9s/5m0s

running (3m40.9s), 300/300 VUs, 794 complete and 0 interrupted iterations
packers   [  74% ] 300 VUs  3m40.9s/5m0s

running (3m41.9s), 300/300 VUs, 802 complete and 0 interrupted iterations
packers   [  74% ] 300 VUs  3m41.9s/5m0s

running (3m42.9s), 300/300 VUs, 804 complete and 0 interrupted iterations
packers   [  74% ] 300 VUs  3m42.9s/5m0s

running (3m43.9s), 300/300 VUs, 808 complete and 0 interrupted iterations
packers   [  75% ] 300 VUs  3m43.9s/5m0s

running (3m44.9s), 300/300 VUs, 814 complete and 0 interrupted iterations
packers   [  75% ] 300 VUs  3m44.9s/5m0s

running (3m45.9s), 300/300 VUs, 824 complete and 0 interrupted iterations
packers   [  75% ] 300 VUs  3m45.9s/5m0s

running (3m46.9s), 300/300 VUs, 828 complete and 0 interrupted iterations
packers   [  76% ] 300 VUs  3m46.9s/5m0s

running (3m47.9s), 300/300 VUs, 834 complete and 0 interrupted iterations
packers   [  76% ] 300 VUs  3m47.9s/5m0s

running (3m48.9s), 300/300 VUs, 836 complete and 0 interrupted iterations
packers   [  76% ] 300 VUs  3m48.9s/5m0s

running (3m49.9s), 300/300 VUs, 837 complete and 0 interrupted iterations
packers   [  77% ] 300 VUs  3m49.9s/5m0s

running (3m50.9s), 300/300 VUs, 841 complete and 0 interrupted iterations
packers   [  77% ] 300 VUs  3m50.9s/5m0s

running (3m51.9s), 300/300 VUs, 851 complete and 0 interrupted iterations
packers   [  77% ] 300 VUs  3m51.9s/5m0s

running (3m52.9s), 300/300 VUs, 857 complete and 0 interrupted iterations
packers   [  78% ] 300 VUs  3m52.9s/5m0s

running (3m53.9s), 300/300 VUs, 866 complete and 0 interrupted iterations
packers   [  78% ] 300 VUs  3m53.9s/5m0s

running (3m54.9s), 300/300 VUs, 871 complete and 0 interrupted iterations
packers   [  78% ] 300 VUs  3m54.9s/5m0s

running (3m55.9s), 300/300 VUs, 879 complete and 0 interrupted iterations
packers   [  79% ] 300 VUs  3m55.9s/5m0s

running (3m56.9s), 300/300 VUs, 882 complete and 0 interrupted iterations
packers   [  79% ] 300 VUs  3m56.9s/5m0s

running (3m57.9s), 300/300 VUs, 887 complete and 0 interrupted iterations
packers   [  79% ] 300 VUs  3m57.9s/5m0s

running (3m58.9s), 300/300 VUs, 892 complete and 0 interrupted iterations
packers   [  80% ] 300 VUs  3m58.9s/5m0s

running (3m59.9s), 300/300 VUs, 899 complete and 0 interrupted iterations
packers   [  80% ] 300 VUs  3m59.9s/5m0s

running (4m00.9s), 300/300 VUs, 904 complete and 0 interrupted iterations
packers   [  80% ] 300 VUs  4m00.9s/5m0s

running (4m01.9s), 300/300 VUs, 909 complete and 0 interrupted iterations
packers   [  81% ] 300 VUs  4m01.9s/5m0s

running (4m02.9s), 300/300 VUs, 910 complete and 0 interrupted iterations
packers   [  81% ] 300 VUs  4m02.9s/5m0s

running (4m03.9s), 300/300 VUs, 912 complete and 0 interrupted iterations
packers   [  81% ] 300 VUs  4m03.9s/5m0s

running (4m04.9s), 300/300 VUs, 919 complete and 0 interrupted iterations
packers   [  82% ] 300 VUs  4m04.9s/5m0s

running (4m05.9s), 300/300 VUs, 922 complete and 0 interrupted iterations
packers   [  82% ] 300 VUs  4m05.9s/5m0s

running (4m06.9s), 300/300 VUs, 926 complete and 0 interrupted iterations
packers   [  82% ] 300 VUs  4m06.9s/5m0s

running (4m07.9s), 300/300 VUs, 933 complete and 0 interrupted iterations
packers   [  83% ] 300 VUs  4m07.9s/5m0s

running (4m08.9s), 300/300 VUs, 936 complete and 0 interrupted iterations
packers   [  83% ] 300 VUs  4m08.9s/5m0s

running (4m09.9s), 300/300 VUs, 947 complete and 0 interrupted iterations
packers   [  83% ] 300 VUs  4m09.9s/5m0s

running (4m10.9s), 300/300 VUs, 950 complete and 0 interrupted iterations
packers   [  84% ] 300 VUs  4m10.9s/5m0s

running (4m11.9s), 300/300 VUs, 955 complete and 0 interrupted iterations
packers   [  84% ] 300 VUs  4m11.9s/5m0s

running (4m12.9s), 300/300 VUs, 961 complete and 0 interrupted iterations
packers   [  84% ] 300 VUs  4m12.9s/5m0s

running (4m13.9s), 300/300 VUs, 970 complete and 0 interrupted iterations
packers   [  85% ] 300 VUs  4m13.9s/5m0s

running (4m14.9s), 300/300 VUs, 973 complete and 0 interrupted iterations
packers   [  85% ] 300 VUs  4m14.9s/5m0s

running (4m15.9s), 300/300 VUs, 979 complete and 0 interrupted iterations
packers   [  85% ] 300 VUs  4m15.9s/5m0s

running (4m16.9s), 300/300 VUs, 985 complete and 0 interrupted iterations
packers   [  86% ] 300 VUs  4m16.9s/5m0s

running (4m17.9s), 300/300 VUs, 996 complete and 0 interrupted iterations
packers   [  86% ] 300 VUs  4m17.9s/5m0s

running (4m18.9s), 300/300 VUs, 1002 complete and 0 interrupted iterations
packers   [  86% ] 300 VUs  4m18.9s/5m0s

running (4m19.9s), 300/300 VUs, 1008 complete and 0 interrupted iterations
packers   [  87% ] 300 VUs  4m19.9s/5m0s

running (4m20.9s), 300/300 VUs, 1011 complete and 0 interrupted iterations
packers   [  87% ] 300 VUs  4m20.9s/5m0s

running (4m21.9s), 300/300 VUs, 1013 complete and 0 interrupted iterations
packers   [  87% ] 300 VUs  4m21.9s/5m0s

running (4m22.9s), 300/300 VUs, 1020 complete and 0 interrupted iterations
packers   [  88% ] 300 VUs  4m22.9s/5m0s

running (4m23.9s), 300/300 VUs, 1025 complete and 0 interrupted iterations
packers   [  88% ] 300 VUs  4m23.9s/5m0s

running (4m24.9s), 300/300 VUs, 1029 complete and 0 interrupted iterations
packers   [  88% ] 300 VUs  4m24.9s/5m0s

running (4m25.9s), 300/300 VUs, 1031 complete and 0 interrupted iterations
packers   [  89% ] 300 VUs  4m25.9s/5m0s

running (4m26.9s), 300/300 VUs, 1037 complete and 0 interrupted iterations
packers   [  89% ] 300 VUs  4m26.9s/5m0s

running (4m27.9s), 300/300 VUs, 1040 complete and 0 interrupted iterations
packers   [  89% ] 300 VUs  4m27.9s/5m0s

running (4m28.9s), 300/300 VUs, 1046 complete and 0 interrupted iterations
packers   [  90% ] 300 VUs  4m28.9s/5m0s

running (4m29.9s), 300/300 VUs, 1050 complete and 0 interrupted iterations
packers   [  90% ] 300 VUs  4m29.9s/5m0s

running (4m30.9s), 300/300 VUs, 1053 complete and 0 interrupted iterations
packers   [  90% ] 300 VUs  4m30.9s/5m0s

running (4m31.9s), 300/300 VUs, 1055 complete and 0 interrupted iterations
packers   [  91% ] 300 VUs  4m31.9s/5m0s

running (4m32.9s), 300/300 VUs, 1058 complete and 0 interrupted iterations
packers   [  91% ] 300 VUs  4m32.9s/5m0s

running (4m33.9s), 300/300 VUs, 1060 complete and 0 interrupted iterations
packers   [  91% ] 300 VUs  4m33.9s/5m0s

running (4m34.9s), 300/300 VUs, 1064 complete and 0 interrupted iterations
packers   [  92% ] 300 VUs  4m34.9s/5m0s

running (4m35.9s), 300/300 VUs, 1070 complete and 0 interrupted iterations
packers   [  92% ] 300 VUs  4m35.9s/5m0s

running (4m36.9s), 300/300 VUs, 1074 complete and 0 interrupted iterations
packers   [  92% ] 300 VUs  4m36.9s/5m0s

running (4m37.9s), 300/300 VUs, 1080 complete and 0 interrupted iterations
packers   [  93% ] 300 VUs  4m37.9s/5m0s

running (4m38.9s), 300/300 VUs, 1085 complete and 0 interrupted iterations
packers   [  93% ] 300 VUs  4m38.9s/5m0s

running (4m39.9s), 300/300 VUs, 1090 complete and 0 interrupted iterations
packers   [  93% ] 300 VUs  4m39.9s/5m0s

running (4m40.9s), 300/300 VUs, 1094 complete and 0 interrupted iterations
packers   [  94% ] 300 VUs  4m40.9s/5m0s

running (4m41.9s), 300/300 VUs, 1102 complete and 0 interrupted iterations
packers   [  94% ] 300 VUs  4m41.9s/5m0s

running (4m42.9s), 300/300 VUs, 1104 complete and 0 interrupted iterations
packers   [  94% ] 300 VUs  4m42.9s/5m0s

running (4m43.9s), 300/300 VUs, 1108 complete and 0 interrupted iterations
packers   [  95% ] 300 VUs  4m43.9s/5m0s

running (4m44.9s), 300/300 VUs, 1114 complete and 0 interrupted iterations
packers   [  95% ] 300 VUs  4m44.9s/5m0s

running (4m45.9s), 300/300 VUs, 1124 complete and 0 interrupted iterations
packers   [  95% ] 300 VUs  4m45.9s/5m0s

running (4m46.9s), 300/300 VUs, 1128 complete and 0 interrupted iterations
packers   [  96% ] 300 VUs  4m46.9s/5m0s

running (4m47.9s), 300/300 VUs, 1134 complete and 0 interrupted iterations
packers   [  96% ] 300 VUs  4m47.9s/5m0s

running (4m48.9s), 300/300 VUs, 1136 complete and 0 interrupted iterations
packers   [  96% ] 300 VUs  4m48.9s/5m0s

running (4m49.9s), 300/300 VUs, 1137 complete and 0 interrupted iterations
packers   [  97% ] 300 VUs  4m49.9s/5m0s

running (4m50.9s), 300/300 VUs, 1141 complete and 0 interrupted iterations
packers   [  97% ] 300 VUs  4m50.9s/5m0s

running (4m51.9s), 300/300 VUs, 1151 complete and 0 interrupted iterations
packers   [  97% ] 300 VUs  4m51.9s/5m0s

running (4m52.9s), 300/300 VUs, 1157 complete and 0 interrupted iterations
packers   [  98% ] 300 VUs  4m52.9s/5m0s

running (4m53.9s), 300/300 VUs, 1166 complete and 0 interrupted iterations
packers   [  98% ] 300 VUs  4m53.9s/5m0s

running (4m54.9s), 300/300 VUs, 1171 complete and 0 interrupted iterations
packers   [  98% ] 300 VUs  4m54.9s/5m0s

running (4m55.9s), 300/300 VUs, 1179 complete and 0 interrupted iterations
packers   [  99% ] 300 VUs  4m55.9s/5m0s

running (4m56.9s), 300/300 VUs, 1182 complete and 0 interrupted iterations
packers   [  99% ] 300 VUs  4m56.9s/5m0s

running (4m57.9s), 300/300 VUs, 1187 complete and 0 interrupted iterations
packers   [  99% ] 300 VUs  4m57.9s/5m0s

running (4m58.9s), 300/300 VUs, 1192 complete and 0 interrupted iterations
packers   [ 100% ] 300 VUs  4m58.9s/5m0s

running (4m59.9s), 300/300 VUs, 1199 complete and 0 interrupted iterations
packers   [ 100% ] 300 VUs  4m59.9s/5m0s

running (5m00.9s), 296/300 VUs, 1204 complete and 0 interrupted iterations
packers ↓ [ 100% ] 300 VUs  5m0s

running (5m01.9s), 291/300 VUs, 1209 complete and 0 interrupted iterations
packers ↓ [ 100% ] 300 VUs  5m0s

running (5m02.9s), 290/300 VUs, 1210 complete and 0 interrupted iterations
packers ↓ [ 100% ] 300 VUs  5m0s

running (5m03.9s), 288/300 VUs, 1212 complete and 0 interrupted iterations
packers ↓ [ 100% ] 300 VUs  5m0s

running (5m04.9s), 281/300 VUs, 1219 complete and 0 interrupted iterations
packers ↓ [ 100% ] 300 VUs  5m0s

running (5m05.9s), 278/300 VUs, 1222 complete and 0 interrupted iterations
packers ↓ [ 100% ] 300 VUs  5m0s

running (5m06.9s), 274/300 VUs, 1226 complete and 0 interrupted iterations
packers ↓ [ 100% ] 300 VUs  5m0s

running (5m07.9s), 267/300 VUs, 1233 complete and 0 interrupted iterations
packers ↓ [ 100% ] 300 VUs  5m0s

running (5m08.9s), 264/300 VUs, 1236 complete and 0 interrupted iterations
packers ↓ [ 100% ] 300 VUs  5m0s

running (5m09.9s), 253/300 VUs, 1247 complete and 0 interrupted iterations
packers ↓ [ 100% ] 300 VUs  5m0s

running (5m10.9s), 250/300 VUs, 1250 complete and 0 interrupted iterations
packers ↓ [ 100% ] 300 VUs  5m0s

running (5m11.9s), 245/300 VUs, 1255 complete and 0 interrupted iterations
packers ↓ [ 100% ] 300 VUs  5m0s

running (5m12.9s), 239/300 VUs, 1261 complete and 0 interrupted iterations
packers ↓ [ 100% ] 300 VUs  5m0s

running (5m13.9s), 230/300 VUs, 1270 complete and 0 interrupted iterations
packers ↓ [ 100% ] 300 VUs  5m0s

running (5m14.9s), 227/300 VUs, 1273 complete and 0 interrupted iterations
packers ↓ [ 100% ] 300 VUs  5m0s

running (5m15.9s), 221/300 VUs, 1279 complete and 0 interrupted iterations
packers ↓ [ 100% ] 300 VUs  5m0s

running (5m16.9s), 215/300 VUs, 1285 complete and 0 interrupted iterations
packers ↓ [ 100% ] 300 VUs  5m0s

running (5m17.9s), 204/300 VUs, 1296 complete and 0 interrupted iterations
packers ↓ [ 100% ] 300 VUs  5m0s

running (5m18.9s), 198/300 VUs, 1302 complete and 0 interrupted iterations
packers ↓ [ 100% ] 300 VUs  5m0s

running (5m19.9s), 192/300 VUs, 1308 complete and 0 interrupted iterations
packers ↓ [ 100% ] 300 VUs  5m0s

running (5m20.9s), 189/300 VUs, 1311 complete and 0 interrupted iterations
packers ↓ [ 100% ] 300 VUs  5m0s

running (5m21.9s), 187/300 VUs, 1313 complete and 0 interrupted iterations
packers ↓ [ 100% ] 300 VUs  5m0s

running (5m22.9s), 180/300 VUs, 1320 complete and 0 interrupted iterations
packers ↓ [ 100% ] 300 VUs  5m0s

running (5m23.9s), 175/300 VUs, 1325 complete and 0 interrupted iterations
packers ↓ [ 100% ] 300 VUs  5m0s

running (5m24.9s), 171/300 VUs, 1329 complete and 0 interrupted iterations
packers ↓ [ 100% ] 300 VUs  5m0s

running (5m25.9s), 169/300 VUs, 1331 complete and 0 interrupted iterations
packers ↓ [ 100% ] 300 VUs  5m0s

running (5m26.9s), 163/300 VUs, 1337 complete and 0 interrupted iterations
packers ↓ [ 100% ] 300 VUs  5m0s

running (5m27.9s), 160/300 VUs, 1340 complete and 0 interrupted iterations
packers ↓ [ 100% ] 300 VUs  5m0s

running (5m28.9s), 154/300 VUs, 1346 complete and 0 interrupted iterations
packers ↓ [ 100% ] 300 VUs  5m0s

running (5m29.9s), 150/300 VUs, 1350 complete and 0 interrupted iterations
packers ↓ [ 100% ] 300 VUs  5m0s


  █ THRESHOLDS 

    complete_duration
    ✓ 'p(95)<500' p(95)=62.8ms


  █ TOTAL RESULTS 

    checks_total.......: 2890    8.757522/s
    checks_succeeded...: 100.00% 2890 out of 2890
    checks_failed......: 0.00%   0 out of 2890

    ✓ tote-scan 2xx
    ✓ complete 2xx

    CUSTOM
    complete_duration..............: avg=42.38ms p(50)=37.97ms p(95)=62.8ms  p(99)=173.81ms max=396.88ms count=1390
    measured_complete..............: avg=42.04ms p(50)=37.93ms p(95)=62.23ms p(99)=165.71ms max=396.88ms count=1200
    measured_complete_ok...........: 1200   3.636341/s
    measured_detail................: avg=18.11ms p(50)=14.26ms p(95)=35.66ms p(99)=109.02ms max=192.59ms count=1200
    measured_reqs..................: 3600   10.909024/s
    measured_scan..................: avg=24.02ms p(50)=19.51ms p(95)=40.71ms p(99)=136.69ms max=268.98ms count=1200

    HTTP
    http_req_duration..............: avg=28.31ms p(50)=21.36ms p(95)=51.25ms p(99)=142.55ms max=396.88ms count=4390
      { expected_response:true }...: avg=28.31ms p(50)=21.36ms p(95)=51.25ms p(99)=142.55ms max=396.88ms count=4390
    http_req_failed................: 0.00%  0 out of 4390
    http_reqs......................: 4390   13.302949/s

    EXECUTION
    iteration_duration.............: avg=1m6s    p(50)=1m0s    p(95)=1m47s   p(99)=1m57s    max=1m59s    count=1350
    iterations.....................: 1350   4.090884/s
    vus............................: 150    min=150       max=300
    vus_max........................: 300    min=300       max=300

    NETWORK
    data_received..................: 2.5 MB 7.6 kB/s
    data_sent......................: 925 kB 2.8 kB/s




running (5m30.0s), 000/300 VUs, 1350 complete and 150 interrupted iterations
packers ✓ [ 100% ] 300 VUs  5m0s
