K6START=1790325903

         /\      Grafana   /‾‾/  
    /\  /  \     |\  __   /  /   
   /  \/    \    | |/ /  /   ‾‾\ 
  /          \   |   (  |  (‾)  |
 / __________ \  |_|\_\  \_____/ 


     execution: local
        script: k6/packing.js
        output: Prometheus remote write (http://172.31.64.6:9090/api/v1/write)

     scenarios: (100.00%) 1 scenario, 100 max VUs, 1m30s max duration (incl. graceful stop):
              * packers: 100 looping VUs for 1m0s (gracefulStop: 30s)


running (0m01.0s), 100/100 VUs, 0 complete and 0 interrupted iterations
packers   [   2% ] 100 VUs  0m01.0s/1m0s

running (0m02.0s), 100/100 VUs, 0 complete and 0 interrupted iterations
packers   [   3% ] 100 VUs  0m02.0s/1m0s

running (0m03.0s), 100/100 VUs, 40 complete and 0 interrupted iterations
packers   [   5% ] 100 VUs  0m03.0s/1m0s

running (0m04.0s), 100/100 VUs, 91 complete and 0 interrupted iterations
packers   [   7% ] 100 VUs  0m04.0s/1m0s

running (0m05.0s), 100/100 VUs, 145 complete and 0 interrupted iterations
packers   [   8% ] 100 VUs  0m05.0s/1m0s

running (0m06.0s), 100/100 VUs, 200 complete and 0 interrupted iterations
packers   [  10% ] 100 VUs  0m06.0s/1m0s

running (0m07.0s), 100/100 VUs, 269 complete and 0 interrupted iterations
packers   [  12% ] 100 VUs  0m07.0s/1m0s

running (0m08.0s), 100/100 VUs, 343 complete and 0 interrupted iterations
packers   [  13% ] 100 VUs  0m08.0s/1m0s

running (0m09.0s), 100/100 VUs, 413 complete and 0 interrupted iterations
packers   [  15% ] 100 VUs  0m09.0s/1m0s

running (0m10.0s), 100/100 VUs, 477 complete and 0 interrupted iterations
packers   [  17% ] 100 VUs  0m10.0s/1m0s

running (0m11.0s), 100/100 VUs, 515 complete and 0 interrupted iterations
packers   [  18% ] 100 VUs  0m11.0s/1m0s

running (0m12.0s), 100/100 VUs, 593 complete and 0 interrupted iterations
packers   [  20% ] 100 VUs  0m12.0s/1m0s

running (0m13.0s), 100/100 VUs, 677 complete and 0 interrupted iterations
packers   [  22% ] 100 VUs  0m13.0s/1m0s

running (0m14.0s), 100/100 VUs, 767 complete and 0 interrupted iterations
packers   [  23% ] 100 VUs  0m14.0s/1m0s

running (0m15.0s), 100/100 VUs, 863 complete and 0 interrupted iterations
packers   [  25% ] 100 VUs  0m15.0s/1m0s

running (0m16.0s), 100/100 VUs, 963 complete and 0 interrupted iterations
packers   [  27% ] 100 VUs  0m16.0s/1m0s

running (0m17.0s), 100/100 VUs, 1054 complete and 0 interrupted iterations
packers   [  28% ] 100 VUs  0m17.0s/1m0s

running (0m18.0s), 100/100 VUs, 1156 complete and 0 interrupted iterations
packers   [  30% ] 100 VUs  0m18.0s/1m0s

running (0m19.0s), 100/100 VUs, 1258 complete and 0 interrupted iterations
packers   [  32% ] 100 VUs  0m19.0s/1m0s

running (0m20.0s), 100/100 VUs, 1366 complete and 0 interrupted iterations
packers   [  33% ] 100 VUs  0m20.0s/1m0s

running (0m21.0s), 100/100 VUs, 1458 complete and 0 interrupted iterations
packers   [  35% ] 100 VUs  0m21.0s/1m0s

running (0m22.0s), 100/100 VUs, 1572 complete and 0 interrupted iterations
packers   [  37% ] 100 VUs  0m22.0s/1m0s

running (0m23.0s), 100/100 VUs, 1675 complete and 0 interrupted iterations
packers   [  38% ] 100 VUs  0m23.0s/1m0s

running (0m24.0s), 100/100 VUs, 1792 complete and 0 interrupted iterations
packers   [  40% ] 100 VUs  0m24.0s/1m0s

running (0m25.0s), 100/100 VUs, 1912 complete and 0 interrupted iterations
packers   [  42% ] 100 VUs  0m25.0s/1m0s

running (0m26.0s), 100/100 VUs, 2033 complete and 0 interrupted iterations
packers   [  43% ] 100 VUs  0m26.0s/1m0s

running (0m27.0s), 100/100 VUs, 2136 complete and 0 interrupted iterations
packers   [  45% ] 100 VUs  0m27.0s/1m0s

running (0m28.0s), 100/100 VUs, 2250 complete and 0 interrupted iterations
packers   [  47% ] 100 VUs  0m28.0s/1m0s

running (0m29.0s), 100/100 VUs, 2381 complete and 0 interrupted iterations
packers   [  48% ] 100 VUs  0m29.0s/1m0s

running (0m30.0s), 100/100 VUs, 2509 complete and 0 interrupted iterations
packers   [  50% ] 100 VUs  0m30.0s/1m0s

running (0m31.0s), 100/100 VUs, 2637 complete and 0 interrupted iterations
packers   [  52% ] 100 VUs  0m31.0s/1m0s

running (0m32.0s), 100/100 VUs, 2764 complete and 0 interrupted iterations
packers   [  53% ] 100 VUs  0m32.0s/1m0s

running (0m33.0s), 100/100 VUs, 2897 complete and 0 interrupted iterations
packers   [  55% ] 100 VUs  0m33.0s/1m0s

running (0m34.0s), 100/100 VUs, 3022 complete and 0 interrupted iterations
packers   [  57% ] 100 VUs  0m34.0s/1m0s

running (0m35.0s), 100/100 VUs, 3168 complete and 0 interrupted iterations
packers   [  58% ] 100 VUs  0m35.0s/1m0s

running (0m36.0s), 100/100 VUs, 3308 complete and 0 interrupted iterations
packers   [  60% ] 100 VUs  0m36.0s/1m0s

running (0m37.0s), 100/100 VUs, 3435 complete and 0 interrupted iterations
packers   [  62% ] 100 VUs  0m37.0s/1m0s

running (0m38.0s), 100/100 VUs, 3578 complete and 0 interrupted iterations
packers   [  63% ] 100 VUs  0m38.0s/1m0s

running (0m39.0s), 100/100 VUs, 3719 complete and 0 interrupted iterations
packers   [  65% ] 100 VUs  0m39.0s/1m0s

running (0m40.0s), 100/100 VUs, 3822 complete and 0 interrupted iterations
packers   [  67% ] 100 VUs  0m40.0s/1m0s

running (0m41.0s), 100/100 VUs, 3942 complete and 0 interrupted iterations
packers   [  68% ] 100 VUs  0m41.0s/1m0s

running (0m42.0s), 100/100 VUs, 4049 complete and 0 interrupted iterations
packers   [  70% ] 100 VUs  0m42.0s/1m0s

running (0m43.0s), 100/100 VUs, 4185 complete and 0 interrupted iterations
packers   [  72% ] 100 VUs  0m43.0s/1m0s

running (0m44.0s), 100/100 VUs, 4359 complete and 0 interrupted iterations
packers   [  73% ] 100 VUs  0m44.0s/1m0s

running (0m45.0s), 100/100 VUs, 4531 complete and 0 interrupted iterations
packers   [  75% ] 100 VUs  0m45.0s/1m0s

running (0m46.0s), 100/100 VUs, 4677 complete and 0 interrupted iterations
packers   [  77% ] 100 VUs  0m46.0s/1m0s

running (0m47.0s), 100/100 VUs, 4842 complete and 0 interrupted iterations
packers   [  78% ] 100 VUs  0m47.0s/1m0s

running (0m48.0s), 100/100 VUs, 5018 complete and 0 interrupted iterations
packers   [  80% ] 100 VUs  0m48.0s/1m0s

running (0m49.0s), 100/100 VUs, 5190 complete and 0 interrupted iterations
packers   [  82% ] 100 VUs  0m49.0s/1m0s

running (0m50.0s), 100/100 VUs, 5363 complete and 0 interrupted iterations
packers   [  83% ] 100 VUs  0m50.0s/1m0s

running (0m51.0s), 100/100 VUs, 5468 complete and 0 interrupted iterations
packers   [  85% ] 100 VUs  0m51.0s/1m0s

running (0m52.0s), 100/100 VUs, 5604 complete and 0 interrupted iterations
packers   [  87% ] 100 VUs  0m52.0s/1m0s

running (0m53.0s), 100/100 VUs, 5764 complete and 0 interrupted iterations
packers   [  88% ] 100 VUs  0m53.0s/1m0s

running (0m54.0s), 100/100 VUs, 5943 complete and 0 interrupted iterations
packers   [  90% ] 100 VUs  0m54.0s/1m0s

running (0m55.0s), 100/100 VUs, 6117 complete and 0 interrupted iterations
packers   [  92% ] 100 VUs  0m55.0s/1m0s

running (0m56.0s), 100/100 VUs, 6201 complete and 0 interrupted iterations
packers   [  93% ] 100 VUs  0m56.0s/1m0s

running (0m57.0s), 100/100 VUs, 6276 complete and 0 interrupted iterations
packers   [  95% ] 100 VUs  0m57.0s/1m0s

running (0m58.0s), 100/100 VUs, 6328 complete and 0 interrupted iterations
packers   [  97% ] 100 VUs  0m58.0s/1m0s

running (0m59.0s), 100/100 VUs, 6432 complete and 0 interrupted iterations
packers   [  98% ] 100 VUs  0m59.0s/1m0s

running (1m00.0s), 100/100 VUs, 6562 complete and 0 interrupted iterations
packers   [ 100% ] 100 VUs  1m00.0s/1m0s


  █ THRESHOLDS 

    complete_duration
    ✗ 'p(95)<500' p(95)=1.42s


  █ TOTAL RESULTS 

    checks_total.......: 13336   219.632992/s
    checks_succeeded...: 100.00% 13336 out of 13336
    checks_failed......: 0.00%   0 out of 13336

    ✓ tote-scan 2xx
    ✓ complete 2xx

    CUSTOM
    complete_duration..............: avg=473.99ms p(50)=293.41ms p(95)=1.42s    p(99)=2.15s    max=3.18s    count=6668 
    measured_complete..............: avg=427.49ms p(50)=273.84ms p(95)=1.28s    p(99)=1.96s    max=3.16s    count=5801 
    measured_complete_ok...........: 5801   95.537716/s
    measured_detail................: avg=175.64ms p(50)=157.79ms p(95)=406.33ms p(99)=563.61ms max=980.64ms count=5742 
    measured_reqs..................: 17273  284.472155/s
    measured_scan..................: avg=187.87ms p(50)=166.68ms p(95)=428.92ms p(99)=600.37ms max=962.02ms count=5730 

    HTTP
    http_req_duration..............: avg=301.21ms p(50)=194.46ms p(95)=985.84ms p(99)=1.72s    max=3.18s    count=20004
      { expected_response:true }...: avg=301.21ms p(50)=194.46ms p(95)=985.84ms p(99)=1.72s    max=3.18s    count=20004
    http_req_failed................: 0.00%  0 out of 20004
    http_reqs......................: 20004  329.449487/s

    EXECUTION
    iteration_duration.............: avg=904.14ms p(50)=691.99ms p(95)=2.17s    p(99)=3.28s    max=4.84s    count=6668 
    iterations.....................: 6668   109.816496/s
    vus............................: 100    min=100        max=100
    vus_max........................: 100    min=100        max=100

    NETWORK
    data_received..................: 11 MB  184 kB/s
    data_sent......................: 4.2 MB 70 kB/s




running (1m00.7s), 000/100 VUs, 6668 complete and 0 interrupted iterations
packers ✓ [ 100% ] 100 VUs  1m0s
time="2026-09-25T08:46:04Z" level=error msg="thresholds on metrics 'complete_duration' have been crossed"
