K6START=1790426447

         /\      Grafana   /‾‾/  
    /\  /  \     |\  __   /  /   
   /  \/    \    | |/ /  /   ‾‾\ 
  /          \   |   (  |  (‾)  |
 / __________ \  |_|\_\  \_____/ 


     execution: local
        script: k6/capture.js
        output: Prometheus remote write (http://172.31.64.6:9090/api/v1/write)

     scenarios: (100.00%) 1 scenario, 60 max VUs, 3m30s max duration (incl. graceful stop):
              * capture: 60 looping VUs for 3m0s (gracefulStop: 30s)


running (0m01.0s), 60/60 VUs, 0 complete and 0 interrupted iterations
capture   [   0% ] 60 VUs  0m00.5s/3m0s

running (0m02.0s), 60/60 VUs, 26 complete and 0 interrupted iterations
capture   [   1% ] 60 VUs  0m01.5s/3m0s

running (0m03.0s), 60/60 VUs, 60 complete and 0 interrupted iterations
capture   [   1% ] 60 VUs  0m02.5s/3m0s

running (0m04.0s), 60/60 VUs, 120 complete and 0 interrupted iterations
capture   [   2% ] 60 VUs  0m03.5s/3m0s

running (0m05.0s), 60/60 VUs, 170 complete and 0 interrupted iterations
capture   [   3% ] 60 VUs  0m04.5s/3m0s

running (0m06.0s), 60/60 VUs, 180 complete and 0 interrupted iterations
capture   [   3% ] 60 VUs  0m05.5s/3m0s

running (0m07.0s), 60/60 VUs, 240 complete and 0 interrupted iterations
capture   [   4% ] 60 VUs  0m06.5s/3m0s

running (0m08.0s), 60/60 VUs, 300 complete and 0 interrupted iterations
capture   [   4% ] 60 VUs  0m07.5s/3m0s

running (0m09.0s), 60/60 VUs, 301 complete and 0 interrupted iterations
capture   [   5% ] 60 VUs  0m08.5s/3m0s

running (0m10.0s), 60/60 VUs, 360 complete and 0 interrupted iterations
capture   [   5% ] 60 VUs  0m09.5s/3m0s

running (0m11.0s), 60/60 VUs, 419 complete and 0 interrupted iterations
capture   [   6% ] 60 VUs  0m10.5s/3m0s

running (0m12.0s), 60/60 VUs, 431 complete and 0 interrupted iterations
capture   [   6% ] 60 VUs  0m11.5s/3m0s

running (0m13.0s), 60/60 VUs, 480 complete and 0 interrupted iterations
capture   [   7% ] 60 VUs  0m12.5s/3m0s

running (0m14.0s), 60/60 VUs, 540 complete and 0 interrupted iterations
capture   [   8% ] 60 VUs  0m13.5s/3m0s

running (0m15.0s), 60/60 VUs, 564 complete and 0 interrupted iterations
capture   [   8% ] 60 VUs  0m14.5s/3m0s

running (0m16.0s), 60/60 VUs, 600 complete and 0 interrupted iterations
capture   [   9% ] 60 VUs  0m15.5s/3m0s

running (0m17.0s), 60/60 VUs, 660 complete and 0 interrupted iterations
capture   [   9% ] 60 VUs  0m16.5s/3m0s

running (0m18.0s), 60/60 VUs, 705 complete and 0 interrupted iterations
capture   [  10% ] 60 VUs  0m17.5s/3m0s

running (0m19.0s), 60/60 VUs, 720 complete and 0 interrupted iterations
capture   [  10% ] 60 VUs  0m18.5s/3m0s

running (0m20.0s), 60/60 VUs, 780 complete and 0 interrupted iterations
capture   [  11% ] 60 VUs  0m19.5s/3m0s

running (0m21.0s), 60/60 VUs, 835 complete and 0 interrupted iterations
capture   [  11% ] 60 VUs  0m20.5s/3m0s

running (0m22.0s), 60/60 VUs, 845 complete and 0 interrupted iterations
capture   [  12% ] 60 VUs  0m21.5s/3m0s

running (0m23.0s), 60/60 VUs, 900 complete and 0 interrupted iterations
capture   [  13% ] 60 VUs  0m22.5s/3m0s

running (0m24.0s), 60/60 VUs, 958 complete and 0 interrupted iterations
capture   [  13% ] 60 VUs  0m23.5s/3m0s

running (0m25.0s), 60/60 VUs, 989 complete and 0 interrupted iterations
capture   [  14% ] 60 VUs  0m24.5s/3m0s

running (0m26.0s), 60/60 VUs, 1020 complete and 0 interrupted iterations
capture   [  14% ] 60 VUs  0m25.5s/3m0s

running (0m27.0s), 60/60 VUs, 1080 complete and 0 interrupted iterations
capture   [  15% ] 60 VUs  0m26.5s/3m0s

running (0m28.0s), 60/60 VUs, 1127 complete and 0 interrupted iterations
capture   [  15% ] 60 VUs  0m27.5s/3m0s

running (0m29.0s), 60/60 VUs, 1140 complete and 0 interrupted iterations
capture   [  16% ] 60 VUs  0m28.5s/3m0s

running (0m30.0s), 60/60 VUs, 1200 complete and 0 interrupted iterations
capture   [  16% ] 60 VUs  0m29.5s/3m0s

running (0m31.0s), 60/60 VUs, 1255 complete and 0 interrupted iterations
capture   [  17% ] 60 VUs  0m30.5s/3m0s

running (0m32.0s), 60/60 VUs, 1269 complete and 0 interrupted iterations
capture   [  18% ] 60 VUs  0m31.5s/3m0s

running (0m33.0s), 60/60 VUs, 1320 complete and 0 interrupted iterations
capture   [  18% ] 60 VUs  0m32.5s/3m0s

running (0m34.0s), 60/60 VUs, 1379 complete and 0 interrupted iterations
capture   [  19% ] 60 VUs  0m33.5s/3m0s

running (0m35.0s), 60/60 VUs, 1407 complete and 0 interrupted iterations
capture   [  19% ] 60 VUs  0m34.5s/3m0s

running (0m36.0s), 60/60 VUs, 1440 complete and 0 interrupted iterations
capture   [  20% ] 60 VUs  0m35.5s/3m0s

running (0m37.0s), 60/60 VUs, 1500 complete and 0 interrupted iterations
capture   [  20% ] 60 VUs  0m36.5s/3m0s

running (0m38.0s), 60/60 VUs, 1553 complete and 0 interrupted iterations
capture   [  21% ] 60 VUs  0m37.5s/3m0s

running (0m39.0s), 60/60 VUs, 1560 complete and 0 interrupted iterations
capture   [  21% ] 60 VUs  0m38.5s/3m0s

running (0m40.0s), 60/60 VUs, 1620 complete and 0 interrupted iterations
capture   [  22% ] 60 VUs  0m39.5s/3m0s

running (0m41.0s), 60/60 VUs, 1676 complete and 0 interrupted iterations
capture   [  23% ] 60 VUs  0m40.5s/3m0s

running (0m42.0s), 60/60 VUs, 1692 complete and 0 interrupted iterations
capture   [  23% ] 60 VUs  0m41.5s/3m0s

running (0m43.0s), 60/60 VUs, 1740 complete and 0 interrupted iterations
capture   [  24% ] 60 VUs  0m42.5s/3m0s

running (0m44.0s), 60/60 VUs, 1799 complete and 0 interrupted iterations
capture   [  24% ] 60 VUs  0m43.5s/3m0s

running (0m45.0s), 60/60 VUs, 1834 complete and 0 interrupted iterations
capture   [  25% ] 60 VUs  0m44.5s/3m0s

running (0m46.0s), 60/60 VUs, 1860 complete and 0 interrupted iterations
capture   [  25% ] 60 VUs  0m45.5s/3m0s

running (0m47.0s), 60/60 VUs, 1919 complete and 0 interrupted iterations
capture   [  26% ] 60 VUs  0m46.5s/3m0s

running (0m48.0s), 60/60 VUs, 1970 complete and 0 interrupted iterations
capture   [  26% ] 60 VUs  0m47.5s/3m0s

running (0m49.0s), 60/60 VUs, 1982 complete and 0 interrupted iterations
capture   [  27% ] 60 VUs  0m48.5s/3m0s

running (0m50.0s), 60/60 VUs, 2040 complete and 0 interrupted iterations
capture   [  28% ] 60 VUs  0m49.5s/3m0s

running (0m51.0s), 60/60 VUs, 2095 complete and 0 interrupted iterations
capture   [  28% ] 60 VUs  0m50.5s/3m0s

running (0m52.0s), 60/60 VUs, 2118 complete and 0 interrupted iterations
capture   [  29% ] 60 VUs  0m51.5s/3m0s

running (0m53.0s), 60/60 VUs, 2160 complete and 0 interrupted iterations
capture   [  29% ] 60 VUs  0m52.5s/3m0s

running (0m54.0s), 60/60 VUs, 2218 complete and 0 interrupted iterations
capture   [  30% ] 60 VUs  0m53.5s/3m0s

running (0m55.0s), 60/60 VUs, 2260 complete and 0 interrupted iterations
capture   [  30% ] 60 VUs  0m54.5s/3m0s

running (0m56.0s), 60/60 VUs, 2280 complete and 0 interrupted iterations
capture   [  31% ] 60 VUs  0m55.5s/3m0s

running (0m57.0s), 60/60 VUs, 2340 complete and 0 interrupted iterations
capture   [  31% ] 60 VUs  0m56.5s/3m0s

running (0m58.0s), 60/60 VUs, 2391 complete and 0 interrupted iterations
capture   [  32% ] 60 VUs  0m57.5s/3m0s

running (0m59.0s), 60/60 VUs, 2402 complete and 0 interrupted iterations
capture   [  33% ] 60 VUs  0m58.5s/3m0s

running (1m00.0s), 60/60 VUs, 2460 complete and 0 interrupted iterations
capture   [  33% ] 60 VUs  0m59.5s/3m0s

running (1m01.0s), 60/60 VUs, 2514 complete and 0 interrupted iterations
capture   [  34% ] 60 VUs  1m00.5s/3m0s

running (1m02.0s), 60/60 VUs, 2538 complete and 0 interrupted iterations
capture   [  34% ] 60 VUs  1m01.5s/3m0s

running (1m03.0s), 60/60 VUs, 2580 complete and 0 interrupted iterations
capture   [  35% ] 60 VUs  1m02.5s/3m0s

running (1m04.0s), 60/60 VUs, 2634 complete and 0 interrupted iterations
capture   [  35% ] 60 VUs  1m03.5s/3m0s

running (1m05.0s), 60/60 VUs, 2681 complete and 0 interrupted iterations
capture   [  36% ] 60 VUs  1m04.5s/3m0s

running (1m06.0s), 60/60 VUs, 2700 complete and 0 interrupted iterations
capture   [  36% ] 60 VUs  1m05.5s/3m0s

running (1m07.0s), 60/60 VUs, 2758 complete and 0 interrupted iterations
capture   [  37% ] 60 VUs  1m06.5s/3m0s

running (1m08.0s), 60/60 VUs, 2811 complete and 0 interrupted iterations
capture   [  38% ] 60 VUs  1m07.5s/3m0s

running (1m09.0s), 60/60 VUs, 2828 complete and 0 interrupted iterations
capture   [  38% ] 60 VUs  1m08.5s/3m0s

running (1m10.0s), 60/60 VUs, 2880 complete and 0 interrupted iterations
capture   [  39% ] 60 VUs  1m09.5s/3m0s

running (1m11.0s), 60/60 VUs, 2933 complete and 0 interrupted iterations
capture   [  39% ] 60 VUs  1m10.5s/3m0s

running (1m12.0s), 60/60 VUs, 2971 complete and 0 interrupted iterations
capture   [  40% ] 60 VUs  1m11.5s/3m0s

running (1m13.0s), 60/60 VUs, 3000 complete and 0 interrupted iterations
capture   [  40% ] 60 VUs  1m12.5s/3m0s

running (1m14.0s), 60/60 VUs, 3056 complete and 0 interrupted iterations
capture   [  41% ] 60 VUs  1m13.5s/3m0s

running (1m15.0s), 60/60 VUs, 3098 complete and 0 interrupted iterations
capture   [  41% ] 60 VUs  1m14.5s/3m0s

running (1m16.0s), 60/60 VUs, 3120 complete and 0 interrupted iterations
capture   [  42% ] 60 VUs  1m15.5s/3m0s

running (1m17.0s), 60/60 VUs, 3179 complete and 0 interrupted iterations
capture   [  43% ] 60 VUs  1m16.5s/3m0s

running (1m18.0s), 60/60 VUs, 3232 complete and 0 interrupted iterations
capture   [  43% ] 60 VUs  1m17.5s/3m0s

running (1m19.0s), 60/60 VUs, 3251 complete and 0 interrupted iterations
capture   [  44% ] 60 VUs  1m18.5s/3m0s

running (1m20.0s), 60/60 VUs, 3300 complete and 0 interrupted iterations
capture   [  44% ] 60 VUs  1m19.5s/3m0s

running (1m21.0s), 60/60 VUs, 3356 complete and 0 interrupted iterations
capture   [  45% ] 60 VUs  1m20.5s/3m0s

running (1m22.0s), 60/60 VUs, 3384 complete and 0 interrupted iterations
capture   [  45% ] 60 VUs  1m21.5s/3m0s

running (1m23.0s), 60/60 VUs, 3420 complete and 0 interrupted iterations
capture   [  46% ] 60 VUs  1m22.5s/3m0s

running (1m24.0s), 60/60 VUs, 3476 complete and 0 interrupted iterations
capture   [  46% ] 60 VUs  1m23.5s/3m0s

running (1m25.0s), 60/60 VUs, 3528 complete and 0 interrupted iterations
capture   [  47% ] 60 VUs  1m24.5s/3m0s

running (1m26.0s), 60/60 VUs, 3540 complete and 0 interrupted iterations
capture   [  48% ] 60 VUs  1m25.5s/3m0s

running (1m27.0s), 60/60 VUs, 3599 complete and 0 interrupted iterations
capture   [  48% ] 60 VUs  1m26.5s/3m0s

running (1m28.0s), 60/60 VUs, 3652 complete and 0 interrupted iterations
capture   [  49% ] 60 VUs  1m27.5s/3m0s

running (1m29.0s), 60/60 VUs, 3670 complete and 0 interrupted iterations
capture   [  49% ] 60 VUs  1m28.5s/3m0s

running (1m30.0s), 60/60 VUs, 3719 complete and 0 interrupted iterations
capture   [  50% ] 60 VUs  1m29.5s/3m0s

running (1m31.0s), 60/60 VUs, 3774 complete and 0 interrupted iterations
capture   [  50% ] 60 VUs  1m30.5s/3m0s

running (1m32.0s), 60/60 VUs, 3818 complete and 0 interrupted iterations
capture   [  51% ] 60 VUs  1m31.5s/3m0s

running (1m33.0s), 60/60 VUs, 3840 complete and 0 interrupted iterations
capture   [  51% ] 60 VUs  1m32.5s/3m0s

running (1m34.0s), 60/60 VUs, 3895 complete and 0 interrupted iterations
capture   [  52% ] 60 VUs  1m33.5s/3m0s

running (1m35.0s), 60/60 VUs, 3945 complete and 0 interrupted iterations
capture   [  53% ] 60 VUs  1m34.5s/3m0s

running (1m36.0s), 60/60 VUs, 3964 complete and 0 interrupted iterations
capture   [  53% ] 60 VUs  1m35.5s/3m0s

running (1m37.0s), 60/60 VUs, 4018 complete and 0 interrupted iterations
capture   [  54% ] 60 VUs  1m36.5s/3m0s

running (1m38.0s), 60/60 VUs, 4073 complete and 0 interrupted iterations
capture   [  54% ] 60 VUs  1m37.5s/3m0s

running (1m39.0s), 60/60 VUs, 4094 complete and 0 interrupted iterations
capture   [  55% ] 60 VUs  1m38.5s/3m0s

running (1m40.0s), 60/60 VUs, 4140 complete and 0 interrupted iterations
capture   [  55% ] 60 VUs  1m39.5s/3m0s

running (1m41.0s), 60/60 VUs, 4194 complete and 0 interrupted iterations
capture   [  56% ] 60 VUs  1m40.5s/3m0s

running (1m42.0s), 60/60 VUs, 4238 complete and 0 interrupted iterations
capture   [  56% ] 60 VUs  1m41.5s/3m0s

running (1m43.0s), 60/60 VUs, 4260 complete and 0 interrupted iterations
capture   [  57% ] 60 VUs  1m42.5s/3m0s

running (1m44.0s), 60/60 VUs, 4317 complete and 0 interrupted iterations
capture   [  58% ] 60 VUs  1m43.5s/3m0s

running (1m45.0s), 60/60 VUs, 4368 complete and 0 interrupted iterations
capture   [  58% ] 60 VUs  1m44.5s/3m0s

running (1m46.0s), 60/60 VUs, 4385 complete and 0 interrupted iterations
capture   [  59% ] 60 VUs  1m45.5s/3m0s

running (1m47.0s), 60/60 VUs, 4437 complete and 0 interrupted iterations
capture   [  59% ] 60 VUs  1m46.5s/3m0s

running (1m48.0s), 60/60 VUs, 4493 complete and 0 interrupted iterations
capture   [  60% ] 60 VUs  1m47.5s/3m0s

running (1m49.0s), 60/60 VUs, 4524 complete and 0 interrupted iterations
capture   [  60% ] 60 VUs  1m48.5s/3m0s

running (1m50.0s), 60/60 VUs, 4559 complete and 0 interrupted iterations
capture   [  61% ] 60 VUs  1m49.5s/3m0s

running (1m51.0s), 60/60 VUs, 4614 complete and 0 interrupted iterations
capture   [  61% ] 60 VUs  1m50.5s/3m0s

running (1m52.0s), 60/60 VUs, 4660 complete and 0 interrupted iterations
capture   [  62% ] 60 VUs  1m51.5s/3m0s

running (1m53.0s), 60/60 VUs, 4680 complete and 0 interrupted iterations
capture   [  63% ] 60 VUs  1m52.5s/3m0s

running (1m54.0s), 60/60 VUs, 4736 complete and 0 interrupted iterations
capture   [  63% ] 60 VUs  1m53.5s/3m0s

running (1m55.0s), 60/60 VUs, 4790 complete and 0 interrupted iterations
capture   [  64% ] 60 VUs  1m54.5s/3m0s

running (1m56.0s), 60/60 VUs, 4809 complete and 0 interrupted iterations
capture   [  64% ] 60 VUs  1m55.5s/3m0s

running (1m57.0s), 60/60 VUs, 4858 complete and 0 interrupted iterations
capture   [  65% ] 60 VUs  1m56.5s/3m0s

running (1m58.0s), 60/60 VUs, 4913 complete and 0 interrupted iterations
capture   [  65% ] 60 VUs  1m57.5s/3m0s

running (1m59.0s), 60/60 VUs, 4946 complete and 0 interrupted iterations
capture   [  66% ] 60 VUs  1m58.5s/3m0s

running (2m00.0s), 60/60 VUs, 4980 complete and 0 interrupted iterations
capture   [  66% ] 60 VUs  1m59.5s/3m0s

running (2m01.0s), 60/60 VUs, 5035 complete and 0 interrupted iterations
capture   [  67% ] 60 VUs  2m00.5s/3m0s

running (2m02.0s), 60/60 VUs, 5087 complete and 0 interrupted iterations
capture   [  68% ] 60 VUs  2m01.5s/3m0s

running (2m03.0s), 60/60 VUs, 5100 complete and 0 interrupted iterations
capture   [  68% ] 60 VUs  2m02.5s/3m0s

running (2m04.0s), 60/60 VUs, 5156 complete and 0 interrupted iterations
capture   [  69% ] 60 VUs  2m03.5s/3m0s

running (2m05.0s), 60/60 VUs, 5213 complete and 0 interrupted iterations
capture   [  69% ] 60 VUs  2m04.5s/3m0s

running (2m06.0s), 60/60 VUs, 5227 complete and 0 interrupted iterations
capture   [  70% ] 60 VUs  2m05.5s/3m0s

running (2m07.0s), 60/60 VUs, 5277 complete and 0 interrupted iterations
capture   [  70% ] 60 VUs  2m06.5s/3m0s

running (2m08.0s), 60/60 VUs, 5333 complete and 0 interrupted iterations
capture   [  71% ] 60 VUs  2m07.5s/3m0s

running (2m09.0s), 60/60 VUs, 5368 complete and 0 interrupted iterations
capture   [  71% ] 60 VUs  2m08.5s/3m0s

running (2m10.0s), 60/60 VUs, 5399 complete and 0 interrupted iterations
capture   [  72% ] 60 VUs  2m09.5s/3m0s

running (2m11.0s), 60/60 VUs, 5456 complete and 0 interrupted iterations
capture   [  73% ] 60 VUs  2m10.5s/3m0s

running (2m12.0s), 60/60 VUs, 5506 complete and 0 interrupted iterations
capture   [  73% ] 60 VUs  2m11.5s/3m0s

running (2m13.0s), 60/60 VUs, 5520 complete and 0 interrupted iterations
capture   [  74% ] 60 VUs  2m12.5s/3m0s

running (2m14.0s), 60/60 VUs, 5576 complete and 0 interrupted iterations
capture   [  74% ] 60 VUs  2m13.5s/3m0s

running (2m15.0s), 60/60 VUs, 5631 complete and 0 interrupted iterations
capture   [  75% ] 60 VUs  2m14.5s/3m0s

running (2m16.0s), 60/60 VUs, 5646 complete and 0 interrupted iterations
capture   [  75% ] 60 VUs  2m15.5s/3m0s

running (2m17.0s), 60/60 VUs, 5698 complete and 0 interrupted iterations
capture   [  76% ] 60 VUs  2m16.5s/3m0s

running (2m18.0s), 60/60 VUs, 5753 complete and 0 interrupted iterations
capture   [  76% ] 60 VUs  2m17.5s/3m0s

running (2m19.0s), 60/60 VUs, 5775 complete and 0 interrupted iterations
capture   [  77% ] 60 VUs  2m18.5s/3m0s

running (2m20.0s), 60/60 VUs, 5818 complete and 0 interrupted iterations
capture   [  78% ] 60 VUs  2m19.5s/3m0s

running (2m21.0s), 60/60 VUs, 5873 complete and 0 interrupted iterations
capture   [  78% ] 60 VUs  2m20.5s/3m0s

running (2m22.0s), 60/60 VUs, 5910 complete and 0 interrupted iterations
capture   [  79% ] 60 VUs  2m21.5s/3m0s

running (2m23.0s), 60/60 VUs, 5940 complete and 0 interrupted iterations
capture   [  79% ] 60 VUs  2m22.5s/3m0s

running (2m24.0s), 60/60 VUs, 5994 complete and 0 interrupted iterations
capture   [  80% ] 60 VUs  2m23.5s/3m0s

running (2m25.0s), 60/60 VUs, 6049 complete and 0 interrupted iterations
capture   [  80% ] 60 VUs  2m24.5s/3m0s

running (2m26.0s), 60/60 VUs, 6062 complete and 0 interrupted iterations
capture   [  81% ] 60 VUs  2m25.5s/3m0s

running (2m27.0s), 60/60 VUs, 6117 complete and 0 interrupted iterations
capture   [  81% ] 60 VUs  2m26.5s/3m0s

running (2m28.0s), 60/60 VUs, 6173 complete and 0 interrupted iterations
capture   [  82% ] 60 VUs  2m27.5s/3m0s

running (2m29.0s), 60/60 VUs, 6198 complete and 0 interrupted iterations
capture   [  83% ] 60 VUs  2m28.5s/3m0s

running (2m30.0s), 60/60 VUs, 6239 complete and 0 interrupted iterations
capture   [  83% ] 60 VUs  2m29.5s/3m0s

running (2m31.0s), 60/60 VUs, 6293 complete and 0 interrupted iterations
capture   [  84% ] 60 VUs  2m30.5s/3m0s

running (2m32.0s), 60/60 VUs, 6335 complete and 0 interrupted iterations
capture   [  84% ] 60 VUs  2m31.5s/3m0s

running (2m33.0s), 60/60 VUs, 6361 complete and 0 interrupted iterations
capture   [  85% ] 60 VUs  2m32.5s/3m0s

running (2m34.0s), 60/60 VUs, 6413 complete and 0 interrupted iterations
capture   [  85% ] 60 VUs  2m33.5s/3m0s

running (2m35.0s), 60/60 VUs, 6467 complete and 0 interrupted iterations
capture   [  86% ] 60 VUs  2m34.5s/3m0s

running (2m36.0s), 60/60 VUs, 6485 complete and 0 interrupted iterations
capture   [  86% ] 60 VUs  2m35.5s/3m0s

running (2m37.0s), 60/60 VUs, 6536 complete and 0 interrupted iterations
capture   [  87% ] 60 VUs  2m36.5s/3m0s

running (2m38.0s), 60/60 VUs, 6592 complete and 0 interrupted iterations
capture   [  88% ] 60 VUs  2m37.5s/3m0s

running (2m39.0s), 60/60 VUs, 6624 complete and 0 interrupted iterations
capture   [  88% ] 60 VUs  2m38.5s/3m0s

running (2m40.0s), 60/60 VUs, 6659 complete and 0 interrupted iterations
capture   [  89% ] 60 VUs  2m39.5s/3m0s

running (2m41.0s), 60/60 VUs, 6712 complete and 0 interrupted iterations
capture   [  89% ] 60 VUs  2m40.5s/3m0s

running (2m42.0s), 60/60 VUs, 6762 complete and 0 interrupted iterations
capture   [  90% ] 60 VUs  2m41.5s/3m0s

running (2m43.0s), 60/60 VUs, 6783 complete and 0 interrupted iterations
capture   [  90% ] 60 VUs  2m42.5s/3m0s

running (2m44.0s), 60/60 VUs, 6835 complete and 0 interrupted iterations
capture   [  91% ] 60 VUs  2m43.5s/3m0s

running (2m45.0s), 60/60 VUs, 6890 complete and 0 interrupted iterations
capture   [  91% ] 60 VUs  2m44.5s/3m0s

running (2m46.0s), 60/60 VUs, 6907 complete and 0 interrupted iterations
capture   [  92% ] 60 VUs  2m45.5s/3m0s

running (2m47.0s), 60/60 VUs, 6956 complete and 0 interrupted iterations
capture   [  93% ] 60 VUs  2m46.5s/3m0s

running (2m48.0s), 60/60 VUs, 7011 complete and 0 interrupted iterations
capture   [  93% ] 60 VUs  2m47.5s/3m0s

running (2m49.0s), 60/60 VUs, 7044 complete and 0 interrupted iterations
capture   [  94% ] 60 VUs  2m48.5s/3m0s

running (2m50.0s), 60/60 VUs, 7079 complete and 0 interrupted iterations
capture   [  94% ] 60 VUs  2m49.5s/3m0s

running (2m51.0s), 60/60 VUs, 7132 complete and 0 interrupted iterations
capture   [  95% ] 60 VUs  2m50.5s/3m0s

running (2m52.0s), 60/60 VUs, 7182 complete and 0 interrupted iterations
capture   [  95% ] 60 VUs  2m51.5s/3m0s

running (2m53.0s), 60/60 VUs, 7200 complete and 0 interrupted iterations
capture   [  96% ] 60 VUs  2m52.5s/3m0s

running (2m54.0s), 60/60 VUs, 7254 complete and 0 interrupted iterations
capture   [  96% ] 60 VUs  2m53.5s/3m0s

running (2m55.0s), 60/60 VUs, 7309 complete and 0 interrupted iterations
capture   [  97% ] 60 VUs  2m54.5s/3m0s

running (2m56.0s), 60/60 VUs, 7328 complete and 0 interrupted iterations
capture   [  98% ] 60 VUs  2m55.5s/3m0s

running (2m57.0s), 60/60 VUs, 7375 complete and 0 interrupted iterations
capture   [  98% ] 60 VUs  2m56.5s/3m0s

running (2m58.0s), 60/60 VUs, 7431 complete and 0 interrupted iterations
capture   [  99% ] 60 VUs  2m57.5s/3m0s

running (2m59.0s), 60/60 VUs, 7465 complete and 0 interrupted iterations
capture   [  99% ] 60 VUs  2m58.5s/3m0s

running (3m00.0s), 60/60 VUs, 7497 complete and 0 interrupted iterations
capture   [ 100% ] 60 VUs  2m59.5s/3m0s

running (3m01.0s), 38/60 VUs, 7552 complete and 0 interrupted iterations
capture ↓ [ 100% ] 60 VUs  3m0s


  █ THRESHOLDS 

    http_req_failed{name:measure}
    ✓ 'rate<0.01' rate=0.00%

    measure_duration
    ✓ 'p(95)<1000' p(95)=531.02ms

    measure_inferred
    ✓ 'rate>0.99' rate=100.00%


  █ TOTAL RESULTS 

    checks_total.......: 7590    41.714542/s
    checks_succeeded...: 100.00% 7590 out of 7590
    checks_failed......: 0.00%   0 out of 7590

    ✓ measure 2xx

    CUSTOM
    measure_duration...............: avg=428.43ms min=348.91ms med=415.51ms max=777.94ms p(95)=531.02ms p(99)=554.65ms
    measure_inferred...............: 100.00% 7590 out of 7590

    HTTP
    http_req_duration..............: avg=427.87ms min=31.23ms  med=415.5ms  max=777.94ms p(95)=530.96ms p(99)=554.6ms 
      { expected_response:true }...: avg=427.87ms min=31.23ms  med=415.5ms  max=777.94ms p(95)=530.96ms p(99)=554.6ms 
    http_req_failed................: 0.00%   0 out of 7601
      { name:measure }.............: 0.00%   0 out of 7590
    http_reqs......................: 7601    41.774998/s

    EXECUTION
    iteration_duration.............: avg=1.42s    min=1.35s    med=1.41s    max=1.78s    p(95)=1.53s    p(99)=1.55s   
    iterations.....................: 7590    41.714542/s
    vus............................: 38      min=38           max=60
    vus_max........................: 60      min=60           max=60

    NETWORK
    data_received..................: 44 MB   244 kB/s
    data_sent......................: 1.7 MB  9.3 kB/s




running (3m02.0s), 00/60 VUs, 7590 complete and 0 interrupted iterations
capture ✓ [ 100% ] 60 VUs  3m0s
