K6START=1790327332

         /\      Grafana   /‾‾/  
    /\  /  \     |\  __   /  /   
   /  \/    \    | |/ /  /   ‾‾\ 
  /          \   |   (  |  (‾)  |
 / __________ \  |_|\_\  \_____/ 


     execution: local
        script: k6/packing.js
        output: Prometheus remote write (http://172.31.64.6:9090/api/v1/write)

     scenarios: (100.00%) 1 scenario, 100 max VUs, 5m30s max duration (incl. graceful stop):
              * packers: 100 looping VUs for 5m0s (gracefulStop: 30s)


running (0m01.0s), 100/100 VUs, 0 complete and 0 interrupted iterations
packers   [   0% ] 100 VUs  0m01.0s/5m0s

running (0m02.0s), 100/100 VUs, 0 complete and 0 interrupted iterations
packers   [   1% ] 100 VUs  0m02.0s/5m0s

running (0m03.0s), 100/100 VUs, 0 complete and 0 interrupted iterations
packers   [   1% ] 100 VUs  0m03.0s/5m0s

running (0m04.0s), 100/100 VUs, 0 complete and 0 interrupted iterations
packers   [   1% ] 100 VUs  0m04.0s/5m0s

running (0m05.0s), 100/100 VUs, 0 complete and 0 interrupted iterations
packers   [   2% ] 100 VUs  0m05.0s/5m0s

running (0m06.0s), 100/100 VUs, 0 complete and 0 interrupted iterations
packers   [   2% ] 100 VUs  0m06.0s/5m0s

running (0m07.0s), 100/100 VUs, 0 complete and 0 interrupted iterations
packers   [   2% ] 100 VUs  0m07.0s/5m0s

running (0m08.0s), 100/100 VUs, 0 complete and 0 interrupted iterations
packers   [   3% ] 100 VUs  0m08.0s/5m0s

running (0m09.0s), 100/100 VUs, 0 complete and 0 interrupted iterations
packers   [   3% ] 100 VUs  0m09.0s/5m0s

running (0m10.0s), 100/100 VUs, 0 complete and 0 interrupted iterations
packers   [   3% ] 100 VUs  0m10.0s/5m0s

running (0m11.0s), 100/100 VUs, 0 complete and 0 interrupted iterations
packers   [   4% ] 100 VUs  0m11.0s/5m0s

running (0m12.0s), 100/100 VUs, 0 complete and 0 interrupted iterations
packers   [   4% ] 100 VUs  0m12.0s/5m0s

running (0m13.0s), 100/100 VUs, 0 complete and 0 interrupted iterations
packers   [   4% ] 100 VUs  0m13.0s/5m0s

running (0m14.0s), 100/100 VUs, 0 complete and 0 interrupted iterations
packers   [   5% ] 100 VUs  0m14.0s/5m0s

running (0m15.0s), 100/100 VUs, 0 complete and 0 interrupted iterations
packers   [   5% ] 100 VUs  0m15.0s/5m0s

running (0m16.0s), 100/100 VUs, 0 complete and 0 interrupted iterations
packers   [   5% ] 100 VUs  0m16.0s/5m0s

running (0m17.0s), 100/100 VUs, 0 complete and 0 interrupted iterations
packers   [   6% ] 100 VUs  0m17.0s/5m0s

running (0m18.0s), 100/100 VUs, 0 complete and 0 interrupted iterations
packers   [   6% ] 100 VUs  0m18.0s/5m0s

running (0m19.0s), 100/100 VUs, 0 complete and 0 interrupted iterations
packers   [   6% ] 100 VUs  0m19.0s/5m0s

running (0m20.0s), 100/100 VUs, 0 complete and 0 interrupted iterations
packers   [   7% ] 100 VUs  0m20.0s/5m0s

running (0m21.0s), 100/100 VUs, 0 complete and 0 interrupted iterations
packers   [   7% ] 100 VUs  0m21.0s/5m0s

running (0m22.0s), 100/100 VUs, 0 complete and 0 interrupted iterations
packers   [   7% ] 100 VUs  0m22.0s/5m0s

running (0m23.0s), 100/100 VUs, 0 complete and 0 interrupted iterations
packers   [   8% ] 100 VUs  0m23.0s/5m0s

running (0m24.0s), 100/100 VUs, 0 complete and 0 interrupted iterations
packers   [   8% ] 100 VUs  0m24.0s/5m0s

running (0m25.0s), 100/100 VUs, 0 complete and 0 interrupted iterations
packers   [   8% ] 100 VUs  0m25.0s/5m0s

running (0m26.0s), 100/100 VUs, 0 complete and 0 interrupted iterations
packers   [   9% ] 100 VUs  0m26.0s/5m0s

running (0m27.0s), 100/100 VUs, 0 complete and 0 interrupted iterations
packers   [   9% ] 100 VUs  0m27.0s/5m0s

running (0m28.0s), 100/100 VUs, 0 complete and 0 interrupted iterations
packers   [   9% ] 100 VUs  0m28.0s/5m0s

running (0m29.0s), 100/100 VUs, 0 complete and 0 interrupted iterations
packers   [  10% ] 100 VUs  0m29.0s/5m0s

running (0m30.0s), 100/100 VUs, 0 complete and 0 interrupted iterations
packers   [  10% ] 100 VUs  0m30.0s/5m0s

running (0m31.0s), 100/100 VUs, 0 complete and 0 interrupted iterations
packers   [  10% ] 100 VUs  0m31.0s/5m0s

running (0m32.0s), 100/100 VUs, 0 complete and 0 interrupted iterations
packers   [  11% ] 100 VUs  0m32.0s/5m0s

running (0m33.0s), 100/100 VUs, 0 complete and 0 interrupted iterations
packers   [  11% ] 100 VUs  0m33.0s/5m0s

running (0m34.0s), 100/100 VUs, 0 complete and 0 interrupted iterations
packers   [  11% ] 100 VUs  0m34.0s/5m0s

running (0m35.0s), 100/100 VUs, 0 complete and 0 interrupted iterations
packers   [  12% ] 100 VUs  0m35.0s/5m0s

running (0m36.0s), 100/100 VUs, 0 complete and 0 interrupted iterations
packers   [  12% ] 100 VUs  0m36.0s/5m0s

running (0m37.0s), 100/100 VUs, 0 complete and 0 interrupted iterations
packers   [  12% ] 100 VUs  0m37.0s/5m0s

running (0m38.0s), 100/100 VUs, 0 complete and 0 interrupted iterations
packers   [  13% ] 100 VUs  0m38.0s/5m0s

running (0m39.0s), 100/100 VUs, 0 complete and 0 interrupted iterations
packers   [  13% ] 100 VUs  0m39.0s/5m0s

running (0m40.0s), 100/100 VUs, 0 complete and 0 interrupted iterations
packers   [  13% ] 100 VUs  0m40.0s/5m0s

running (0m41.0s), 100/100 VUs, 0 complete and 0 interrupted iterations
packers   [  14% ] 100 VUs  0m41.0s/5m0s

running (0m42.0s), 100/100 VUs, 0 complete and 0 interrupted iterations
packers   [  14% ] 100 VUs  0m42.0s/5m0s

running (0m43.0s), 100/100 VUs, 0 complete and 0 interrupted iterations
packers   [  14% ] 100 VUs  0m43.0s/5m0s

running (0m44.0s), 100/100 VUs, 0 complete and 0 interrupted iterations
packers   [  15% ] 100 VUs  0m44.0s/5m0s

running (0m45.0s), 100/100 VUs, 0 complete and 0 interrupted iterations
packers   [  15% ] 100 VUs  0m45.0s/5m0s

running (0m46.0s), 100/100 VUs, 0 complete and 0 interrupted iterations
packers   [  15% ] 100 VUs  0m46.0s/5m0s

running (0m47.0s), 100/100 VUs, 0 complete and 0 interrupted iterations
packers   [  16% ] 100 VUs  0m47.0s/5m0s

running (0m48.0s), 100/100 VUs, 0 complete and 0 interrupted iterations
packers   [  16% ] 100 VUs  0m48.0s/5m0s

running (0m49.0s), 100/100 VUs, 0 complete and 0 interrupted iterations
packers   [  16% ] 100 VUs  0m49.0s/5m0s

running (0m50.0s), 100/100 VUs, 0 complete and 0 interrupted iterations
packers   [  17% ] 100 VUs  0m50.0s/5m0s

running (0m51.0s), 100/100 VUs, 0 complete and 0 interrupted iterations
packers   [  17% ] 100 VUs  0m51.0s/5m0s

running (0m52.0s), 100/100 VUs, 0 complete and 0 interrupted iterations
packers   [  17% ] 100 VUs  0m52.0s/5m0s

running (0m53.0s), 100/100 VUs, 0 complete and 0 interrupted iterations
packers   [  18% ] 100 VUs  0m53.0s/5m0s

running (0m54.0s), 100/100 VUs, 0 complete and 0 interrupted iterations
packers   [  18% ] 100 VUs  0m54.0s/5m0s

running (0m55.0s), 100/100 VUs, 0 complete and 0 interrupted iterations
packers   [  18% ] 100 VUs  0m55.0s/5m0s

running (0m56.0s), 100/100 VUs, 0 complete and 0 interrupted iterations
packers   [  19% ] 100 VUs  0m56.0s/5m0s

running (0m57.0s), 100/100 VUs, 0 complete and 0 interrupted iterations
packers   [  19% ] 100 VUs  0m57.0s/5m0s

running (0m58.0s), 100/100 VUs, 0 complete and 0 interrupted iterations
packers   [  19% ] 100 VUs  0m58.0s/5m0s

running (0m59.0s), 100/100 VUs, 0 complete and 0 interrupted iterations
packers   [  20% ] 100 VUs  0m59.0s/5m0s

running (1m00.0s), 100/100 VUs, 0 complete and 0 interrupted iterations
packers   [  20% ] 100 VUs  1m00.0s/5m0s

running (1m01.0s), 100/100 VUs, 14 complete and 0 interrupted iterations
packers   [  20% ] 100 VUs  1m01.0s/5m0s

running (1m02.0s), 100/100 VUs, 17 complete and 0 interrupted iterations
packers   [  21% ] 100 VUs  1m02.0s/5m0s

running (1m03.0s), 100/100 VUs, 19 complete and 0 interrupted iterations
packers   [  21% ] 100 VUs  1m03.0s/5m0s

running (1m04.0s), 100/100 VUs, 20 complete and 0 interrupted iterations
packers   [  21% ] 100 VUs  1m04.0s/5m0s

running (1m05.0s), 100/100 VUs, 22 complete and 0 interrupted iterations
packers   [  22% ] 100 VUs  1m05.0s/5m0s

running (1m06.0s), 100/100 VUs, 23 complete and 0 interrupted iterations
packers   [  22% ] 100 VUs  1m06.0s/5m0s

running (1m07.0s), 100/100 VUs, 24 complete and 0 interrupted iterations
packers   [  22% ] 100 VUs  1m07.0s/5m0s

running (1m08.0s), 100/100 VUs, 25 complete and 0 interrupted iterations
packers   [  23% ] 100 VUs  1m08.0s/5m0s

running (1m09.0s), 100/100 VUs, 28 complete and 0 interrupted iterations
packers   [  23% ] 100 VUs  1m09.0s/5m0s

running (1m10.0s), 100/100 VUs, 31 complete and 0 interrupted iterations
packers   [  23% ] 100 VUs  1m10.0s/5m0s

running (1m11.0s), 100/100 VUs, 32 complete and 0 interrupted iterations
packers   [  24% ] 100 VUs  1m11.0s/5m0s

running (1m12.0s), 100/100 VUs, 35 complete and 0 interrupted iterations
packers   [  24% ] 100 VUs  1m12.0s/5m0s

running (1m13.0s), 100/100 VUs, 37 complete and 0 interrupted iterations
packers   [  24% ] 100 VUs  1m13.0s/5m0s

running (1m14.0s), 100/100 VUs, 38 complete and 0 interrupted iterations
packers   [  25% ] 100 VUs  1m14.0s/5m0s

running (1m15.0s), 100/100 VUs, 39 complete and 0 interrupted iterations
packers   [  25% ] 100 VUs  1m15.0s/5m0s

running (1m16.0s), 100/100 VUs, 40 complete and 0 interrupted iterations
packers   [  25% ] 100 VUs  1m16.0s/5m0s

running (1m17.0s), 100/100 VUs, 42 complete and 0 interrupted iterations
packers   [  26% ] 100 VUs  1m17.0s/5m0s

running (1m18.0s), 100/100 VUs, 43 complete and 0 interrupted iterations
packers   [  26% ] 100 VUs  1m18.0s/5m0s

running (1m19.0s), 100/100 VUs, 43 complete and 0 interrupted iterations
packers   [  26% ] 100 VUs  1m19.0s/5m0s

running (1m20.0s), 100/100 VUs, 43 complete and 0 interrupted iterations
packers   [  27% ] 100 VUs  1m20.0s/5m0s

running (1m21.0s), 100/100 VUs, 45 complete and 0 interrupted iterations
packers   [  27% ] 100 VUs  1m21.0s/5m0s

running (1m22.0s), 100/100 VUs, 45 complete and 0 interrupted iterations
packers   [  27% ] 100 VUs  1m22.0s/5m0s

running (1m23.0s), 100/100 VUs, 45 complete and 0 interrupted iterations
packers   [  28% ] 100 VUs  1m23.0s/5m0s

running (1m24.0s), 100/100 VUs, 47 complete and 0 interrupted iterations
packers   [  28% ] 100 VUs  1m24.0s/5m0s

running (1m25.0s), 100/100 VUs, 50 complete and 0 interrupted iterations
packers   [  28% ] 100 VUs  1m25.0s/5m0s

running (1m26.0s), 100/100 VUs, 50 complete and 0 interrupted iterations
packers   [  29% ] 100 VUs  1m26.0s/5m0s

running (1m27.0s), 100/100 VUs, 50 complete and 0 interrupted iterations
packers   [  29% ] 100 VUs  1m27.0s/5m0s

running (1m28.0s), 100/100 VUs, 52 complete and 0 interrupted iterations
packers   [  29% ] 100 VUs  1m28.0s/5m0s

running (1m29.0s), 100/100 VUs, 53 complete and 0 interrupted iterations
packers   [  30% ] 100 VUs  1m29.0s/5m0s

running (1m30.0s), 100/100 VUs, 56 complete and 0 interrupted iterations
packers   [  30% ] 100 VUs  1m30.0s/5m0s

running (1m31.0s), 100/100 VUs, 57 complete and 0 interrupted iterations
packers   [  30% ] 100 VUs  1m31.0s/5m0s

running (1m32.0s), 100/100 VUs, 58 complete and 0 interrupted iterations
packers   [  31% ] 100 VUs  1m32.0s/5m0s

running (1m33.0s), 100/100 VUs, 60 complete and 0 interrupted iterations
packers   [  31% ] 100 VUs  1m33.0s/5m0s

running (1m34.0s), 100/100 VUs, 63 complete and 0 interrupted iterations
packers   [  31% ] 100 VUs  1m34.0s/5m0s

running (1m35.0s), 100/100 VUs, 64 complete and 0 interrupted iterations
packers   [  32% ] 100 VUs  1m35.0s/5m0s

running (1m36.0s), 100/100 VUs, 64 complete and 0 interrupted iterations
packers   [  32% ] 100 VUs  1m36.0s/5m0s

running (1m37.0s), 100/100 VUs, 68 complete and 0 interrupted iterations
packers   [  32% ] 100 VUs  1m37.0s/5m0s

running (1m38.0s), 100/100 VUs, 69 complete and 0 interrupted iterations
packers   [  33% ] 100 VUs  1m38.0s/5m0s

running (1m39.0s), 100/100 VUs, 71 complete and 0 interrupted iterations
packers   [  33% ] 100 VUs  1m39.0s/5m0s

running (1m40.0s), 100/100 VUs, 73 complete and 0 interrupted iterations
packers   [  33% ] 100 VUs  1m40.0s/5m0s

running (1m41.0s), 100/100 VUs, 75 complete and 0 interrupted iterations
packers   [  34% ] 100 VUs  1m41.0s/5m0s

running (1m42.0s), 100/100 VUs, 77 complete and 0 interrupted iterations
packers   [  34% ] 100 VUs  1m42.0s/5m0s

running (1m43.0s), 100/100 VUs, 78 complete and 0 interrupted iterations
packers   [  34% ] 100 VUs  1m43.0s/5m0s

running (1m44.0s), 100/100 VUs, 80 complete and 0 interrupted iterations
packers   [  35% ] 100 VUs  1m44.0s/5m0s

running (1m45.0s), 100/100 VUs, 84 complete and 0 interrupted iterations
packers   [  35% ] 100 VUs  1m45.0s/5m0s

running (1m46.0s), 100/100 VUs, 87 complete and 0 interrupted iterations
packers   [  35% ] 100 VUs  1m46.0s/5m0s

running (1m47.0s), 100/100 VUs, 92 complete and 0 interrupted iterations
packers   [  36% ] 100 VUs  1m47.0s/5m0s

running (1m48.0s), 100/100 VUs, 94 complete and 0 interrupted iterations
packers   [  36% ] 100 VUs  1m48.0s/5m0s

running (1m49.0s), 100/100 VUs, 95 complete and 0 interrupted iterations
packers   [  36% ] 100 VUs  1m49.0s/5m0s

running (1m50.0s), 100/100 VUs, 99 complete and 0 interrupted iterations
packers   [  37% ] 100 VUs  1m50.0s/5m0s

running (1m51.0s), 100/100 VUs, 100 complete and 0 interrupted iterations
packers   [  37% ] 100 VUs  1m51.0s/5m0s

running (1m52.0s), 100/100 VUs, 100 complete and 0 interrupted iterations
packers   [  37% ] 100 VUs  1m52.0s/5m0s

running (1m53.0s), 100/100 VUs, 100 complete and 0 interrupted iterations
packers   [  38% ] 100 VUs  1m53.0s/5m0s

running (1m54.0s), 100/100 VUs, 100 complete and 0 interrupted iterations
packers   [  38% ] 100 VUs  1m54.0s/5m0s

running (1m55.0s), 100/100 VUs, 100 complete and 0 interrupted iterations
packers   [  38% ] 100 VUs  1m55.0s/5m0s

running (1m56.0s), 100/100 VUs, 100 complete and 0 interrupted iterations
packers   [  39% ] 100 VUs  1m56.0s/5m0s

running (1m57.0s), 100/100 VUs, 100 complete and 0 interrupted iterations
packers   [  39% ] 100 VUs  1m57.0s/5m0s

running (1m58.0s), 100/100 VUs, 100 complete and 0 interrupted iterations
packers   [  39% ] 100 VUs  1m58.0s/5m0s

running (1m59.0s), 100/100 VUs, 100 complete and 0 interrupted iterations
packers   [  40% ] 100 VUs  1m59.0s/5m0s

running (2m00.0s), 100/100 VUs, 100 complete and 0 interrupted iterations
packers   [  40% ] 100 VUs  2m00.0s/5m0s

running (2m01.0s), 100/100 VUs, 114 complete and 0 interrupted iterations
packers   [  40% ] 100 VUs  2m01.0s/5m0s

running (2m02.0s), 100/100 VUs, 117 complete and 0 interrupted iterations
packers   [  41% ] 100 VUs  2m02.0s/5m0s

running (2m03.0s), 100/100 VUs, 119 complete and 0 interrupted iterations
packers   [  41% ] 100 VUs  2m03.0s/5m0s

running (2m04.0s), 100/100 VUs, 120 complete and 0 interrupted iterations
packers   [  41% ] 100 VUs  2m04.0s/5m0s

running (2m05.0s), 100/100 VUs, 122 complete and 0 interrupted iterations
packers   [  42% ] 100 VUs  2m05.0s/5m0s

running (2m06.0s), 100/100 VUs, 123 complete and 0 interrupted iterations
packers   [  42% ] 100 VUs  2m06.0s/5m0s

running (2m07.0s), 100/100 VUs, 124 complete and 0 interrupted iterations
packers   [  42% ] 100 VUs  2m07.0s/5m0s

running (2m08.0s), 100/100 VUs, 125 complete and 0 interrupted iterations
packers   [  43% ] 100 VUs  2m08.0s/5m0s

running (2m09.0s), 100/100 VUs, 128 complete and 0 interrupted iterations
packers   [  43% ] 100 VUs  2m09.0s/5m0s

running (2m10.0s), 100/100 VUs, 131 complete and 0 interrupted iterations
packers   [  43% ] 100 VUs  2m10.0s/5m0s

running (2m11.0s), 100/100 VUs, 132 complete and 0 interrupted iterations
packers   [  44% ] 100 VUs  2m11.0s/5m0s

running (2m12.0s), 100/100 VUs, 135 complete and 0 interrupted iterations
packers   [  44% ] 100 VUs  2m12.0s/5m0s

running (2m13.0s), 100/100 VUs, 137 complete and 0 interrupted iterations
packers   [  44% ] 100 VUs  2m13.0s/5m0s

running (2m14.0s), 100/100 VUs, 138 complete and 0 interrupted iterations
packers   [  45% ] 100 VUs  2m14.0s/5m0s

running (2m15.0s), 100/100 VUs, 139 complete and 0 interrupted iterations
packers   [  45% ] 100 VUs  2m15.0s/5m0s

running (2m16.0s), 100/100 VUs, 140 complete and 0 interrupted iterations
packers   [  45% ] 100 VUs  2m16.0s/5m0s

running (2m17.0s), 100/100 VUs, 142 complete and 0 interrupted iterations
packers   [  46% ] 100 VUs  2m17.0s/5m0s

running (2m18.0s), 100/100 VUs, 143 complete and 0 interrupted iterations
packers   [  46% ] 100 VUs  2m18.0s/5m0s

running (2m19.0s), 100/100 VUs, 143 complete and 0 interrupted iterations
packers   [  46% ] 100 VUs  2m19.0s/5m0s

running (2m20.0s), 100/100 VUs, 143 complete and 0 interrupted iterations
packers   [  47% ] 100 VUs  2m20.0s/5m0s

running (2m21.0s), 100/100 VUs, 145 complete and 0 interrupted iterations
packers   [  47% ] 100 VUs  2m21.0s/5m0s

running (2m22.0s), 100/100 VUs, 145 complete and 0 interrupted iterations
packers   [  47% ] 100 VUs  2m22.0s/5m0s

running (2m23.0s), 100/100 VUs, 145 complete and 0 interrupted iterations
packers   [  48% ] 100 VUs  2m23.0s/5m0s

running (2m24.0s), 100/100 VUs, 147 complete and 0 interrupted iterations
packers   [  48% ] 100 VUs  2m24.0s/5m0s

running (2m25.0s), 100/100 VUs, 150 complete and 0 interrupted iterations
packers   [  48% ] 100 VUs  2m25.0s/5m0s

running (2m26.0s), 100/100 VUs, 150 complete and 0 interrupted iterations
packers   [  49% ] 100 VUs  2m26.0s/5m0s

running (2m27.0s), 100/100 VUs, 150 complete and 0 interrupted iterations
packers   [  49% ] 100 VUs  2m27.0s/5m0s

running (2m28.0s), 100/100 VUs, 152 complete and 0 interrupted iterations
packers   [  49% ] 100 VUs  2m28.0s/5m0s

running (2m29.0s), 100/100 VUs, 153 complete and 0 interrupted iterations
packers   [  50% ] 100 VUs  2m29.0s/5m0s

running (2m30.0s), 100/100 VUs, 156 complete and 0 interrupted iterations
packers   [  50% ] 100 VUs  2m30.0s/5m0s

running (2m31.0s), 100/100 VUs, 157 complete and 0 interrupted iterations
packers   [  50% ] 100 VUs  2m31.0s/5m0s

running (2m32.0s), 100/100 VUs, 158 complete and 0 interrupted iterations
packers   [  51% ] 100 VUs  2m32.0s/5m0s

running (2m33.0s), 100/100 VUs, 160 complete and 0 interrupted iterations
packers   [  51% ] 100 VUs  2m33.0s/5m0s

running (2m34.0s), 100/100 VUs, 163 complete and 0 interrupted iterations
packers   [  51% ] 100 VUs  2m34.0s/5m0s

running (2m35.0s), 100/100 VUs, 164 complete and 0 interrupted iterations
packers   [  52% ] 100 VUs  2m35.0s/5m0s

running (2m36.0s), 100/100 VUs, 164 complete and 0 interrupted iterations
packers   [  52% ] 100 VUs  2m36.0s/5m0s

running (2m37.0s), 100/100 VUs, 168 complete and 0 interrupted iterations
packers   [  52% ] 100 VUs  2m37.0s/5m0s

running (2m38.0s), 100/100 VUs, 169 complete and 0 interrupted iterations
packers   [  53% ] 100 VUs  2m38.0s/5m0s

running (2m39.0s), 100/100 VUs, 171 complete and 0 interrupted iterations
packers   [  53% ] 100 VUs  2m39.0s/5m0s

running (2m40.0s), 100/100 VUs, 173 complete and 0 interrupted iterations
packers   [  53% ] 100 VUs  2m40.0s/5m0s

running (2m41.0s), 100/100 VUs, 175 complete and 0 interrupted iterations
packers   [  54% ] 100 VUs  2m41.0s/5m0s

running (2m42.0s), 100/100 VUs, 177 complete and 0 interrupted iterations
packers   [  54% ] 100 VUs  2m42.0s/5m0s

running (2m43.0s), 100/100 VUs, 178 complete and 0 interrupted iterations
packers   [  54% ] 100 VUs  2m43.0s/5m0s

running (2m44.0s), 100/100 VUs, 180 complete and 0 interrupted iterations
packers   [  55% ] 100 VUs  2m44.0s/5m0s

running (2m45.0s), 100/100 VUs, 184 complete and 0 interrupted iterations
packers   [  55% ] 100 VUs  2m45.0s/5m0s

running (2m46.0s), 100/100 VUs, 187 complete and 0 interrupted iterations
packers   [  55% ] 100 VUs  2m46.0s/5m0s

running (2m47.0s), 100/100 VUs, 192 complete and 0 interrupted iterations
packers   [  56% ] 100 VUs  2m47.0s/5m0s

running (2m48.0s), 100/100 VUs, 194 complete and 0 interrupted iterations
packers   [  56% ] 100 VUs  2m48.0s/5m0s

running (2m49.0s), 100/100 VUs, 195 complete and 0 interrupted iterations
packers   [  56% ] 100 VUs  2m49.0s/5m0s

running (2m50.0s), 100/100 VUs, 199 complete and 0 interrupted iterations
packers   [  57% ] 100 VUs  2m50.0s/5m0s

running (2m51.0s), 100/100 VUs, 200 complete and 0 interrupted iterations
packers   [  57% ] 100 VUs  2m51.0s/5m0s

running (2m52.0s), 100/100 VUs, 200 complete and 0 interrupted iterations
packers   [  57% ] 100 VUs  2m52.0s/5m0s

running (2m53.0s), 100/100 VUs, 200 complete and 0 interrupted iterations
packers   [  58% ] 100 VUs  2m53.0s/5m0s

running (2m54.0s), 100/100 VUs, 200 complete and 0 interrupted iterations
packers   [  58% ] 100 VUs  2m54.0s/5m0s

running (2m55.0s), 100/100 VUs, 200 complete and 0 interrupted iterations
packers   [  58% ] 100 VUs  2m55.0s/5m0s

running (2m56.0s), 100/100 VUs, 200 complete and 0 interrupted iterations
packers   [  59% ] 100 VUs  2m56.0s/5m0s

running (2m57.0s), 100/100 VUs, 200 complete and 0 interrupted iterations
packers   [  59% ] 100 VUs  2m57.0s/5m0s

running (2m58.0s), 100/100 VUs, 200 complete and 0 interrupted iterations
packers   [  59% ] 100 VUs  2m58.0s/5m0s

running (2m59.0s), 100/100 VUs, 200 complete and 0 interrupted iterations
packers   [  60% ] 100 VUs  2m59.0s/5m0s

running (3m00.0s), 100/100 VUs, 200 complete and 0 interrupted iterations
packers   [  60% ] 100 VUs  3m00.0s/5m0s

running (3m01.0s), 100/100 VUs, 214 complete and 0 interrupted iterations
packers   [  60% ] 100 VUs  3m01.0s/5m0s

running (3m02.0s), 100/100 VUs, 217 complete and 0 interrupted iterations
packers   [  61% ] 100 VUs  3m02.0s/5m0s

running (3m03.0s), 100/100 VUs, 219 complete and 0 interrupted iterations
packers   [  61% ] 100 VUs  3m03.0s/5m0s

running (3m04.0s), 100/100 VUs, 220 complete and 0 interrupted iterations
packers   [  61% ] 100 VUs  3m04.0s/5m0s

running (3m05.0s), 100/100 VUs, 222 complete and 0 interrupted iterations
packers   [  62% ] 100 VUs  3m05.0s/5m0s

running (3m06.0s), 100/100 VUs, 223 complete and 0 interrupted iterations
packers   [  62% ] 100 VUs  3m06.0s/5m0s

running (3m07.0s), 100/100 VUs, 224 complete and 0 interrupted iterations
packers   [  62% ] 100 VUs  3m07.0s/5m0s

running (3m08.0s), 100/100 VUs, 225 complete and 0 interrupted iterations
packers   [  63% ] 100 VUs  3m08.0s/5m0s

running (3m09.0s), 100/100 VUs, 228 complete and 0 interrupted iterations
packers   [  63% ] 100 VUs  3m09.0s/5m0s

running (3m10.0s), 100/100 VUs, 231 complete and 0 interrupted iterations
packers   [  63% ] 100 VUs  3m10.0s/5m0s

running (3m11.0s), 100/100 VUs, 232 complete and 0 interrupted iterations
packers   [  64% ] 100 VUs  3m11.0s/5m0s

running (3m12.0s), 100/100 VUs, 235 complete and 0 interrupted iterations
packers   [  64% ] 100 VUs  3m12.0s/5m0s

running (3m13.0s), 100/100 VUs, 237 complete and 0 interrupted iterations
packers   [  64% ] 100 VUs  3m13.0s/5m0s

running (3m14.0s), 100/100 VUs, 238 complete and 0 interrupted iterations
packers   [  65% ] 100 VUs  3m14.0s/5m0s

running (3m15.0s), 100/100 VUs, 239 complete and 0 interrupted iterations
packers   [  65% ] 100 VUs  3m15.0s/5m0s

running (3m16.0s), 100/100 VUs, 240 complete and 0 interrupted iterations
packers   [  65% ] 100 VUs  3m16.0s/5m0s

running (3m17.0s), 100/100 VUs, 242 complete and 0 interrupted iterations
packers   [  66% ] 100 VUs  3m17.0s/5m0s

running (3m18.0s), 100/100 VUs, 243 complete and 0 interrupted iterations
packers   [  66% ] 100 VUs  3m18.0s/5m0s

running (3m19.0s), 100/100 VUs, 243 complete and 0 interrupted iterations
packers   [  66% ] 100 VUs  3m19.0s/5m0s

running (3m20.0s), 100/100 VUs, 243 complete and 0 interrupted iterations
packers   [  67% ] 100 VUs  3m20.0s/5m0s

running (3m21.0s), 100/100 VUs, 245 complete and 0 interrupted iterations
packers   [  67% ] 100 VUs  3m21.0s/5m0s

running (3m22.0s), 100/100 VUs, 245 complete and 0 interrupted iterations
packers   [  67% ] 100 VUs  3m22.0s/5m0s

running (3m23.0s), 100/100 VUs, 245 complete and 0 interrupted iterations
packers   [  68% ] 100 VUs  3m23.0s/5m0s

running (3m24.0s), 100/100 VUs, 247 complete and 0 interrupted iterations
packers   [  68% ] 100 VUs  3m24.0s/5m0s

running (3m25.0s), 100/100 VUs, 250 complete and 0 interrupted iterations
packers   [  68% ] 100 VUs  3m25.0s/5m0s

running (3m26.0s), 100/100 VUs, 250 complete and 0 interrupted iterations
packers   [  69% ] 100 VUs  3m26.0s/5m0s

running (3m27.0s), 100/100 VUs, 250 complete and 0 interrupted iterations
packers   [  69% ] 100 VUs  3m27.0s/5m0s

running (3m28.0s), 100/100 VUs, 252 complete and 0 interrupted iterations
packers   [  69% ] 100 VUs  3m28.0s/5m0s

running (3m29.0s), 100/100 VUs, 253 complete and 0 interrupted iterations
packers   [  70% ] 100 VUs  3m29.0s/5m0s

running (3m30.0s), 100/100 VUs, 256 complete and 0 interrupted iterations
packers   [  70% ] 100 VUs  3m30.0s/5m0s

running (3m31.0s), 100/100 VUs, 257 complete and 0 interrupted iterations
packers   [  70% ] 100 VUs  3m31.0s/5m0s

running (3m32.0s), 100/100 VUs, 258 complete and 0 interrupted iterations
packers   [  71% ] 100 VUs  3m32.0s/5m0s

running (3m33.0s), 100/100 VUs, 260 complete and 0 interrupted iterations
packers   [  71% ] 100 VUs  3m33.0s/5m0s

running (3m34.0s), 100/100 VUs, 263 complete and 0 interrupted iterations
packers   [  71% ] 100 VUs  3m34.0s/5m0s

running (3m35.0s), 100/100 VUs, 264 complete and 0 interrupted iterations
packers   [  72% ] 100 VUs  3m35.0s/5m0s

running (3m36.0s), 100/100 VUs, 264 complete and 0 interrupted iterations
packers   [  72% ] 100 VUs  3m36.0s/5m0s

running (3m37.0s), 100/100 VUs, 268 complete and 0 interrupted iterations
packers   [  72% ] 100 VUs  3m37.0s/5m0s

running (3m38.0s), 100/100 VUs, 269 complete and 0 interrupted iterations
packers   [  73% ] 100 VUs  3m38.0s/5m0s

running (3m39.0s), 100/100 VUs, 271 complete and 0 interrupted iterations
packers   [  73% ] 100 VUs  3m39.0s/5m0s

running (3m40.0s), 100/100 VUs, 273 complete and 0 interrupted iterations
packers   [  73% ] 100 VUs  3m40.0s/5m0s

running (3m41.0s), 100/100 VUs, 275 complete and 0 interrupted iterations
packers   [  74% ] 100 VUs  3m41.0s/5m0s

running (3m42.0s), 100/100 VUs, 277 complete and 0 interrupted iterations
packers   [  74% ] 100 VUs  3m42.0s/5m0s

running (3m43.0s), 100/100 VUs, 278 complete and 0 interrupted iterations
packers   [  74% ] 100 VUs  3m43.0s/5m0s

running (3m44.0s), 100/100 VUs, 280 complete and 0 interrupted iterations
packers   [  75% ] 100 VUs  3m44.0s/5m0s

running (3m45.0s), 100/100 VUs, 284 complete and 0 interrupted iterations
packers   [  75% ] 100 VUs  3m45.0s/5m0s

running (3m46.0s), 100/100 VUs, 287 complete and 0 interrupted iterations
packers   [  75% ] 100 VUs  3m46.0s/5m0s

running (3m47.0s), 100/100 VUs, 292 complete and 0 interrupted iterations
packers   [  76% ] 100 VUs  3m47.0s/5m0s

running (3m48.0s), 100/100 VUs, 294 complete and 0 interrupted iterations
packers   [  76% ] 100 VUs  3m48.0s/5m0s

running (3m49.0s), 100/100 VUs, 295 complete and 0 interrupted iterations
packers   [  76% ] 100 VUs  3m49.0s/5m0s

running (3m50.0s), 100/100 VUs, 299 complete and 0 interrupted iterations
packers   [  77% ] 100 VUs  3m50.0s/5m0s

running (3m51.0s), 100/100 VUs, 300 complete and 0 interrupted iterations
packers   [  77% ] 100 VUs  3m51.0s/5m0s

running (3m52.0s), 100/100 VUs, 300 complete and 0 interrupted iterations
packers   [  77% ] 100 VUs  3m52.0s/5m0s

running (3m53.0s), 100/100 VUs, 300 complete and 0 interrupted iterations
packers   [  78% ] 100 VUs  3m53.0s/5m0s

running (3m54.0s), 100/100 VUs, 300 complete and 0 interrupted iterations
packers   [  78% ] 100 VUs  3m54.0s/5m0s

running (3m55.0s), 100/100 VUs, 300 complete and 0 interrupted iterations
packers   [  78% ] 100 VUs  3m55.0s/5m0s

running (3m56.0s), 100/100 VUs, 300 complete and 0 interrupted iterations
packers   [  79% ] 100 VUs  3m56.0s/5m0s

running (3m57.0s), 100/100 VUs, 300 complete and 0 interrupted iterations
packers   [  79% ] 100 VUs  3m57.0s/5m0s

running (3m58.0s), 100/100 VUs, 300 complete and 0 interrupted iterations
packers   [  79% ] 100 VUs  3m58.0s/5m0s

running (3m59.0s), 100/100 VUs, 300 complete and 0 interrupted iterations
packers   [  80% ] 100 VUs  3m59.0s/5m0s

running (4m00.0s), 100/100 VUs, 300 complete and 0 interrupted iterations
packers   [  80% ] 100 VUs  4m00.0s/5m0s

running (4m01.0s), 100/100 VUs, 314 complete and 0 interrupted iterations
packers   [  80% ] 100 VUs  4m01.0s/5m0s

running (4m02.0s), 100/100 VUs, 317 complete and 0 interrupted iterations
packers   [  81% ] 100 VUs  4m02.0s/5m0s

running (4m03.0s), 100/100 VUs, 319 complete and 0 interrupted iterations
packers   [  81% ] 100 VUs  4m03.0s/5m0s

running (4m04.0s), 100/100 VUs, 320 complete and 0 interrupted iterations
packers   [  81% ] 100 VUs  4m04.0s/5m0s

running (4m05.0s), 100/100 VUs, 322 complete and 0 interrupted iterations
packers   [  82% ] 100 VUs  4m05.0s/5m0s

running (4m06.0s), 100/100 VUs, 323 complete and 0 interrupted iterations
packers   [  82% ] 100 VUs  4m06.0s/5m0s

running (4m07.0s), 100/100 VUs, 324 complete and 0 interrupted iterations
packers   [  82% ] 100 VUs  4m07.0s/5m0s

running (4m08.0s), 100/100 VUs, 325 complete and 0 interrupted iterations
packers   [  83% ] 100 VUs  4m08.0s/5m0s

running (4m09.0s), 100/100 VUs, 328 complete and 0 interrupted iterations
packers   [  83% ] 100 VUs  4m09.0s/5m0s

running (4m10.0s), 100/100 VUs, 331 complete and 0 interrupted iterations
packers   [  83% ] 100 VUs  4m10.0s/5m0s

running (4m11.0s), 100/100 VUs, 332 complete and 0 interrupted iterations
packers   [  84% ] 100 VUs  4m11.0s/5m0s

running (4m12.0s), 100/100 VUs, 335 complete and 0 interrupted iterations
packers   [  84% ] 100 VUs  4m12.0s/5m0s

running (4m13.0s), 100/100 VUs, 337 complete and 0 interrupted iterations
packers   [  84% ] 100 VUs  4m13.0s/5m0s

running (4m14.0s), 100/100 VUs, 338 complete and 0 interrupted iterations
packers   [  85% ] 100 VUs  4m14.0s/5m0s

running (4m15.0s), 100/100 VUs, 339 complete and 0 interrupted iterations
packers   [  85% ] 100 VUs  4m15.0s/5m0s

running (4m16.0s), 100/100 VUs, 340 complete and 0 interrupted iterations
packers   [  85% ] 100 VUs  4m16.0s/5m0s

running (4m17.0s), 100/100 VUs, 342 complete and 0 interrupted iterations
packers   [  86% ] 100 VUs  4m17.0s/5m0s

running (4m18.0s), 100/100 VUs, 343 complete and 0 interrupted iterations
packers   [  86% ] 100 VUs  4m18.0s/5m0s

running (4m19.0s), 100/100 VUs, 343 complete and 0 interrupted iterations
packers   [  86% ] 100 VUs  4m19.0s/5m0s

running (4m20.0s), 100/100 VUs, 343 complete and 0 interrupted iterations
packers   [  87% ] 100 VUs  4m20.0s/5m0s

running (4m21.0s), 100/100 VUs, 345 complete and 0 interrupted iterations
packers   [  87% ] 100 VUs  4m21.0s/5m0s

running (4m22.0s), 100/100 VUs, 345 complete and 0 interrupted iterations
packers   [  87% ] 100 VUs  4m22.0s/5m0s

running (4m23.0s), 100/100 VUs, 345 complete and 0 interrupted iterations
packers   [  88% ] 100 VUs  4m23.0s/5m0s

running (4m24.0s), 100/100 VUs, 347 complete and 0 interrupted iterations
packers   [  88% ] 100 VUs  4m24.0s/5m0s

running (4m25.0s), 100/100 VUs, 350 complete and 0 interrupted iterations
packers   [  88% ] 100 VUs  4m25.0s/5m0s

running (4m26.0s), 100/100 VUs, 350 complete and 0 interrupted iterations
packers   [  89% ] 100 VUs  4m26.0s/5m0s

running (4m27.0s), 100/100 VUs, 350 complete and 0 interrupted iterations
packers   [  89% ] 100 VUs  4m27.0s/5m0s

running (4m28.0s), 100/100 VUs, 352 complete and 0 interrupted iterations
packers   [  89% ] 100 VUs  4m28.0s/5m0s

running (4m29.0s), 100/100 VUs, 353 complete and 0 interrupted iterations
packers   [  90% ] 100 VUs  4m29.0s/5m0s

running (4m30.0s), 100/100 VUs, 356 complete and 0 interrupted iterations
packers   [  90% ] 100 VUs  4m30.0s/5m0s

running (4m31.0s), 100/100 VUs, 357 complete and 0 interrupted iterations
packers   [  90% ] 100 VUs  4m31.0s/5m0s

running (4m32.0s), 100/100 VUs, 358 complete and 0 interrupted iterations
packers   [  91% ] 100 VUs  4m32.0s/5m0s

running (4m33.0s), 100/100 VUs, 360 complete and 0 interrupted iterations
packers   [  91% ] 100 VUs  4m33.0s/5m0s

running (4m34.0s), 100/100 VUs, 363 complete and 0 interrupted iterations
packers   [  91% ] 100 VUs  4m34.0s/5m0s

running (4m35.0s), 100/100 VUs, 364 complete and 0 interrupted iterations
packers   [  92% ] 100 VUs  4m35.0s/5m0s

running (4m36.0s), 100/100 VUs, 364 complete and 0 interrupted iterations
packers   [  92% ] 100 VUs  4m36.0s/5m0s

running (4m37.0s), 100/100 VUs, 368 complete and 0 interrupted iterations
packers   [  92% ] 100 VUs  4m37.0s/5m0s

running (4m38.0s), 100/100 VUs, 369 complete and 0 interrupted iterations
packers   [  93% ] 100 VUs  4m38.0s/5m0s

running (4m39.0s), 100/100 VUs, 371 complete and 0 interrupted iterations
packers   [  93% ] 100 VUs  4m39.0s/5m0s

running (4m40.0s), 100/100 VUs, 373 complete and 0 interrupted iterations
packers   [  93% ] 100 VUs  4m40.0s/5m0s

running (4m41.0s), 100/100 VUs, 375 complete and 0 interrupted iterations
packers   [  94% ] 100 VUs  4m41.0s/5m0s

running (4m42.0s), 100/100 VUs, 377 complete and 0 interrupted iterations
packers   [  94% ] 100 VUs  4m42.0s/5m0s

running (4m43.0s), 100/100 VUs, 378 complete and 0 interrupted iterations
packers   [  94% ] 100 VUs  4m43.0s/5m0s

running (4m44.0s), 100/100 VUs, 380 complete and 0 interrupted iterations
packers   [  95% ] 100 VUs  4m44.0s/5m0s

running (4m45.0s), 100/100 VUs, 384 complete and 0 interrupted iterations
packers   [  95% ] 100 VUs  4m45.0s/5m0s

running (4m46.0s), 100/100 VUs, 387 complete and 0 interrupted iterations
packers   [  95% ] 100 VUs  4m46.0s/5m0s

running (4m47.0s), 100/100 VUs, 392 complete and 0 interrupted iterations
packers   [  96% ] 100 VUs  4m47.0s/5m0s

running (4m48.0s), 100/100 VUs, 394 complete and 0 interrupted iterations
packers   [  96% ] 100 VUs  4m48.0s/5m0s

running (4m49.0s), 100/100 VUs, 395 complete and 0 interrupted iterations
packers   [  96% ] 100 VUs  4m49.0s/5m0s

running (4m50.0s), 100/100 VUs, 399 complete and 0 interrupted iterations
packers   [  97% ] 100 VUs  4m50.0s/5m0s

running (4m51.0s), 100/100 VUs, 400 complete and 0 interrupted iterations
packers   [  97% ] 100 VUs  4m51.0s/5m0s

running (4m52.0s), 100/100 VUs, 400 complete and 0 interrupted iterations
packers   [  97% ] 100 VUs  4m52.0s/5m0s

running (4m53.0s), 100/100 VUs, 400 complete and 0 interrupted iterations
packers   [  98% ] 100 VUs  4m53.0s/5m0s

running (4m54.0s), 100/100 VUs, 400 complete and 0 interrupted iterations
packers   [  98% ] 100 VUs  4m54.0s/5m0s

running (4m55.0s), 100/100 VUs, 400 complete and 0 interrupted iterations
packers   [  98% ] 100 VUs  4m55.0s/5m0s

running (4m56.0s), 100/100 VUs, 400 complete and 0 interrupted iterations
packers   [  99% ] 100 VUs  4m56.0s/5m0s

running (4m57.0s), 100/100 VUs, 400 complete and 0 interrupted iterations
packers   [  99% ] 100 VUs  4m57.0s/5m0s

running (4m58.0s), 100/100 VUs, 400 complete and 0 interrupted iterations
packers   [  99% ] 100 VUs  4m58.0s/5m0s

running (4m59.0s), 100/100 VUs, 400 complete and 0 interrupted iterations
packers   [ 100% ] 100 VUs  4m59.0s/5m0s

running (5m00.0s), 100/100 VUs, 400 complete and 0 interrupted iterations
packers   [ 100% ] 100 VUs  5m00.0s/5m0s

running (5m01.0s), 086/100 VUs, 414 complete and 0 interrupted iterations
packers ↓ [ 100% ] 100 VUs  5m0s

running (5m02.0s), 083/100 VUs, 417 complete and 0 interrupted iterations
packers ↓ [ 100% ] 100 VUs  5m0s

running (5m03.0s), 081/100 VUs, 419 complete and 0 interrupted iterations
packers ↓ [ 100% ] 100 VUs  5m0s

running (5m04.0s), 080/100 VUs, 420 complete and 0 interrupted iterations
packers ↓ [ 100% ] 100 VUs  5m0s

running (5m05.0s), 078/100 VUs, 422 complete and 0 interrupted iterations
packers ↓ [ 100% ] 100 VUs  5m0s

running (5m06.0s), 077/100 VUs, 423 complete and 0 interrupted iterations
packers ↓ [ 100% ] 100 VUs  5m0s

running (5m07.0s), 076/100 VUs, 424 complete and 0 interrupted iterations
packers ↓ [ 100% ] 100 VUs  5m0s

running (5m08.0s), 075/100 VUs, 425 complete and 0 interrupted iterations
packers ↓ [ 100% ] 100 VUs  5m0s

running (5m09.0s), 072/100 VUs, 428 complete and 0 interrupted iterations
packers ↓ [ 100% ] 100 VUs  5m0s

running (5m10.0s), 069/100 VUs, 431 complete and 0 interrupted iterations
packers ↓ [ 100% ] 100 VUs  5m0s

running (5m11.0s), 068/100 VUs, 432 complete and 0 interrupted iterations
packers ↓ [ 100% ] 100 VUs  5m0s

running (5m12.0s), 065/100 VUs, 435 complete and 0 interrupted iterations
packers ↓ [ 100% ] 100 VUs  5m0s

running (5m13.0s), 063/100 VUs, 437 complete and 0 interrupted iterations
packers ↓ [ 100% ] 100 VUs  5m0s

running (5m14.0s), 062/100 VUs, 438 complete and 0 interrupted iterations
packers ↓ [ 100% ] 100 VUs  5m0s

running (5m15.0s), 061/100 VUs, 439 complete and 0 interrupted iterations
packers ↓ [ 100% ] 100 VUs  5m0s

running (5m16.0s), 060/100 VUs, 440 complete and 0 interrupted iterations
packers ↓ [ 100% ] 100 VUs  5m0s

running (5m17.0s), 058/100 VUs, 442 complete and 0 interrupted iterations
packers ↓ [ 100% ] 100 VUs  5m0s

running (5m18.0s), 057/100 VUs, 443 complete and 0 interrupted iterations
packers ↓ [ 100% ] 100 VUs  5m0s

running (5m19.0s), 057/100 VUs, 443 complete and 0 interrupted iterations
packers ↓ [ 100% ] 100 VUs  5m0s

running (5m20.0s), 057/100 VUs, 443 complete and 0 interrupted iterations
packers ↓ [ 100% ] 100 VUs  5m0s

running (5m21.0s), 055/100 VUs, 445 complete and 0 interrupted iterations
packers ↓ [ 100% ] 100 VUs  5m0s

running (5m22.0s), 055/100 VUs, 445 complete and 0 interrupted iterations
packers ↓ [ 100% ] 100 VUs  5m0s

running (5m23.0s), 055/100 VUs, 445 complete and 0 interrupted iterations
packers ↓ [ 100% ] 100 VUs  5m0s

running (5m24.0s), 053/100 VUs, 447 complete and 0 interrupted iterations
packers ↓ [ 100% ] 100 VUs  5m0s

running (5m25.0s), 050/100 VUs, 450 complete and 0 interrupted iterations
packers ↓ [ 100% ] 100 VUs  5m0s

running (5m26.0s), 050/100 VUs, 450 complete and 0 interrupted iterations
packers ↓ [ 100% ] 100 VUs  5m0s

running (5m27.0s), 050/100 VUs, 450 complete and 0 interrupted iterations
packers ↓ [ 100% ] 100 VUs  5m0s

running (5m28.0s), 048/100 VUs, 452 complete and 0 interrupted iterations
packers ↓ [ 100% ] 100 VUs  5m0s

running (5m29.0s), 047/100 VUs, 453 complete and 0 interrupted iterations
packers ↓ [ 100% ] 100 VUs  5m0s

running (5m30.0s), 044/100 VUs, 456 complete and 0 interrupted iterations
packers ↓ [ 100% ] 100 VUs  5m0s


  █ THRESHOLDS 

    complete_duration
    ✓ 'p(95)<500' p(95)=73.33ms


  █ TOTAL RESULTS 

    checks_total.......: 973     2.948472/s
    checks_succeeded...: 100.00% 973 out of 973
    checks_failed......: 0.00%   0 out of 973

    ✓ tote-scan 2xx
    ✓ complete 2xx

    CUSTOM
    complete_duration..............: avg=43.67ms p(50)=40.57ms p(95)=73.33ms p(99)=97.22ms max=173.11ms count=473 
    measured_complete..............: avg=43.07ms p(50)=40.36ms p(95)=70.83ms p(99)=94.09ms max=103.12ms count=459 
    measured_complete_ok...........: 459    1.390903/s
    measured_detail................: avg=20.34ms p(50)=16.56ms p(95)=47.68ms p(99)=68.44ms max=86.3ms   count=401 
    measured_reqs..................: 1260   3.818165/s
    measured_scan..................: avg=27.32ms p(50)=22.13ms p(95)=62.91ms p(99)=98.47ms max=141.2ms  count=400 

    HTTP
    http_req_duration..............: avg=30.71ms p(50)=24.63ms p(95)=59.27ms p(99)=93.58ms max=347.25ms count=1473
      { expected_response:true }...: avg=30.71ms p(50)=24.63ms p(95)=59.27ms p(99)=93.58ms max=347.25ms count=1473
    http_req_failed................: 0.00%  0 out of 1473
    http_reqs......................: 1473   4.463617/s

    EXECUTION
    iteration_duration.............: avg=1m5s    p(50)=1m0s    p(95)=1m41s   p(99)=1m48s   max=1m50s    count=456 
    iterations.....................: 456    1.381812/s
    vus............................: 44     min=44        max=100
    vus_max........................: 100    min=100       max=100

    NETWORK
    data_received..................: 835 kB 2.5 kB/s
    data_sent......................: 311 kB 941 B/s




running (5m30.0s), 000/100 VUs, 456 complete and 44 interrupted iterations
packers ✓ [ 100% ] 100 VUs  5m0s
