K6START=1790355713

         /\      Grafana   /‾‾/  
    /\  /  \     |\  __   /  /   
   /  \/    \    | |/ /  /   ‾‾\ 
  /          \   |   (  |  (‾)  |
 / __________ \  |_|\_\  \_____/ 


     execution: local
        script: k6/packing.js
        output: Prometheus remote write (http://172.31.64.6:9090/api/v1/write)

     scenarios: (100.00%) 1 scenario, 100 max VUs, 4m0s max duration (incl. graceful stop):
              * packers: 100 looping VUs for 3m30s (gracefulStop: 30s)


running (0m01.0s), 100/100 VUs, 0 complete and 0 interrupted iterations
packers   [   0% ] 100 VUs  0m01.0s/3m30s

running (0m02.0s), 100/100 VUs, 10 complete and 0 interrupted iterations
packers   [   1% ] 100 VUs  0m02.0s/3m30s

running (0m03.0s), 100/100 VUs, 43 complete and 0 interrupted iterations
packers   [   1% ] 100 VUs  0m03.0s/3m30s

running (0m04.0s), 100/100 VUs, 92 complete and 0 interrupted iterations
packers   [   2% ] 100 VUs  0m04.0s/3m30s

running (0m05.0s), 100/100 VUs, 139 complete and 0 interrupted iterations
packers   [   2% ] 100 VUs  0m05.0s/3m30s

running (0m06.0s), 100/100 VUs, 188 complete and 0 interrupted iterations
packers   [   3% ] 100 VUs  0m06.0s/3m30s

running (0m07.0s), 100/100 VUs, 238 complete and 0 interrupted iterations
packers   [   3% ] 100 VUs  0m07.0s/3m30s

running (0m08.0s), 100/100 VUs, 305 complete and 0 interrupted iterations
packers   [   4% ] 100 VUs  0m08.0s/3m30s

running (0m09.0s), 100/100 VUs, 374 complete and 0 interrupted iterations
packers   [   4% ] 100 VUs  0m09.0s/3m30s

running (0m10.0s), 100/100 VUs, 443 complete and 0 interrupted iterations
packers   [   5% ] 100 VUs  0m10.0s/3m30s

running (0m11.0s), 100/100 VUs, 513 complete and 0 interrupted iterations
packers   [   5% ] 100 VUs  0m11.0s/3m30s

running (0m12.0s), 100/100 VUs, 593 complete and 0 interrupted iterations
packers   [   6% ] 100 VUs  0m12.0s/3m30s

running (0m13.0s), 100/100 VUs, 671 complete and 0 interrupted iterations
packers   [   6% ] 100 VUs  0m13.0s/3m30s

running (0m14.0s), 100/100 VUs, 755 complete and 0 interrupted iterations
packers   [   7% ] 100 VUs  0m14.0s/3m30s

running (0m15.0s), 100/100 VUs, 833 complete and 0 interrupted iterations
packers   [   7% ] 100 VUs  0m15.0s/3m30s

running (0m16.0s), 100/100 VUs, 911 complete and 0 interrupted iterations
packers   [   8% ] 100 VUs  0m16.0s/3m30s

running (0m17.0s), 100/100 VUs, 986 complete and 0 interrupted iterations
packers   [   8% ] 100 VUs  0m17.0s/3m30s

running (0m18.0s), 100/100 VUs, 1078 complete and 0 interrupted iterations
packers   [   9% ] 100 VUs  0m18.0s/3m30s

running (0m19.0s), 100/100 VUs, 1160 complete and 0 interrupted iterations
packers   [   9% ] 100 VUs  0m19.0s/3m30s

running (0m20.0s), 100/100 VUs, 1255 complete and 0 interrupted iterations
packers   [  10% ] 100 VUs  0m20.0s/3m30s

running (0m21.0s), 100/100 VUs, 1347 complete and 0 interrupted iterations
packers   [  10% ] 100 VUs  0m21.0s/3m30s

running (0m22.0s), 100/100 VUs, 1439 complete and 0 interrupted iterations
packers   [  10% ] 100 VUs  0m22.0s/3m30s

running (0m23.0s), 100/100 VUs, 1541 complete and 0 interrupted iterations
packers   [  11% ] 100 VUs  0m23.0s/3m30s

running (0m24.0s), 100/100 VUs, 1644 complete and 0 interrupted iterations
packers   [  11% ] 100 VUs  0m24.0s/3m30s

running (0m25.0s), 100/100 VUs, 1742 complete and 0 interrupted iterations
packers   [  12% ] 100 VUs  0m25.0s/3m30s

running (0m26.0s), 100/100 VUs, 1847 complete and 0 interrupted iterations
packers   [  12% ] 100 VUs  0m26.0s/3m30s

running (0m27.0s), 100/100 VUs, 1945 complete and 0 interrupted iterations
packers   [  13% ] 100 VUs  0m27.0s/3m30s

running (0m28.0s), 100/100 VUs, 2053 complete and 0 interrupted iterations
packers   [  13% ] 100 VUs  0m28.0s/3m30s

running (0m29.0s), 100/100 VUs, 2149 complete and 0 interrupted iterations
packers   [  14% ] 100 VUs  0m29.0s/3m30s

running (0m30.0s), 100/100 VUs, 2262 complete and 0 interrupted iterations
packers   [  14% ] 100 VUs  0m30.0s/3m30s

running (0m31.0s), 100/100 VUs, 2376 complete and 0 interrupted iterations
packers   [  15% ] 100 VUs  0m31.0s/3m30s

running (0m32.0s), 100/100 VUs, 2483 complete and 0 interrupted iterations
packers   [  15% ] 100 VUs  0m32.0s/3m30s

running (0m33.0s), 100/100 VUs, 2607 complete and 0 interrupted iterations
packers   [  16% ] 100 VUs  0m33.0s/3m30s

running (0m34.0s), 100/100 VUs, 2736 complete and 0 interrupted iterations
packers   [  16% ] 100 VUs  0m34.0s/3m30s

running (0m35.0s), 100/100 VUs, 2862 complete and 0 interrupted iterations
packers   [  17% ] 100 VUs  0m35.0s/3m30s

running (0m36.0s), 100/100 VUs, 2987 complete and 0 interrupted iterations
packers   [  17% ] 100 VUs  0m36.0s/3m30s

running (0m37.0s), 100/100 VUs, 3091 complete and 0 interrupted iterations
packers   [  18% ] 100 VUs  0m37.0s/3m30s

running (0m38.0s), 100/100 VUs, 3212 complete and 0 interrupted iterations
packers   [  18% ] 100 VUs  0m38.0s/3m30s

running (0m39.0s), 100/100 VUs, 3345 complete and 0 interrupted iterations
packers   [  19% ] 100 VUs  0m39.0s/3m30s

running (0m40.0s), 100/100 VUs, 3461 complete and 0 interrupted iterations
packers   [  19% ] 100 VUs  0m40.0s/3m30s

running (0m41.0s), 100/100 VUs, 3583 complete and 0 interrupted iterations
packers   [  20% ] 100 VUs  0m41.0s/3m30s

running (0m42.0s), 100/100 VUs, 3704 complete and 0 interrupted iterations
packers   [  20% ] 100 VUs  0m42.0s/3m30s

running (0m43.0s), 100/100 VUs, 3828 complete and 0 interrupted iterations
packers   [  20% ] 100 VUs  0m43.0s/3m30s

running (0m44.0s), 100/100 VUs, 3964 complete and 0 interrupted iterations
packers   [  21% ] 100 VUs  0m44.0s/3m30s

running (0m45.0s), 100/100 VUs, 4091 complete and 0 interrupted iterations
packers   [  21% ] 100 VUs  0m45.0s/3m30s

running (0m46.0s), 100/100 VUs, 4213 complete and 0 interrupted iterations
packers   [  22% ] 100 VUs  0m46.0s/3m30s

running (0m47.0s), 100/100 VUs, 4348 complete and 0 interrupted iterations
packers   [  22% ] 100 VUs  0m47.0s/3m30s

running (0m48.0s), 100/100 VUs, 4481 complete and 0 interrupted iterations
packers   [  23% ] 100 VUs  0m48.0s/3m30s

running (0m49.0s), 100/100 VUs, 4588 complete and 0 interrupted iterations
packers   [  23% ] 100 VUs  0m49.0s/3m30s

running (0m50.0s), 100/100 VUs, 4717 complete and 0 interrupted iterations
packers   [  24% ] 100 VUs  0m50.0s/3m30s

running (0m51.0s), 100/100 VUs, 4848 complete and 0 interrupted iterations
packers   [  24% ] 100 VUs  0m51.0s/3m30s

running (0m52.0s), 100/100 VUs, 4947 complete and 0 interrupted iterations
packers   [  25% ] 100 VUs  0m52.0s/3m30s

running (0m53.0s), 100/100 VUs, 5067 complete and 0 interrupted iterations
packers   [  25% ] 100 VUs  0m53.0s/3m30s

running (0m54.0s), 100/100 VUs, 5195 complete and 0 interrupted iterations
packers   [  26% ] 100 VUs  0m54.0s/3m30s

running (0m55.0s), 100/100 VUs, 5331 complete and 0 interrupted iterations
packers   [  26% ] 100 VUs  0m55.0s/3m30s

running (0m56.0s), 100/100 VUs, 5475 complete and 0 interrupted iterations
packers   [  27% ] 100 VUs  0m56.0s/3m30s

running (0m57.0s), 100/100 VUs, 5606 complete and 0 interrupted iterations
packers   [  27% ] 100 VUs  0m57.0s/3m30s

running (0m58.0s), 100/100 VUs, 5751 complete and 0 interrupted iterations
packers   [  28% ] 100 VUs  0m58.0s/3m30s

running (0m59.0s), 100/100 VUs, 5890 complete and 0 interrupted iterations
packers   [  28% ] 100 VUs  0m59.0s/3m30s

running (1m00.0s), 100/100 VUs, 6012 complete and 0 interrupted iterations
packers   [  29% ] 100 VUs  1m00.0s/3m30s

running (1m01.0s), 100/100 VUs, 6130 complete and 0 interrupted iterations
packers   [  29% ] 100 VUs  1m01.0s/3m30s

running (1m02.0s), 100/100 VUs, 6272 complete and 0 interrupted iterations
packers   [  30% ] 100 VUs  1m02.0s/3m30s

running (1m03.0s), 100/100 VUs, 6407 complete and 0 interrupted iterations
packers   [  30% ] 100 VUs  1m03.0s/3m30s

running (1m04.0s), 100/100 VUs, 6536 complete and 0 interrupted iterations
packers   [  30% ] 100 VUs  1m04.0s/3m30s

running (1m05.0s), 100/100 VUs, 6667 complete and 0 interrupted iterations
packers   [  31% ] 100 VUs  1m05.0s/3m30s

running (1m06.0s), 100/100 VUs, 6807 complete and 0 interrupted iterations
packers   [  31% ] 100 VUs  1m06.0s/3m30s

running (1m07.0s), 100/100 VUs, 6897 complete and 0 interrupted iterations
packers   [  32% ] 100 VUs  1m07.0s/3m30s

running (1m08.0s), 100/100 VUs, 7010 complete and 0 interrupted iterations
packers   [  32% ] 100 VUs  1m08.0s/3m30s

running (1m09.0s), 100/100 VUs, 7139 complete and 0 interrupted iterations
packers   [  33% ] 100 VUs  1m09.0s/3m30s

running (1m10.0s), 100/100 VUs, 7253 complete and 0 interrupted iterations
packers   [  33% ] 100 VUs  1m10.0s/3m30s

running (1m11.0s), 100/100 VUs, 7350 complete and 0 interrupted iterations
packers   [  34% ] 100 VUs  1m11.0s/3m30s

running (1m12.0s), 100/100 VUs, 7445 complete and 0 interrupted iterations
packers   [  34% ] 100 VUs  1m12.0s/3m30s

running (1m13.0s), 100/100 VUs, 7522 complete and 0 interrupted iterations
packers   [  35% ] 100 VUs  1m13.0s/3m30s

running (1m14.0s), 100/100 VUs, 7663 complete and 0 interrupted iterations
packers   [  35% ] 100 VUs  1m14.0s/3m30s

running (1m15.0s), 100/100 VUs, 7794 complete and 0 interrupted iterations
packers   [  36% ] 100 VUs  1m15.0s/3m30s

running (1m16.0s), 100/100 VUs, 7921 complete and 0 interrupted iterations
packers   [  36% ] 100 VUs  1m16.0s/3m30s

running (1m17.0s), 100/100 VUs, 8038 complete and 0 interrupted iterations
packers   [  37% ] 100 VUs  1m17.0s/3m30s

running (1m18.0s), 100/100 VUs, 8161 complete and 0 interrupted iterations
packers   [  37% ] 100 VUs  1m18.0s/3m30s

running (1m19.0s), 100/100 VUs, 8296 complete and 0 interrupted iterations
packers   [  38% ] 100 VUs  1m19.0s/3m30s

running (1m20.0s), 100/100 VUs, 8433 complete and 0 interrupted iterations
packers   [  38% ] 100 VUs  1m20.0s/3m30s

running (1m21.0s), 100/100 VUs, 8571 complete and 0 interrupted iterations
packers   [  39% ] 100 VUs  1m21.0s/3m30s

running (1m22.0s), 100/100 VUs, 8698 complete and 0 interrupted iterations
packers   [  39% ] 100 VUs  1m22.0s/3m30s

running (1m23.0s), 100/100 VUs, 8840 complete and 0 interrupted iterations
packers   [  40% ] 100 VUs  1m23.0s/3m30s

running (1m24.0s), 100/100 VUs, 8961 complete and 0 interrupted iterations
packers   [  40% ] 100 VUs  1m24.0s/3m30s

running (1m25.0s), 100/100 VUs, 9087 complete and 0 interrupted iterations
packers   [  40% ] 100 VUs  1m25.0s/3m30s

running (1m26.0s), 100/100 VUs, 9225 complete and 0 interrupted iterations
packers   [  41% ] 100 VUs  1m26.0s/3m30s

running (1m27.0s), 100/100 VUs, 9357 complete and 0 interrupted iterations
packers   [  41% ] 100 VUs  1m27.0s/3m30s

running (1m28.0s), 100/100 VUs, 9489 complete and 0 interrupted iterations
packers   [  42% ] 100 VUs  1m28.0s/3m30s

running (1m29.0s), 100/100 VUs, 9592 complete and 0 interrupted iterations
packers   [  42% ] 100 VUs  1m29.0s/3m30s

running (1m30.0s), 100/100 VUs, 9712 complete and 0 interrupted iterations
packers   [  43% ] 100 VUs  1m30.0s/3m30s

running (1m31.0s), 100/100 VUs, 9823 complete and 0 interrupted iterations
packers   [  43% ] 100 VUs  1m31.0s/3m30s

running (1m32.0s), 100/100 VUs, 9960 complete and 0 interrupted iterations
packers   [  44% ] 100 VUs  1m32.0s/3m30s

running (1m33.0s), 100/100 VUs, 10091 complete and 0 interrupted iterations
packers   [  44% ] 100 VUs  1m33.0s/3m30s

running (1m34.0s), 100/100 VUs, 10225 complete and 0 interrupted iterations
packers   [  45% ] 100 VUs  1m34.0s/3m30s

running (1m35.0s), 100/100 VUs, 10363 complete and 0 interrupted iterations
packers   [  45% ] 100 VUs  1m35.0s/3m30s

running (1m36.0s), 100/100 VUs, 10484 complete and 0 interrupted iterations
packers   [  46% ] 100 VUs  1m36.0s/3m30s

running (1m37.0s), 100/100 VUs, 10587 complete and 0 interrupted iterations
packers   [  46% ] 100 VUs  1m37.0s/3m30s

running (1m38.0s), 100/100 VUs, 10725 complete and 0 interrupted iterations
packers   [  47% ] 100 VUs  1m38.0s/3m30s

running (1m39.0s), 100/100 VUs, 10860 complete and 0 interrupted iterations
packers   [  47% ] 100 VUs  1m39.0s/3m30s

running (1m40.0s), 100/100 VUs, 10972 complete and 0 interrupted iterations
packers   [  48% ] 100 VUs  1m40.0s/3m30s

running (1m41.0s), 100/100 VUs, 11087 complete and 0 interrupted iterations
packers   [  48% ] 100 VUs  1m41.0s/3m30s

running (1m42.0s), 100/100 VUs, 11204 complete and 0 interrupted iterations
packers   [  49% ] 100 VUs  1m42.0s/3m30s

running (1m43.0s), 100/100 VUs, 11340 complete and 0 interrupted iterations
packers   [  49% ] 100 VUs  1m43.0s/3m30s

running (1m44.0s), 100/100 VUs, 11476 complete and 0 interrupted iterations
packers   [  50% ] 100 VUs  1m44.0s/3m30s

running (1m45.0s), 100/100 VUs, 11616 complete and 0 interrupted iterations
packers   [  50% ] 100 VUs  1m45.0s/3m30s

running (1m46.0s), 100/100 VUs, 11740 complete and 0 interrupted iterations
packers   [  50% ] 100 VUs  1m46.0s/3m30s

running (1m47.0s), 100/100 VUs, 11842 complete and 0 interrupted iterations
packers   [  51% ] 100 VUs  1m47.0s/3m30s

running (1m48.0s), 100/100 VUs, 11962 complete and 0 interrupted iterations
packers   [  51% ] 100 VUs  1m48.0s/3m30s

running (1m49.0s), 100/100 VUs, 12068 complete and 0 interrupted iterations
packers   [  52% ] 100 VUs  1m49.0s/3m30s

running (1m50.0s), 100/100 VUs, 12197 complete and 0 interrupted iterations
packers   [  52% ] 100 VUs  1m50.0s/3m30s

running (1m51.0s), 100/100 VUs, 12338 complete and 0 interrupted iterations
packers   [  53% ] 100 VUs  1m51.0s/3m30s

running (1m52.0s), 100/100 VUs, 12436 complete and 0 interrupted iterations
packers   [  53% ] 100 VUs  1m52.0s/3m30s

running (1m53.0s), 100/100 VUs, 12566 complete and 0 interrupted iterations
packers   [  54% ] 100 VUs  1m53.0s/3m30s

running (1m54.0s), 100/100 VUs, 12679 complete and 0 interrupted iterations
packers   [  54% ] 100 VUs  1m54.0s/3m30s

running (1m55.0s), 100/100 VUs, 12805 complete and 0 interrupted iterations
packers   [  55% ] 100 VUs  1m55.0s/3m30s

running (1m56.0s), 100/100 VUs, 12933 complete and 0 interrupted iterations
packers   [  55% ] 100 VUs  1m56.0s/3m30s

running (1m57.0s), 100/100 VUs, 13067 complete and 0 interrupted iterations
packers   [  56% ] 100 VUs  1m57.0s/3m30s

running (1m58.0s), 100/100 VUs, 13202 complete and 0 interrupted iterations
packers   [  56% ] 100 VUs  1m58.0s/3m30s

running (1m59.0s), 100/100 VUs, 13338 complete and 0 interrupted iterations
packers   [  57% ] 100 VUs  1m59.0s/3m30s

running (2m00.0s), 100/100 VUs, 13450 complete and 0 interrupted iterations
packers   [  57% ] 100 VUs  2m00.0s/3m30s

running (2m01.0s), 100/100 VUs, 13563 complete and 0 interrupted iterations
packers   [  58% ] 100 VUs  2m01.0s/3m30s

running (2m02.0s), 100/100 VUs, 13699 complete and 0 interrupted iterations
packers   [  58% ] 100 VUs  2m02.0s/3m30s

running (2m03.0s), 100/100 VUs, 13831 complete and 0 interrupted iterations
packers   [  59% ] 100 VUs  2m03.0s/3m30s

running (2m04.0s), 100/100 VUs, 13961 complete and 0 interrupted iterations
packers   [  59% ] 100 VUs  2m04.0s/3m30s

running (2m05.0s), 100/100 VUs, 14099 complete and 0 interrupted iterations
packers   [  60% ] 100 VUs  2m05.0s/3m30s

running (2m06.0s), 100/100 VUs, 14203 complete and 0 interrupted iterations
packers   [  60% ] 100 VUs  2m06.0s/3m30s

running (2m07.0s), 100/100 VUs, 14304 complete and 0 interrupted iterations
packers   [  60% ] 100 VUs  2m07.0s/3m30s

running (2m08.0s), 100/100 VUs, 14410 complete and 0 interrupted iterations
packers   [  61% ] 100 VUs  2m08.0s/3m30s

running (2m09.0s), 100/100 VUs, 14541 complete and 0 interrupted iterations
packers   [  61% ] 100 VUs  2m09.0s/3m30s

running (2m10.0s), 100/100 VUs, 14651 complete and 0 interrupted iterations
packers   [  62% ] 100 VUs  2m10.0s/3m30s

running (2m11.0s), 100/100 VUs, 14781 complete and 0 interrupted iterations
packers   [  62% ] 100 VUs  2m11.0s/3m30s

running (2m12.0s), 100/100 VUs, 14887 complete and 0 interrupted iterations
packers   [  63% ] 100 VUs  2m12.0s/3m30s

running (2m13.0s), 100/100 VUs, 15020 complete and 0 interrupted iterations
packers   [  63% ] 100 VUs  2m13.0s/3m30s

running (2m14.0s), 100/100 VUs, 15156 complete and 0 interrupted iterations
packers   [  64% ] 100 VUs  2m14.0s/3m30s

running (2m15.0s), 100/100 VUs, 15274 complete and 0 interrupted iterations
packers   [  64% ] 100 VUs  2m15.0s/3m30s

running (2m16.0s), 100/100 VUs, 15396 complete and 0 interrupted iterations
packers   [  65% ] 100 VUs  2m16.0s/3m30s

running (2m17.0s), 100/100 VUs, 15520 complete and 0 interrupted iterations
packers   [  65% ] 100 VUs  2m17.0s/3m30s

running (2m18.0s), 100/100 VUs, 15632 complete and 0 interrupted iterations
packers   [  66% ] 100 VUs  2m18.0s/3m30s

running (2m19.0s), 100/100 VUs, 15765 complete and 0 interrupted iterations
packers   [  66% ] 100 VUs  2m19.0s/3m30s

running (2m20.0s), 100/100 VUs, 15892 complete and 0 interrupted iterations
packers   [  67% ] 100 VUs  2m20.0s/3m30s

running (2m21.0s), 100/100 VUs, 16010 complete and 0 interrupted iterations
packers   [  67% ] 100 VUs  2m21.0s/3m30s

running (2m22.0s), 100/100 VUs, 16136 complete and 0 interrupted iterations
packers   [  68% ] 100 VUs  2m22.0s/3m30s

running (2m23.0s), 100/100 VUs, 16272 complete and 0 interrupted iterations
packers   [  68% ] 100 VUs  2m23.0s/3m30s

running (2m24.0s), 100/100 VUs, 16386 complete and 0 interrupted iterations
packers   [  69% ] 100 VUs  2m24.0s/3m30s

running (2m25.0s), 100/100 VUs, 16508 complete and 0 interrupted iterations
packers   [  69% ] 100 VUs  2m25.0s/3m30s

running (2m26.0s), 100/100 VUs, 16633 complete and 0 interrupted iterations
packers   [  70% ] 100 VUs  2m26.0s/3m30s

running (2m27.0s), 100/100 VUs, 16765 complete and 0 interrupted iterations
packers   [  70% ] 100 VUs  2m27.0s/3m30s

running (2m28.0s), 100/100 VUs, 16901 complete and 0 interrupted iterations
packers   [  70% ] 100 VUs  2m28.0s/3m30s

running (2m29.0s), 100/100 VUs, 17024 complete and 0 interrupted iterations
packers   [  71% ] 100 VUs  2m29.0s/3m30s

running (2m30.0s), 100/100 VUs, 17134 complete and 0 interrupted iterations
packers   [  71% ] 100 VUs  2m30.0s/3m30s

running (2m31.0s), 100/100 VUs, 17224 complete and 0 interrupted iterations
packers   [  72% ] 100 VUs  2m31.0s/3m30s

running (2m32.0s), 100/100 VUs, 17349 complete and 0 interrupted iterations
packers   [  72% ] 100 VUs  2m32.0s/3m30s

running (2m33.0s), 100/100 VUs, 17482 complete and 0 interrupted iterations
packers   [  73% ] 100 VUs  2m33.0s/3m30s

running (2m34.0s), 100/100 VUs, 17611 complete and 0 interrupted iterations
packers   [  73% ] 100 VUs  2m34.0s/3m30s

running (2m35.0s), 100/100 VUs, 17745 complete and 0 interrupted iterations
packers   [  74% ] 100 VUs  2m35.0s/3m30s

running (2m36.0s), 100/100 VUs, 17852 complete and 0 interrupted iterations
packers   [  74% ] 100 VUs  2m36.0s/3m30s

running (2m37.0s), 100/100 VUs, 17968 complete and 0 interrupted iterations
packers   [  75% ] 100 VUs  2m37.0s/3m30s

running (2m38.0s), 100/100 VUs, 18098 complete and 0 interrupted iterations
packers   [  75% ] 100 VUs  2m38.0s/3m30s

running (2m39.0s), 100/100 VUs, 18237 complete and 0 interrupted iterations
packers   [  76% ] 100 VUs  2m39.0s/3m30s

running (2m40.0s), 100/100 VUs, 18352 complete and 0 interrupted iterations
packers   [  76% ] 100 VUs  2m40.0s/3m30s

running (2m41.0s), 100/100 VUs, 18475 complete and 0 interrupted iterations
packers   [  77% ] 100 VUs  2m41.0s/3m30s

running (2m42.0s), 100/100 VUs, 18584 complete and 0 interrupted iterations
packers   [  77% ] 100 VUs  2m42.0s/3m30s

running (2m43.0s), 100/100 VUs, 18714 complete and 0 interrupted iterations
packers   [  78% ] 100 VUs  2m43.0s/3m30s

running (2m44.0s), 100/100 VUs, 18845 complete and 0 interrupted iterations
packers   [  78% ] 100 VUs  2m44.0s/3m30s

running (2m45.0s), 100/100 VUs, 18972 complete and 0 interrupted iterations
packers   [  79% ] 100 VUs  2m45.0s/3m30s

running (2m46.0s), 100/100 VUs, 19080 complete and 0 interrupted iterations
packers   [  79% ] 100 VUs  2m46.0s/3m30s

running (2m47.0s), 100/100 VUs, 19195 complete and 0 interrupted iterations
packers   [  80% ] 100 VUs  2m47.0s/3m30s

running (2m48.0s), 100/100 VUs, 19301 complete and 0 interrupted iterations
packers   [  80% ] 100 VUs  2m48.0s/3m30s

running (2m49.0s), 100/100 VUs, 19405 complete and 0 interrupted iterations
packers   [  80% ] 100 VUs  2m49.0s/3m30s

running (2m50.0s), 100/100 VUs, 19527 complete and 0 interrupted iterations
packers   [  81% ] 100 VUs  2m50.0s/3m30s

running (2m51.0s), 100/100 VUs, 19662 complete and 0 interrupted iterations
packers   [  81% ] 100 VUs  2m51.0s/3m30s

running (2m52.0s), 100/100 VUs, 19760 complete and 0 interrupted iterations
packers   [  82% ] 100 VUs  2m52.0s/3m30s

running (2m53.0s), 100/100 VUs, 19882 complete and 0 interrupted iterations
packers   [  82% ] 100 VUs  2m53.0s/3m30s

running (2m54.0s), 100/100 VUs, 19997 complete and 0 interrupted iterations
packers   [  83% ] 100 VUs  2m54.0s/3m30s

running (2m55.0s), 100/100 VUs, 20115 complete and 0 interrupted iterations
packers   [  83% ] 100 VUs  2m55.0s/3m30s

running (2m56.0s), 100/100 VUs, 20243 complete and 0 interrupted iterations
packers   [  84% ] 100 VUs  2m56.0s/3m30s

running (2m57.0s), 100/100 VUs, 20366 complete and 0 interrupted iterations
packers   [  84% ] 100 VUs  2m57.0s/3m30s

running (2m58.0s), 100/100 VUs, 20496 complete and 0 interrupted iterations
packers   [  85% ] 100 VUs  2m58.0s/3m30s

running (2m59.0s), 100/100 VUs, 20626 complete and 0 interrupted iterations
packers   [  85% ] 100 VUs  2m59.0s/3m30s

running (3m00.0s), 100/100 VUs, 20734 complete and 0 interrupted iterations
packers   [  86% ] 100 VUs  3m00.0s/3m30s

running (3m01.0s), 100/100 VUs, 20846 complete and 0 interrupted iterations
packers   [  86% ] 100 VUs  3m01.0s/3m30s

running (3m02.0s), 100/100 VUs, 20969 complete and 0 interrupted iterations
packers   [  87% ] 100 VUs  3m02.0s/3m30s

running (3m03.0s), 100/100 VUs, 21105 complete and 0 interrupted iterations
packers   [  87% ] 100 VUs  3m03.0s/3m30s

running (3m04.0s), 100/100 VUs, 21234 complete and 0 interrupted iterations
packers   [  88% ] 100 VUs  3m04.0s/3m30s

running (3m05.0s), 100/100 VUs, 21365 complete and 0 interrupted iterations
packers   [  88% ] 100 VUs  3m05.0s/3m30s

running (3m06.0s), 100/100 VUs, 21475 complete and 0 interrupted iterations
packers   [  89% ] 100 VUs  3m06.0s/3m30s

running (3m07.0s), 100/100 VUs, 21568 complete and 0 interrupted iterations
packers   [  89% ] 100 VUs  3m07.0s/3m30s

running (3m08.0s), 100/100 VUs, 21660 complete and 0 interrupted iterations
packers   [  90% ] 100 VUs  3m08.0s/3m30s

running (3m09.0s), 100/100 VUs, 21782 complete and 0 interrupted iterations
packers   [  90% ] 100 VUs  3m09.0s/3m30s

running (3m10.0s), 100/100 VUs, 21892 complete and 0 interrupted iterations
packers   [  90% ] 100 VUs  3m10.0s/3m30s

running (3m11.0s), 100/100 VUs, 21999 complete and 0 interrupted iterations
packers   [  91% ] 100 VUs  3m11.0s/3m30s

running (3m12.0s), 100/100 VUs, 22108 complete and 0 interrupted iterations
packers   [  91% ] 100 VUs  3m12.0s/3m30s

running (3m13.0s), 100/100 VUs, 22202 complete and 0 interrupted iterations
packers   [  92% ] 100 VUs  3m13.0s/3m30s

running (3m14.0s), 100/100 VUs, 22332 complete and 0 interrupted iterations
packers   [  92% ] 100 VUs  3m14.0s/3m30s

running (3m15.0s), 100/100 VUs, 22454 complete and 0 interrupted iterations
packers   [  93% ] 100 VUs  3m15.0s/3m30s

running (3m16.0s), 100/100 VUs, 22562 complete and 0 interrupted iterations
packers   [  93% ] 100 VUs  3m16.0s/3m30s

running (3m17.0s), 100/100 VUs, 22684 complete and 0 interrupted iterations
packers   [  94% ] 100 VUs  3m17.0s/3m30s

running (3m18.0s), 100/100 VUs, 22814 complete and 0 interrupted iterations
packers   [  94% ] 100 VUs  3m18.0s/3m30s

running (3m19.0s), 100/100 VUs, 22923 complete and 0 interrupted iterations
packers   [  95% ] 100 VUs  3m19.0s/3m30s

running (3m20.0s), 100/100 VUs, 23050 complete and 0 interrupted iterations
packers   [  95% ] 100 VUs  3m20.0s/3m30s

running (3m21.0s), 100/100 VUs, 23174 complete and 0 interrupted iterations
packers   [  96% ] 100 VUs  3m21.0s/3m30s

running (3m22.0s), 100/100 VUs, 23292 complete and 0 interrupted iterations
packers   [  96% ] 100 VUs  3m22.0s/3m30s

running (3m23.0s), 100/100 VUs, 23413 complete and 0 interrupted iterations
packers   [  97% ] 100 VUs  3m23.0s/3m30s

running (3m24.0s), 100/100 VUs, 23546 complete and 0 interrupted iterations
packers   [  97% ] 100 VUs  3m24.0s/3m30s

running (3m25.0s), 100/100 VUs, 23638 complete and 0 interrupted iterations
packers   [  98% ] 100 VUs  3m25.0s/3m30s

running (3m26.0s), 100/100 VUs, 23764 complete and 0 interrupted iterations
packers   [  98% ] 100 VUs  3m26.0s/3m30s

running (3m27.0s), 100/100 VUs, 23890 complete and 0 interrupted iterations
packers   [  99% ] 100 VUs  3m27.0s/3m30s

running (3m28.0s), 100/100 VUs, 24025 complete and 0 interrupted iterations
packers   [  99% ] 100 VUs  3m28.0s/3m30s

running (3m29.0s), 100/100 VUs, 24141 complete and 0 interrupted iterations
packers   [ 100% ] 100 VUs  3m29.0s/3m30s

running (3m30.0s), 100/100 VUs, 24275 complete and 0 interrupted iterations
packers   [ 100% ] 100 VUs  3m30.0s/3m30s

running (3m30.9s), 000/100 VUs, 24377 complete and 0 interrupted iterations
packers ✓ [ 100% ] 100 VUs  3m30s


  █ THRESHOLDS 

    complete_duration
    ✗ 'p(95)<500' p(95)=526.85ms


  █ TOTAL RESULTS 

    checks_total.......: 73131   346.690625/s
    checks_succeeded...: 100.00% 73131 out of 73131
    checks_failed......: 0.00%   0 out of 73131

    ✓ tote-scan 2xx
    ✓ shipment-detail 2xx
    ✓ complete 2xx

    CUSTOM
    complete_duration..............: avg=304.6ms  p(50)=281.35ms p(95)=526.85ms p(99)=846.89ms max=2.1s     count=24377
    measured_complete..............: avg=290.23ms p(50)=278.38ms p(95)=472.65ms p(99)=606.19ms max=914.03ms count=22012
    measured_complete_ok...........: 22012 104.351835/s
    measured_detail................: avg=260.9ms  p(50)=246.5ms  p(95)=429.68ms p(99)=563.43ms max=903.58ms count=22016
    measured_reqs..................: 66030 313.02706/s
    measured_scan..................: avg=266.28ms p(50)=252.04ms p(95)=444.51ms p(99)=571.99ms max=1.1s     count=22002

    HTTP
    http_req_duration..............: avg=287.6ms  p(50)=261.64ms p(95)=506.8ms  p(99)=830.37ms max=2.73s    count=73131
      { expected_response:true }...: avg=287.6ms  p(50)=261.64ms p(95)=506.8ms  p(99)=830.37ms max=2.73s    count=73131
    http_req_failed................: 0.00% 0 out of 73131
    http_reqs......................: 73131 346.690625/s

    EXECUTION
    iteration_duration.............: avg=863.34ms p(50)=794.44ms p(95)=1.24s    p(99)=2.09s    max=4.66s    count=24377
    iterations.....................: 24377 115.563542/s
    vus............................: 100   min=100        max=100
    vus_max........................: 100   min=100        max=100

    NETWORK
    data_received..................: 41 MB 194 kB/s
    data_sent......................: 16 MB 73 kB/s




running (3m30.9s), 000/100 VUs, 24377 complete and 0 interrupted iterations
packers ✓ [ 100% ] 100 VUs  3m30s
time="2026-09-25T17:05:24Z" level=error msg="thresholds on metrics 'complete_duration' have been crossed"
