To honour the JVM settings for this build a single-use Daemon process will be forked. For more on this, please refer to https://docs.gradle.org/9.7.1/userguide/gradle_daemon.html#sec:disabling_the_daemon in the Gradle documentation.
Daemon will be stopped at the end of the build 
> Task :compileJava UP-TO-DATE
> Task :processResources UP-TO-DATE
> Task :classes UP-TO-DATE
> Task :compileTestJava
> Task :processTestResources NO-SOURCE
> Task :testClasses

> Task :benchmark FAILED

CartonizationBenchmark > 배치_크기별_편성_시간() FAILED
    java.lang.NullPointerException at CartonizationBenchmark.java:151

1 test completed, 1 failed

FAILURE: Build failed with an exception.

* What went wrong:
Execution failed for task ':benchmark'.
> There were failing tests. See the report at: file:///Users/idong-u/cjj/backend-weight/build/reports/tests/benchmark/index.html

* Try:
> Run with --scan to get full insights from a Build Scan (powered by Develocity).

BUILD FAILED in 8s
4 actionable tasks: 2 executed, 2 up-to-date
