To honour the JVM settings for this build a single-use Daemon process will be forked. For more on this, please refer to https://docs.gradle.org/9.7.1/userguide/gradle_daemon.html#sec:disabling_the_daemon in the Gradle documentation.
Daemon will be stopped at the end of the build 
> Task :compileJava UP-TO-DATE
> Task :processResources UP-TO-DATE
> Task :classes UP-TO-DATE
> Task :compileTestJava UP-TO-DATE
> Task :processTestResources NO-SOURCE
> Task :testClasses UP-TO-DATE

> Task :benchmark

CartonizationBenchmark > 배치_크기별_편성_시간() STANDARD_OUT
    # 카토나이제이션 확장성 측정

    측정 시각: 2026-09-14 23:36

    ## 측정 환경

    | 항목 | 값 |
    | --- | --- |
    | CPU | Apple M2 Pro |
    | 논리 코어 | 10 |
    | JDK | 25.0.1 (OpenJDK 64-Bit Server VM) |
    | OS | Mac OS X 26.2 aarch64 |

    ## 입력

    - SKU 500종 — 시연 상품 11종의 치수를 ±20% 흔들고, 무게는 기준 상품의 밀도 × 흔든 부피로 만들었다 (난수 씨앗 고정)
    - 주문 1건 = 1~10줄, 줄마다 다른 SKU 1~5개. 주문당 평균 낱개 16.5개, 최대 45개
    - 박스 A~F호 6종, 요금 5구간, 접수 한도 세변합 160cm / 최장변 100cm / 총무게 20kg
    - 큰 배치는 작은 배치의 주문을 그대로 포함한다(같은 스트림의 앞부분). 워밍업 200건은 버렸다
    - 단일 스레드, `Cartonizer.cartonize` 호출만 측정 (DB·직렬화 없음)

    ## 배치 크기별 결과

    | 주문 수 | 총 시간(ms) | 주문당 평균(ms) | p50(ms) | p95(ms) | 최대(ms) | 분할 주문 | 통째 수용 |
    | ---: | ---: | ---: | ---: | ---: | ---: | ---: | ---: |
    | 100 | 361.940 | 3.619 | 1.805 | 12.821 | 16.943 | 15 (15.0%) | 77 (77.0%) |
    | 1000 | 4005.553 | 4.006 | 2.368 | 12.912 | 31.170 | 216 (21.6%) | 726 (72.6%) |
    | 5000 | 20986.404 | 4.197 | 2.349 | 13.784 | 96.625 | 999 (20.0%) | 3620 (72.4%) |

    ## 가장 오래 걸린 주문 10건 (5000건 배치)

    | 순위 | 주문 번호 | 줄 수 | 낱개 수 | 배송단위 | 시간(ms) |
    | ---: | ---: | ---: | ---: | ---: | ---: |
    | 1 | 3437 | 8 | 25 | 1 | 96.625 |
    | 2 | 2780 | 10 | 42 | 1 | 55.195 |
    | 3 | 1249 | 10 | 38 | 1 | 41.125 |
    | 4 | 3263 | 9 | 32 | 1 | 38.765 |
    | 5 | 4798 | 10 | 38 | 3 | 36.424 |
    | 6 | 4128 | 9 | 34 | 2 | 36.121 |
    | 7 | 1972 | 9 | 33 | 1 | 34.609 |
    | 8 | 2867 | 10 | 42 | 2 | 33.389 |
    | 9 | 3734 | 10 | 33 | 1 | 33.172 |
    | 10 | 536 | 10 | 31 | 2 | 31.646 |



BUILD SUCCESSFUL in 33s
4 actionable tasks: 1 executed, 3 up-to-date
Consider enabling configuration cache to speed up this build: https://docs.gradle.org/9.7.1/userguide/configuration_cache_enabling.html
