K6START=1790344920

         /\      Grafana   /‾‾/  
    /\  /  \     |\  __   /  /   
   /  \/    \    | |/ /  /   ‾‾\ 
  /          \   |   (  |  (‾)  |
 / __________ \  |_|\_\  \_____/ 


     execution: local
        script: k6/packing.js
        output: Prometheus remote write (http://172.31.64.6:9090/api/v1/write)

     scenarios: (100.00%) 1 scenario, 300 max VUs, 5m30s max duration (incl. graceful stop):
              * packers: 300 looping VUs for 5m0s (gracefulStop: 30s)


running (0m00.9s), 300/300 VUs, 0 complete and 0 interrupted iterations
packers   [   0% ] 300 VUs  0m00.9s/5m0s

running (0m01.9s), 300/300 VUs, 0 complete and 0 interrupted iterations
packers   [   1% ] 300 VUs  0m01.9s/5m0s

running (0m02.9s), 300/300 VUs, 0 complete and 0 interrupted iterations
packers   [   1% ] 300 VUs  0m02.9s/5m0s

running (0m03.9s), 300/300 VUs, 0 complete and 0 interrupted iterations
packers   [   1% ] 300 VUs  0m03.9s/5m0s

running (0m04.9s), 300/300 VUs, 0 complete and 0 interrupted iterations
packers   [   2% ] 300 VUs  0m04.9s/5m0s

running (0m05.9s), 300/300 VUs, 0 complete and 0 interrupted iterations
packers   [   2% ] 300 VUs  0m05.9s/5m0s

running (0m06.9s), 300/300 VUs, 0 complete and 0 interrupted iterations
packers   [   2% ] 300 VUs  0m06.9s/5m0s

running (0m07.9s), 300/300 VUs, 0 complete and 0 interrupted iterations
packers   [   3% ] 300 VUs  0m07.9s/5m0s

running (0m08.9s), 300/300 VUs, 0 complete and 0 interrupted iterations
packers   [   3% ] 300 VUs  0m08.9s/5m0s

running (0m09.9s), 300/300 VUs, 0 complete and 0 interrupted iterations
packers   [   3% ] 300 VUs  0m09.9s/5m0s

running (0m10.9s), 300/300 VUs, 0 complete and 0 interrupted iterations
packers   [   4% ] 300 VUs  0m10.9s/5m0s

running (0m11.9s), 300/300 VUs, 0 complete and 0 interrupted iterations
packers   [   4% ] 300 VUs  0m11.9s/5m0s

running (0m12.9s), 300/300 VUs, 0 complete and 0 interrupted iterations
packers   [   4% ] 300 VUs  0m12.9s/5m0s

running (0m13.9s), 300/300 VUs, 0 complete and 0 interrupted iterations
packers   [   5% ] 300 VUs  0m13.9s/5m0s

running (0m14.9s), 300/300 VUs, 0 complete and 0 interrupted iterations
packers   [   5% ] 300 VUs  0m14.9s/5m0s

running (0m15.9s), 300/300 VUs, 0 complete and 0 interrupted iterations
packers   [   5% ] 300 VUs  0m15.9s/5m0s

running (0m16.9s), 300/300 VUs, 0 complete and 0 interrupted iterations
packers   [   6% ] 300 VUs  0m16.9s/5m0s

running (0m17.9s), 300/300 VUs, 0 complete and 0 interrupted iterations
packers   [   6% ] 300 VUs  0m17.9s/5m0s

running (0m18.9s), 300/300 VUs, 0 complete and 0 interrupted iterations
packers   [   6% ] 300 VUs  0m18.9s/5m0s

running (0m19.9s), 300/300 VUs, 0 complete and 0 interrupted iterations
packers   [   7% ] 300 VUs  0m19.9s/5m0s

running (0m20.9s), 300/300 VUs, 0 complete and 0 interrupted iterations
packers   [   7% ] 300 VUs  0m20.9s/5m0s

running (0m21.9s), 300/300 VUs, 0 complete and 0 interrupted iterations
packers   [   7% ] 300 VUs  0m21.9s/5m0s

running (0m22.9s), 300/300 VUs, 0 complete and 0 interrupted iterations
packers   [   8% ] 300 VUs  0m22.9s/5m0s

running (0m23.9s), 300/300 VUs, 0 complete and 0 interrupted iterations
packers   [   8% ] 300 VUs  0m23.9s/5m0s

running (0m24.9s), 300/300 VUs, 0 complete and 0 interrupted iterations
packers   [   8% ] 300 VUs  0m24.9s/5m0s

running (0m25.9s), 300/300 VUs, 0 complete and 0 interrupted iterations
packers   [   9% ] 300 VUs  0m25.9s/5m0s

running (0m26.9s), 300/300 VUs, 0 complete and 0 interrupted iterations
packers   [   9% ] 300 VUs  0m26.9s/5m0s

running (0m27.9s), 300/300 VUs, 0 complete and 0 interrupted iterations
packers   [   9% ] 300 VUs  0m27.9s/5m0s

running (0m28.9s), 300/300 VUs, 0 complete and 0 interrupted iterations
packers   [  10% ] 300 VUs  0m28.9s/5m0s

running (0m29.9s), 300/300 VUs, 0 complete and 0 interrupted iterations
packers   [  10% ] 300 VUs  0m29.9s/5m0s

running (0m30.9s), 300/300 VUs, 0 complete and 0 interrupted iterations
packers   [  10% ] 300 VUs  0m30.9s/5m0s

running (0m31.9s), 300/300 VUs, 0 complete and 0 interrupted iterations
packers   [  11% ] 300 VUs  0m31.9s/5m0s

running (0m32.9s), 300/300 VUs, 0 complete and 0 interrupted iterations
packers   [  11% ] 300 VUs  0m32.9s/5m0s

running (0m33.9s), 300/300 VUs, 0 complete and 0 interrupted iterations
packers   [  11% ] 300 VUs  0m33.9s/5m0s

running (0m34.9s), 300/300 VUs, 0 complete and 0 interrupted iterations
packers   [  12% ] 300 VUs  0m34.9s/5m0s

running (0m35.9s), 300/300 VUs, 0 complete and 0 interrupted iterations
packers   [  12% ] 300 VUs  0m35.9s/5m0s

running (0m36.9s), 300/300 VUs, 0 complete and 0 interrupted iterations
packers   [  12% ] 300 VUs  0m36.9s/5m0s

running (0m37.9s), 300/300 VUs, 0 complete and 0 interrupted iterations
packers   [  13% ] 300 VUs  0m37.9s/5m0s

running (0m38.9s), 300/300 VUs, 0 complete and 0 interrupted iterations
packers   [  13% ] 300 VUs  0m38.9s/5m0s

running (0m39.9s), 300/300 VUs, 0 complete and 0 interrupted iterations
packers   [  13% ] 300 VUs  0m39.9s/5m0s

running (0m40.9s), 300/300 VUs, 0 complete and 0 interrupted iterations
packers   [  14% ] 300 VUs  0m40.9s/5m0s

running (0m41.9s), 300/300 VUs, 0 complete and 0 interrupted iterations
packers   [  14% ] 300 VUs  0m41.9s/5m0s

running (0m42.9s), 300/300 VUs, 0 complete and 0 interrupted iterations
packers   [  14% ] 300 VUs  0m42.9s/5m0s

running (0m43.9s), 300/300 VUs, 0 complete and 0 interrupted iterations
packers   [  15% ] 300 VUs  0m43.9s/5m0s

running (0m44.9s), 300/300 VUs, 0 complete and 0 interrupted iterations
packers   [  15% ] 300 VUs  0m44.9s/5m0s

running (0m45.9s), 300/300 VUs, 0 complete and 0 interrupted iterations
packers   [  15% ] 300 VUs  0m45.9s/5m0s

running (0m46.9s), 300/300 VUs, 0 complete and 0 interrupted iterations
packers   [  16% ] 300 VUs  0m46.9s/5m0s

running (0m47.9s), 300/300 VUs, 0 complete and 0 interrupted iterations
packers   [  16% ] 300 VUs  0m47.9s/5m0s

running (0m48.9s), 300/300 VUs, 0 complete and 0 interrupted iterations
packers   [  16% ] 300 VUs  0m48.9s/5m0s

running (0m49.9s), 300/300 VUs, 0 complete and 0 interrupted iterations
packers   [  17% ] 300 VUs  0m49.9s/5m0s

running (0m50.9s), 300/300 VUs, 0 complete and 0 interrupted iterations
packers   [  17% ] 300 VUs  0m50.9s/5m0s

running (0m51.9s), 300/300 VUs, 0 complete and 0 interrupted iterations
packers   [  17% ] 300 VUs  0m51.9s/5m0s

running (0m52.9s), 300/300 VUs, 0 complete and 0 interrupted iterations
packers   [  18% ] 300 VUs  0m52.9s/5m0s

running (0m53.9s), 300/300 VUs, 0 complete and 0 interrupted iterations
packers   [  18% ] 300 VUs  0m53.9s/5m0s

running (0m54.9s), 300/300 VUs, 0 complete and 0 interrupted iterations
packers   [  18% ] 300 VUs  0m54.9s/5m0s

running (0m55.9s), 300/300 VUs, 0 complete and 0 interrupted iterations
packers   [  19% ] 300 VUs  0m55.9s/5m0s

running (0m56.9s), 300/300 VUs, 0 complete and 0 interrupted iterations
packers   [  19% ] 300 VUs  0m56.9s/5m0s

running (0m57.9s), 300/300 VUs, 0 complete and 0 interrupted iterations
packers   [  19% ] 300 VUs  0m57.9s/5m0s

running (0m58.9s), 300/300 VUs, 0 complete and 0 interrupted iterations
packers   [  20% ] 300 VUs  0m58.9s/5m0s

running (0m59.9s), 300/300 VUs, 0 complete and 0 interrupted iterations
packers   [  20% ] 300 VUs  0m59.9s/5m0s

running (1m00.9s), 300/300 VUs, 5 complete and 0 interrupted iterations
packers   [  20% ] 300 VUs  1m00.9s/5m0s

running (1m01.9s), 300/300 VUs, 10 complete and 0 interrupted iterations
packers   [  21% ] 300 VUs  1m01.9s/5m0s

running (1m02.9s), 300/300 VUs, 13 complete and 0 interrupted iterations
packers   [  21% ] 300 VUs  1m02.9s/5m0s

running (1m03.9s), 300/300 VUs, 20 complete and 0 interrupted iterations
packers   [  21% ] 300 VUs  1m03.9s/5m0s

running (1m04.9s), 300/300 VUs, 22 complete and 0 interrupted iterations
packers   [  22% ] 300 VUs  1m04.9s/5m0s

running (1m05.9s), 300/300 VUs, 29 complete and 0 interrupted iterations
packers   [  22% ] 300 VUs  1m05.9s/5m0s

running (1m06.9s), 300/300 VUs, 34 complete and 0 interrupted iterations
packers   [  22% ] 300 VUs  1m06.9s/5m0s

running (1m07.9s), 300/300 VUs, 43 complete and 0 interrupted iterations
packers   [  23% ] 300 VUs  1m07.9s/5m0s

running (1m08.9s), 300/300 VUs, 48 complete and 0 interrupted iterations
packers   [  23% ] 300 VUs  1m08.9s/5m0s

running (1m09.9s), 300/300 VUs, 54 complete and 0 interrupted iterations
packers   [  23% ] 300 VUs  1m09.9s/5m0s

running (1m10.9s), 300/300 VUs, 58 complete and 0 interrupted iterations
packers   [  24% ] 300 VUs  1m10.9s/5m0s

running (1m11.9s), 300/300 VUs, 67 complete and 0 interrupted iterations
packers   [  24% ] 300 VUs  1m11.9s/5m0s

running (1m12.9s), 300/300 VUs, 68 complete and 0 interrupted iterations
packers   [  24% ] 300 VUs  1m12.9s/5m0s

running (1m13.9s), 300/300 VUs, 72 complete and 0 interrupted iterations
packers   [  25% ] 300 VUs  1m13.9s/5m0s

running (1m14.9s), 300/300 VUs, 79 complete and 0 interrupted iterations
packers   [  25% ] 300 VUs  1m14.9s/5m0s

running (1m15.9s), 300/300 VUs, 81 complete and 0 interrupted iterations
packers   [  25% ] 300 VUs  1m15.9s/5m0s

running (1m16.9s), 300/300 VUs, 85 complete and 0 interrupted iterations
packers   [  26% ] 300 VUs  1m16.9s/5m0s

running (1m17.9s), 300/300 VUs, 91 complete and 0 interrupted iterations
packers   [  26% ] 300 VUs  1m17.9s/5m0s

running (1m18.9s), 300/300 VUs, 96 complete and 0 interrupted iterations
packers   [  26% ] 300 VUs  1m18.9s/5m0s

running (1m19.9s), 300/300 VUs, 100 complete and 0 interrupted iterations
packers   [  27% ] 300 VUs  1m19.9s/5m0s

running (1m20.9s), 300/300 VUs, 111 complete and 0 interrupted iterations
packers   [  27% ] 300 VUs  1m20.9s/5m0s

running (1m21.9s), 300/300 VUs, 112 complete and 0 interrupted iterations
packers   [  27% ] 300 VUs  1m21.9s/5m0s

running (1m22.9s), 300/300 VUs, 117 complete and 0 interrupted iterations
packers   [  28% ] 300 VUs  1m22.9s/5m0s

running (1m23.9s), 300/300 VUs, 122 complete and 0 interrupted iterations
packers   [  28% ] 300 VUs  1m23.9s/5m0s

running (1m24.9s), 300/300 VUs, 128 complete and 0 interrupted iterations
packers   [  28% ] 300 VUs  1m24.9s/5m0s

running (1m25.9s), 300/300 VUs, 129 complete and 0 interrupted iterations
packers   [  29% ] 300 VUs  1m25.9s/5m0s

running (1m26.9s), 300/300 VUs, 137 complete and 0 interrupted iterations
packers   [  29% ] 300 VUs  1m26.9s/5m0s

running (1m27.9s), 300/300 VUs, 141 complete and 0 interrupted iterations
packers   [  29% ] 300 VUs  1m27.9s/5m0s

running (1m28.9s), 300/300 VUs, 147 complete and 0 interrupted iterations
packers   [  30% ] 300 VUs  1m28.9s/5m0s

running (1m29.9s), 300/300 VUs, 152 complete and 0 interrupted iterations
packers   [  30% ] 300 VUs  1m29.9s/5m0s

running (1m30.9s), 300/300 VUs, 154 complete and 0 interrupted iterations
packers   [  30% ] 300 VUs  1m30.9s/5m0s

running (1m31.9s), 300/300 VUs, 158 complete and 0 interrupted iterations
packers   [  31% ] 300 VUs  1m31.9s/5m0s

running (1m32.9s), 300/300 VUs, 163 complete and 0 interrupted iterations
packers   [  31% ] 300 VUs  1m32.9s/5m0s

running (1m33.9s), 300/300 VUs, 170 complete and 0 interrupted iterations
packers   [  31% ] 300 VUs  1m33.9s/5m0s

running (1m34.9s), 300/300 VUs, 175 complete and 0 interrupted iterations
packers   [  32% ] 300 VUs  1m34.9s/5m0s

running (1m35.9s), 300/300 VUs, 181 complete and 0 interrupted iterations
packers   [  32% ] 300 VUs  1m35.9s/5m0s

running (1m36.9s), 300/300 VUs, 186 complete and 0 interrupted iterations
packers   [  32% ] 300 VUs  1m36.9s/5m0s

running (1m37.9s), 300/300 VUs, 189 complete and 0 interrupted iterations
packers   [  33% ] 300 VUs  1m37.9s/5m0s

running (1m38.9s), 300/300 VUs, 194 complete and 0 interrupted iterations
packers   [  33% ] 300 VUs  1m38.9s/5m0s

running (1m39.9s), 300/300 VUs, 196 complete and 0 interrupted iterations
packers   [  33% ] 300 VUs  1m39.9s/5m0s

running (1m40.9s), 300/300 VUs, 202 complete and 0 interrupted iterations
packers   [  34% ] 300 VUs  1m40.9s/5m0s

running (1m41.9s), 300/300 VUs, 208 complete and 0 interrupted iterations
packers   [  34% ] 300 VUs  1m41.9s/5m0s

running (1m42.9s), 300/300 VUs, 212 complete and 0 interrupted iterations
packers   [  34% ] 300 VUs  1m42.9s/5m0s

running (1m43.9s), 300/300 VUs, 221 complete and 0 interrupted iterations
packers   [  35% ] 300 VUs  1m43.9s/5m0s

running (1m44.9s), 300/300 VUs, 225 complete and 0 interrupted iterations
packers   [  35% ] 300 VUs  1m44.9s/5m0s

running (1m45.9s), 300/300 VUs, 231 complete and 0 interrupted iterations
packers   [  35% ] 300 VUs  1m45.9s/5m0s

running (1m46.9s), 300/300 VUs, 236 complete and 0 interrupted iterations
packers   [  36% ] 300 VUs  1m46.9s/5m0s

running (1m47.9s), 300/300 VUs, 243 complete and 0 interrupted iterations
packers   [  36% ] 300 VUs  1m47.9s/5m0s

running (1m48.9s), 300/300 VUs, 250 complete and 0 interrupted iterations
packers   [  36% ] 300 VUs  1m48.9s/5m0s

running (1m49.9s), 300/300 VUs, 257 complete and 0 interrupted iterations
packers   [  37% ] 300 VUs  1m49.9s/5m0s

running (1m50.9s), 300/300 VUs, 261 complete and 0 interrupted iterations
packers   [  37% ] 300 VUs  1m50.9s/5m0s

running (1m51.9s), 300/300 VUs, 266 complete and 0 interrupted iterations
packers   [  37% ] 300 VUs  1m51.9s/5m0s

running (1m52.9s), 300/300 VUs, 271 complete and 0 interrupted iterations
packers   [  38% ] 300 VUs  1m52.9s/5m0s

running (1m53.9s), 300/300 VUs, 273 complete and 0 interrupted iterations
packers   [  38% ] 300 VUs  1m53.9s/5m0s

running (1m54.9s), 300/300 VUs, 278 complete and 0 interrupted iterations
packers   [  38% ] 300 VUs  1m54.9s/5m0s

running (1m55.9s), 300/300 VUs, 283 complete and 0 interrupted iterations
packers   [  39% ] 300 VUs  1m55.9s/5m0s

running (1m56.9s), 300/300 VUs, 286 complete and 0 interrupted iterations
packers   [  39% ] 300 VUs  1m56.9s/5m0s

running (1m57.9s), 300/300 VUs, 291 complete and 0 interrupted iterations
packers   [  39% ] 300 VUs  1m57.9s/5m0s

running (1m58.9s), 300/300 VUs, 295 complete and 0 interrupted iterations
packers   [  40% ] 300 VUs  1m58.9s/5m0s

running (1m59.9s), 300/300 VUs, 299 complete and 0 interrupted iterations
packers   [  40% ] 300 VUs  1m59.9s/5m0s

running (2m00.9s), 300/300 VUs, 305 complete and 0 interrupted iterations
packers   [  40% ] 300 VUs  2m00.9s/5m0s

running (2m01.9s), 300/300 VUs, 310 complete and 0 interrupted iterations
packers   [  41% ] 300 VUs  2m01.9s/5m0s

running (2m02.9s), 300/300 VUs, 313 complete and 0 interrupted iterations
packers   [  41% ] 300 VUs  2m02.9s/5m0s

running (2m03.9s), 300/300 VUs, 320 complete and 0 interrupted iterations
packers   [  41% ] 300 VUs  2m03.9s/5m0s

running (2m04.9s), 300/300 VUs, 322 complete and 0 interrupted iterations
packers   [  42% ] 300 VUs  2m04.9s/5m0s

running (2m05.9s), 300/300 VUs, 328 complete and 0 interrupted iterations
packers   [  42% ] 300 VUs  2m05.9s/5m0s

running (2m06.9s), 300/300 VUs, 334 complete and 0 interrupted iterations
packers   [  42% ] 300 VUs  2m06.9s/5m0s

running (2m07.9s), 300/300 VUs, 343 complete and 0 interrupted iterations
packers   [  43% ] 300 VUs  2m07.9s/5m0s

running (2m08.9s), 300/300 VUs, 348 complete and 0 interrupted iterations
packers   [  43% ] 300 VUs  2m08.9s/5m0s

running (2m09.9s), 300/300 VUs, 354 complete and 0 interrupted iterations
packers   [  43% ] 300 VUs  2m09.9s/5m0s

running (2m10.9s), 300/300 VUs, 358 complete and 0 interrupted iterations
packers   [  44% ] 300 VUs  2m10.9s/5m0s

running (2m11.9s), 300/300 VUs, 367 complete and 0 interrupted iterations
packers   [  44% ] 300 VUs  2m11.9s/5m0s

running (2m12.9s), 300/300 VUs, 368 complete and 0 interrupted iterations
packers   [  44% ] 300 VUs  2m12.9s/5m0s
time="2026-09-25T14:04:13Z" level=warning msg="Request Failed" error="Post \"http://172.31.64.6:8000/api/v1/shipments/14372/complete\": request timeout"
time="2026-09-25T14:04:14Z" level=warning msg="Request Failed" error="Post \"http://172.31.64.6:8000/api/v1/shipments/14386/complete\": request timeout"
time="2026-09-25T14:04:14Z" level=warning msg="Request Failed" error="Post \"http://172.31.64.6:8000/api/v1/shipments/14311/complete\": request timeout"
time="2026-09-25T14:04:14Z" level=warning msg="Request Failed" error="Post \"http://172.31.64.6:8000/api/v1/shipments/14148/complete\": request timeout"

running (2m13.9s), 300/300 VUs, 372 complete and 0 interrupted iterations
packers   [  45% ] 300 VUs  2m13.9s/5m0s
time="2026-09-25T14:04:14Z" level=warning msg="Request Failed" error="Post \"http://172.31.64.6:8000/api/v1/shipments/14170/complete\": request timeout"
time="2026-09-25T14:04:15Z" level=warning msg="Request Failed" error="Post \"http://172.31.64.6:8000/api/v1/shipments/14201/complete\": request timeout"
time="2026-09-25T14:04:15Z" level=warning msg="Request Failed" error="Post \"http://172.31.64.6:8000/api/v1/shipments/14151/complete\": request timeout"
time="2026-09-25T14:04:15Z" level=warning msg="Request Failed" error="Post \"http://172.31.64.6:8000/api/v1/shipments/14364/complete\": request timeout"
time="2026-09-25T14:04:15Z" level=warning msg="Request Failed" error="Post \"http://172.31.64.6:8000/api/v1/shipments/14353/complete\": request timeout"
time="2026-09-25T14:04:15Z" level=warning msg="Request Failed" error="Post \"http://172.31.64.6:8000/api/v1/totes/scan\": request timeout"
time="2026-09-25T14:04:15Z" level=warning msg="Request Failed" error="Post \"http://172.31.64.6:8000/api/v1/shipments/14123/complete\": request timeout"
time="2026-09-25T14:04:15Z" level=warning msg="Request Failed" error="Post \"http://172.31.64.6:8000/api/v1/shipments/14167/complete\": request timeout"

running (2m14.9s), 300/300 VUs, 379 complete and 0 interrupted iterations
packers   [  45% ] 300 VUs  2m14.9s/5m0s
time="2026-09-25T14:04:15Z" level=warning msg="Request Failed" error="Post \"http://172.31.64.6:8000/api/v1/shipments/14131/complete\": request timeout"
time="2026-09-25T14:04:15Z" level=warning msg="Request Failed" error="Post \"http://172.31.64.6:8000/api/v1/totes/scan\": request timeout"
time="2026-09-25T14:04:15Z" level=warning msg="Request Failed" error="Post \"http://172.31.64.6:8000/api/v1/totes/scan\": request timeout"
time="2026-09-25T14:04:15Z" level=warning msg="Request Failed" error="Post \"http://172.31.64.6:8000/api/v1/shipments/14157/complete\": request timeout"
time="2026-09-25T14:04:16Z" level=warning msg="Request Failed" error="Post \"http://172.31.64.6:8000/api/v1/totes/scan\": request timeout"
time="2026-09-25T14:04:16Z" level=warning msg="Request Failed" error="Post \"http://172.31.64.6:8000/api/v1/totes/scan\": request timeout"
time="2026-09-25T14:04:16Z" level=warning msg="Request Failed" error="Post \"http://172.31.64.6:8000/api/v1/totes/scan\": request timeout"
time="2026-09-25T14:04:16Z" level=warning msg="Request Failed" error="Post \"http://172.31.64.6:8000/api/v1/totes/scan\": request timeout"

running (2m15.9s), 300/300 VUs, 382 complete and 0 interrupted iterations
packers   [  45% ] 300 VUs  2m15.9s/5m0s
time="2026-09-25T14:04:16Z" level=warning msg="Request Failed" error="Post \"http://172.31.64.6:8000/api/v1/totes/scan\": request timeout"
time="2026-09-25T14:04:16Z" level=warning msg="Request Failed" error="Post \"http://172.31.64.6:8000/api/v1/totes/scan\": request timeout"
time="2026-09-25T14:04:16Z" level=warning msg="Request Failed" error="Post \"http://172.31.64.6:8000/api/v1/totes/scan\": request timeout"
time="2026-09-25T14:04:16Z" level=warning msg="Request Failed" error="Post \"http://172.31.64.6:8000/api/v1/shipments/14242/complete\": request timeout"
time="2026-09-25T14:04:17Z" level=warning msg="Request Failed" error="Post \"http://172.31.64.6:8000/api/v1/totes/scan\": request timeout"
time="2026-09-25T14:04:17Z" level=warning msg="Request Failed" error="Post \"http://172.31.64.6:8000/api/v1/shipments/14158/complete\": request timeout"
time="2026-09-25T14:04:17Z" level=warning msg="Request Failed" error="Post \"http://172.31.64.6:8000/api/v1/shipments/14366/complete\": request timeout"
time="2026-09-25T14:04:17Z" level=warning msg="Request Failed" error="Post \"http://172.31.64.6:8000/api/v1/totes/scan\": request timeout"
time="2026-09-25T14:04:17Z" level=warning msg="Request Failed" error="Post \"http://172.31.64.6:8000/api/v1/shipments/14369/complete\": request timeout"
time="2026-09-25T14:04:17Z" level=warning msg="Request Failed" error="Post \"http://172.31.64.6:8000/api/v1/totes/scan\": request timeout"

running (2m16.9s), 300/300 VUs, 392 complete and 0 interrupted iterations
packers   [  46% ] 300 VUs  2m16.9s/5m0s
time="2026-09-25T14:04:17Z" level=warning msg="Request Failed" error="Post \"http://172.31.64.6:8000/api/v1/shipments/14330/complete\": request timeout"
time="2026-09-25T14:04:17Z" level=warning msg="Request Failed" error="Post \"http://172.31.64.6:8000/api/v1/shipments/14268/complete\": request timeout"
time="2026-09-25T14:04:17Z" level=warning msg="Request Failed" error="Post \"http://172.31.64.6:8000/api/v1/totes/scan\": request timeout"
time="2026-09-25T14:04:18Z" level=warning msg="Request Failed" error="Post \"http://172.31.64.6:8000/api/v1/totes/scan\": request timeout"
time="2026-09-25T14:04:18Z" level=warning msg="Request Failed" error="Post \"http://172.31.64.6:8000/api/v1/totes/scan\": request timeout"
time="2026-09-25T14:04:18Z" level=warning msg="Request Failed" error="Post \"http://172.31.64.6:8000/api/v1/totes/scan\": request timeout"
time="2026-09-25T14:04:18Z" level=warning msg="Request Failed" error="Post \"http://172.31.64.6:8000/api/v1/shipments/14230/complete\": request timeout"
time="2026-09-25T14:04:18Z" level=warning msg="Request Failed" error="Post \"http://172.31.64.6:8000/api/v1/totes/scan\": request timeout"
time="2026-09-25T14:04:18Z" level=warning msg="Request Failed" error="Post \"http://172.31.64.6:8000/api/v1/shipments/14193/complete\": request timeout"
time="2026-09-25T14:04:18Z" level=warning msg="Request Failed" error="Post \"http://172.31.64.6:8000/api/v1/totes/scan\": request timeout"
time="2026-09-25T14:04:18Z" level=warning msg="Request Failed" error="Post \"http://172.31.64.6:8000/api/v1/shipments/14318/complete\": request timeout"
time="2026-09-25T14:04:18Z" level=warning msg="Request Failed" error="Post \"http://172.31.64.6:8000/api/v1/totes/scan\": request timeout"
time="2026-09-25T14:04:18Z" level=warning msg="Request Failed" error="Post \"http://172.31.64.6:8000/api/v1/totes/scan\": request timeout"
time="2026-09-25T14:04:18Z" level=warning msg="Request Failed" error="Post \"http://172.31.64.6:8000/api/v1/totes/scan\": request timeout"
time="2026-09-25T14:04:18Z" level=warning msg="Request Failed" error="Post \"http://172.31.64.6:8000/api/v1/shipments/14334/complete\": request timeout"

running (2m17.9s), 300/300 VUs, 404 complete and 0 interrupted iterations
packers   [  46% ] 300 VUs  2m17.9s/5m0s
time="2026-09-25T14:04:18Z" level=warning msg="Request Failed" error="Post \"http://172.31.64.6:8000/api/v1/totes/scan\": request timeout"
time="2026-09-25T14:04:18Z" level=warning msg="Request Failed" error="Post \"http://172.31.64.6:8000/api/v1/shipments/14182/complete\": request timeout"
time="2026-09-25T14:04:18Z" level=warning msg="Request Failed" error="Post \"http://172.31.64.6:8000/api/v1/totes/scan\": request timeout"
time="2026-09-25T14:04:19Z" level=warning msg="Request Failed" error="Post \"http://172.31.64.6:8000/api/v1/totes/scan\": request timeout"
time="2026-09-25T14:04:19Z" level=warning msg="Request Failed" error="Post \"http://172.31.64.6:8000/api/v1/totes/scan\": request timeout"
time="2026-09-25T14:04:19Z" level=warning msg="Request Failed" error="Post \"http://172.31.64.6:8000/api/v1/shipments/14291/complete\": request timeout"
time="2026-09-25T14:04:19Z" level=warning msg="Request Failed" error="Post \"http://172.31.64.6:8000/api/v1/shipments/14322/complete\": request timeout"
time="2026-09-25T14:04:19Z" level=warning msg="Request Failed" error="Post \"http://172.31.64.6:8000/api/v1/shipments/14143/complete\": request timeout"
time="2026-09-25T14:04:19Z" level=warning msg="Request Failed" error="Post \"http://172.31.64.6:8000/api/v1/shipments/14163/complete\": request timeout"
time="2026-09-25T14:04:19Z" level=warning msg="Request Failed" error="Post \"http://172.31.64.6:8000/api/v1/totes/scan\": request timeout"

running (2m18.9s), 300/300 VUs, 418 complete and 0 interrupted iterations
packers   [  46% ] 300 VUs  2m18.9s/5m0s
time="2026-09-25T14:04:19Z" level=warning msg="Request Failed" error="Post \"http://172.31.64.6:8000/api/v1/totes/scan\": request timeout"
time="2026-09-25T14:04:19Z" level=warning msg="Request Failed" error="Post \"http://172.31.64.6:8000/api/v1/totes/scan\": request timeout"
time="2026-09-25T14:04:19Z" level=warning msg="Request Failed" error="Post \"http://172.31.64.6:8000/api/v1/shipments/14289/complete\": request timeout"
time="2026-09-25T14:04:19Z" level=warning msg="Request Failed" error="Post \"http://172.31.64.6:8000/api/v1/totes/scan\": request timeout"
time="2026-09-25T14:04:19Z" level=warning msg="Request Failed" error="Post \"http://172.31.64.6:8000/api/v1/totes/scan\": request timeout"
time="2026-09-25T14:04:19Z" level=warning msg="Request Failed" error="Post \"http://172.31.64.6:8000/api/v1/shipments/14344/complete\": request timeout"
time="2026-09-25T14:04:20Z" level=warning msg="Request Failed" error="Post \"http://172.31.64.6:8000/api/v1/totes/scan\": request timeout"
time="2026-09-25T14:04:20Z" level=warning msg="Request Failed" error="Post \"http://172.31.64.6:8000/api/v1/shipments/14140/complete\": request timeout"
time="2026-09-25T14:04:20Z" level=warning msg="Request Failed" error="Post \"http://172.31.64.6:8000/api/v1/shipments/14303/complete\": request timeout"
time="2026-09-25T14:04:20Z" level=warning msg="Request Failed" error="Post \"http://172.31.64.6:8000/api/v1/totes/scan\": request timeout"

running (2m19.9s), 300/300 VUs, 427 complete and 0 interrupted iterations
packers   [  47% ] 300 VUs  2m19.9s/5m0s
time="2026-09-25T14:04:20Z" level=warning msg="Request Failed" error="Post \"http://172.31.64.6:8000/api/v1/shipments/14226/complete\": request timeout"
time="2026-09-25T14:04:20Z" level=warning msg="Request Failed" error="Post \"http://172.31.64.6:8000/api/v1/totes/scan\": request timeout"
time="2026-09-25T14:04:20Z" level=warning msg="Request Failed" error="Post \"http://172.31.64.6:8000/api/v1/shipments/14361/complete\": request timeout"
time="2026-09-25T14:04:20Z" level=warning msg="Request Failed" error="Post \"http://172.31.64.6:8000/api/v1/shipments/14235/complete\": request timeout"
time="2026-09-25T14:04:20Z" level=warning msg="Request Failed" error="Post \"http://172.31.64.6:8000/api/v1/shipments/14286/complete\": request timeout"
time="2026-09-25T14:04:20Z" level=warning msg="Request Failed" error="Post \"http://172.31.64.6:8000/api/v1/shipments/14125/complete\": request timeout"
time="2026-09-25T14:04:21Z" level=warning msg="Request Failed" error="Post \"http://172.31.64.6:8000/api/v1/shipments/14379/complete\": request timeout"
time="2026-09-25T14:04:21Z" level=warning msg="Request Failed" error="Post \"http://172.31.64.6:8000/api/v1/shipments/14345/complete\": request timeout"
time="2026-09-25T14:04:21Z" level=warning msg="Request Failed" error="Post \"http://172.31.64.6:8000/api/v1/totes/scan\": request timeout"
time="2026-09-25T14:04:21Z" level=warning msg="Request Failed" error="Post \"http://172.31.64.6:8000/api/v1/totes/scan\": request timeout"
time="2026-09-25T14:04:21Z" level=warning msg="Request Failed" error="Post \"http://172.31.64.6:8000/api/v1/shipments/14136/complete\": request timeout"
time="2026-09-25T14:04:21Z" level=warning msg="Request Failed" error="Post \"http://172.31.64.6:8000/api/v1/shipments/14192/complete\": request timeout"
time="2026-09-25T14:04:21Z" level=warning msg="Request Failed" error="Post \"http://172.31.64.6:8000/api/v1/shipments/14302/complete\": request timeout"
time="2026-09-25T14:04:21Z" level=warning msg="Request Failed" error="Post \"http://172.31.64.6:8000/api/v1/totes/scan\": request timeout"
time="2026-09-25T14:04:21Z" level=warning msg="Request Failed" error="Post \"http://172.31.64.6:8000/api/v1/shipments/14197/complete\": request timeout"

running (2m20.9s), 300/300 VUs, 444 complete and 0 interrupted iterations
packers   [  47% ] 300 VUs  2m20.9s/5m0s
time="2026-09-25T14:04:21Z" level=warning msg="Request Failed" error="Post \"http://172.31.64.6:8000/api/v1/totes/scan\": request timeout"
time="2026-09-25T14:04:21Z" level=warning msg="Request Failed" error="Post \"http://172.31.64.6:8000/api/v1/totes/scan\": request timeout"
time="2026-09-25T14:04:21Z" level=warning msg="Request Failed" error="Post \"http://172.31.64.6:8000/api/v1/totes/scan\": request timeout"
time="2026-09-25T14:04:21Z" level=warning msg="Request Failed" error="Post \"http://172.31.64.6:8000/api/v1/totes/scan\": request timeout"
time="2026-09-25T14:04:21Z" level=warning msg="Request Failed" error="Post \"http://172.31.64.6:8000/api/v1/totes/scan\": request timeout"
time="2026-09-25T14:04:22Z" level=warning msg="Request Failed" error="Post \"http://172.31.64.6:8000/api/v1/totes/scan\": request timeout"
time="2026-09-25T14:04:22Z" level=warning msg="Request Failed" error="Post \"http://172.31.64.6:8000/api/v1/shipments/14149/complete\": request timeout"
time="2026-09-25T14:04:22Z" level=warning msg="Request Failed" error="Post \"http://172.31.64.6:8000/api/v1/totes/scan\": request timeout"
time="2026-09-25T14:04:22Z" level=warning msg="Request Failed" error="Post \"http://172.31.64.6:8000/api/v1/totes/scan\": request timeout"
time="2026-09-25T14:04:22Z" level=warning msg="Request Failed" error="Post \"http://172.31.64.6:8000/api/v1/totes/scan\": request timeout"

running (2m21.9s), 300/300 VUs, 449 complete and 0 interrupted iterations
packers   [  47% ] 300 VUs  2m21.9s/5m0s
time="2026-09-25T14:04:22Z" level=warning msg="Request Failed" error="Post \"http://172.31.64.6:8000/api/v1/totes/scan\": request timeout"
time="2026-09-25T14:04:22Z" level=warning msg="Request Failed" error="Post \"http://172.31.64.6:8000/api/v1/shipments/14296/complete\": request timeout"
time="2026-09-25T14:04:22Z" level=warning msg="Request Failed" error="Post \"http://172.31.64.6:8000/api/v1/shipments/14316/complete\": request timeout"
time="2026-09-25T14:04:23Z" level=warning msg="Request Failed" error="Post \"http://172.31.64.6:8000/api/v1/shipments/14094/complete\": request timeout"
time="2026-09-25T14:04:23Z" level=warning msg="Request Failed" error="Post \"http://172.31.64.6:8000/api/v1/shipments/14336/complete\": request timeout"

running (2m22.9s), 300/300 VUs, 463 complete and 0 interrupted iterations
packers   [  48% ] 300 VUs  2m22.9s/5m0s

running (2m23.9s), 300/300 VUs, 469 complete and 0 interrupted iterations
packers   [  48% ] 300 VUs  2m23.9s/5m0s

running (2m24.9s), 300/300 VUs, 475 complete and 0 interrupted iterations
packers   [  48% ] 300 VUs  2m24.9s/5m0s

running (2m25.9s), 300/300 VUs, 476 complete and 0 interrupted iterations
packers   [  49% ] 300 VUs  2m25.9s/5m0s

running (2m26.9s), 300/300 VUs, 484 complete and 0 interrupted iterations
packers   [  49% ] 300 VUs  2m26.9s/5m0s

running (2m27.9s), 300/300 VUs, 488 complete and 0 interrupted iterations
packers   [  49% ] 300 VUs  2m27.9s/5m0s

running (2m28.9s), 300/300 VUs, 494 complete and 0 interrupted iterations
packers   [  50% ] 300 VUs  2m28.9s/5m0s

running (2m29.9s), 300/300 VUs, 499 complete and 0 interrupted iterations
packers   [  50% ] 300 VUs  2m29.9s/5m0s

running (2m30.9s), 300/300 VUs, 501 complete and 0 interrupted iterations
packers   [  50% ] 300 VUs  2m30.9s/5m0s

running (2m31.9s), 300/300 VUs, 505 complete and 0 interrupted iterations
packers   [  51% ] 300 VUs  2m31.9s/5m0s

running (2m32.9s), 300/300 VUs, 510 complete and 0 interrupted iterations
packers   [  51% ] 300 VUs  2m32.9s/5m0s

running (2m33.9s), 300/300 VUs, 517 complete and 0 interrupted iterations
packers   [  51% ] 300 VUs  2m33.9s/5m0s

running (2m34.9s), 300/300 VUs, 522 complete and 0 interrupted iterations
packers   [  52% ] 300 VUs  2m34.9s/5m0s

running (2m35.9s), 300/300 VUs, 528 complete and 0 interrupted iterations
packers   [  52% ] 300 VUs  2m35.9s/5m0s

running (2m36.9s), 300/300 VUs, 533 complete and 0 interrupted iterations
packers   [  52% ] 300 VUs  2m36.9s/5m0s

running (2m37.9s), 300/300 VUs, 536 complete and 0 interrupted iterations
packers   [  53% ] 300 VUs  2m37.9s/5m0s

running (2m38.9s), 300/300 VUs, 541 complete and 0 interrupted iterations
packers   [  53% ] 300 VUs  2m38.9s/5m0s

running (2m39.9s), 300/300 VUs, 543 complete and 0 interrupted iterations
packers   [  53% ] 300 VUs  2m39.9s/5m0s

running (2m40.9s), 300/300 VUs, 549 complete and 0 interrupted iterations
packers   [  54% ] 300 VUs  2m40.9s/5m0s

running (2m41.9s), 300/300 VUs, 555 complete and 0 interrupted iterations
packers   [  54% ] 300 VUs  2m41.9s/5m0s

running (2m42.9s), 300/300 VUs, 559 complete and 0 interrupted iterations
packers   [  54% ] 300 VUs  2m42.9s/5m0s

running (2m43.9s), 300/300 VUs, 568 complete and 0 interrupted iterations
packers   [  55% ] 300 VUs  2m43.9s/5m0s

running (2m44.9s), 300/300 VUs, 572 complete and 0 interrupted iterations
packers   [  55% ] 300 VUs  2m44.9s/5m0s

running (2m45.9s), 300/300 VUs, 578 complete and 0 interrupted iterations
packers   [  55% ] 300 VUs  2m45.9s/5m0s

running (2m46.9s), 300/300 VUs, 583 complete and 0 interrupted iterations
packers   [  56% ] 300 VUs  2m46.9s/5m0s

running (2m47.9s), 300/300 VUs, 590 complete and 0 interrupted iterations
packers   [  56% ] 300 VUs  2m47.9s/5m0s

running (2m48.9s), 300/300 VUs, 597 complete and 0 interrupted iterations
packers   [  56% ] 300 VUs  2m48.9s/5m0s

running (2m49.9s), 300/300 VUs, 604 complete and 0 interrupted iterations
packers   [  57% ] 300 VUs  2m49.9s/5m0s

running (2m50.9s), 300/300 VUs, 608 complete and 0 interrupted iterations
packers   [  57% ] 300 VUs  2m50.9s/5m0s

running (2m51.9s), 300/300 VUs, 613 complete and 0 interrupted iterations
packers   [  57% ] 300 VUs  2m51.9s/5m0s

running (2m52.9s), 300/300 VUs, 618 complete and 0 interrupted iterations
packers   [  58% ] 300 VUs  2m52.9s/5m0s

running (2m53.9s), 300/300 VUs, 620 complete and 0 interrupted iterations
packers   [  58% ] 300 VUs  2m53.9s/5m0s

running (2m54.9s), 300/300 VUs, 625 complete and 0 interrupted iterations
packers   [  58% ] 300 VUs  2m54.9s/5m0s

running (2m55.9s), 300/300 VUs, 630 complete and 0 interrupted iterations
packers   [  59% ] 300 VUs  2m55.9s/5m0s

running (2m56.9s), 300/300 VUs, 633 complete and 0 interrupted iterations
packers   [  59% ] 300 VUs  2m56.9s/5m0s

running (2m57.9s), 300/300 VUs, 638 complete and 0 interrupted iterations
packers   [  59% ] 300 VUs  2m57.9s/5m0s

running (2m58.9s), 300/300 VUs, 642 complete and 0 interrupted iterations
packers   [  60% ] 300 VUs  2m58.9s/5m0s

running (2m59.9s), 300/300 VUs, 646 complete and 0 interrupted iterations
packers   [  60% ] 300 VUs  2m59.9s/5m0s

running (3m00.9s), 300/300 VUs, 652 complete and 0 interrupted iterations
packers   [  60% ] 300 VUs  3m00.9s/5m0s

running (3m01.9s), 300/300 VUs, 657 complete and 0 interrupted iterations
packers   [  61% ] 300 VUs  3m01.9s/5m0s

running (3m02.9s), 300/300 VUs, 660 complete and 0 interrupted iterations
packers   [  61% ] 300 VUs  3m02.9s/5m0s

running (3m03.9s), 300/300 VUs, 667 complete and 0 interrupted iterations
packers   [  61% ] 300 VUs  3m03.9s/5m0s

running (3m04.9s), 300/300 VUs, 668 complete and 0 interrupted iterations
packers   [  62% ] 300 VUs  3m04.9s/5m0s

running (3m05.9s), 300/300 VUs, 668 complete and 0 interrupted iterations
packers   [  62% ] 300 VUs  3m05.9s/5m0s

running (3m06.9s), 300/300 VUs, 668 complete and 0 interrupted iterations
packers   [  62% ] 300 VUs  3m06.9s/5m0s

running (3m07.9s), 300/300 VUs, 668 complete and 0 interrupted iterations
packers   [  63% ] 300 VUs  3m07.9s/5m0s

running (3m08.9s), 300/300 VUs, 668 complete and 0 interrupted iterations
packers   [  63% ] 300 VUs  3m08.9s/5m0s

running (3m09.9s), 300/300 VUs, 668 complete and 0 interrupted iterations
packers   [  63% ] 300 VUs  3m09.9s/5m0s

running (3m10.9s), 300/300 VUs, 668 complete and 0 interrupted iterations
packers   [  64% ] 300 VUs  3m10.9s/5m0s

running (3m11.9s), 300/300 VUs, 668 complete and 0 interrupted iterations
packers   [  64% ] 300 VUs  3m11.9s/5m0s

running (3m12.9s), 300/300 VUs, 668 complete and 0 interrupted iterations
packers   [  64% ] 300 VUs  3m12.9s/5m0s

running (3m13.9s), 300/300 VUs, 671 complete and 0 interrupted iterations
packers   [  65% ] 300 VUs  3m13.9s/5m0s

running (3m14.9s), 300/300 VUs, 679 complete and 0 interrupted iterations
packers   [  65% ] 300 VUs  3m14.9s/5m0s

running (3m15.9s), 300/300 VUs, 682 complete and 0 interrupted iterations
packers   [  65% ] 300 VUs  3m15.9s/5m0s

running (3m16.9s), 300/300 VUs, 692 complete and 0 interrupted iterations
packers   [  66% ] 300 VUs  3m16.9s/5m0s

running (3m17.9s), 300/300 VUs, 704 complete and 0 interrupted iterations
packers   [  66% ] 300 VUs  3m17.9s/5m0s

running (3m18.9s), 300/300 VUs, 718 complete and 0 interrupted iterations
packers   [  66% ] 300 VUs  3m18.9s/5m0s

running (3m19.9s), 300/300 VUs, 727 complete and 0 interrupted iterations
packers   [  67% ] 300 VUs  3m19.9s/5m0s

running (3m20.9s), 300/300 VUs, 744 complete and 0 interrupted iterations
packers   [  67% ] 300 VUs  3m20.9s/5m0s

running (3m21.9s), 300/300 VUs, 749 complete and 0 interrupted iterations
packers   [  67% ] 300 VUs  3m21.9s/5m0s

running (3m22.9s), 300/300 VUs, 763 complete and 0 interrupted iterations
packers   [  68% ] 300 VUs  3m22.9s/5m0s

running (3m23.9s), 300/300 VUs, 769 complete and 0 interrupted iterations
packers   [  68% ] 300 VUs  3m23.9s/5m0s

running (3m24.9s), 300/300 VUs, 775 complete and 0 interrupted iterations
packers   [  68% ] 300 VUs  3m24.9s/5m0s

running (3m25.9s), 300/300 VUs, 776 complete and 0 interrupted iterations
packers   [  69% ] 300 VUs  3m25.9s/5m0s

running (3m26.9s), 300/300 VUs, 784 complete and 0 interrupted iterations
packers   [  69% ] 300 VUs  3m26.9s/5m0s

running (3m27.9s), 300/300 VUs, 788 complete and 0 interrupted iterations
packers   [  69% ] 300 VUs  3m27.9s/5m0s

running (3m28.9s), 300/300 VUs, 794 complete and 0 interrupted iterations
packers   [  70% ] 300 VUs  3m28.9s/5m0s

running (3m29.9s), 300/300 VUs, 799 complete and 0 interrupted iterations
packers   [  70% ] 300 VUs  3m29.9s/5m0s

running (3m30.9s), 300/300 VUs, 801 complete and 0 interrupted iterations
packers   [  70% ] 300 VUs  3m30.9s/5m0s

running (3m31.9s), 300/300 VUs, 805 complete and 0 interrupted iterations
packers   [  71% ] 300 VUs  3m31.9s/5m0s

running (3m32.9s), 300/300 VUs, 810 complete and 0 interrupted iterations
packers   [  71% ] 300 VUs  3m32.9s/5m0s

running (3m33.9s), 300/300 VUs, 817 complete and 0 interrupted iterations
packers   [  71% ] 300 VUs  3m33.9s/5m0s

running (3m34.9s), 300/300 VUs, 822 complete and 0 interrupted iterations
packers   [  72% ] 300 VUs  3m34.9s/5m0s

running (3m35.9s), 300/300 VUs, 828 complete and 0 interrupted iterations
packers   [  72% ] 300 VUs  3m35.9s/5m0s

running (3m36.9s), 300/300 VUs, 833 complete and 0 interrupted iterations
packers   [  72% ] 300 VUs  3m36.9s/5m0s

running (3m37.9s), 300/300 VUs, 836 complete and 0 interrupted iterations
packers   [  73% ] 300 VUs  3m37.9s/5m0s

running (3m38.9s), 300/300 VUs, 841 complete and 0 interrupted iterations
packers   [  73% ] 300 VUs  3m38.9s/5m0s

running (3m39.9s), 300/300 VUs, 843 complete and 0 interrupted iterations
packers   [  73% ] 300 VUs  3m39.9s/5m0s

running (3m40.9s), 300/300 VUs, 849 complete and 0 interrupted iterations
packers   [  74% ] 300 VUs  3m40.9s/5m0s

running (3m41.9s), 300/300 VUs, 855 complete and 0 interrupted iterations
packers   [  74% ] 300 VUs  3m41.9s/5m0s

running (3m42.9s), 300/300 VUs, 859 complete and 0 interrupted iterations
packers   [  74% ] 300 VUs  3m42.9s/5m0s

running (3m43.9s), 300/300 VUs, 868 complete and 0 interrupted iterations
packers   [  75% ] 300 VUs  3m43.9s/5m0s

running (3m44.9s), 300/300 VUs, 872 complete and 0 interrupted iterations
packers   [  75% ] 300 VUs  3m44.9s/5m0s

running (3m45.9s), 300/300 VUs, 878 complete and 0 interrupted iterations
packers   [  75% ] 300 VUs  3m45.9s/5m0s

running (3m46.9s), 300/300 VUs, 883 complete and 0 interrupted iterations
packers   [  76% ] 300 VUs  3m46.9s/5m0s

running (3m47.9s), 300/300 VUs, 890 complete and 0 interrupted iterations
packers   [  76% ] 300 VUs  3m47.9s/5m0s

running (3m48.9s), 300/300 VUs, 897 complete and 0 interrupted iterations
packers   [  76% ] 300 VUs  3m48.9s/5m0s

running (3m49.9s), 300/300 VUs, 904 complete and 0 interrupted iterations
packers   [  77% ] 300 VUs  3m49.9s/5m0s

running (3m50.9s), 300/300 VUs, 908 complete and 0 interrupted iterations
packers   [  77% ] 300 VUs  3m50.9s/5m0s

running (3m51.9s), 300/300 VUs, 913 complete and 0 interrupted iterations
packers   [  77% ] 300 VUs  3m51.9s/5m0s

running (3m52.9s), 300/300 VUs, 918 complete and 0 interrupted iterations
packers   [  78% ] 300 VUs  3m52.9s/5m0s

running (3m53.9s), 300/300 VUs, 920 complete and 0 interrupted iterations
packers   [  78% ] 300 VUs  3m53.9s/5m0s

running (3m54.9s), 300/300 VUs, 925 complete and 0 interrupted iterations
packers   [  78% ] 300 VUs  3m54.9s/5m0s

running (3m55.9s), 300/300 VUs, 930 complete and 0 interrupted iterations
packers   [  79% ] 300 VUs  3m55.9s/5m0s

running (3m56.9s), 300/300 VUs, 933 complete and 0 interrupted iterations
packers   [  79% ] 300 VUs  3m56.9s/5m0s

running (3m57.9s), 300/300 VUs, 938 complete and 0 interrupted iterations
packers   [  79% ] 300 VUs  3m57.9s/5m0s

running (3m58.9s), 300/300 VUs, 942 complete and 0 interrupted iterations
packers   [  80% ] 300 VUs  3m58.9s/5m0s

running (3m59.9s), 300/300 VUs, 946 complete and 0 interrupted iterations
packers   [  80% ] 300 VUs  3m59.9s/5m0s

running (4m00.9s), 300/300 VUs, 952 complete and 0 interrupted iterations
packers   [  80% ] 300 VUs  4m00.9s/5m0s

running (4m01.9s), 300/300 VUs, 957 complete and 0 interrupted iterations
packers   [  81% ] 300 VUs  4m01.9s/5m0s

running (4m02.9s), 300/300 VUs, 960 complete and 0 interrupted iterations
packers   [  81% ] 300 VUs  4m02.9s/5m0s

running (4m03.9s), 300/300 VUs, 967 complete and 0 interrupted iterations
packers   [  81% ] 300 VUs  4m03.9s/5m0s

running (4m04.9s), 300/300 VUs, 968 complete and 0 interrupted iterations
packers   [  82% ] 300 VUs  4m04.9s/5m0s

running (4m05.9s), 300/300 VUs, 968 complete and 0 interrupted iterations
packers   [  82% ] 300 VUs  4m05.9s/5m0s

running (4m06.9s), 300/300 VUs, 968 complete and 0 interrupted iterations
packers   [  82% ] 300 VUs  4m06.9s/5m0s

running (4m07.9s), 300/300 VUs, 968 complete and 0 interrupted iterations
packers   [  83% ] 300 VUs  4m07.9s/5m0s

running (4m08.9s), 300/300 VUs, 968 complete and 0 interrupted iterations
packers   [  83% ] 300 VUs  4m08.9s/5m0s

running (4m09.9s), 300/300 VUs, 968 complete and 0 interrupted iterations
packers   [  83% ] 300 VUs  4m09.9s/5m0s

running (4m10.9s), 300/300 VUs, 968 complete and 0 interrupted iterations
packers   [  84% ] 300 VUs  4m10.9s/5m0s

running (4m11.9s), 300/300 VUs, 968 complete and 0 interrupted iterations
packers   [  84% ] 300 VUs  4m11.9s/5m0s

running (4m12.9s), 300/300 VUs, 968 complete and 0 interrupted iterations
packers   [  84% ] 300 VUs  4m12.9s/5m0s

running (4m13.9s), 300/300 VUs, 971 complete and 0 interrupted iterations
packers   [  85% ] 300 VUs  4m13.9s/5m0s

running (4m14.9s), 300/300 VUs, 979 complete and 0 interrupted iterations
packers   [  85% ] 300 VUs  4m14.9s/5m0s

running (4m15.9s), 300/300 VUs, 982 complete and 0 interrupted iterations
packers   [  85% ] 300 VUs  4m15.9s/5m0s

running (4m16.9s), 300/300 VUs, 992 complete and 0 interrupted iterations
packers   [  86% ] 300 VUs  4m16.9s/5m0s

running (4m17.9s), 300/300 VUs, 1004 complete and 0 interrupted iterations
packers   [  86% ] 300 VUs  4m17.9s/5m0s

running (4m18.9s), 300/300 VUs, 1018 complete and 0 interrupted iterations
packers   [  86% ] 300 VUs  4m18.9s/5m0s

running (4m19.9s), 300/300 VUs, 1027 complete and 0 interrupted iterations
packers   [  87% ] 300 VUs  4m19.9s/5m0s

running (4m20.9s), 300/300 VUs, 1044 complete and 0 interrupted iterations
packers   [  87% ] 300 VUs  4m20.9s/5m0s

running (4m21.9s), 300/300 VUs, 1049 complete and 0 interrupted iterations
packers   [  87% ] 300 VUs  4m21.9s/5m0s

running (4m22.9s), 300/300 VUs, 1063 complete and 0 interrupted iterations
packers   [  88% ] 300 VUs  4m22.9s/5m0s

running (4m23.9s), 300/300 VUs, 1069 complete and 0 interrupted iterations
packers   [  88% ] 300 VUs  4m23.9s/5m0s

running (4m24.9s), 300/300 VUs, 1075 complete and 0 interrupted iterations
packers   [  88% ] 300 VUs  4m24.9s/5m0s

running (4m25.9s), 300/300 VUs, 1076 complete and 0 interrupted iterations
packers   [  89% ] 300 VUs  4m25.9s/5m0s

running (4m26.9s), 300/300 VUs, 1084 complete and 0 interrupted iterations
packers   [  89% ] 300 VUs  4m26.9s/5m0s

running (4m27.9s), 300/300 VUs, 1088 complete and 0 interrupted iterations
packers   [  89% ] 300 VUs  4m27.9s/5m0s

running (4m28.9s), 300/300 VUs, 1094 complete and 0 interrupted iterations
packers   [  90% ] 300 VUs  4m28.9s/5m0s

running (4m29.9s), 300/300 VUs, 1099 complete and 0 interrupted iterations
packers   [  90% ] 300 VUs  4m29.9s/5m0s

running (4m30.9s), 300/300 VUs, 1101 complete and 0 interrupted iterations
packers   [  90% ] 300 VUs  4m30.9s/5m0s

running (4m31.9s), 300/300 VUs, 1105 complete and 0 interrupted iterations
packers   [  91% ] 300 VUs  4m31.9s/5m0s

running (4m32.9s), 300/300 VUs, 1110 complete and 0 interrupted iterations
packers   [  91% ] 300 VUs  4m32.9s/5m0s

running (4m33.9s), 300/300 VUs, 1117 complete and 0 interrupted iterations
packers   [  91% ] 300 VUs  4m33.9s/5m0s

running (4m34.9s), 300/300 VUs, 1122 complete and 0 interrupted iterations
packers   [  92% ] 300 VUs  4m34.9s/5m0s

running (4m35.9s), 300/300 VUs, 1128 complete and 0 interrupted iterations
packers   [  92% ] 300 VUs  4m35.9s/5m0s

running (4m36.9s), 300/300 VUs, 1133 complete and 0 interrupted iterations
packers   [  92% ] 300 VUs  4m36.9s/5m0s

running (4m37.9s), 300/300 VUs, 1136 complete and 0 interrupted iterations
packers   [  93% ] 300 VUs  4m37.9s/5m0s

running (4m38.9s), 300/300 VUs, 1141 complete and 0 interrupted iterations
packers   [  93% ] 300 VUs  4m38.9s/5m0s

running (4m39.9s), 300/300 VUs, 1143 complete and 0 interrupted iterations
packers   [  93% ] 300 VUs  4m39.9s/5m0s

running (4m40.9s), 300/300 VUs, 1149 complete and 0 interrupted iterations
packers   [  94% ] 300 VUs  4m40.9s/5m0s

running (4m41.9s), 300/300 VUs, 1155 complete and 0 interrupted iterations
packers   [  94% ] 300 VUs  4m41.9s/5m0s

running (4m42.9s), 300/300 VUs, 1159 complete and 0 interrupted iterations
packers   [  94% ] 300 VUs  4m42.9s/5m0s

running (4m43.9s), 300/300 VUs, 1168 complete and 0 interrupted iterations
packers   [  95% ] 300 VUs  4m43.9s/5m0s

running (4m44.9s), 300/300 VUs, 1172 complete and 0 interrupted iterations
packers   [  95% ] 300 VUs  4m44.9s/5m0s

running (4m45.9s), 300/300 VUs, 1178 complete and 0 interrupted iterations
packers   [  95% ] 300 VUs  4m45.9s/5m0s

running (4m46.9s), 300/300 VUs, 1183 complete and 0 interrupted iterations
packers   [  96% ] 300 VUs  4m46.9s/5m0s

running (4m47.9s), 300/300 VUs, 1190 complete and 0 interrupted iterations
packers   [  96% ] 300 VUs  4m47.9s/5m0s

running (4m48.9s), 300/300 VUs, 1197 complete and 0 interrupted iterations
packers   [  96% ] 300 VUs  4m48.9s/5m0s

running (4m49.9s), 300/300 VUs, 1204 complete and 0 interrupted iterations
packers   [  97% ] 300 VUs  4m49.9s/5m0s

running (4m50.9s), 300/300 VUs, 1208 complete and 0 interrupted iterations
packers   [  97% ] 300 VUs  4m50.9s/5m0s

running (4m51.9s), 300/300 VUs, 1213 complete and 0 interrupted iterations
packers   [  97% ] 300 VUs  4m51.9s/5m0s

running (4m52.9s), 300/300 VUs, 1218 complete and 0 interrupted iterations
packers   [  98% ] 300 VUs  4m52.9s/5m0s

running (4m53.9s), 300/300 VUs, 1220 complete and 0 interrupted iterations
packers   [  98% ] 300 VUs  4m53.9s/5m0s

running (4m54.9s), 300/300 VUs, 1225 complete and 0 interrupted iterations
packers   [  98% ] 300 VUs  4m54.9s/5m0s

running (4m55.9s), 300/300 VUs, 1230 complete and 0 interrupted iterations
packers   [  99% ] 300 VUs  4m55.9s/5m0s

running (4m56.9s), 300/300 VUs, 1233 complete and 0 interrupted iterations
packers   [  99% ] 300 VUs  4m56.9s/5m0s

running (4m57.9s), 300/300 VUs, 1238 complete and 0 interrupted iterations
packers   [  99% ] 300 VUs  4m57.9s/5m0s

running (4m58.9s), 300/300 VUs, 1242 complete and 0 interrupted iterations
packers   [ 100% ] 300 VUs  4m58.9s/5m0s

running (4m59.9s), 300/300 VUs, 1246 complete and 0 interrupted iterations
packers   [ 100% ] 300 VUs  4m59.9s/5m0s

running (5m00.9s), 295/300 VUs, 1252 complete and 0 interrupted iterations
packers ↓ [ 100% ] 300 VUs  5m0s

running (5m01.9s), 290/300 VUs, 1257 complete and 0 interrupted iterations
packers ↓ [ 100% ] 300 VUs  5m0s

running (5m02.9s), 287/300 VUs, 1260 complete and 0 interrupted iterations
packers ↓ [ 100% ] 300 VUs  5m0s

running (5m03.9s), 280/300 VUs, 1267 complete and 0 interrupted iterations
packers ↓ [ 100% ] 300 VUs  5m0s

running (5m04.9s), 279/300 VUs, 1268 complete and 0 interrupted iterations
packers ↓ [ 100% ] 300 VUs  5m0s

running (5m05.9s), 279/300 VUs, 1268 complete and 0 interrupted iterations
packers ↓ [ 100% ] 300 VUs  5m0s

running (5m06.9s), 279/300 VUs, 1268 complete and 0 interrupted iterations
packers ↓ [ 100% ] 300 VUs  5m0s

running (5m07.9s), 279/300 VUs, 1268 complete and 0 interrupted iterations
packers ↓ [ 100% ] 300 VUs  5m0s

running (5m08.9s), 279/300 VUs, 1268 complete and 0 interrupted iterations
packers ↓ [ 100% ] 300 VUs  5m0s

running (5m09.9s), 279/300 VUs, 1268 complete and 0 interrupted iterations
packers ↓ [ 100% ] 300 VUs  5m0s

running (5m10.9s), 279/300 VUs, 1268 complete and 0 interrupted iterations
packers ↓ [ 100% ] 300 VUs  5m0s

running (5m11.9s), 279/300 VUs, 1268 complete and 0 interrupted iterations
packers ↓ [ 100% ] 300 VUs  5m0s

running (5m12.9s), 279/300 VUs, 1268 complete and 0 interrupted iterations
packers ↓ [ 100% ] 300 VUs  5m0s

running (5m13.9s), 276/300 VUs, 1271 complete and 0 interrupted iterations
packers ↓ [ 100% ] 300 VUs  5m0s

running (5m14.9s), 268/300 VUs, 1279 complete and 0 interrupted iterations
packers ↓ [ 100% ] 300 VUs  5m0s

running (5m15.9s), 265/300 VUs, 1282 complete and 0 interrupted iterations
packers ↓ [ 100% ] 300 VUs  5m0s

running (5m16.9s), 255/300 VUs, 1292 complete and 0 interrupted iterations
packers ↓ [ 100% ] 300 VUs  5m0s

running (5m17.9s), 243/300 VUs, 1304 complete and 0 interrupted iterations
packers ↓ [ 100% ] 300 VUs  5m0s

running (5m18.9s), 229/300 VUs, 1318 complete and 0 interrupted iterations
packers ↓ [ 100% ] 300 VUs  5m0s

running (5m19.9s), 220/300 VUs, 1327 complete and 0 interrupted iterations
packers ↓ [ 100% ] 300 VUs  5m0s

running (5m20.9s), 203/300 VUs, 1344 complete and 0 interrupted iterations
packers ↓ [ 100% ] 300 VUs  5m0s

running (5m21.9s), 198/300 VUs, 1349 complete and 0 interrupted iterations
packers ↓ [ 100% ] 300 VUs  5m0s

running (5m22.9s), 184/300 VUs, 1363 complete and 0 interrupted iterations
packers ↓ [ 100% ] 300 VUs  5m0s

running (5m23.9s), 178/300 VUs, 1369 complete and 0 interrupted iterations
packers ↓ [ 100% ] 300 VUs  5m0s

running (5m24.9s), 172/300 VUs, 1375 complete and 0 interrupted iterations
packers ↓ [ 100% ] 300 VUs  5m0s

running (5m25.9s), 171/300 VUs, 1376 complete and 0 interrupted iterations
packers ↓ [ 100% ] 300 VUs  5m0s

running (5m26.9s), 163/300 VUs, 1384 complete and 0 interrupted iterations
packers ↓ [ 100% ] 300 VUs  5m0s

running (5m27.9s), 159/300 VUs, 1388 complete and 0 interrupted iterations
packers ↓ [ 100% ] 300 VUs  5m0s

running (5m28.9s), 153/300 VUs, 1394 complete and 0 interrupted iterations
packers ↓ [ 100% ] 300 VUs  5m0s

running (5m29.9s), 148/300 VUs, 1399 complete and 0 interrupted iterations
packers ↓ [ 100% ] 300 VUs  5m0s


  █ THRESHOLDS 

    complete_duration
    ✗ 'p(95)<500' p(95)=5.99s


  █ TOTAL RESULTS 

    checks_total.......: 2943   8.918104/s
    checks_succeeded...: 96.77% 2848 out of 2943
    checks_failed......: 3.22%  95 out of 2943

    ✗ tote-scan 2xx
      ↳  96% — ✓ 1500 / ✗ 47
    ✗ complete 2xx
      ↳  96% — ✓ 1348 / ✗ 48

    CUSTOM
    complete_duration..............: avg=591.29ms p(50)=41.54ms p(95)=5.99s    p(99)=10s      max=10s      count=1396
    lockwin_complete...............: avg=8.03s    p(50)=10s     p(95)=10s      p(99)=10s      max=10s      count=91  
    lockwin_detail.................: avg=14.44ms  p(50)=14.29ms p(95)=16.22ms  p(99)=16.26ms  max=16.27ms  count=11  
    lockwin_fail_timeout...........: 95     0.287876/s
    lockwin_ok.....................: 150    0.454541/s
    lockwin_scan...................: avg=6.16s    p(50)=6.11s   p(95)=10s      p(99)=10s      max=10s      count=143 
    measured_complete..............: avg=696.89ms p(50)=41.95ms p(95)=8.14s    p(99)=10s      max=10s      count=1168
    measured_complete_ok...........: 1120   3.39391/s
    measured_detail................: avg=50.08ms  p(50)=15.31ms p(95)=366.39ms p(99)=569.53ms max=928.54ms count=1200
    measured_fail_timeout..........: 95     0.287876/s
    measured_req_fail..............: 95     0.287876/s
    measured_reqs..................: 3615   10.95445/s
    measured_scan..................: avg=741.94ms p(50)=21.24ms p(95)=6.8s     p(99)=10s      max=10s      count=1247

    HTTP
    http_req_duration..............: avg=411.4ms  p(50)=24.28ms p(95)=904.21ms p(99)=10s      max=10s      count=4443
      { expected_response:true }...: avg=201.88ms p(50)=23.75ms p(95)=456.01ms p(99)=6.26s    max=9.91s    count=4348
    http_req_failed................: 2.13%  95 out of 4443
    http_reqs......................: 4443   13.463519/s

    EXECUTION
    iteration_duration.............: avg=1m4s     p(50)=1m0s    p(95)=1m45s    p(99)=1m56s    max=1m59s    count=1399
    iterations.....................: 1399   4.239357/s
    vus............................: 148    min=148        max=300
    vus_max........................: 300    min=300        max=300

    NETWORK
    data_received..................: 2.5 MB 7.5 kB/s
    data_sent......................: 937 kB 2.8 kB/s




running (5m30.0s), 000/300 VUs, 1399 complete and 148 interrupted iterations
packers ✓ [ 100% ] 300 VUs  5m0s
time="2026-09-25T14:07:30Z" level=error msg="thresholds on metrics 'complete_duration' have been crossed"
