K6START=1790426069

         /\      Grafana   /‾‾/  
    /\  /  \     |\  __   /  /   
   /  \/    \    | |/ /  /   ‾‾\ 
  /          \   |   (  |  (‾)  |
 / __________ \  |_|\_\  \_____/ 


     execution: local
        script: k6/capture.js
        output: Prometheus remote write (http://172.31.64.6:9090/api/v1/write)

     scenarios: (100.00%) 1 scenario, 30 max VUs, 3m30s max duration (incl. graceful stop):
              * capture: 30 looping VUs for 3m0s (gracefulStop: 30s)


running (0m01.0s), 30/30 VUs, 0 complete and 0 interrupted iterations
capture   [   0% ] 30 VUs  0m00.5s/3m0s

running (0m02.0s), 30/30 VUs, 17 complete and 0 interrupted iterations
capture   [   1% ] 30 VUs  0m01.5s/3m0s

running (0m03.0s), 30/30 VUs, 30 complete and 0 interrupted iterations
capture   [   1% ] 30 VUs  0m02.5s/3m0s

running (0m04.0s), 30/30 VUs, 60 complete and 0 interrupted iterations
capture   [   2% ] 30 VUs  0m03.5s/3m0s

running (0m05.0s), 30/30 VUs, 89 complete and 0 interrupted iterations
capture   [   2% ] 30 VUs  0m04.5s/3m0s

running (0m06.0s), 30/30 VUs, 90 complete and 0 interrupted iterations
capture   [   3% ] 30 VUs  0m05.5s/3m0s

running (0m07.0s), 30/30 VUs, 120 complete and 0 interrupted iterations
capture   [   4% ] 30 VUs  0m06.5s/3m0s

running (0m08.0s), 30/30 VUs, 147 complete and 0 interrupted iterations
capture   [   4% ] 30 VUs  0m07.5s/3m0s

running (0m09.0s), 30/30 VUs, 150 complete and 0 interrupted iterations
capture   [   5% ] 30 VUs  0m08.5s/3m0s

running (0m10.0s), 30/30 VUs, 180 complete and 0 interrupted iterations
capture   [   5% ] 30 VUs  0m09.5s/3m0s

running (0m11.0s), 30/30 VUs, 210 complete and 0 interrupted iterations
capture   [   6% ] 30 VUs  0m10.5s/3m0s

running (0m12.0s), 30/30 VUs, 211 complete and 0 interrupted iterations
capture   [   6% ] 30 VUs  0m11.5s/3m0s

running (0m13.0s), 30/30 VUs, 240 complete and 0 interrupted iterations
capture   [   7% ] 30 VUs  0m12.5s/3m0s

running (0m14.0s), 30/30 VUs, 270 complete and 0 interrupted iterations
capture   [   7% ] 30 VUs  0m13.5s/3m0s

running (0m15.0s), 30/30 VUs, 281 complete and 0 interrupted iterations
capture   [   8% ] 30 VUs  0m14.5s/3m0s

running (0m16.0s), 30/30 VUs, 300 complete and 0 interrupted iterations
capture   [   9% ] 30 VUs  0m15.5s/3m0s

running (0m17.0s), 30/30 VUs, 330 complete and 0 interrupted iterations
capture   [   9% ] 30 VUs  0m16.5s/3m0s

running (0m18.0s), 30/30 VUs, 354 complete and 0 interrupted iterations
capture   [  10% ] 30 VUs  0m17.5s/3m0s

running (0m19.0s), 30/30 VUs, 360 complete and 0 interrupted iterations
capture   [  10% ] 30 VUs  0m18.5s/3m0s

running (0m20.0s), 30/30 VUs, 390 complete and 0 interrupted iterations
capture   [  11% ] 30 VUs  0m19.5s/3m0s

running (0m21.0s), 30/30 VUs, 420 complete and 0 interrupted iterations
capture   [  11% ] 30 VUs  0m20.5s/3m0s

running (0m22.0s), 30/30 VUs, 420 complete and 0 interrupted iterations
capture   [  12% ] 30 VUs  0m21.5s/3m0s

running (0m23.0s), 30/30 VUs, 450 complete and 0 interrupted iterations
capture   [  12% ] 30 VUs  0m22.5s/3m0s

running (0m24.0s), 30/30 VUs, 480 complete and 0 interrupted iterations
capture   [  13% ] 30 VUs  0m23.5s/3m0s

running (0m25.0s), 30/30 VUs, 486 complete and 0 interrupted iterations
capture   [  14% ] 30 VUs  0m24.5s/3m0s

running (0m26.0s), 30/30 VUs, 510 complete and 0 interrupted iterations
capture   [  14% ] 30 VUs  0m25.5s/3m0s

running (0m27.0s), 30/30 VUs, 540 complete and 0 interrupted iterations
capture   [  15% ] 30 VUs  0m26.5s/3m0s

running (0m28.0s), 30/30 VUs, 560 complete and 0 interrupted iterations
capture   [  15% ] 30 VUs  0m27.5s/3m0s

running (0m29.0s), 30/30 VUs, 570 complete and 0 interrupted iterations
capture   [  16% ] 30 VUs  0m28.5s/3m0s

running (0m30.0s), 30/30 VUs, 600 complete and 0 interrupted iterations
capture   [  16% ] 30 VUs  0m29.5s/3m0s

running (0m31.0s), 30/30 VUs, 627 complete and 0 interrupted iterations
capture   [  17% ] 30 VUs  0m30.5s/3m0s

running (0m32.0s), 30/30 VUs, 630 complete and 0 interrupted iterations
capture   [  17% ] 30 VUs  0m31.5s/3m0s

running (0m33.0s), 30/30 VUs, 660 complete and 0 interrupted iterations
capture   [  18% ] 30 VUs  0m32.5s/3m0s

running (0m34.0s), 30/30 VUs, 690 complete and 0 interrupted iterations
capture   [  19% ] 30 VUs  0m33.5s/3m0s

running (0m35.0s), 30/30 VUs, 690 complete and 0 interrupted iterations
capture   [  19% ] 30 VUs  0m34.5s/3m0s

running (0m36.0s), 30/30 VUs, 720 complete and 0 interrupted iterations
capture   [  20% ] 30 VUs  0m35.5s/3m0s

running (0m37.0s), 30/30 VUs, 750 complete and 0 interrupted iterations
capture   [  20% ] 30 VUs  0m36.5s/3m0s

running (0m38.0s), 30/30 VUs, 757 complete and 0 interrupted iterations
capture   [  21% ] 30 VUs  0m37.5s/3m0s

running (0m39.0s), 30/30 VUs, 780 complete and 0 interrupted iterations
capture   [  21% ] 30 VUs  0m38.5s/3m0s

running (0m40.0s), 30/30 VUs, 810 complete and 0 interrupted iterations
capture   [  22% ] 30 VUs  0m39.5s/3m0s

running (0m41.0s), 30/30 VUs, 832 complete and 0 interrupted iterations
capture   [  22% ] 30 VUs  0m40.5s/3m0s

running (0m42.0s), 30/30 VUs, 840 complete and 0 interrupted iterations
capture   [  23% ] 30 VUs  0m41.5s/3m0s

running (0m43.0s), 30/30 VUs, 870 complete and 0 interrupted iterations
capture   [  24% ] 30 VUs  0m42.5s/3m0s

running (0m44.0s), 30/30 VUs, 899 complete and 0 interrupted iterations
capture   [  24% ] 30 VUs  0m43.5s/3m0s

running (0m45.0s), 30/30 VUs, 900 complete and 0 interrupted iterations
capture   [  25% ] 30 VUs  0m44.5s/3m0s

running (0m46.0s), 30/30 VUs, 930 complete and 0 interrupted iterations
capture   [  25% ] 30 VUs  0m45.5s/3m0s

running (0m47.0s), 30/30 VUs, 960 complete and 0 interrupted iterations
capture   [  26% ] 30 VUs  0m46.5s/3m0s

running (0m48.0s), 30/30 VUs, 961 complete and 0 interrupted iterations
capture   [  26% ] 30 VUs  0m47.5s/3m0s

running (0m49.0s), 30/30 VUs, 990 complete and 0 interrupted iterations
capture   [  27% ] 30 VUs  0m48.5s/3m0s

running (0m50.0s), 30/30 VUs, 1020 complete and 0 interrupted iterations
capture   [  27% ] 30 VUs  0m49.5s/3m0s

running (0m51.0s), 30/30 VUs, 1034 complete and 0 interrupted iterations
capture   [  28% ] 30 VUs  0m50.5s/3m0s

running (0m52.0s), 30/30 VUs, 1050 complete and 0 interrupted iterations
capture   [  29% ] 30 VUs  0m51.5s/3m0s

running (0m53.0s), 30/30 VUs, 1080 complete and 0 interrupted iterations
capture   [  29% ] 30 VUs  0m52.5s/3m0s

running (0m54.0s), 30/30 VUs, 1107 complete and 0 interrupted iterations
capture   [  30% ] 30 VUs  0m53.5s/3m0s

running (0m55.0s), 30/30 VUs, 1110 complete and 0 interrupted iterations
capture   [  30% ] 30 VUs  0m54.5s/3m0s

running (0m56.0s), 30/30 VUs, 1140 complete and 0 interrupted iterations
capture   [  31% ] 30 VUs  0m55.5s/3m0s

running (0m57.0s), 30/30 VUs, 1170 complete and 0 interrupted iterations
capture   [  31% ] 30 VUs  0m56.5s/3m0s

running (0m58.0s), 30/30 VUs, 1171 complete and 0 interrupted iterations
capture   [  32% ] 30 VUs  0m57.5s/3m0s

running (0m59.0s), 30/30 VUs, 1200 complete and 0 interrupted iterations
capture   [  32% ] 30 VUs  0m58.5s/3m0s

running (1m00.0s), 30/30 VUs, 1230 complete and 0 interrupted iterations
capture   [  33% ] 30 VUs  0m59.5s/3m0s

running (1m01.0s), 30/30 VUs, 1231 complete and 0 interrupted iterations
capture   [  34% ] 30 VUs  1m00.5s/3m0s

running (1m02.0s), 30/30 VUs, 1260 complete and 0 interrupted iterations
capture   [  34% ] 30 VUs  1m01.5s/3m0s

running (1m03.0s), 30/30 VUs, 1290 complete and 0 interrupted iterations
capture   [  35% ] 30 VUs  1m02.5s/3m0s

running (1m04.0s), 30/30 VUs, 1309 complete and 0 interrupted iterations
capture   [  35% ] 30 VUs  1m03.5s/3m0s

running (1m05.0s), 30/30 VUs, 1320 complete and 0 interrupted iterations
capture   [  36% ] 30 VUs  1m04.5s/3m0s

running (1m06.0s), 30/30 VUs, 1350 complete and 0 interrupted iterations
capture   [  36% ] 30 VUs  1m05.5s/3m0s

running (1m07.0s), 30/30 VUs, 1377 complete and 0 interrupted iterations
capture   [  37% ] 30 VUs  1m06.5s/3m0s

running (1m08.0s), 30/30 VUs, 1380 complete and 0 interrupted iterations
capture   [  37% ] 30 VUs  1m07.5s/3m0s

running (1m09.0s), 30/30 VUs, 1410 complete and 0 interrupted iterations
capture   [  38% ] 30 VUs  1m08.5s/3m0s

running (1m10.0s), 30/30 VUs, 1439 complete and 0 interrupted iterations
capture   [  39% ] 30 VUs  1m09.5s/3m0s

running (1m11.0s), 30/30 VUs, 1440 complete and 0 interrupted iterations
capture   [  39% ] 30 VUs  1m10.5s/3m0s

running (1m12.0s), 30/30 VUs, 1469 complete and 0 interrupted iterations
capture   [  40% ] 30 VUs  1m11.5s/3m0s

running (1m13.0s), 30/30 VUs, 1499 complete and 0 interrupted iterations
capture   [  40% ] 30 VUs  1m12.5s/3m0s

running (1m14.0s), 30/30 VUs, 1502 complete and 0 interrupted iterations
capture   [  41% ] 30 VUs  1m13.5s/3m0s

running (1m15.0s), 30/30 VUs, 1529 complete and 0 interrupted iterations
capture   [  41% ] 30 VUs  1m14.5s/3m0s

running (1m16.0s), 30/30 VUs, 1559 complete and 0 interrupted iterations
capture   [  42% ] 30 VUs  1m15.5s/3m0s

running (1m17.0s), 30/30 VUs, 1576 complete and 0 interrupted iterations
capture   [  42% ] 30 VUs  1m16.5s/3m0s

running (1m18.0s), 30/30 VUs, 1589 complete and 0 interrupted iterations
capture   [  43% ] 30 VUs  1m17.5s/3m0s

running (1m19.0s), 30/30 VUs, 1619 complete and 0 interrupted iterations
capture   [  44% ] 30 VUs  1m18.5s/3m0s

running (1m20.0s), 30/30 VUs, 1648 complete and 0 interrupted iterations
capture   [  44% ] 30 VUs  1m19.5s/3m0s

running (1m21.0s), 30/30 VUs, 1649 complete and 0 interrupted iterations
capture   [  45% ] 30 VUs  1m20.5s/3m0s

running (1m22.0s), 30/30 VUs, 1679 complete and 0 interrupted iterations
capture   [  45% ] 30 VUs  1m21.5s/3m0s

running (1m23.0s), 30/30 VUs, 1709 complete and 0 interrupted iterations
capture   [  46% ] 30 VUs  1m22.5s/3m0s

running (1m24.0s), 30/30 VUs, 1710 complete and 0 interrupted iterations
capture   [  46% ] 30 VUs  1m23.5s/3m0s

running (1m25.0s), 30/30 VUs, 1739 complete and 0 interrupted iterations
capture   [  47% ] 30 VUs  1m24.5s/3m0s

running (1m26.0s), 30/30 VUs, 1769 complete and 0 interrupted iterations
capture   [  47% ] 30 VUs  1m25.5s/3m0s

running (1m27.0s), 30/30 VUs, 1783 complete and 0 interrupted iterations
capture   [  48% ] 30 VUs  1m26.5s/3m0s

running (1m28.0s), 30/30 VUs, 1799 complete and 0 interrupted iterations
capture   [  49% ] 30 VUs  1m27.5s/3m0s

running (1m29.0s), 30/30 VUs, 1829 complete and 0 interrupted iterations
capture   [  49% ] 30 VUs  1m28.5s/3m0s

running (1m30.0s), 30/30 VUs, 1858 complete and 0 interrupted iterations
capture   [  50% ] 30 VUs  1m29.5s/3m0s

running (1m31.0s), 30/30 VUs, 1859 complete and 0 interrupted iterations
capture   [  50% ] 30 VUs  1m30.5s/3m0s

running (1m32.0s), 30/30 VUs, 1889 complete and 0 interrupted iterations
capture   [  51% ] 30 VUs  1m31.5s/3m0s

running (1m33.0s), 30/30 VUs, 1919 complete and 0 interrupted iterations
capture   [  51% ] 30 VUs  1m32.5s/3m0s

running (1m34.0s), 30/30 VUs, 1920 complete and 0 interrupted iterations
capture   [  52% ] 30 VUs  1m33.5s/3m0s

running (1m35.0s), 30/30 VUs, 1949 complete and 0 interrupted iterations
capture   [  52% ] 30 VUs  1m34.5s/3m0s

running (1m36.0s), 30/30 VUs, 1979 complete and 0 interrupted iterations
capture   [  53% ] 30 VUs  1m35.5s/3m0s

running (1m37.0s), 30/30 VUs, 1989 complete and 0 interrupted iterations
capture   [  54% ] 30 VUs  1m36.5s/3m0s

running (1m38.0s), 30/30 VUs, 2009 complete and 0 interrupted iterations
capture   [  54% ] 30 VUs  1m37.5s/3m0s

running (1m39.0s), 30/30 VUs, 2039 complete and 0 interrupted iterations
capture   [  55% ] 30 VUs  1m38.5s/3m0s

running (1m40.0s), 30/30 VUs, 2066 complete and 0 interrupted iterations
capture   [  55% ] 30 VUs  1m39.5s/3m0s

running (1m41.0s), 30/30 VUs, 2069 complete and 0 interrupted iterations
capture   [  56% ] 30 VUs  1m40.5s/3m0s

running (1m42.0s), 30/30 VUs, 2099 complete and 0 interrupted iterations
capture   [  56% ] 30 VUs  1m41.5s/3m0s

running (1m43.0s), 30/30 VUs, 2129 complete and 0 interrupted iterations
capture   [  57% ] 30 VUs  1m42.5s/3m0s

running (1m44.0s), 30/30 VUs, 2130 complete and 0 interrupted iterations
capture   [  57% ] 30 VUs  1m43.5s/3m0s

running (1m45.0s), 30/30 VUs, 2159 complete and 0 interrupted iterations
capture   [  58% ] 30 VUs  1m44.5s/3m0s

running (1m46.0s), 30/30 VUs, 2189 complete and 0 interrupted iterations
capture   [  59% ] 30 VUs  1m45.5s/3m0s

running (1m47.0s), 30/30 VUs, 2196 complete and 0 interrupted iterations
capture   [  59% ] 30 VUs  1m46.5s/3m0s

running (1m48.0s), 30/30 VUs, 2219 complete and 0 interrupted iterations
capture   [  60% ] 30 VUs  1m47.5s/3m0s

running (1m49.0s), 30/30 VUs, 2249 complete and 0 interrupted iterations
capture   [  60% ] 30 VUs  1m48.5s/3m0s

running (1m50.0s), 30/30 VUs, 2270 complete and 0 interrupted iterations
capture   [  61% ] 30 VUs  1m49.5s/3m0s

running (1m51.0s), 30/30 VUs, 2279 complete and 0 interrupted iterations
capture   [  61% ] 30 VUs  1m50.5s/3m0s

running (1m52.0s), 30/30 VUs, 2309 complete and 0 interrupted iterations
capture   [  62% ] 30 VUs  1m51.5s/3m0s

running (1m53.0s), 30/30 VUs, 2339 complete and 0 interrupted iterations
capture   [  62% ] 30 VUs  1m52.5s/3m0s

running (1m54.0s), 30/30 VUs, 2340 complete and 0 interrupted iterations
capture   [  63% ] 30 VUs  1m53.5s/3m0s

running (1m55.0s), 30/30 VUs, 2369 complete and 0 interrupted iterations
capture   [  64% ] 30 VUs  1m54.5s/3m0s

running (1m56.0s), 30/30 VUs, 2399 complete and 0 interrupted iterations
capture   [  64% ] 30 VUs  1m55.5s/3m0s

running (1m57.0s), 30/30 VUs, 2402 complete and 0 interrupted iterations
capture   [  65% ] 30 VUs  1m56.5s/3m0s

running (1m58.0s), 30/30 VUs, 2429 complete and 0 interrupted iterations
capture   [  65% ] 30 VUs  1m57.5s/3m0s

running (1m59.0s), 30/30 VUs, 2459 complete and 0 interrupted iterations
capture   [  66% ] 30 VUs  1m58.5s/3m0s

running (2m00.0s), 30/30 VUs, 2476 complete and 0 interrupted iterations
capture   [  66% ] 30 VUs  1m59.5s/3m0s

running (2m01.0s), 30/30 VUs, 2489 complete and 0 interrupted iterations
capture   [  67% ] 30 VUs  2m00.5s/3m0s

running (2m02.0s), 30/30 VUs, 2519 complete and 0 interrupted iterations
capture   [  67% ] 30 VUs  2m01.5s/3m0s

running (2m03.0s), 30/30 VUs, 2549 complete and 0 interrupted iterations
capture   [  68% ] 30 VUs  2m02.5s/3m0s

running (2m04.0s), 30/30 VUs, 2549 complete and 0 interrupted iterations
capture   [  69% ] 30 VUs  2m03.5s/3m0s

running (2m05.0s), 30/30 VUs, 2579 complete and 0 interrupted iterations
capture   [  69% ] 30 VUs  2m04.5s/3m0s

running (2m06.0s), 30/30 VUs, 2609 complete and 0 interrupted iterations
capture   [  70% ] 30 VUs  2m05.5s/3m0s

running (2m07.0s), 30/30 VUs, 2611 complete and 0 interrupted iterations
capture   [  70% ] 30 VUs  2m06.5s/3m0s

running (2m08.0s), 30/30 VUs, 2639 complete and 0 interrupted iterations
capture   [  71% ] 30 VUs  2m07.5s/3m0s

running (2m09.0s), 30/30 VUs, 2669 complete and 0 interrupted iterations
capture   [  71% ] 30 VUs  2m08.5s/3m0s

running (2m10.0s), 30/30 VUs, 2688 complete and 0 interrupted iterations
capture   [  72% ] 30 VUs  2m09.5s/3m0s

running (2m11.0s), 30/30 VUs, 2699 complete and 0 interrupted iterations
capture   [  72% ] 30 VUs  2m10.5s/3m0s

running (2m12.0s), 30/30 VUs, 2729 complete and 0 interrupted iterations
capture   [  73% ] 30 VUs  2m11.5s/3m0s

running (2m13.0s), 30/30 VUs, 2759 complete and 0 interrupted iterations
capture   [  74% ] 30 VUs  2m12.5s/3m0s

running (2m14.0s), 30/30 VUs, 2759 complete and 0 interrupted iterations
capture   [  74% ] 30 VUs  2m13.5s/3m0s

running (2m15.0s), 30/30 VUs, 2789 complete and 0 interrupted iterations
capture   [  75% ] 30 VUs  2m14.5s/3m0s

running (2m16.0s), 30/30 VUs, 2819 complete and 0 interrupted iterations
capture   [  75% ] 30 VUs  2m15.5s/3m0s

running (2m17.0s), 30/30 VUs, 2819 complete and 0 interrupted iterations
capture   [  76% ] 30 VUs  2m16.5s/3m0s

running (2m18.0s), 30/30 VUs, 2849 complete and 0 interrupted iterations
capture   [  76% ] 30 VUs  2m17.5s/3m0s

running (2m19.0s), 30/30 VUs, 2879 complete and 0 interrupted iterations
capture   [  77% ] 30 VUs  2m18.5s/3m0s

running (2m20.0s), 30/30 VUs, 2895 complete and 0 interrupted iterations
capture   [  77% ] 30 VUs  2m19.5s/3m0s

running (2m21.0s), 30/30 VUs, 2909 complete and 0 interrupted iterations
capture   [  78% ] 30 VUs  2m20.5s/3m0s

running (2m22.0s), 30/30 VUs, 2939 complete and 0 interrupted iterations
capture   [  79% ] 30 VUs  2m21.5s/3m0s

running (2m23.0s), 30/30 VUs, 2969 complete and 0 interrupted iterations
capture   [  79% ] 30 VUs  2m22.5s/3m0s

running (2m24.0s), 30/30 VUs, 2969 complete and 0 interrupted iterations
capture   [  80% ] 30 VUs  2m23.5s/3m0s

running (2m25.0s), 30/30 VUs, 2999 complete and 0 interrupted iterations
capture   [  80% ] 30 VUs  2m24.5s/3m0s

running (2m26.0s), 30/30 VUs, 3029 complete and 0 interrupted iterations
capture   [  81% ] 30 VUs  2m25.5s/3m0s

running (2m27.0s), 30/30 VUs, 3029 complete and 0 interrupted iterations
capture   [  81% ] 30 VUs  2m26.5s/3m0s

running (2m28.0s), 30/30 VUs, 3059 complete and 0 interrupted iterations
capture   [  82% ] 30 VUs  2m27.5s/3m0s

running (2m29.0s), 30/30 VUs, 3089 complete and 0 interrupted iterations
capture   [  82% ] 30 VUs  2m28.5s/3m0s

running (2m30.0s), 30/30 VUs, 3104 complete and 0 interrupted iterations
capture   [  83% ] 30 VUs  2m29.5s/3m0s

running (2m31.0s), 30/30 VUs, 3119 complete and 0 interrupted iterations
capture   [  84% ] 30 VUs  2m30.5s/3m0s

running (2m32.0s), 30/30 VUs, 3149 complete and 0 interrupted iterations
capture   [  84% ] 30 VUs  2m31.5s/3m0s

running (2m33.0s), 30/30 VUs, 3179 complete and 0 interrupted iterations
capture   [  85% ] 30 VUs  2m32.5s/3m0s

running (2m34.0s), 30/30 VUs, 3179 complete and 0 interrupted iterations
capture   [  85% ] 30 VUs  2m33.5s/3m0s

running (2m35.0s), 30/30 VUs, 3209 complete and 0 interrupted iterations
capture   [  86% ] 30 VUs  2m34.5s/3m0s

running (2m36.0s), 30/30 VUs, 3239 complete and 0 interrupted iterations
capture   [  86% ] 30 VUs  2m35.5s/3m0s

running (2m37.0s), 30/30 VUs, 3239 complete and 0 interrupted iterations
capture   [  87% ] 30 VUs  2m36.5s/3m0s

running (2m38.0s), 30/30 VUs, 3269 complete and 0 interrupted iterations
capture   [  87% ] 30 VUs  2m37.5s/3m0s

running (2m39.0s), 30/30 VUs, 3299 complete and 0 interrupted iterations
capture   [  88% ] 30 VUs  2m38.5s/3m0s

running (2m40.0s), 30/30 VUs, 3311 complete and 0 interrupted iterations
capture   [  89% ] 30 VUs  2m39.5s/3m0s

running (2m41.0s), 30/30 VUs, 3329 complete and 0 interrupted iterations
capture   [  89% ] 30 VUs  2m40.5s/3m0s

running (2m42.0s), 30/30 VUs, 3359 complete and 0 interrupted iterations
capture   [  90% ] 30 VUs  2m41.5s/3m0s

running (2m43.0s), 30/30 VUs, 3387 complete and 0 interrupted iterations
capture   [  90% ] 30 VUs  2m42.5s/3m0s

running (2m44.0s), 30/30 VUs, 3389 complete and 0 interrupted iterations
capture   [  91% ] 30 VUs  2m43.5s/3m0s

running (2m45.0s), 30/30 VUs, 3419 complete and 0 interrupted iterations
capture   [  91% ] 30 VUs  2m44.5s/3m0s

running (2m46.0s), 30/30 VUs, 3449 complete and 0 interrupted iterations
capture   [  92% ] 30 VUs  2m45.5s/3m0s

running (2m47.0s), 30/30 VUs, 3449 complete and 0 interrupted iterations
capture   [  92% ] 30 VUs  2m46.5s/3m0s

running (2m48.0s), 30/30 VUs, 3479 complete and 0 interrupted iterations
capture   [  93% ] 30 VUs  2m47.5s/3m0s

running (2m49.0s), 30/30 VUs, 3509 complete and 0 interrupted iterations
capture   [  94% ] 30 VUs  2m48.5s/3m0s

running (2m50.0s), 30/30 VUs, 3519 complete and 0 interrupted iterations
capture   [  94% ] 30 VUs  2m49.5s/3m0s

running (2m51.0s), 30/30 VUs, 3539 complete and 0 interrupted iterations
capture   [  95% ] 30 VUs  2m50.5s/3m0s

running (2m52.0s), 30/30 VUs, 3569 complete and 0 interrupted iterations
capture   [  95% ] 30 VUs  2m51.5s/3m0s

running (2m53.0s), 30/30 VUs, 3596 complete and 0 interrupted iterations
capture   [  96% ] 30 VUs  2m52.5s/3m0s

running (2m54.0s), 30/30 VUs, 3599 complete and 0 interrupted iterations
capture   [  96% ] 30 VUs  2m53.5s/3m0s

running (2m55.0s), 30/30 VUs, 3629 complete and 0 interrupted iterations
capture   [  97% ] 30 VUs  2m54.5s/3m0s

running (2m56.0s), 30/30 VUs, 3659 complete and 0 interrupted iterations
capture   [  97% ] 30 VUs  2m55.5s/3m0s

running (2m57.0s), 30/30 VUs, 3659 complete and 0 interrupted iterations
capture   [  98% ] 30 VUs  2m56.5s/3m0s

running (2m58.0s), 30/30 VUs, 3689 complete and 0 interrupted iterations
capture   [  99% ] 30 VUs  2m57.5s/3m0s

running (2m59.0s), 30/30 VUs, 3719 complete and 0 interrupted iterations
capture   [  99% ] 30 VUs  2m58.5s/3m0s

running (3m00.0s), 30/30 VUs, 3724 complete and 0 interrupted iterations
capture   [ 100% ] 30 VUs  2m59.5s/3m0s

running (3m01.0s), 30/30 VUs, 3749 complete and 0 interrupted iterations
capture ↓ [ 100% ] 30 VUs  3m0s


  █ THRESHOLDS 

    http_req_failed{name:measure}
    ✓ 'rate<0.01' rate=0.00%

    measure_duration
    ✓ 'p(95)<1000' p(95)=537.79ms

    measure_inferred
    ✓ 'rate>0.99' rate=100.00%


  █ TOTAL RESULTS 

    checks_total.......: 3779    20.80621/s
    checks_succeeded...: 100.00% 3779 out of 3779
    checks_failed......: 0.00%   0 out of 3779

    ✓ measure 2xx

    CUSTOM
    measure_duration...............: avg=435.93ms min=349.71ms med=418ms    max=618.65ms p(95)=537.79ms p(99)=557.36ms
    measure_inferred...............: 100.00% 3779 out of 3779

    HTTP
    http_req_duration..............: avg=434.79ms min=35.2ms   med=417.94ms max=618.65ms p(95)=537.78ms p(99)=557.26ms
      { expected_response:true }...: avg=434.79ms min=35.2ms   med=417.94ms max=618.65ms p(95)=537.78ms p(99)=557.26ms
    http_req_failed................: 0.00%   0 out of 3790
      { name:measure }.............: 0.00%   0 out of 3779
    http_reqs......................: 3790    20.866773/s

    EXECUTION
    iteration_duration.............: avg=1.43s    min=1.35s    med=1.41s    max=1.61s    p(95)=1.53s    p(99)=1.55s   
    iterations.....................: 3779    20.80621/s
    vus............................: 30      min=30           max=30
    vus_max........................: 30      min=30           max=30

    NETWORK
    data_received..................: 23 MB   124 kB/s
    data_sent......................: 840 kB  4.6 kB/s




running (3m01.6s), 00/30 VUs, 3779 complete and 0 interrupted iterations
capture ✓ [ 100% ] 30 VUs  3m0s
