K6START=1790342194

         /\      Grafana   /‾‾/  
    /\  /  \     |\  __   /  /   
   /  \/    \    | |/ /  /   ‾‾\ 
  /          \   |   (  |  (‾)  |
 / __________ \  |_|\_\  \_____/ 


     execution: local
        script: k6/packing.js
        output: Prometheus remote write (http://172.31.64.6:9090/api/v1/write)

     scenarios: (100.00%) 1 scenario, 300 max VUs, 5m30s max duration (incl. graceful stop):
              * packers: 300 looping VUs for 5m0s (gracefulStop: 30s)


running (0m00.9s), 300/300 VUs, 0 complete and 0 interrupted iterations
packers   [   0% ] 300 VUs  0m00.9s/5m0s

running (0m01.9s), 300/300 VUs, 0 complete and 0 interrupted iterations
packers   [   1% ] 300 VUs  0m01.9s/5m0s

running (0m02.9s), 300/300 VUs, 0 complete and 0 interrupted iterations
packers   [   1% ] 300 VUs  0m02.9s/5m0s

running (0m03.9s), 300/300 VUs, 0 complete and 0 interrupted iterations
packers   [   1% ] 300 VUs  0m03.9s/5m0s

running (0m04.9s), 300/300 VUs, 0 complete and 0 interrupted iterations
packers   [   2% ] 300 VUs  0m04.9s/5m0s

running (0m05.9s), 300/300 VUs, 0 complete and 0 interrupted iterations
packers   [   2% ] 300 VUs  0m05.9s/5m0s

running (0m06.9s), 300/300 VUs, 0 complete and 0 interrupted iterations
packers   [   2% ] 300 VUs  0m06.9s/5m0s

running (0m07.9s), 300/300 VUs, 0 complete and 0 interrupted iterations
packers   [   3% ] 300 VUs  0m07.9s/5m0s

running (0m08.9s), 300/300 VUs, 0 complete and 0 interrupted iterations
packers   [   3% ] 300 VUs  0m08.9s/5m0s

running (0m09.9s), 300/300 VUs, 0 complete and 0 interrupted iterations
packers   [   3% ] 300 VUs  0m09.9s/5m0s

running (0m10.9s), 300/300 VUs, 0 complete and 0 interrupted iterations
packers   [   4% ] 300 VUs  0m10.9s/5m0s

running (0m11.9s), 300/300 VUs, 0 complete and 0 interrupted iterations
packers   [   4% ] 300 VUs  0m11.9s/5m0s

running (0m12.9s), 300/300 VUs, 0 complete and 0 interrupted iterations
packers   [   4% ] 300 VUs  0m12.9s/5m0s

running (0m13.9s), 300/300 VUs, 0 complete and 0 interrupted iterations
packers   [   5% ] 300 VUs  0m13.9s/5m0s

running (0m14.9s), 300/300 VUs, 0 complete and 0 interrupted iterations
packers   [   5% ] 300 VUs  0m14.9s/5m0s

running (0m15.9s), 300/300 VUs, 0 complete and 0 interrupted iterations
packers   [   5% ] 300 VUs  0m15.9s/5m0s

running (0m16.9s), 300/300 VUs, 0 complete and 0 interrupted iterations
packers   [   6% ] 300 VUs  0m16.9s/5m0s

running (0m17.9s), 300/300 VUs, 0 complete and 0 interrupted iterations
packers   [   6% ] 300 VUs  0m17.9s/5m0s

running (0m18.9s), 300/300 VUs, 0 complete and 0 interrupted iterations
packers   [   6% ] 300 VUs  0m18.9s/5m0s

running (0m19.9s), 300/300 VUs, 0 complete and 0 interrupted iterations
packers   [   7% ] 300 VUs  0m19.9s/5m0s

running (0m20.9s), 300/300 VUs, 0 complete and 0 interrupted iterations
packers   [   7% ] 300 VUs  0m20.9s/5m0s

running (0m21.9s), 300/300 VUs, 0 complete and 0 interrupted iterations
packers   [   7% ] 300 VUs  0m21.9s/5m0s

running (0m22.9s), 300/300 VUs, 0 complete and 0 interrupted iterations
packers   [   8% ] 300 VUs  0m22.9s/5m0s

running (0m23.9s), 300/300 VUs, 0 complete and 0 interrupted iterations
packers   [   8% ] 300 VUs  0m23.9s/5m0s

running (0m24.9s), 300/300 VUs, 0 complete and 0 interrupted iterations
packers   [   8% ] 300 VUs  0m24.9s/5m0s

running (0m25.9s), 300/300 VUs, 0 complete and 0 interrupted iterations
packers   [   9% ] 300 VUs  0m25.9s/5m0s

running (0m26.9s), 300/300 VUs, 0 complete and 0 interrupted iterations
packers   [   9% ] 300 VUs  0m26.9s/5m0s

running (0m27.9s), 300/300 VUs, 0 complete and 0 interrupted iterations
packers   [   9% ] 300 VUs  0m27.9s/5m0s

running (0m28.9s), 300/300 VUs, 0 complete and 0 interrupted iterations
packers   [  10% ] 300 VUs  0m28.9s/5m0s

running (0m29.9s), 300/300 VUs, 0 complete and 0 interrupted iterations
packers   [  10% ] 300 VUs  0m29.9s/5m0s

running (0m30.9s), 300/300 VUs, 0 complete and 0 interrupted iterations
packers   [  10% ] 300 VUs  0m30.9s/5m0s

running (0m31.9s), 300/300 VUs, 0 complete and 0 interrupted iterations
packers   [  11% ] 300 VUs  0m31.9s/5m0s

running (0m32.9s), 300/300 VUs, 0 complete and 0 interrupted iterations
packers   [  11% ] 300 VUs  0m32.9s/5m0s

running (0m33.9s), 300/300 VUs, 0 complete and 0 interrupted iterations
packers   [  11% ] 300 VUs  0m33.9s/5m0s

running (0m34.9s), 300/300 VUs, 0 complete and 0 interrupted iterations
packers   [  12% ] 300 VUs  0m34.9s/5m0s

running (0m35.9s), 300/300 VUs, 0 complete and 0 interrupted iterations
packers   [  12% ] 300 VUs  0m35.9s/5m0s

running (0m36.9s), 300/300 VUs, 0 complete and 0 interrupted iterations
packers   [  12% ] 300 VUs  0m36.9s/5m0s

running (0m37.9s), 300/300 VUs, 0 complete and 0 interrupted iterations
packers   [  13% ] 300 VUs  0m37.9s/5m0s

running (0m38.9s), 300/300 VUs, 0 complete and 0 interrupted iterations
packers   [  13% ] 300 VUs  0m38.9s/5m0s

running (0m39.9s), 300/300 VUs, 0 complete and 0 interrupted iterations
packers   [  13% ] 300 VUs  0m39.9s/5m0s

running (0m40.9s), 300/300 VUs, 0 complete and 0 interrupted iterations
packers   [  14% ] 300 VUs  0m40.9s/5m0s

running (0m41.9s), 300/300 VUs, 0 complete and 0 interrupted iterations
packers   [  14% ] 300 VUs  0m41.9s/5m0s

running (0m42.9s), 300/300 VUs, 0 complete and 0 interrupted iterations
packers   [  14% ] 300 VUs  0m42.9s/5m0s

running (0m43.9s), 300/300 VUs, 0 complete and 0 interrupted iterations
packers   [  15% ] 300 VUs  0m43.9s/5m0s

running (0m44.9s), 300/300 VUs, 0 complete and 0 interrupted iterations
packers   [  15% ] 300 VUs  0m44.9s/5m0s

running (0m45.9s), 300/300 VUs, 0 complete and 0 interrupted iterations
packers   [  15% ] 300 VUs  0m45.9s/5m0s

running (0m46.9s), 300/300 VUs, 0 complete and 0 interrupted iterations
packers   [  16% ] 300 VUs  0m46.9s/5m0s

running (0m47.9s), 300/300 VUs, 0 complete and 0 interrupted iterations
packers   [  16% ] 300 VUs  0m47.9s/5m0s

running (0m48.9s), 300/300 VUs, 0 complete and 0 interrupted iterations
packers   [  16% ] 300 VUs  0m48.9s/5m0s

running (0m49.9s), 300/300 VUs, 0 complete and 0 interrupted iterations
packers   [  17% ] 300 VUs  0m49.9s/5m0s

running (0m50.9s), 300/300 VUs, 0 complete and 0 interrupted iterations
packers   [  17% ] 300 VUs  0m50.9s/5m0s

running (0m51.9s), 300/300 VUs, 0 complete and 0 interrupted iterations
packers   [  17% ] 300 VUs  0m51.9s/5m0s

running (0m52.9s), 300/300 VUs, 0 complete and 0 interrupted iterations
packers   [  18% ] 300 VUs  0m52.9s/5m0s

running (0m53.9s), 300/300 VUs, 0 complete and 0 interrupted iterations
packers   [  18% ] 300 VUs  0m53.9s/5m0s

running (0m54.9s), 300/300 VUs, 0 complete and 0 interrupted iterations
packers   [  18% ] 300 VUs  0m54.9s/5m0s

running (0m55.9s), 300/300 VUs, 0 complete and 0 interrupted iterations
packers   [  19% ] 300 VUs  0m55.9s/5m0s

running (0m56.9s), 300/300 VUs, 0 complete and 0 interrupted iterations
packers   [  19% ] 300 VUs  0m56.9s/5m0s

running (0m57.9s), 300/300 VUs, 0 complete and 0 interrupted iterations
packers   [  19% ] 300 VUs  0m57.9s/5m0s

running (0m58.9s), 300/300 VUs, 0 complete and 0 interrupted iterations
packers   [  20% ] 300 VUs  0m58.9s/5m0s

running (0m59.9s), 300/300 VUs, 0 complete and 0 interrupted iterations
packers   [  20% ] 300 VUs  0m59.9s/5m0s

running (1m00.9s), 300/300 VUs, 4 complete and 0 interrupted iterations
packers   [  20% ] 300 VUs  1m00.9s/5m0s

running (1m01.9s), 300/300 VUs, 6 complete and 0 interrupted iterations
packers   [  21% ] 300 VUs  1m01.9s/5m0s

running (1m02.9s), 300/300 VUs, 9 complete and 0 interrupted iterations
packers   [  21% ] 300 VUs  1m02.9s/5m0s

running (1m03.9s), 300/300 VUs, 18 complete and 0 interrupted iterations
packers   [  21% ] 300 VUs  1m03.9s/5m0s

running (1m04.9s), 300/300 VUs, 25 complete and 0 interrupted iterations
packers   [  22% ] 300 VUs  1m04.9s/5m0s

running (1m05.9s), 300/300 VUs, 28 complete and 0 interrupted iterations
packers   [  22% ] 300 VUs  1m05.9s/5m0s

running (1m06.9s), 300/300 VUs, 30 complete and 0 interrupted iterations
packers   [  22% ] 300 VUs  1m06.9s/5m0s

running (1m07.9s), 300/300 VUs, 33 complete and 0 interrupted iterations
packers   [  23% ] 300 VUs  1m07.9s/5m0s

running (1m08.9s), 300/300 VUs, 35 complete and 0 interrupted iterations
packers   [  23% ] 300 VUs  1m08.9s/5m0s

running (1m09.9s), 300/300 VUs, 39 complete and 0 interrupted iterations
packers   [  23% ] 300 VUs  1m09.9s/5m0s

running (1m10.9s), 300/300 VUs, 43 complete and 0 interrupted iterations
packers   [  24% ] 300 VUs  1m10.9s/5m0s

running (1m11.9s), 300/300 VUs, 47 complete and 0 interrupted iterations
packers   [  24% ] 300 VUs  1m11.9s/5m0s

running (1m12.9s), 300/300 VUs, 48 complete and 0 interrupted iterations
packers   [  24% ] 300 VUs  1m12.9s/5m0s

running (1m13.9s), 300/300 VUs, 54 complete and 0 interrupted iterations
packers   [  25% ] 300 VUs  1m13.9s/5m0s

running (1m14.9s), 300/300 VUs, 56 complete and 0 interrupted iterations
packers   [  25% ] 300 VUs  1m14.9s/5m0s

running (1m15.9s), 300/300 VUs, 63 complete and 0 interrupted iterations
packers   [  25% ] 300 VUs  1m15.9s/5m0s

running (1m16.9s), 300/300 VUs, 66 complete and 0 interrupted iterations
packers   [  26% ] 300 VUs  1m16.9s/5m0s

running (1m17.9s), 300/300 VUs, 72 complete and 0 interrupted iterations
packers   [  26% ] 300 VUs  1m17.9s/5m0s

running (1m18.9s), 300/300 VUs, 79 complete and 0 interrupted iterations
packers   [  26% ] 300 VUs  1m18.9s/5m0s

running (1m19.9s), 300/300 VUs, 83 complete and 0 interrupted iterations
packers   [  27% ] 300 VUs  1m19.9s/5m0s

running (1m20.9s), 300/300 VUs, 87 complete and 0 interrupted iterations
packers   [  27% ] 300 VUs  1m20.9s/5m0s

running (1m21.9s), 300/300 VUs, 92 complete and 0 interrupted iterations
packers   [  27% ] 300 VUs  1m21.9s/5m0s

running (1m22.9s), 300/300 VUs, 98 complete and 0 interrupted iterations
packers   [  28% ] 300 VUs  1m22.9s/5m0s

running (1m23.9s), 300/300 VUs, 101 complete and 0 interrupted iterations
packers   [  28% ] 300 VUs  1m23.9s/5m0s

running (1m24.9s), 300/300 VUs, 103 complete and 0 interrupted iterations
packers   [  28% ] 300 VUs  1m24.9s/5m0s

running (1m25.9s), 300/300 VUs, 110 complete and 0 interrupted iterations
packers   [  29% ] 300 VUs  1m25.9s/5m0s

running (1m26.9s), 300/300 VUs, 113 complete and 0 interrupted iterations
packers   [  29% ] 300 VUs  1m26.9s/5m0s

running (1m27.9s), 300/300 VUs, 117 complete and 0 interrupted iterations
packers   [  29% ] 300 VUs  1m27.9s/5m0s

running (1m28.9s), 300/300 VUs, 120 complete and 0 interrupted iterations
packers   [  30% ] 300 VUs  1m28.9s/5m0s

running (1m29.9s), 300/300 VUs, 126 complete and 0 interrupted iterations
packers   [  30% ] 300 VUs  1m29.9s/5m0s

running (1m30.9s), 300/300 VUs, 132 complete and 0 interrupted iterations
packers   [  30% ] 300 VUs  1m30.9s/5m0s

running (1m31.9s), 300/300 VUs, 133 complete and 0 interrupted iterations
packers   [  31% ] 300 VUs  1m31.9s/5m0s

running (1m32.9s), 300/300 VUs, 138 complete and 0 interrupted iterations
packers   [  31% ] 300 VUs  1m32.9s/5m0s

running (1m33.9s), 300/300 VUs, 140 complete and 0 interrupted iterations
packers   [  31% ] 300 VUs  1m33.9s/5m0s

running (1m34.9s), 300/300 VUs, 144 complete and 0 interrupted iterations
packers   [  32% ] 300 VUs  1m34.9s/5m0s

running (1m35.9s), 300/300 VUs, 157 complete and 0 interrupted iterations
packers   [  32% ] 300 VUs  1m35.9s/5m0s

running (1m36.9s), 300/300 VUs, 164 complete and 0 interrupted iterations
packers   [  32% ] 300 VUs  1m36.9s/5m0s

running (1m37.9s), 300/300 VUs, 171 complete and 0 interrupted iterations
packers   [  33% ] 300 VUs  1m37.9s/5m0s

running (1m38.9s), 300/300 VUs, 175 complete and 0 interrupted iterations
packers   [  33% ] 300 VUs  1m38.9s/5m0s

running (1m39.9s), 300/300 VUs, 180 complete and 0 interrupted iterations
packers   [  33% ] 300 VUs  1m39.9s/5m0s

running (1m40.9s), 300/300 VUs, 189 complete and 0 interrupted iterations
packers   [  34% ] 300 VUs  1m40.9s/5m0s

running (1m41.9s), 300/300 VUs, 196 complete and 0 interrupted iterations
packers   [  34% ] 300 VUs  1m41.9s/5m0s

running (1m42.9s), 300/300 VUs, 202 complete and 0 interrupted iterations
packers   [  34% ] 300 VUs  1m42.9s/5m0s

running (1m43.9s), 300/300 VUs, 208 complete and 0 interrupted iterations
packers   [  35% ] 300 VUs  1m43.9s/5m0s

running (1m44.9s), 300/300 VUs, 218 complete and 0 interrupted iterations
packers   [  35% ] 300 VUs  1m44.9s/5m0s

running (1m45.9s), 300/300 VUs, 226 complete and 0 interrupted iterations
packers   [  35% ] 300 VUs  1m45.9s/5m0s

running (1m46.9s), 300/300 VUs, 234 complete and 0 interrupted iterations
packers   [  36% ] 300 VUs  1m46.9s/5m0s

running (1m47.9s), 300/300 VUs, 240 complete and 0 interrupted iterations
packers   [  36% ] 300 VUs  1m47.9s/5m0s

running (1m48.9s), 300/300 VUs, 245 complete and 0 interrupted iterations
packers   [  36% ] 300 VUs  1m48.9s/5m0s

running (1m49.9s), 300/300 VUs, 247 complete and 0 interrupted iterations
packers   [  37% ] 300 VUs  1m49.9s/5m0s

running (1m50.9s), 300/300 VUs, 254 complete and 0 interrupted iterations
packers   [  37% ] 300 VUs  1m50.9s/5m0s

running (1m51.9s), 300/300 VUs, 258 complete and 0 interrupted iterations
packers   [  37% ] 300 VUs  1m51.9s/5m0s

running (1m52.9s), 300/300 VUs, 266 complete and 0 interrupted iterations
packers   [  38% ] 300 VUs  1m52.9s/5m0s

running (1m53.9s), 300/300 VUs, 270 complete and 0 interrupted iterations
packers   [  38% ] 300 VUs  1m53.9s/5m0s

running (1m54.9s), 300/300 VUs, 274 complete and 0 interrupted iterations
packers   [  38% ] 300 VUs  1m54.9s/5m0s

running (1m55.9s), 300/300 VUs, 278 complete and 0 interrupted iterations
packers   [  39% ] 300 VUs  1m55.9s/5m0s

running (1m56.9s), 300/300 VUs, 283 complete and 0 interrupted iterations
packers   [  39% ] 300 VUs  1m56.9s/5m0s

running (1m57.9s), 300/300 VUs, 289 complete and 0 interrupted iterations
packers   [  39% ] 300 VUs  1m57.9s/5m0s

running (1m58.9s), 300/300 VUs, 296 complete and 0 interrupted iterations
packers   [  40% ] 300 VUs  1m58.9s/5m0s

running (1m59.9s), 300/300 VUs, 299 complete and 0 interrupted iterations
packers   [  40% ] 300 VUs  1m59.9s/5m0s

running (2m00.9s), 300/300 VUs, 304 complete and 0 interrupted iterations
packers   [  40% ] 300 VUs  2m00.9s/5m0s

running (2m01.9s), 300/300 VUs, 306 complete and 0 interrupted iterations
packers   [  41% ] 300 VUs  2m01.9s/5m0s

running (2m02.9s), 300/300 VUs, 309 complete and 0 interrupted iterations
packers   [  41% ] 300 VUs  2m02.9s/5m0s

running (2m03.9s), 300/300 VUs, 318 complete and 0 interrupted iterations
packers   [  41% ] 300 VUs  2m03.9s/5m0s

running (2m04.9s), 300/300 VUs, 325 complete and 0 interrupted iterations
packers   [  42% ] 300 VUs  2m04.9s/5m0s

running (2m05.9s), 300/300 VUs, 328 complete and 0 interrupted iterations
packers   [  42% ] 300 VUs  2m05.9s/5m0s

running (2m06.9s), 300/300 VUs, 330 complete and 0 interrupted iterations
packers   [  42% ] 300 VUs  2m06.9s/5m0s

running (2m07.9s), 300/300 VUs, 333 complete and 0 interrupted iterations
packers   [  43% ] 300 VUs  2m07.9s/5m0s

running (2m08.9s), 300/300 VUs, 335 complete and 0 interrupted iterations
packers   [  43% ] 300 VUs  2m08.9s/5m0s

running (2m09.9s), 300/300 VUs, 339 complete and 0 interrupted iterations
packers   [  43% ] 300 VUs  2m09.9s/5m0s

running (2m10.9s), 300/300 VUs, 343 complete and 0 interrupted iterations
packers   [  44% ] 300 VUs  2m10.9s/5m0s

running (2m11.9s), 300/300 VUs, 347 complete and 0 interrupted iterations
packers   [  44% ] 300 VUs  2m11.9s/5m0s

running (2m12.9s), 300/300 VUs, 348 complete and 0 interrupted iterations
packers   [  44% ] 300 VUs  2m12.9s/5m0s

running (2m13.9s), 300/300 VUs, 354 complete and 0 interrupted iterations
packers   [  45% ] 300 VUs  2m13.9s/5m0s

running (2m14.9s), 300/300 VUs, 356 complete and 0 interrupted iterations
packers   [  45% ] 300 VUs  2m14.9s/5m0s

running (2m15.9s), 300/300 VUs, 363 complete and 0 interrupted iterations
packers   [  45% ] 300 VUs  2m15.9s/5m0s

running (2m16.9s), 300/300 VUs, 366 complete and 0 interrupted iterations
packers   [  46% ] 300 VUs  2m16.9s/5m0s

running (2m17.9s), 300/300 VUs, 372 complete and 0 interrupted iterations
packers   [  46% ] 300 VUs  2m17.9s/5m0s

running (2m18.9s), 300/300 VUs, 379 complete and 0 interrupted iterations
packers   [  46% ] 300 VUs  2m18.9s/5m0s

running (2m19.9s), 300/300 VUs, 383 complete and 0 interrupted iterations
packers   [  47% ] 300 VUs  2m19.9s/5m0s

running (2m20.9s), 300/300 VUs, 387 complete and 0 interrupted iterations
packers   [  47% ] 300 VUs  2m20.9s/5m0s

running (2m21.9s), 300/300 VUs, 392 complete and 0 interrupted iterations
packers   [  47% ] 300 VUs  2m21.9s/5m0s

running (2m22.9s), 300/300 VUs, 398 complete and 0 interrupted iterations
packers   [  48% ] 300 VUs  2m22.9s/5m0s

running (2m23.9s), 300/300 VUs, 401 complete and 0 interrupted iterations
packers   [  48% ] 300 VUs  2m23.9s/5m0s

running (2m24.9s), 300/300 VUs, 403 complete and 0 interrupted iterations
packers   [  48% ] 300 VUs  2m24.9s/5m0s

running (2m25.9s), 300/300 VUs, 410 complete and 0 interrupted iterations
packers   [  49% ] 300 VUs  2m25.9s/5m0s

running (2m26.9s), 300/300 VUs, 413 complete and 0 interrupted iterations
packers   [  49% ] 300 VUs  2m26.9s/5m0s

running (2m27.9s), 300/300 VUs, 417 complete and 0 interrupted iterations
packers   [  49% ] 300 VUs  2m27.9s/5m0s

running (2m28.9s), 300/300 VUs, 420 complete and 0 interrupted iterations
packers   [  50% ] 300 VUs  2m28.9s/5m0s

running (2m29.9s), 300/300 VUs, 426 complete and 0 interrupted iterations
packers   [  50% ] 300 VUs  2m29.9s/5m0s

running (2m30.9s), 300/300 VUs, 432 complete and 0 interrupted iterations
packers   [  50% ] 300 VUs  2m30.9s/5m0s

running (2m31.9s), 300/300 VUs, 433 complete and 0 interrupted iterations
packers   [  51% ] 300 VUs  2m31.9s/5m0s

running (2m32.9s), 300/300 VUs, 438 complete and 0 interrupted iterations
packers   [  51% ] 300 VUs  2m32.9s/5m0s

running (2m33.9s), 300/300 VUs, 440 complete and 0 interrupted iterations
packers   [  51% ] 300 VUs  2m33.9s/5m0s

running (2m34.9s), 300/300 VUs, 444 complete and 0 interrupted iterations
packers   [  52% ] 300 VUs  2m34.9s/5m0s

running (2m35.9s), 300/300 VUs, 457 complete and 0 interrupted iterations
packers   [  52% ] 300 VUs  2m35.9s/5m0s

running (2m36.9s), 300/300 VUs, 464 complete and 0 interrupted iterations
packers   [  52% ] 300 VUs  2m36.9s/5m0s

running (2m37.9s), 300/300 VUs, 471 complete and 0 interrupted iterations
packers   [  53% ] 300 VUs  2m37.9s/5m0s

running (2m38.9s), 300/300 VUs, 475 complete and 0 interrupted iterations
packers   [  53% ] 300 VUs  2m38.9s/5m0s

running (2m39.9s), 300/300 VUs, 480 complete and 0 interrupted iterations
packers   [  53% ] 300 VUs  2m39.9s/5m0s

running (2m40.9s), 300/300 VUs, 489 complete and 0 interrupted iterations
packers   [  54% ] 300 VUs  2m40.9s/5m0s

running (2m41.9s), 300/300 VUs, 496 complete and 0 interrupted iterations
packers   [  54% ] 300 VUs  2m41.9s/5m0s

running (2m42.9s), 300/300 VUs, 502 complete and 0 interrupted iterations
packers   [  54% ] 300 VUs  2m42.9s/5m0s

running (2m43.9s), 300/300 VUs, 508 complete and 0 interrupted iterations
packers   [  55% ] 300 VUs  2m43.9s/5m0s

running (2m44.9s), 300/300 VUs, 518 complete and 0 interrupted iterations
packers   [  55% ] 300 VUs  2m44.9s/5m0s

running (2m45.9s), 300/300 VUs, 526 complete and 0 interrupted iterations
packers   [  55% ] 300 VUs  2m45.9s/5m0s

running (2m46.9s), 300/300 VUs, 534 complete and 0 interrupted iterations
packers   [  56% ] 300 VUs  2m46.9s/5m0s

running (2m47.9s), 300/300 VUs, 540 complete and 0 interrupted iterations
packers   [  56% ] 300 VUs  2m47.9s/5m0s

running (2m48.9s), 300/300 VUs, 545 complete and 0 interrupted iterations
packers   [  56% ] 300 VUs  2m48.9s/5m0s

running (2m49.9s), 300/300 VUs, 547 complete and 0 interrupted iterations
packers   [  57% ] 300 VUs  2m49.9s/5m0s

running (2m50.9s), 300/300 VUs, 554 complete and 0 interrupted iterations
packers   [  57% ] 300 VUs  2m50.9s/5m0s

running (2m51.9s), 300/300 VUs, 558 complete and 0 interrupted iterations
packers   [  57% ] 300 VUs  2m51.9s/5m0s

running (2m52.9s), 300/300 VUs, 566 complete and 0 interrupted iterations
packers   [  58% ] 300 VUs  2m52.9s/5m0s

running (2m53.9s), 300/300 VUs, 570 complete and 0 interrupted iterations
packers   [  58% ] 300 VUs  2m53.9s/5m0s

running (2m54.9s), 300/300 VUs, 574 complete and 0 interrupted iterations
packers   [  58% ] 300 VUs  2m54.9s/5m0s

running (2m55.9s), 300/300 VUs, 578 complete and 0 interrupted iterations
packers   [  59% ] 300 VUs  2m55.9s/5m0s

running (2m56.9s), 300/300 VUs, 583 complete and 0 interrupted iterations
packers   [  59% ] 300 VUs  2m56.9s/5m0s

running (2m57.9s), 300/300 VUs, 589 complete and 0 interrupted iterations
packers   [  59% ] 300 VUs  2m57.9s/5m0s

running (2m58.9s), 300/300 VUs, 596 complete and 0 interrupted iterations
packers   [  60% ] 300 VUs  2m58.9s/5m0s

running (2m59.9s), 300/300 VUs, 599 complete and 0 interrupted iterations
packers   [  60% ] 300 VUs  2m59.9s/5m0s

running (3m00.9s), 300/300 VUs, 604 complete and 0 interrupted iterations
packers   [  60% ] 300 VUs  3m00.9s/5m0s

running (3m01.9s), 300/300 VUs, 606 complete and 0 interrupted iterations
packers   [  61% ] 300 VUs  3m01.9s/5m0s

running (3m02.9s), 300/300 VUs, 609 complete and 0 interrupted iterations
packers   [  61% ] 300 VUs  3m02.9s/5m0s

running (3m03.9s), 300/300 VUs, 618 complete and 0 interrupted iterations
packers   [  61% ] 300 VUs  3m03.9s/5m0s

running (3m04.9s), 300/300 VUs, 625 complete and 0 interrupted iterations
packers   [  62% ] 300 VUs  3m04.9s/5m0s

running (3m05.9s), 300/300 VUs, 628 complete and 0 interrupted iterations
packers   [  62% ] 300 VUs  3m05.9s/5m0s

running (3m06.9s), 300/300 VUs, 630 complete and 0 interrupted iterations
packers   [  62% ] 300 VUs  3m06.9s/5m0s

running (3m07.9s), 300/300 VUs, 633 complete and 0 interrupted iterations
packers   [  63% ] 300 VUs  3m07.9s/5m0s

running (3m08.9s), 300/300 VUs, 635 complete and 0 interrupted iterations
packers   [  63% ] 300 VUs  3m08.9s/5m0s

running (3m09.9s), 300/300 VUs, 638 complete and 0 interrupted iterations
packers   [  63% ] 300 VUs  3m09.9s/5m0s

running (3m10.9s), 300/300 VUs, 643 complete and 0 interrupted iterations
packers   [  64% ] 300 VUs  3m10.9s/5m0s

running (3m11.9s), 300/300 VUs, 647 complete and 0 interrupted iterations
packers   [  64% ] 300 VUs  3m11.9s/5m0s

running (3m12.9s), 300/300 VUs, 648 complete and 0 interrupted iterations
packers   [  64% ] 300 VUs  3m12.9s/5m0s

running (3m13.9s), 300/300 VUs, 654 complete and 0 interrupted iterations
packers   [  65% ] 300 VUs  3m13.9s/5m0s

running (3m14.9s), 300/300 VUs, 656 complete and 0 interrupted iterations
packers   [  65% ] 300 VUs  3m14.9s/5m0s

running (3m15.9s), 300/300 VUs, 663 complete and 0 interrupted iterations
packers   [  65% ] 300 VUs  3m15.9s/5m0s

running (3m16.9s), 300/300 VUs, 666 complete and 0 interrupted iterations
packers   [  66% ] 300 VUs  3m16.9s/5m0s

running (3m17.9s), 300/300 VUs, 672 complete and 0 interrupted iterations
packers   [  66% ] 300 VUs  3m17.9s/5m0s

running (3m18.9s), 300/300 VUs, 679 complete and 0 interrupted iterations
packers   [  66% ] 300 VUs  3m18.9s/5m0s

running (3m19.9s), 300/300 VUs, 683 complete and 0 interrupted iterations
packers   [  67% ] 300 VUs  3m19.9s/5m0s

running (3m20.9s), 300/300 VUs, 687 complete and 0 interrupted iterations
packers   [  67% ] 300 VUs  3m20.9s/5m0s

running (3m21.9s), 300/300 VUs, 692 complete and 0 interrupted iterations
packers   [  67% ] 300 VUs  3m21.9s/5m0s

running (3m22.9s), 300/300 VUs, 698 complete and 0 interrupted iterations
packers   [  68% ] 300 VUs  3m22.9s/5m0s

running (3m23.9s), 300/300 VUs, 701 complete and 0 interrupted iterations
packers   [  68% ] 300 VUs  3m23.9s/5m0s

running (3m24.9s), 300/300 VUs, 703 complete and 0 interrupted iterations
packers   [  68% ] 300 VUs  3m24.9s/5m0s

running (3m25.9s), 300/300 VUs, 710 complete and 0 interrupted iterations
packers   [  69% ] 300 VUs  3m25.9s/5m0s

running (3m26.9s), 300/300 VUs, 713 complete and 0 interrupted iterations
packers   [  69% ] 300 VUs  3m26.9s/5m0s

running (3m27.9s), 300/300 VUs, 717 complete and 0 interrupted iterations
packers   [  69% ] 300 VUs  3m27.9s/5m0s

running (3m28.9s), 300/300 VUs, 720 complete and 0 interrupted iterations
packers   [  70% ] 300 VUs  3m28.9s/5m0s

running (3m29.9s), 300/300 VUs, 726 complete and 0 interrupted iterations
packers   [  70% ] 300 VUs  3m29.9s/5m0s

running (3m30.9s), 300/300 VUs, 732 complete and 0 interrupted iterations
packers   [  70% ] 300 VUs  3m30.9s/5m0s

running (3m31.9s), 300/300 VUs, 733 complete and 0 interrupted iterations
packers   [  71% ] 300 VUs  3m31.9s/5m0s

running (3m32.9s), 300/300 VUs, 738 complete and 0 interrupted iterations
packers   [  71% ] 300 VUs  3m32.9s/5m0s

running (3m33.9s), 300/300 VUs, 740 complete and 0 interrupted iterations
packers   [  71% ] 300 VUs  3m33.9s/5m0s

running (3m34.9s), 300/300 VUs, 744 complete and 0 interrupted iterations
packers   [  72% ] 300 VUs  3m34.9s/5m0s

running (3m35.9s), 300/300 VUs, 757 complete and 0 interrupted iterations
packers   [  72% ] 300 VUs  3m35.9s/5m0s

running (3m36.9s), 300/300 VUs, 764 complete and 0 interrupted iterations
packers   [  72% ] 300 VUs  3m36.9s/5m0s

running (3m37.9s), 300/300 VUs, 771 complete and 0 interrupted iterations
packers   [  73% ] 300 VUs  3m37.9s/5m0s

running (3m38.9s), 300/300 VUs, 775 complete and 0 interrupted iterations
packers   [  73% ] 300 VUs  3m38.9s/5m0s

running (3m39.9s), 300/300 VUs, 780 complete and 0 interrupted iterations
packers   [  73% ] 300 VUs  3m39.9s/5m0s

running (3m40.9s), 300/300 VUs, 789 complete and 0 interrupted iterations
packers   [  74% ] 300 VUs  3m40.9s/5m0s

running (3m41.9s), 300/300 VUs, 796 complete and 0 interrupted iterations
packers   [  74% ] 300 VUs  3m41.9s/5m0s

running (3m42.9s), 300/300 VUs, 802 complete and 0 interrupted iterations
packers   [  74% ] 300 VUs  3m42.9s/5m0s

running (3m43.9s), 300/300 VUs, 808 complete and 0 interrupted iterations
packers   [  75% ] 300 VUs  3m43.9s/5m0s

running (3m44.9s), 300/300 VUs, 818 complete and 0 interrupted iterations
packers   [  75% ] 300 VUs  3m44.9s/5m0s

running (3m45.9s), 300/300 VUs, 826 complete and 0 interrupted iterations
packers   [  75% ] 300 VUs  3m45.9s/5m0s

running (3m46.9s), 300/300 VUs, 834 complete and 0 interrupted iterations
packers   [  76% ] 300 VUs  3m46.9s/5m0s

running (3m47.9s), 300/300 VUs, 840 complete and 0 interrupted iterations
packers   [  76% ] 300 VUs  3m47.9s/5m0s

running (3m48.9s), 300/300 VUs, 845 complete and 0 interrupted iterations
packers   [  76% ] 300 VUs  3m48.9s/5m0s

running (3m49.9s), 300/300 VUs, 847 complete and 0 interrupted iterations
packers   [  77% ] 300 VUs  3m49.9s/5m0s

running (3m50.9s), 300/300 VUs, 854 complete and 0 interrupted iterations
packers   [  77% ] 300 VUs  3m50.9s/5m0s

running (3m51.9s), 300/300 VUs, 858 complete and 0 interrupted iterations
packers   [  77% ] 300 VUs  3m51.9s/5m0s

running (3m52.9s), 300/300 VUs, 866 complete and 0 interrupted iterations
packers   [  78% ] 300 VUs  3m52.9s/5m0s

running (3m53.9s), 300/300 VUs, 870 complete and 0 interrupted iterations
packers   [  78% ] 300 VUs  3m53.9s/5m0s

running (3m54.9s), 300/300 VUs, 874 complete and 0 interrupted iterations
packers   [  78% ] 300 VUs  3m54.9s/5m0s

running (3m55.9s), 300/300 VUs, 878 complete and 0 interrupted iterations
packers   [  79% ] 300 VUs  3m55.9s/5m0s

running (3m56.9s), 300/300 VUs, 883 complete and 0 interrupted iterations
packers   [  79% ] 300 VUs  3m56.9s/5m0s

running (3m57.9s), 300/300 VUs, 889 complete and 0 interrupted iterations
packers   [  79% ] 300 VUs  3m57.9s/5m0s

running (3m58.9s), 300/300 VUs, 896 complete and 0 interrupted iterations
packers   [  80% ] 300 VUs  3m58.9s/5m0s

running (3m59.9s), 300/300 VUs, 899 complete and 0 interrupted iterations
packers   [  80% ] 300 VUs  3m59.9s/5m0s

running (4m00.9s), 300/300 VUs, 904 complete and 0 interrupted iterations
packers   [  80% ] 300 VUs  4m00.9s/5m0s

running (4m01.9s), 300/300 VUs, 906 complete and 0 interrupted iterations
packers   [  81% ] 300 VUs  4m01.9s/5m0s

running (4m02.9s), 300/300 VUs, 909 complete and 0 interrupted iterations
packers   [  81% ] 300 VUs  4m02.9s/5m0s

running (4m03.9s), 300/300 VUs, 918 complete and 0 interrupted iterations
packers   [  81% ] 300 VUs  4m03.9s/5m0s

running (4m04.9s), 300/300 VUs, 925 complete and 0 interrupted iterations
packers   [  82% ] 300 VUs  4m04.9s/5m0s

running (4m05.9s), 300/300 VUs, 928 complete and 0 interrupted iterations
packers   [  82% ] 300 VUs  4m05.9s/5m0s

running (4m06.9s), 300/300 VUs, 930 complete and 0 interrupted iterations
packers   [  82% ] 300 VUs  4m06.9s/5m0s

running (4m07.9s), 300/300 VUs, 933 complete and 0 interrupted iterations
packers   [  83% ] 300 VUs  4m07.9s/5m0s

running (4m08.9s), 300/300 VUs, 935 complete and 0 interrupted iterations
packers   [  83% ] 300 VUs  4m08.9s/5m0s

running (4m09.9s), 300/300 VUs, 939 complete and 0 interrupted iterations
packers   [  83% ] 300 VUs  4m09.9s/5m0s

running (4m10.9s), 300/300 VUs, 943 complete and 0 interrupted iterations
packers   [  84% ] 300 VUs  4m10.9s/5m0s

running (4m11.9s), 300/300 VUs, 947 complete and 0 interrupted iterations
packers   [  84% ] 300 VUs  4m11.9s/5m0s

running (4m12.9s), 300/300 VUs, 948 complete and 0 interrupted iterations
packers   [  84% ] 300 VUs  4m12.9s/5m0s

running (4m13.9s), 300/300 VUs, 954 complete and 0 interrupted iterations
packers   [  85% ] 300 VUs  4m13.9s/5m0s

running (4m14.9s), 300/300 VUs, 956 complete and 0 interrupted iterations
packers   [  85% ] 300 VUs  4m14.9s/5m0s

running (4m15.9s), 300/300 VUs, 963 complete and 0 interrupted iterations
packers   [  85% ] 300 VUs  4m15.9s/5m0s

running (4m16.9s), 300/300 VUs, 966 complete and 0 interrupted iterations
packers   [  86% ] 300 VUs  4m16.9s/5m0s

running (4m17.9s), 300/300 VUs, 972 complete and 0 interrupted iterations
packers   [  86% ] 300 VUs  4m17.9s/5m0s

running (4m18.9s), 300/300 VUs, 979 complete and 0 interrupted iterations
packers   [  86% ] 300 VUs  4m18.9s/5m0s

running (4m19.9s), 300/300 VUs, 983 complete and 0 interrupted iterations
packers   [  87% ] 300 VUs  4m19.9s/5m0s

running (4m20.9s), 300/300 VUs, 987 complete and 0 interrupted iterations
packers   [  87% ] 300 VUs  4m20.9s/5m0s

running (4m21.9s), 300/300 VUs, 992 complete and 0 interrupted iterations
packers   [  87% ] 300 VUs  4m21.9s/5m0s

running (4m22.9s), 300/300 VUs, 998 complete and 0 interrupted iterations
packers   [  88% ] 300 VUs  4m22.9s/5m0s

running (4m23.9s), 300/300 VUs, 1001 complete and 0 interrupted iterations
packers   [  88% ] 300 VUs  4m23.9s/5m0s

running (4m24.9s), 300/300 VUs, 1003 complete and 0 interrupted iterations
packers   [  88% ] 300 VUs  4m24.9s/5m0s

running (4m25.9s), 300/300 VUs, 1010 complete and 0 interrupted iterations
packers   [  89% ] 300 VUs  4m25.9s/5m0s

running (4m26.9s), 300/300 VUs, 1013 complete and 0 interrupted iterations
packers   [  89% ] 300 VUs  4m26.9s/5m0s

running (4m27.9s), 300/300 VUs, 1017 complete and 0 interrupted iterations
packers   [  89% ] 300 VUs  4m27.9s/5m0s

running (4m28.9s), 300/300 VUs, 1020 complete and 0 interrupted iterations
packers   [  90% ] 300 VUs  4m28.9s/5m0s

running (4m29.9s), 300/300 VUs, 1026 complete and 0 interrupted iterations
packers   [  90% ] 300 VUs  4m29.9s/5m0s

running (4m30.9s), 300/300 VUs, 1032 complete and 0 interrupted iterations
packers   [  90% ] 300 VUs  4m30.9s/5m0s

running (4m31.9s), 300/300 VUs, 1033 complete and 0 interrupted iterations
packers   [  91% ] 300 VUs  4m31.9s/5m0s

running (4m32.9s), 300/300 VUs, 1038 complete and 0 interrupted iterations
packers   [  91% ] 300 VUs  4m32.9s/5m0s

running (4m33.9s), 300/300 VUs, 1040 complete and 0 interrupted iterations
packers   [  91% ] 300 VUs  4m33.9s/5m0s

running (4m34.9s), 300/300 VUs, 1044 complete and 0 interrupted iterations
packers   [  92% ] 300 VUs  4m34.9s/5m0s

running (4m35.9s), 300/300 VUs, 1057 complete and 0 interrupted iterations
packers   [  92% ] 300 VUs  4m35.9s/5m0s

running (4m36.9s), 300/300 VUs, 1064 complete and 0 interrupted iterations
packers   [  92% ] 300 VUs  4m36.9s/5m0s

running (4m37.9s), 300/300 VUs, 1071 complete and 0 interrupted iterations
packers   [  93% ] 300 VUs  4m37.9s/5m0s

running (4m38.9s), 300/300 VUs, 1075 complete and 0 interrupted iterations
packers   [  93% ] 300 VUs  4m38.9s/5m0s

running (4m39.9s), 300/300 VUs, 1080 complete and 0 interrupted iterations
packers   [  93% ] 300 VUs  4m39.9s/5m0s

running (4m40.9s), 300/300 VUs, 1089 complete and 0 interrupted iterations
packers   [  94% ] 300 VUs  4m40.9s/5m0s

running (4m41.9s), 300/300 VUs, 1096 complete and 0 interrupted iterations
packers   [  94% ] 300 VUs  4m41.9s/5m0s

running (4m42.9s), 300/300 VUs, 1102 complete and 0 interrupted iterations
packers   [  94% ] 300 VUs  4m42.9s/5m0s

running (4m43.9s), 300/300 VUs, 1108 complete and 0 interrupted iterations
packers   [  95% ] 300 VUs  4m43.9s/5m0s

running (4m44.9s), 300/300 VUs, 1118 complete and 0 interrupted iterations
packers   [  95% ] 300 VUs  4m44.9s/5m0s

running (4m45.9s), 300/300 VUs, 1126 complete and 0 interrupted iterations
packers   [  95% ] 300 VUs  4m45.9s/5m0s

running (4m46.9s), 300/300 VUs, 1134 complete and 0 interrupted iterations
packers   [  96% ] 300 VUs  4m46.9s/5m0s

running (4m47.9s), 300/300 VUs, 1140 complete and 0 interrupted iterations
packers   [  96% ] 300 VUs  4m47.9s/5m0s

running (4m48.9s), 300/300 VUs, 1145 complete and 0 interrupted iterations
packers   [  96% ] 300 VUs  4m48.9s/5m0s

running (4m49.9s), 300/300 VUs, 1147 complete and 0 interrupted iterations
packers   [  97% ] 300 VUs  4m49.9s/5m0s

running (4m50.9s), 300/300 VUs, 1154 complete and 0 interrupted iterations
packers   [  97% ] 300 VUs  4m50.9s/5m0s

running (4m51.9s), 300/300 VUs, 1158 complete and 0 interrupted iterations
packers   [  97% ] 300 VUs  4m51.9s/5m0s

running (4m52.9s), 300/300 VUs, 1166 complete and 0 interrupted iterations
packers   [  98% ] 300 VUs  4m52.9s/5m0s

running (4m53.9s), 300/300 VUs, 1170 complete and 0 interrupted iterations
packers   [  98% ] 300 VUs  4m53.9s/5m0s

running (4m54.9s), 300/300 VUs, 1174 complete and 0 interrupted iterations
packers   [  98% ] 300 VUs  4m54.9s/5m0s

running (4m55.9s), 300/300 VUs, 1178 complete and 0 interrupted iterations
packers   [  99% ] 300 VUs  4m55.9s/5m0s

running (4m56.9s), 300/300 VUs, 1183 complete and 0 interrupted iterations
packers   [  99% ] 300 VUs  4m56.9s/5m0s

running (4m57.9s), 300/300 VUs, 1189 complete and 0 interrupted iterations
packers   [  99% ] 300 VUs  4m57.9s/5m0s

running (4m58.9s), 300/300 VUs, 1196 complete and 0 interrupted iterations
packers   [ 100% ] 300 VUs  4m58.9s/5m0s

running (4m59.9s), 300/300 VUs, 1199 complete and 0 interrupted iterations
packers   [ 100% ] 300 VUs  4m59.9s/5m0s

running (5m00.9s), 296/300 VUs, 1204 complete and 0 interrupted iterations
packers ↓ [ 100% ] 300 VUs  5m0s

running (5m01.9s), 294/300 VUs, 1206 complete and 0 interrupted iterations
packers ↓ [ 100% ] 300 VUs  5m0s

running (5m02.9s), 291/300 VUs, 1209 complete and 0 interrupted iterations
packers ↓ [ 100% ] 300 VUs  5m0s

running (5m03.9s), 282/300 VUs, 1218 complete and 0 interrupted iterations
packers ↓ [ 100% ] 300 VUs  5m0s

running (5m04.9s), 275/300 VUs, 1225 complete and 0 interrupted iterations
packers ↓ [ 100% ] 300 VUs  5m0s

running (5m05.9s), 272/300 VUs, 1228 complete and 0 interrupted iterations
packers ↓ [ 100% ] 300 VUs  5m0s

running (5m06.9s), 270/300 VUs, 1230 complete and 0 interrupted iterations
packers ↓ [ 100% ] 300 VUs  5m0s

running (5m07.9s), 267/300 VUs, 1233 complete and 0 interrupted iterations
packers ↓ [ 100% ] 300 VUs  5m0s

running (5m08.9s), 265/300 VUs, 1235 complete and 0 interrupted iterations
packers ↓ [ 100% ] 300 VUs  5m0s

running (5m09.9s), 262/300 VUs, 1238 complete and 0 interrupted iterations
packers ↓ [ 100% ] 300 VUs  5m0s

running (5m10.9s), 257/300 VUs, 1243 complete and 0 interrupted iterations
packers ↓ [ 100% ] 300 VUs  5m0s

running (5m11.9s), 253/300 VUs, 1247 complete and 0 interrupted iterations
packers ↓ [ 100% ] 300 VUs  5m0s

running (5m12.9s), 252/300 VUs, 1248 complete and 0 interrupted iterations
packers ↓ [ 100% ] 300 VUs  5m0s

running (5m13.9s), 246/300 VUs, 1254 complete and 0 interrupted iterations
packers ↓ [ 100% ] 300 VUs  5m0s

running (5m14.9s), 244/300 VUs, 1256 complete and 0 interrupted iterations
packers ↓ [ 100% ] 300 VUs  5m0s

running (5m15.9s), 237/300 VUs, 1263 complete and 0 interrupted iterations
packers ↓ [ 100% ] 300 VUs  5m0s

running (5m16.9s), 234/300 VUs, 1266 complete and 0 interrupted iterations
packers ↓ [ 100% ] 300 VUs  5m0s

running (5m17.9s), 228/300 VUs, 1272 complete and 0 interrupted iterations
packers ↓ [ 100% ] 300 VUs  5m0s

running (5m18.9s), 221/300 VUs, 1279 complete and 0 interrupted iterations
packers ↓ [ 100% ] 300 VUs  5m0s

running (5m19.9s), 217/300 VUs, 1283 complete and 0 interrupted iterations
packers ↓ [ 100% ] 300 VUs  5m0s

running (5m20.9s), 213/300 VUs, 1287 complete and 0 interrupted iterations
packers ↓ [ 100% ] 300 VUs  5m0s

running (5m21.9s), 208/300 VUs, 1292 complete and 0 interrupted iterations
packers ↓ [ 100% ] 300 VUs  5m0s

running (5m22.9s), 202/300 VUs, 1298 complete and 0 interrupted iterations
packers ↓ [ 100% ] 300 VUs  5m0s

running (5m23.9s), 199/300 VUs, 1301 complete and 0 interrupted iterations
packers ↓ [ 100% ] 300 VUs  5m0s

running (5m24.9s), 197/300 VUs, 1303 complete and 0 interrupted iterations
packers ↓ [ 100% ] 300 VUs  5m0s

running (5m25.9s), 190/300 VUs, 1310 complete and 0 interrupted iterations
packers ↓ [ 100% ] 300 VUs  5m0s

running (5m26.9s), 187/300 VUs, 1313 complete and 0 interrupted iterations
packers ↓ [ 100% ] 300 VUs  5m0s

running (5m27.9s), 183/300 VUs, 1317 complete and 0 interrupted iterations
packers ↓ [ 100% ] 300 VUs  5m0s

running (5m28.9s), 180/300 VUs, 1320 complete and 0 interrupted iterations
packers ↓ [ 100% ] 300 VUs  5m0s

running (5m29.9s), 174/300 VUs, 1326 complete and 0 interrupted iterations
packers ↓ [ 100% ] 300 VUs  5m0s


  █ THRESHOLDS 

    complete_duration
    ✓ 'p(95)<500' p(95)=61.94ms


  █ TOTAL RESULTS 

    checks_total.......: 2880    8.727195/s
    checks_succeeded...: 100.00% 2880 out of 2880
    checks_failed......: 0.00%   0 out of 2880

    ✓ tote-scan 2xx
    ✓ complete 2xx

    CUSTOM
    complete_duration..............: avg=41.42ms p(50)=37.55ms p(95)=61.94ms p(99)=158.82ms max=279.18ms count=1380
    measured_complete..............: avg=40.49ms p(50)=37.57ms p(95)=59.45ms p(99)=141.81ms max=279.18ms count=1200
    measured_complete_ok...........: 1200   3.636331/s
    measured_detail................: avg=15.6ms  p(50)=14.02ms p(95)=21.17ms p(99)=48.37ms  max=133.78ms count=1200
    measured_reqs..................: 3600   10.908994/s
    measured_scan..................: avg=21.78ms p(50)=19.23ms p(95)=35.26ms p(99)=74.38ms  max=182.69ms count=1200

    HTTP
    http_req_duration..............: avg=26.84ms p(50)=20.58ms p(95)=49.64ms p(99)=104.3ms  max=435.97ms count=4380
      { expected_response:true }...: avg=26.84ms p(50)=20.58ms p(95)=49.64ms p(99)=104.3ms  max=435.97ms count=4380
    http_req_failed................: 0.00%  0 out of 4380
    http_reqs......................: 4380   13.272609/s

    EXECUTION
    iteration_duration.............: avg=1m7s    p(50)=1m0s    p(95)=1m46s   p(99)=1m57s    max=1m59s    count=1328
    iterations.....................: 1328   4.024207/s
    vus............................: 174    min=174       max=300
    vus_max........................: 300    min=300       max=300

    NETWORK
    data_received..................: 2.5 MB 7.5 kB/s
    data_sent......................: 923 kB 2.8 kB/s




running (5m30.0s), 000/300 VUs, 1328 complete and 172 interrupted iterations
packers ✓ [ 100% ] 300 VUs  5m0s
