K6START=1790418678

         /\      Grafana   /‾‾/  
    /\  /  \     |\  __   /  /   
   /  \/    \    | |/ /  /   ‾‾\ 
  /          \   |   (  |  (‾)  |
 / __________ \  |_|\_\  \_____/ 


     execution: local
        script: k6/capture.js
        output: Prometheus remote write (http://172.31.64.6:9090/api/v1/write)

     scenarios: (100.00%) 1 scenario, 60 max VUs, 3m30s max duration (incl. graceful stop):
              * capture: 60 looping VUs for 3m0s (gracefulStop: 30s)


running (0m01.0s), 60/60 VUs, 0 complete and 0 interrupted iterations
capture   [   0% ] 60 VUs  0m00.6s/3m0s

running (0m02.0s), 60/60 VUs, 6 complete and 0 interrupted iterations
capture   [   1% ] 60 VUs  0m01.6s/3m0s

running (0m03.0s), 60/60 VUs, 46 complete and 0 interrupted iterations
capture   [   1% ] 60 VUs  0m02.6s/3m0s

running (0m04.0s), 60/60 VUs, 79 complete and 0 interrupted iterations
capture   [   2% ] 60 VUs  0m03.6s/3m0s

running (0m05.0s), 60/60 VUs, 114 complete and 0 interrupted iterations
capture   [   3% ] 60 VUs  0m04.6s/3m0s

running (0m06.0s), 60/60 VUs, 146 complete and 0 interrupted iterations
capture   [   3% ] 60 VUs  0m05.6s/3m0s

running (0m07.0s), 60/60 VUs, 176 complete and 0 interrupted iterations
capture   [   4% ] 60 VUs  0m06.6s/3m0s

running (0m08.0s), 60/60 VUs, 209 complete and 0 interrupted iterations
capture   [   4% ] 60 VUs  0m07.6s/3m0s

running (0m09.0s), 60/60 VUs, 242 complete and 0 interrupted iterations
capture   [   5% ] 60 VUs  0m08.6s/3m0s

running (0m10.0s), 60/60 VUs, 276 complete and 0 interrupted iterations
capture   [   5% ] 60 VUs  0m09.6s/3m0s

running (0m11.0s), 60/60 VUs, 308 complete and 0 interrupted iterations
capture   [   6% ] 60 VUs  0m10.6s/3m0s

running (0m12.0s), 60/60 VUs, 341 complete and 0 interrupted iterations
capture   [   6% ] 60 VUs  0m11.6s/3m0s

running (0m13.0s), 60/60 VUs, 373 complete and 0 interrupted iterations
capture   [   7% ] 60 VUs  0m12.6s/3m0s

running (0m14.0s), 60/60 VUs, 404 complete and 0 interrupted iterations
capture   [   8% ] 60 VUs  0m13.6s/3m0s

running (0m15.0s), 60/60 VUs, 436 complete and 0 interrupted iterations
capture   [   8% ] 60 VUs  0m14.6s/3m0s

running (0m16.0s), 60/60 VUs, 470 complete and 0 interrupted iterations
capture   [   9% ] 60 VUs  0m15.6s/3m0s

running (0m17.0s), 60/60 VUs, 502 complete and 0 interrupted iterations
capture   [   9% ] 60 VUs  0m16.6s/3m0s

running (0m18.0s), 60/60 VUs, 535 complete and 0 interrupted iterations
capture   [  10% ] 60 VUs  0m17.6s/3m0s

running (0m19.0s), 60/60 VUs, 566 complete and 0 interrupted iterations
capture   [  10% ] 60 VUs  0m18.6s/3m0s

running (0m20.0s), 60/60 VUs, 598 complete and 0 interrupted iterations
capture   [  11% ] 60 VUs  0m19.6s/3m0s

running (0m21.0s), 60/60 VUs, 631 complete and 0 interrupted iterations
capture   [  11% ] 60 VUs  0m20.6s/3m0s

running (0m22.0s), 60/60 VUs, 664 complete and 0 interrupted iterations
capture   [  12% ] 60 VUs  0m21.6s/3m0s

running (0m23.0s), 60/60 VUs, 696 complete and 0 interrupted iterations
capture   [  13% ] 60 VUs  0m22.6s/3m0s

running (0m24.0s), 60/60 VUs, 731 complete and 0 interrupted iterations
capture   [  13% ] 60 VUs  0m23.6s/3m0s

running (0m25.0s), 60/60 VUs, 765 complete and 0 interrupted iterations
capture   [  14% ] 60 VUs  0m24.6s/3m0s

running (0m26.0s), 60/60 VUs, 800 complete and 0 interrupted iterations
capture   [  14% ] 60 VUs  0m25.6s/3m0s

running (0m27.0s), 60/60 VUs, 835 complete and 0 interrupted iterations
capture   [  15% ] 60 VUs  0m26.6s/3m0s

running (0m28.0s), 60/60 VUs, 867 complete and 0 interrupted iterations
capture   [  15% ] 60 VUs  0m27.6s/3m0s

running (0m29.0s), 60/60 VUs, 899 complete and 0 interrupted iterations
capture   [  16% ] 60 VUs  0m28.6s/3m0s

running (0m30.0s), 60/60 VUs, 933 complete and 0 interrupted iterations
capture   [  16% ] 60 VUs  0m29.6s/3m0s

running (0m31.0s), 60/60 VUs, 963 complete and 0 interrupted iterations
capture   [  17% ] 60 VUs  0m30.6s/3m0s

running (0m32.0s), 60/60 VUs, 995 complete and 0 interrupted iterations
capture   [  18% ] 60 VUs  0m31.6s/3m0s

running (0m33.0s), 60/60 VUs, 1027 complete and 0 interrupted iterations
capture   [  18% ] 60 VUs  0m32.6s/3m0s

running (0m34.0s), 60/60 VUs, 1056 complete and 0 interrupted iterations
capture   [  19% ] 60 VUs  0m33.6s/3m0s

running (0m35.0s), 60/60 VUs, 1089 complete and 0 interrupted iterations
capture   [  19% ] 60 VUs  0m34.6s/3m0s

running (0m36.0s), 60/60 VUs, 1121 complete and 0 interrupted iterations
capture   [  20% ] 60 VUs  0m35.6s/3m0s

running (0m37.0s), 60/60 VUs, 1154 complete and 0 interrupted iterations
capture   [  20% ] 60 VUs  0m36.6s/3m0s

running (0m38.0s), 60/60 VUs, 1185 complete and 0 interrupted iterations
capture   [  21% ] 60 VUs  0m37.6s/3m0s

running (0m39.0s), 60/60 VUs, 1218 complete and 0 interrupted iterations
capture   [  21% ] 60 VUs  0m38.6s/3m0s

running (0m40.0s), 60/60 VUs, 1251 complete and 0 interrupted iterations
capture   [  22% ] 60 VUs  0m39.6s/3m0s

running (0m41.0s), 60/60 VUs, 1283 complete and 0 interrupted iterations
capture   [  23% ] 60 VUs  0m40.6s/3m0s

running (0m42.0s), 60/60 VUs, 1314 complete and 0 interrupted iterations
capture   [  23% ] 60 VUs  0m41.6s/3m0s

running (0m43.0s), 60/60 VUs, 1341 complete and 0 interrupted iterations
capture   [  24% ] 60 VUs  0m42.6s/3m0s

running (0m44.0s), 60/60 VUs, 1378 complete and 0 interrupted iterations
capture   [  24% ] 60 VUs  0m43.6s/3m0s

running (0m45.0s), 60/60 VUs, 1405 complete and 0 interrupted iterations
capture   [  25% ] 60 VUs  0m44.6s/3m0s

running (0m46.0s), 60/60 VUs, 1436 complete and 0 interrupted iterations
capture   [  25% ] 60 VUs  0m45.6s/3m0s

running (0m47.0s), 60/60 VUs, 1469 complete and 0 interrupted iterations
capture   [  26% ] 60 VUs  0m46.6s/3m0s

running (0m48.0s), 60/60 VUs, 1501 complete and 0 interrupted iterations
capture   [  26% ] 60 VUs  0m47.6s/3m0s

running (0m49.0s), 60/60 VUs, 1529 complete and 0 interrupted iterations
capture   [  27% ] 60 VUs  0m48.6s/3m0s

running (0m50.0s), 60/60 VUs, 1563 complete and 0 interrupted iterations
capture   [  28% ] 60 VUs  0m49.6s/3m0s

running (0m51.0s), 60/60 VUs, 1596 complete and 0 interrupted iterations
capture   [  28% ] 60 VUs  0m50.6s/3m0s

running (0m52.0s), 60/60 VUs, 1629 complete and 0 interrupted iterations
capture   [  29% ] 60 VUs  0m51.6s/3m0s

running (0m53.0s), 60/60 VUs, 1663 complete and 0 interrupted iterations
capture   [  29% ] 60 VUs  0m52.6s/3m0s

running (0m54.0s), 60/60 VUs, 1695 complete and 0 interrupted iterations
capture   [  30% ] 60 VUs  0m53.6s/3m0s

running (0m55.0s), 60/60 VUs, 1725 complete and 0 interrupted iterations
capture   [  30% ] 60 VUs  0m54.6s/3m0s

running (0m56.0s), 60/60 VUs, 1757 complete and 0 interrupted iterations
capture   [  31% ] 60 VUs  0m55.6s/3m0s

running (0m57.0s), 60/60 VUs, 1789 complete and 0 interrupted iterations
capture   [  31% ] 60 VUs  0m56.6s/3m0s

running (0m58.0s), 60/60 VUs, 1821 complete and 0 interrupted iterations
capture   [  32% ] 60 VUs  0m57.6s/3m0s

running (0m59.0s), 60/60 VUs, 1850 complete and 0 interrupted iterations
capture   [  33% ] 60 VUs  0m58.6s/3m0s

running (1m00.0s), 60/60 VUs, 1883 complete and 0 interrupted iterations
capture   [  33% ] 60 VUs  0m59.6s/3m0s

running (1m01.0s), 60/60 VUs, 1916 complete and 0 interrupted iterations
capture   [  34% ] 60 VUs  1m00.6s/3m0s

running (1m02.0s), 60/60 VUs, 1948 complete and 0 interrupted iterations
capture   [  34% ] 60 VUs  1m01.6s/3m0s

running (1m03.0s), 60/60 VUs, 1982 complete and 0 interrupted iterations
capture   [  35% ] 60 VUs  1m02.6s/3m0s

running (1m04.0s), 60/60 VUs, 2012 complete and 0 interrupted iterations
capture   [  35% ] 60 VUs  1m03.6s/3m0s

running (1m05.0s), 60/60 VUs, 2045 complete and 0 interrupted iterations
capture   [  36% ] 60 VUs  1m04.6s/3m0s

running (1m06.0s), 60/60 VUs, 2078 complete and 0 interrupted iterations
capture   [  36% ] 60 VUs  1m05.6s/3m0s

running (1m07.0s), 60/60 VUs, 2110 complete and 0 interrupted iterations
capture   [  37% ] 60 VUs  1m06.6s/3m0s

running (1m08.0s), 60/60 VUs, 2144 complete and 0 interrupted iterations
capture   [  38% ] 60 VUs  1m07.6s/3m0s

running (1m09.0s), 60/60 VUs, 2177 complete and 0 interrupted iterations
capture   [  38% ] 60 VUs  1m08.6s/3m0s

running (1m10.0s), 60/60 VUs, 2210 complete and 0 interrupted iterations
capture   [  39% ] 60 VUs  1m09.6s/3m0s

running (1m11.0s), 60/60 VUs, 2243 complete and 0 interrupted iterations
capture   [  39% ] 60 VUs  1m10.6s/3m0s

running (1m12.0s), 60/60 VUs, 2275 complete and 0 interrupted iterations
capture   [  40% ] 60 VUs  1m11.6s/3m0s

running (1m13.0s), 60/60 VUs, 2308 complete and 0 interrupted iterations
capture   [  40% ] 60 VUs  1m12.6s/3m0s

running (1m14.0s), 60/60 VUs, 2340 complete and 0 interrupted iterations
capture   [  41% ] 60 VUs  1m13.6s/3m0s

running (1m15.0s), 60/60 VUs, 2372 complete and 0 interrupted iterations
capture   [  41% ] 60 VUs  1m14.6s/3m0s

running (1m16.0s), 60/60 VUs, 2404 complete and 0 interrupted iterations
capture   [  42% ] 60 VUs  1m15.6s/3m0s

running (1m17.0s), 60/60 VUs, 2438 complete and 0 interrupted iterations
capture   [  43% ] 60 VUs  1m16.6s/3m0s

running (1m18.0s), 60/60 VUs, 2470 complete and 0 interrupted iterations
capture   [  43% ] 60 VUs  1m17.6s/3m0s

running (1m19.0s), 60/60 VUs, 2504 complete and 0 interrupted iterations
capture   [  44% ] 60 VUs  1m18.6s/3m0s

running (1m20.0s), 60/60 VUs, 2537 complete and 0 interrupted iterations
capture   [  44% ] 60 VUs  1m19.6s/3m0s

running (1m21.0s), 60/60 VUs, 2569 complete and 0 interrupted iterations
capture   [  45% ] 60 VUs  1m20.6s/3m0s

running (1m22.0s), 60/60 VUs, 2603 complete and 0 interrupted iterations
capture   [  45% ] 60 VUs  1m21.6s/3m0s

running (1m23.0s), 60/60 VUs, 2635 complete and 0 interrupted iterations
capture   [  46% ] 60 VUs  1m22.6s/3m0s

running (1m24.0s), 60/60 VUs, 2666 complete and 0 interrupted iterations
capture   [  46% ] 60 VUs  1m23.6s/3m0s

running (1m25.0s), 60/60 VUs, 2698 complete and 0 interrupted iterations
capture   [  47% ] 60 VUs  1m24.6s/3m0s

running (1m26.0s), 60/60 VUs, 2731 complete and 0 interrupted iterations
capture   [  48% ] 60 VUs  1m25.6s/3m0s

running (1m27.0s), 60/60 VUs, 2764 complete and 0 interrupted iterations
capture   [  48% ] 60 VUs  1m26.6s/3m0s

running (1m28.0s), 60/60 VUs, 2794 complete and 0 interrupted iterations
capture   [  49% ] 60 VUs  1m27.6s/3m0s

running (1m29.0s), 60/60 VUs, 2830 complete and 0 interrupted iterations
capture   [  49% ] 60 VUs  1m28.6s/3m0s

running (1m30.0s), 60/60 VUs, 2863 complete and 0 interrupted iterations
capture   [  50% ] 60 VUs  1m29.6s/3m0s

running (1m31.0s), 60/60 VUs, 2897 complete and 0 interrupted iterations
capture   [  50% ] 60 VUs  1m30.6s/3m0s

running (1m32.0s), 60/60 VUs, 2931 complete and 0 interrupted iterations
capture   [  51% ] 60 VUs  1m31.6s/3m0s

running (1m33.0s), 60/60 VUs, 2964 complete and 0 interrupted iterations
capture   [  51% ] 60 VUs  1m32.6s/3m0s

running (1m34.0s), 60/60 VUs, 2998 complete and 0 interrupted iterations
capture   [  52% ] 60 VUs  1m33.6s/3m0s

running (1m35.0s), 60/60 VUs, 3032 complete and 0 interrupted iterations
capture   [  53% ] 60 VUs  1m34.6s/3m0s

running (1m36.0s), 60/60 VUs, 3066 complete and 0 interrupted iterations
capture   [  53% ] 60 VUs  1m35.6s/3m0s

running (1m37.0s), 60/60 VUs, 3100 complete and 0 interrupted iterations
capture   [  54% ] 60 VUs  1m36.6s/3m0s

running (1m38.0s), 60/60 VUs, 3134 complete and 0 interrupted iterations
capture   [  54% ] 60 VUs  1m37.6s/3m0s

running (1m39.0s), 60/60 VUs, 3169 complete and 0 interrupted iterations
capture   [  55% ] 60 VUs  1m38.6s/3m0s

running (1m40.0s), 60/60 VUs, 3204 complete and 0 interrupted iterations
capture   [  55% ] 60 VUs  1m39.6s/3m0s

running (1m41.0s), 60/60 VUs, 3238 complete and 0 interrupted iterations
capture   [  56% ] 60 VUs  1m40.6s/3m0s

running (1m42.0s), 60/60 VUs, 3271 complete and 0 interrupted iterations
capture   [  56% ] 60 VUs  1m41.6s/3m0s

running (1m43.0s), 60/60 VUs, 3305 complete and 0 interrupted iterations
capture   [  57% ] 60 VUs  1m42.6s/3m0s

running (1m44.0s), 60/60 VUs, 3338 complete and 0 interrupted iterations
capture   [  58% ] 60 VUs  1m43.6s/3m0s

running (1m45.0s), 60/60 VUs, 3371 complete and 0 interrupted iterations
capture   [  58% ] 60 VUs  1m44.6s/3m0s

running (1m46.0s), 60/60 VUs, 3405 complete and 0 interrupted iterations
capture   [  59% ] 60 VUs  1m45.6s/3m0s

running (1m47.0s), 60/60 VUs, 3439 complete and 0 interrupted iterations
capture   [  59% ] 60 VUs  1m46.6s/3m0s

running (1m48.0s), 60/60 VUs, 3472 complete and 0 interrupted iterations
capture   [  60% ] 60 VUs  1m47.6s/3m0s

running (1m49.0s), 60/60 VUs, 3505 complete and 0 interrupted iterations
capture   [  60% ] 60 VUs  1m48.6s/3m0s

running (1m50.0s), 60/60 VUs, 3540 complete and 0 interrupted iterations
capture   [  61% ] 60 VUs  1m49.6s/3m0s

running (1m51.0s), 60/60 VUs, 3574 complete and 0 interrupted iterations
capture   [  61% ] 60 VUs  1m50.6s/3m0s

running (1m52.0s), 60/60 VUs, 3606 complete and 0 interrupted iterations
capture   [  62% ] 60 VUs  1m51.6s/3m0s

running (1m53.0s), 60/60 VUs, 3640 complete and 0 interrupted iterations
capture   [  63% ] 60 VUs  1m52.6s/3m0s

running (1m54.0s), 60/60 VUs, 3675 complete and 0 interrupted iterations
capture   [  63% ] 60 VUs  1m53.6s/3m0s

running (1m55.0s), 60/60 VUs, 3709 complete and 0 interrupted iterations
capture   [  64% ] 60 VUs  1m54.6s/3m0s

running (1m56.0s), 60/60 VUs, 3745 complete and 0 interrupted iterations
capture   [  64% ] 60 VUs  1m55.6s/3m0s

running (1m57.0s), 60/60 VUs, 3779 complete and 0 interrupted iterations
capture   [  65% ] 60 VUs  1m56.6s/3m0s

running (1m58.0s), 60/60 VUs, 3812 complete and 0 interrupted iterations
capture   [  65% ] 60 VUs  1m57.6s/3m0s

running (1m59.0s), 60/60 VUs, 3847 complete and 0 interrupted iterations
capture   [  66% ] 60 VUs  1m58.6s/3m0s

running (2m00.0s), 60/60 VUs, 3881 complete and 0 interrupted iterations
capture   [  66% ] 60 VUs  1m59.6s/3m0s

running (2m01.0s), 60/60 VUs, 3915 complete and 0 interrupted iterations
capture   [  67% ] 60 VUs  2m00.6s/3m0s

running (2m02.0s), 60/60 VUs, 3948 complete and 0 interrupted iterations
capture   [  68% ] 60 VUs  2m01.6s/3m0s

running (2m03.0s), 60/60 VUs, 3982 complete and 0 interrupted iterations
capture   [  68% ] 60 VUs  2m02.6s/3m0s

running (2m04.0s), 60/60 VUs, 4016 complete and 0 interrupted iterations
capture   [  69% ] 60 VUs  2m03.6s/3m0s

running (2m05.0s), 60/60 VUs, 4051 complete and 0 interrupted iterations
capture   [  69% ] 60 VUs  2m04.6s/3m0s

running (2m06.0s), 60/60 VUs, 4085 complete and 0 interrupted iterations
capture   [  70% ] 60 VUs  2m05.6s/3m0s

running (2m07.0s), 60/60 VUs, 4120 complete and 0 interrupted iterations
capture   [  70% ] 60 VUs  2m06.6s/3m0s

running (2m08.0s), 60/60 VUs, 4154 complete and 0 interrupted iterations
capture   [  71% ] 60 VUs  2m07.6s/3m0s

running (2m09.0s), 60/60 VUs, 4189 complete and 0 interrupted iterations
capture   [  71% ] 60 VUs  2m08.6s/3m0s

running (2m10.0s), 60/60 VUs, 4224 complete and 0 interrupted iterations
capture   [  72% ] 60 VUs  2m09.6s/3m0s

running (2m11.0s), 60/60 VUs, 4259 complete and 0 interrupted iterations
capture   [  73% ] 60 VUs  2m10.6s/3m0s

running (2m12.0s), 60/60 VUs, 4294 complete and 0 interrupted iterations
capture   [  73% ] 60 VUs  2m11.6s/3m0s

running (2m13.0s), 60/60 VUs, 4329 complete and 0 interrupted iterations
capture   [  74% ] 60 VUs  2m12.6s/3m0s

running (2m14.0s), 60/60 VUs, 4363 complete and 0 interrupted iterations
capture   [  74% ] 60 VUs  2m13.6s/3m0s

running (2m15.0s), 60/60 VUs, 4398 complete and 0 interrupted iterations
capture   [  75% ] 60 VUs  2m14.6s/3m0s

running (2m16.0s), 60/60 VUs, 4432 complete and 0 interrupted iterations
capture   [  75% ] 60 VUs  2m15.6s/3m0s

running (2m17.0s), 60/60 VUs, 4465 complete and 0 interrupted iterations
capture   [  76% ] 60 VUs  2m16.6s/3m0s

running (2m18.0s), 60/60 VUs, 4498 complete and 0 interrupted iterations
capture   [  76% ] 60 VUs  2m17.6s/3m0s

running (2m19.0s), 60/60 VUs, 4531 complete and 0 interrupted iterations
capture   [  77% ] 60 VUs  2m18.6s/3m0s

running (2m20.0s), 60/60 VUs, 4567 complete and 0 interrupted iterations
capture   [  78% ] 60 VUs  2m19.6s/3m0s

running (2m21.0s), 60/60 VUs, 4602 complete and 0 interrupted iterations
capture   [  78% ] 60 VUs  2m20.6s/3m0s

running (2m22.0s), 60/60 VUs, 4638 complete and 0 interrupted iterations
capture   [  79% ] 60 VUs  2m21.6s/3m0s

running (2m23.0s), 60/60 VUs, 4673 complete and 0 interrupted iterations
capture   [  79% ] 60 VUs  2m22.6s/3m0s

running (2m24.0s), 60/60 VUs, 4708 complete and 0 interrupted iterations
capture   [  80% ] 60 VUs  2m23.6s/3m0s

running (2m25.0s), 60/60 VUs, 4742 complete and 0 interrupted iterations
capture   [  80% ] 60 VUs  2m24.6s/3m0s

running (2m26.0s), 60/60 VUs, 4777 complete and 0 interrupted iterations
capture   [  81% ] 60 VUs  2m25.6s/3m0s

running (2m27.0s), 60/60 VUs, 4812 complete and 0 interrupted iterations
capture   [  81% ] 60 VUs  2m26.6s/3m0s

running (2m28.0s), 60/60 VUs, 4843 complete and 0 interrupted iterations
capture   [  82% ] 60 VUs  2m27.6s/3m0s

running (2m29.0s), 60/60 VUs, 4880 complete and 0 interrupted iterations
capture   [  83% ] 60 VUs  2m28.6s/3m0s

running (2m30.0s), 60/60 VUs, 4912 complete and 0 interrupted iterations
capture   [  83% ] 60 VUs  2m29.6s/3m0s

running (2m31.0s), 60/60 VUs, 4947 complete and 0 interrupted iterations
capture   [  84% ] 60 VUs  2m30.6s/3m0s

running (2m32.0s), 60/60 VUs, 4980 complete and 0 interrupted iterations
capture   [  84% ] 60 VUs  2m31.6s/3m0s

running (2m33.0s), 60/60 VUs, 5015 complete and 0 interrupted iterations
capture   [  85% ] 60 VUs  2m32.6s/3m0s

running (2m34.0s), 60/60 VUs, 5051 complete and 0 interrupted iterations
capture   [  85% ] 60 VUs  2m33.6s/3m0s

running (2m35.0s), 60/60 VUs, 5087 complete and 0 interrupted iterations
capture   [  86% ] 60 VUs  2m34.6s/3m0s

running (2m36.0s), 60/60 VUs, 5123 complete and 0 interrupted iterations
capture   [  86% ] 60 VUs  2m35.6s/3m0s

running (2m37.0s), 60/60 VUs, 5158 complete and 0 interrupted iterations
capture   [  87% ] 60 VUs  2m36.6s/3m0s

running (2m38.0s), 60/60 VUs, 5193 complete and 0 interrupted iterations
capture   [  88% ] 60 VUs  2m37.6s/3m0s

running (2m39.0s), 60/60 VUs, 5228 complete and 0 interrupted iterations
capture   [  88% ] 60 VUs  2m38.6s/3m0s

running (2m40.0s), 60/60 VUs, 5264 complete and 0 interrupted iterations
capture   [  89% ] 60 VUs  2m39.6s/3m0s

running (2m41.0s), 60/60 VUs, 5298 complete and 0 interrupted iterations
capture   [  89% ] 60 VUs  2m40.6s/3m0s

running (2m42.0s), 60/60 VUs, 5334 complete and 0 interrupted iterations
capture   [  90% ] 60 VUs  2m41.6s/3m0s

running (2m43.0s), 60/60 VUs, 5368 complete and 0 interrupted iterations
capture   [  90% ] 60 VUs  2m42.6s/3m0s

running (2m44.0s), 60/60 VUs, 5404 complete and 0 interrupted iterations
capture   [  91% ] 60 VUs  2m43.6s/3m0s

running (2m45.0s), 60/60 VUs, 5436 complete and 0 interrupted iterations
capture   [  91% ] 60 VUs  2m44.6s/3m0s

running (2m46.0s), 60/60 VUs, 5471 complete and 0 interrupted iterations
capture   [  92% ] 60 VUs  2m45.6s/3m0s

running (2m47.0s), 60/60 VUs, 5506 complete and 0 interrupted iterations
capture   [  93% ] 60 VUs  2m46.6s/3m0s

running (2m48.0s), 60/60 VUs, 5541 complete and 0 interrupted iterations
capture   [  93% ] 60 VUs  2m47.6s/3m0s

running (2m49.0s), 60/60 VUs, 5575 complete and 0 interrupted iterations
capture   [  94% ] 60 VUs  2m48.6s/3m0s

running (2m50.0s), 60/60 VUs, 5610 complete and 0 interrupted iterations
capture   [  94% ] 60 VUs  2m49.6s/3m0s

running (2m51.0s), 60/60 VUs, 5645 complete and 0 interrupted iterations
capture   [  95% ] 60 VUs  2m50.6s/3m0s

running (2m52.0s), 60/60 VUs, 5678 complete and 0 interrupted iterations
capture   [  95% ] 60 VUs  2m51.6s/3m0s

running (2m53.0s), 60/60 VUs, 5714 complete and 0 interrupted iterations
capture   [  96% ] 60 VUs  2m52.6s/3m0s

running (2m54.0s), 60/60 VUs, 5748 complete and 0 interrupted iterations
capture   [  96% ] 60 VUs  2m53.6s/3m0s

running (2m55.0s), 60/60 VUs, 5782 complete and 0 interrupted iterations
capture   [  97% ] 60 VUs  2m54.6s/3m0s

running (2m56.0s), 60/60 VUs, 5817 complete and 0 interrupted iterations
capture   [  98% ] 60 VUs  2m55.6s/3m0s

running (2m57.0s), 60/60 VUs, 5853 complete and 0 interrupted iterations
capture   [  98% ] 60 VUs  2m56.6s/3m0s

running (2m58.0s), 60/60 VUs, 5888 complete and 0 interrupted iterations
capture   [  99% ] 60 VUs  2m57.6s/3m0s

running (2m59.0s), 60/60 VUs, 5923 complete and 0 interrupted iterations
capture   [  99% ] 60 VUs  2m58.6s/3m0s

running (3m00.0s), 60/60 VUs, 5957 complete and 0 interrupted iterations
capture   [ 100% ] 60 VUs  2m59.6s/3m0s

running (3m01.0s), 41/60 VUs, 5991 complete and 0 interrupted iterations
capture ↓ [ 100% ] 60 VUs  3m0s

running (3m02.0s), 06/60 VUs, 6026 complete and 0 interrupted iterations
capture ↓ [ 100% ] 60 VUs  3m0s


  █ THRESHOLDS 

    http_req_failed{name:measure}
    ✓ 'rate<0.01' rate=0.00%

    measure_duration
    ✓ 'p(95)<1000' p(95)=945.63ms

    measure_inferred
    ✓ 'rate>0.99' rate=100.00%


  █ TOTAL RESULTS 

    checks_total.......: 6032    33.116325/s
    checks_succeeded...: 100.00% 6032 out of 6032
    checks_failed......: 0.00%   0 out of 6032

    ✓ measure 2xx

    CUSTOM
    measure_duration...............: avg=798.14ms min=461.62ms med=788.42ms max=1.97s p(95)=945.63ms p(99)=1.05s
    measure_inferred...............: 100.00% 6032 out of 6032

    HTTP
    http_req_duration..............: avg=796.76ms min=31.38ms  med=788.13ms max=1.97s p(95)=945.52ms p(99)=1.05s
      { expected_response:true }...: avg=796.76ms min=31.38ms  med=788.13ms max=1.97s p(95)=945.52ms p(99)=1.05s
    http_req_failed................: 0.00%   0 out of 6043
      { name:measure }.............: 0.00%   0 out of 6032
    http_reqs......................: 6043    33.176717/s

    EXECUTION
    iteration_duration.............: avg=1.79s    min=1.46s    med=1.78s    max=2.98s p(95)=1.94s    p(99)=2.05s
    iterations.....................: 6032    33.116325/s
    vus............................: 6       min=6            max=60
    vus_max........................: 60      min=60           max=60

    NETWORK
    data_received..................: 36 MB   199 kB/s
    data_sent......................: 1.3 MB  7.4 kB/s




running (3m02.1s), 00/60 VUs, 6032 complete and 0 interrupted iterations
capture ✓ [ 100% ] 60 VUs  3m0s
