K6START=1790419176

         /\      Grafana   /‾‾/  
    /\  /  \     |\  __   /  /   
   /  \/    \    | |/ /  /   ‾‾\ 
  /          \   |   (  |  (‾)  |
 / __________ \  |_|\_\  \_____/ 


     execution: local
        script: k6/capture.js
        output: Prometheus remote write (http://172.31.64.6:9090/api/v1/write)

     scenarios: (100.00%) 1 scenario, 60 max VUs, 3m30s max duration (incl. graceful stop):
              * capture: 60 looping VUs for 3m0s (gracefulStop: 30s)


running (0m01.0s), 60/60 VUs, 0 complete and 0 interrupted iterations
capture   [   0% ] 60 VUs  0m00.5s/3m0s

running (0m02.0s), 60/60 VUs, 18 complete and 0 interrupted iterations
capture   [   1% ] 60 VUs  0m01.5s/3m0s

running (0m03.0s), 60/60 VUs, 60 complete and 0 interrupted iterations
capture   [   1% ] 60 VUs  0m02.5s/3m0s

running (0m04.0s), 60/60 VUs, 118 complete and 0 interrupted iterations
capture   [   2% ] 60 VUs  0m03.5s/3m0s

running (0m05.0s), 60/60 VUs, 150 complete and 0 interrupted iterations
capture   [   3% ] 60 VUs  0m04.5s/3m0s

running (0m06.0s), 60/60 VUs, 180 complete and 0 interrupted iterations
capture   [   3% ] 60 VUs  0m05.5s/3m0s

running (0m07.0s), 60/60 VUs, 238 complete and 0 interrupted iterations
capture   [   4% ] 60 VUs  0m06.5s/3m0s

running (0m08.0s), 60/60 VUs, 276 complete and 0 interrupted iterations
capture   [   4% ] 60 VUs  0m07.5s/3m0s

running (0m09.0s), 60/60 VUs, 300 complete and 0 interrupted iterations
capture   [   5% ] 60 VUs  0m08.5s/3m0s

running (0m10.0s), 60/60 VUs, 358 complete and 0 interrupted iterations
capture   [   5% ] 60 VUs  0m09.5s/3m0s

running (0m11.0s), 60/60 VUs, 397 complete and 0 interrupted iterations
capture   [   6% ] 60 VUs  0m10.5s/3m0s

running (0m12.0s), 60/60 VUs, 420 complete and 0 interrupted iterations
capture   [   6% ] 60 VUs  0m11.5s/3m0s

running (0m13.0s), 60/60 VUs, 480 complete and 0 interrupted iterations
capture   [   7% ] 60 VUs  0m12.5s/3m0s

running (0m14.0s), 60/60 VUs, 532 complete and 0 interrupted iterations
capture   [   8% ] 60 VUs  0m13.5s/3m0s

running (0m15.0s), 60/60 VUs, 551 complete and 0 interrupted iterations
capture   [   8% ] 60 VUs  0m14.5s/3m0s

running (0m16.0s), 60/60 VUs, 600 complete and 0 interrupted iterations
capture   [   9% ] 60 VUs  0m15.5s/3m0s

running (0m17.0s), 60/60 VUs, 657 complete and 0 interrupted iterations
capture   [   9% ] 60 VUs  0m16.5s/3m0s

running (0m18.0s), 60/60 VUs, 681 complete and 0 interrupted iterations
capture   [  10% ] 60 VUs  0m17.5s/3m0s

running (0m19.0s), 60/60 VUs, 720 complete and 0 interrupted iterations
capture   [  10% ] 60 VUs  0m18.5s/3m0s

running (0m20.0s), 60/60 VUs, 779 complete and 0 interrupted iterations
capture   [  11% ] 60 VUs  0m19.5s/3m0s

running (0m21.0s), 60/60 VUs, 820 complete and 0 interrupted iterations
capture   [  11% ] 60 VUs  0m20.5s/3m0s

running (0m22.0s), 60/60 VUs, 840 complete and 0 interrupted iterations
capture   [  12% ] 60 VUs  0m21.5s/3m0s

running (0m23.0s), 60/60 VUs, 899 complete and 0 interrupted iterations
capture   [  13% ] 60 VUs  0m22.5s/3m0s

running (0m24.0s), 60/60 VUs, 947 complete and 0 interrupted iterations
capture   [  13% ] 60 VUs  0m23.5s/3m0s

running (0m25.0s), 60/60 VUs, 966 complete and 0 interrupted iterations
capture   [  14% ] 60 VUs  0m24.5s/3m0s

running (0m26.0s), 60/60 VUs, 1019 complete and 0 interrupted iterations
capture   [  14% ] 60 VUs  0m25.5s/3m0s

running (0m27.0s), 60/60 VUs, 1072 complete and 0 interrupted iterations
capture   [  15% ] 60 VUs  0m26.5s/3m0s

running (0m28.0s), 60/60 VUs, 1095 complete and 0 interrupted iterations
capture   [  15% ] 60 VUs  0m27.5s/3m0s

running (0m29.0s), 60/60 VUs, 1140 complete and 0 interrupted iterations
capture   [  16% ] 60 VUs  0m28.5s/3m0s

running (0m30.0s), 60/60 VUs, 1197 complete and 0 interrupted iterations
capture   [  16% ] 60 VUs  0m29.5s/3m0s

running (0m31.0s), 60/60 VUs, 1232 complete and 0 interrupted iterations
capture   [  17% ] 60 VUs  0m30.5s/3m0s

running (0m32.0s), 60/60 VUs, 1259 complete and 0 interrupted iterations
capture   [  18% ] 60 VUs  0m31.5s/3m0s

running (0m33.0s), 60/60 VUs, 1318 complete and 0 interrupted iterations
capture   [  18% ] 60 VUs  0m32.5s/3m0s

running (0m34.0s), 60/60 VUs, 1361 complete and 0 interrupted iterations
capture   [  19% ] 60 VUs  0m33.5s/3m0s

running (0m35.0s), 60/60 VUs, 1383 complete and 0 interrupted iterations
capture   [  19% ] 60 VUs  0m34.5s/3m0s

running (0m36.0s), 60/60 VUs, 1438 complete and 0 interrupted iterations
capture   [  20% ] 60 VUs  0m35.5s/3m0s

running (0m37.0s), 60/60 VUs, 1491 complete and 0 interrupted iterations
capture   [  20% ] 60 VUs  0m36.5s/3m0s

running (0m38.0s), 60/60 VUs, 1510 complete and 0 interrupted iterations
capture   [  21% ] 60 VUs  0m37.5s/3m0s

running (0m39.0s), 60/60 VUs, 1559 complete and 0 interrupted iterations
capture   [  21% ] 60 VUs  0m38.5s/3m0s

running (0m40.0s), 60/60 VUs, 1614 complete and 0 interrupted iterations
capture   [  22% ] 60 VUs  0m39.5s/3m0s

running (0m41.0s), 60/60 VUs, 1649 complete and 0 interrupted iterations
capture   [  23% ] 60 VUs  0m40.5s/3m0s

running (0m42.0s), 60/60 VUs, 1679 complete and 0 interrupted iterations
capture   [  23% ] 60 VUs  0m41.5s/3m0s

running (0m43.0s), 60/60 VUs, 1738 complete and 0 interrupted iterations
capture   [  24% ] 60 VUs  0m42.5s/3m0s

running (0m44.0s), 60/60 VUs, 1777 complete and 0 interrupted iterations
capture   [  24% ] 60 VUs  0m43.5s/3m0s

running (0m45.0s), 60/60 VUs, 1801 complete and 0 interrupted iterations
capture   [  25% ] 60 VUs  0m44.5s/3m0s

running (0m46.0s), 60/60 VUs, 1858 complete and 0 interrupted iterations
capture   [  25% ] 60 VUs  0m45.5s/3m0s

running (0m47.0s), 60/60 VUs, 1907 complete and 0 interrupted iterations
capture   [  26% ] 60 VUs  0m46.5s/3m0s

running (0m48.0s), 60/60 VUs, 1931 complete and 0 interrupted iterations
capture   [  26% ] 60 VUs  0m47.5s/3m0s

running (0m49.0s), 60/60 VUs, 1978 complete and 0 interrupted iterations
capture   [  27% ] 60 VUs  0m48.5s/3m0s

running (0m50.0s), 60/60 VUs, 2030 complete and 0 interrupted iterations
capture   [  28% ] 60 VUs  0m49.5s/3m0s

running (0m51.0s), 60/60 VUs, 2064 complete and 0 interrupted iterations
capture   [  28% ] 60 VUs  0m50.5s/3m0s

running (0m52.0s), 60/60 VUs, 2099 complete and 0 interrupted iterations
capture   [  29% ] 60 VUs  0m51.5s/3m0s

running (0m53.0s), 60/60 VUs, 2155 complete and 0 interrupted iterations
capture   [  29% ] 60 VUs  0m52.5s/3m0s

running (0m54.0s), 60/60 VUs, 2198 complete and 0 interrupted iterations
capture   [  30% ] 60 VUs  0m53.5s/3m0s

running (0m55.0s), 60/60 VUs, 2220 complete and 0 interrupted iterations
capture   [  30% ] 60 VUs  0m54.5s/3m0s

running (0m56.0s), 60/60 VUs, 2276 complete and 0 interrupted iterations
capture   [  31% ] 60 VUs  0m55.5s/3m0s

running (0m57.0s), 60/60 VUs, 2327 complete and 0 interrupted iterations
capture   [  31% ] 60 VUs  0m56.5s/3m0s

running (0m58.0s), 60/60 VUs, 2343 complete and 0 interrupted iterations
capture   [  32% ] 60 VUs  0m57.5s/3m0s

running (0m59.0s), 60/60 VUs, 2398 complete and 0 interrupted iterations
capture   [  33% ] 60 VUs  0m58.5s/3m0s

running (1m00.0s), 60/60 VUs, 2449 complete and 0 interrupted iterations
capture   [  33% ] 60 VUs  0m59.5s/3m0s

running (1m01.0s), 60/60 VUs, 2479 complete and 0 interrupted iterations
capture   [  34% ] 60 VUs  1m00.5s/3m0s

running (1m02.0s), 60/60 VUs, 2519 complete and 0 interrupted iterations
capture   [  34% ] 60 VUs  1m01.5s/3m0s

running (1m03.0s), 60/60 VUs, 2571 complete and 0 interrupted iterations
capture   [  35% ] 60 VUs  1m02.5s/3m0s

running (1m04.0s), 60/60 VUs, 2615 complete and 0 interrupted iterations
capture   [  35% ] 60 VUs  1m03.5s/3m0s

running (1m05.0s), 60/60 VUs, 2641 complete and 0 interrupted iterations
capture   [  36% ] 60 VUs  1m04.5s/3m0s

running (1m06.0s), 60/60 VUs, 2696 complete and 0 interrupted iterations
capture   [  36% ] 60 VUs  1m05.5s/3m0s

running (1m07.0s), 60/60 VUs, 2746 complete and 0 interrupted iterations
capture   [  37% ] 60 VUs  1m06.5s/3m0s

running (1m08.0s), 60/60 VUs, 2763 complete and 0 interrupted iterations
capture   [  38% ] 60 VUs  1m07.5s/3m0s

running (1m09.0s), 60/60 VUs, 2818 complete and 0 interrupted iterations
capture   [  38% ] 60 VUs  1m08.5s/3m0s

running (1m10.0s), 60/60 VUs, 2868 complete and 0 interrupted iterations
capture   [  39% ] 60 VUs  1m09.5s/3m0s

running (1m11.0s), 60/60 VUs, 2889 complete and 0 interrupted iterations
capture   [  39% ] 60 VUs  1m10.5s/3m0s

running (1m12.0s), 60/60 VUs, 2938 complete and 0 interrupted iterations
capture   [  40% ] 60 VUs  1m11.5s/3m0s

running (1m13.0s), 60/60 VUs, 2991 complete and 0 interrupted iterations
capture   [  40% ] 60 VUs  1m12.5s/3m0s

running (1m14.0s), 60/60 VUs, 3034 complete and 0 interrupted iterations
capture   [  41% ] 60 VUs  1m13.5s/3m0s

running (1m15.0s), 60/60 VUs, 3060 complete and 0 interrupted iterations
capture   [  41% ] 60 VUs  1m14.5s/3m0s

running (1m16.0s), 60/60 VUs, 3114 complete and 0 interrupted iterations
capture   [  42% ] 60 VUs  1m15.5s/3m0s

running (1m17.0s), 60/60 VUs, 3167 complete and 0 interrupted iterations
capture   [  43% ] 60 VUs  1m16.5s/3m0s

running (1m18.0s), 60/60 VUs, 3180 complete and 0 interrupted iterations
capture   [  43% ] 60 VUs  1m17.5s/3m0s

running (1m19.0s), 60/60 VUs, 3235 complete and 0 interrupted iterations
capture   [  44% ] 60 VUs  1m18.5s/3m0s

running (1m20.0s), 60/60 VUs, 3287 complete and 0 interrupted iterations
capture   [  44% ] 60 VUs  1m19.5s/3m0s

running (1m21.0s), 60/60 VUs, 3309 complete and 0 interrupted iterations
capture   [  45% ] 60 VUs  1m20.5s/3m0s

running (1m22.0s), 60/60 VUs, 3358 complete and 0 interrupted iterations
capture   [  45% ] 60 VUs  1m21.5s/3m0s

running (1m23.0s), 60/60 VUs, 3410 complete and 0 interrupted iterations
capture   [  46% ] 60 VUs  1m22.5s/3m0s

running (1m24.0s), 60/60 VUs, 3453 complete and 0 interrupted iterations
capture   [  46% ] 60 VUs  1m23.5s/3m0s

running (1m25.0s), 60/60 VUs, 3479 complete and 0 interrupted iterations
capture   [  47% ] 60 VUs  1m24.5s/3m0s

running (1m26.0s), 60/60 VUs, 3531 complete and 0 interrupted iterations
capture   [  48% ] 60 VUs  1m25.5s/3m0s

running (1m27.0s), 60/60 VUs, 3582 complete and 0 interrupted iterations
capture   [  48% ] 60 VUs  1m26.5s/3m0s

running (1m28.0s), 60/60 VUs, 3602 complete and 0 interrupted iterations
capture   [  49% ] 60 VUs  1m27.5s/3m0s

running (1m29.0s), 60/60 VUs, 3654 complete and 0 interrupted iterations
capture   [  49% ] 60 VUs  1m28.5s/3m0s

running (1m30.0s), 60/60 VUs, 3705 complete and 0 interrupted iterations
capture   [  50% ] 60 VUs  1m29.5s/3m0s

running (1m31.0s), 60/60 VUs, 3730 complete and 0 interrupted iterations
capture   [  50% ] 60 VUs  1m30.5s/3m0s

running (1m32.0s), 60/60 VUs, 3775 complete and 0 interrupted iterations
capture   [  51% ] 60 VUs  1m31.5s/3m0s

running (1m33.0s), 60/60 VUs, 3826 complete and 0 interrupted iterations
capture   [  51% ] 60 VUs  1m32.5s/3m0s

running (1m34.0s), 60/60 VUs, 3869 complete and 0 interrupted iterations
capture   [  52% ] 60 VUs  1m33.5s/3m0s

running (1m35.0s), 60/60 VUs, 3897 complete and 0 interrupted iterations
capture   [  53% ] 60 VUs  1m34.5s/3m0s

running (1m36.0s), 60/60 VUs, 3948 complete and 0 interrupted iterations
capture   [  53% ] 60 VUs  1m35.5s/3m0s

running (1m37.0s), 60/60 VUs, 4004 complete and 0 interrupted iterations
capture   [  54% ] 60 VUs  1m36.5s/3m0s

running (1m38.0s), 60/60 VUs, 4019 complete and 0 interrupted iterations
capture   [  54% ] 60 VUs  1m37.5s/3m0s

running (1m39.0s), 60/60 VUs, 4071 complete and 0 interrupted iterations
capture   [  55% ] 60 VUs  1m38.5s/3m0s

running (1m40.0s), 60/60 VUs, 4124 complete and 0 interrupted iterations
capture   [  55% ] 60 VUs  1m39.5s/3m0s

running (1m41.0s), 60/60 VUs, 4153 complete and 0 interrupted iterations
capture   [  56% ] 60 VUs  1m40.5s/3m0s

running (1m42.0s), 60/60 VUs, 4194 complete and 0 interrupted iterations
capture   [  56% ] 60 VUs  1m41.5s/3m0s

running (1m43.0s), 60/60 VUs, 4245 complete and 0 interrupted iterations
capture   [  57% ] 60 VUs  1m42.5s/3m0s

running (1m44.0s), 60/60 VUs, 4290 complete and 0 interrupted iterations
capture   [  58% ] 60 VUs  1m43.5s/3m0s

running (1m45.0s), 60/60 VUs, 4316 complete and 0 interrupted iterations
capture   [  58% ] 60 VUs  1m44.5s/3m0s

running (1m46.0s), 60/60 VUs, 4366 complete and 0 interrupted iterations
capture   [  59% ] 60 VUs  1m45.5s/3m0s

running (1m47.0s), 60/60 VUs, 4420 complete and 0 interrupted iterations
capture   [  59% ] 60 VUs  1m46.5s/3m0s

running (1m48.0s), 60/60 VUs, 4439 complete and 0 interrupted iterations
capture   [  60% ] 60 VUs  1m47.5s/3m0s

running (1m49.0s), 60/60 VUs, 4489 complete and 0 interrupted iterations
capture   [  60% ] 60 VUs  1m48.5s/3m0s

running (1m50.0s), 60/60 VUs, 4542 complete and 0 interrupted iterations
capture   [  61% ] 60 VUs  1m49.5s/3m0s

running (1m51.0s), 60/60 VUs, 4571 complete and 0 interrupted iterations
capture   [  61% ] 60 VUs  1m50.5s/3m0s

running (1m52.0s), 60/60 VUs, 4612 complete and 0 interrupted iterations
capture   [  62% ] 60 VUs  1m51.5s/3m0s

running (1m53.0s), 60/60 VUs, 4664 complete and 0 interrupted iterations
capture   [  63% ] 60 VUs  1m52.5s/3m0s

running (1m54.0s), 60/60 VUs, 4712 complete and 0 interrupted iterations
capture   [  63% ] 60 VUs  1m53.5s/3m0s

running (1m55.0s), 60/60 VUs, 4734 complete and 0 interrupted iterations
capture   [  64% ] 60 VUs  1m54.5s/3m0s

running (1m56.0s), 60/60 VUs, 4784 complete and 0 interrupted iterations
capture   [  64% ] 60 VUs  1m55.5s/3m0s

running (1m57.0s), 60/60 VUs, 4837 complete and 0 interrupted iterations
capture   [  65% ] 60 VUs  1m56.5s/3m0s

running (1m58.0s), 60/60 VUs, 4858 complete and 0 interrupted iterations
capture   [  65% ] 60 VUs  1m57.5s/3m0s

running (1m59.0s), 60/60 VUs, 4907 complete and 0 interrupted iterations
capture   [  66% ] 60 VUs  1m58.5s/3m0s

running (2m00.0s), 60/60 VUs, 4962 complete and 0 interrupted iterations
capture   [  66% ] 60 VUs  1m59.5s/3m0s

running (2m01.0s), 60/60 VUs, 4995 complete and 0 interrupted iterations
capture   [  67% ] 60 VUs  2m00.5s/3m0s

running (2m02.0s), 60/60 VUs, 5028 complete and 0 interrupted iterations
capture   [  68% ] 60 VUs  2m01.5s/3m0s

running (2m03.0s), 60/60 VUs, 5083 complete and 0 interrupted iterations
capture   [  68% ] 60 VUs  2m02.5s/3m0s

running (2m04.0s), 60/60 VUs, 5131 complete and 0 interrupted iterations
capture   [  69% ] 60 VUs  2m03.5s/3m0s

running (2m05.0s), 60/60 VUs, 5153 complete and 0 interrupted iterations
capture   [  69% ] 60 VUs  2m04.5s/3m0s

running (2m06.0s), 60/60 VUs, 5205 complete and 0 interrupted iterations
capture   [  70% ] 60 VUs  2m05.5s/3m0s

running (2m07.0s), 60/60 VUs, 5258 complete and 0 interrupted iterations
capture   [  70% ] 60 VUs  2m06.5s/3m0s

running (2m08.0s), 60/60 VUs, 5278 complete and 0 interrupted iterations
capture   [  71% ] 60 VUs  2m07.5s/3m0s

running (2m09.0s), 60/60 VUs, 5325 complete and 0 interrupted iterations
capture   [  71% ] 60 VUs  2m08.5s/3m0s

running (2m10.0s), 60/60 VUs, 5381 complete and 0 interrupted iterations
capture   [  72% ] 60 VUs  2m09.5s/3m0s

running (2m11.0s), 60/60 VUs, 5409 complete and 0 interrupted iterations
capture   [  73% ] 60 VUs  2m10.5s/3m0s

running (2m12.0s), 60/60 VUs, 5448 complete and 0 interrupted iterations
capture   [  73% ] 60 VUs  2m11.5s/3m0s

running (2m13.0s), 60/60 VUs, 5503 complete and 0 interrupted iterations
capture   [  74% ] 60 VUs  2m12.5s/3m0s

running (2m14.0s), 60/60 VUs, 5551 complete and 0 interrupted iterations
capture   [  74% ] 60 VUs  2m13.5s/3m0s

running (2m15.0s), 60/60 VUs, 5571 complete and 0 interrupted iterations
capture   [  75% ] 60 VUs  2m14.5s/3m0s

running (2m16.0s), 60/60 VUs, 5625 complete and 0 interrupted iterations
capture   [  75% ] 60 VUs  2m15.5s/3m0s

running (2m17.0s), 60/60 VUs, 5678 complete and 0 interrupted iterations
capture   [  76% ] 60 VUs  2m16.5s/3m0s

running (2m18.0s), 60/60 VUs, 5697 complete and 0 interrupted iterations
capture   [  76% ] 60 VUs  2m17.5s/3m0s

running (2m19.0s), 60/60 VUs, 5748 complete and 0 interrupted iterations
capture   [  77% ] 60 VUs  2m18.5s/3m0s

running (2m20.0s), 60/60 VUs, 5802 complete and 0 interrupted iterations
capture   [  78% ] 60 VUs  2m19.5s/3m0s

running (2m21.0s), 60/60 VUs, 5830 complete and 0 interrupted iterations
capture   [  78% ] 60 VUs  2m20.5s/3m0s

running (2m22.0s), 60/60 VUs, 5868 complete and 0 interrupted iterations
capture   [  79% ] 60 VUs  2m21.5s/3m0s

running (2m23.0s), 60/60 VUs, 5923 complete and 0 interrupted iterations
capture   [  79% ] 60 VUs  2m22.5s/3m0s

running (2m24.0s), 60/60 VUs, 5967 complete and 0 interrupted iterations
capture   [  80% ] 60 VUs  2m23.5s/3m0s

running (2m25.0s), 60/60 VUs, 5990 complete and 0 interrupted iterations
capture   [  80% ] 60 VUs  2m24.5s/3m0s

running (2m26.0s), 60/60 VUs, 6043 complete and 0 interrupted iterations
capture   [  81% ] 60 VUs  2m25.5s/3m0s

running (2m27.0s), 60/60 VUs, 6098 complete and 0 interrupted iterations
capture   [  81% ] 60 VUs  2m26.5s/3m0s

running (2m28.0s), 60/60 VUs, 6118 complete and 0 interrupted iterations
capture   [  82% ] 60 VUs  2m27.5s/3m0s

running (2m29.0s), 60/60 VUs, 6164 complete and 0 interrupted iterations
capture   [  83% ] 60 VUs  2m28.5s/3m0s

running (2m30.0s), 60/60 VUs, 6220 complete and 0 interrupted iterations
capture   [  83% ] 60 VUs  2m29.5s/3m0s

running (2m31.0s), 60/60 VUs, 6250 complete and 0 interrupted iterations
capture   [  84% ] 60 VUs  2m30.5s/3m0s

running (2m32.0s), 60/60 VUs, 6287 complete and 0 interrupted iterations
capture   [  84% ] 60 VUs  2m31.5s/3m0s

running (2m33.0s), 60/60 VUs, 6342 complete and 0 interrupted iterations
capture   [  85% ] 60 VUs  2m32.5s/3m0s

running (2m34.0s), 60/60 VUs, 6389 complete and 0 interrupted iterations
capture   [  85% ] 60 VUs  2m33.5s/3m0s

running (2m35.0s), 60/60 VUs, 6410 complete and 0 interrupted iterations
capture   [  86% ] 60 VUs  2m34.5s/3m0s

running (2m36.0s), 60/60 VUs, 6462 complete and 0 interrupted iterations
capture   [  86% ] 60 VUs  2m35.5s/3m0s

running (2m37.0s), 60/60 VUs, 6516 complete and 0 interrupted iterations
capture   [  87% ] 60 VUs  2m36.5s/3m0s

running (2m38.0s), 60/60 VUs, 6534 complete and 0 interrupted iterations
capture   [  88% ] 60 VUs  2m37.5s/3m0s

running (2m39.0s), 60/60 VUs, 6583 complete and 0 interrupted iterations
capture   [  88% ] 60 VUs  2m38.5s/3m0s

running (2m40.0s), 60/60 VUs, 6638 complete and 0 interrupted iterations
capture   [  89% ] 60 VUs  2m39.5s/3m0s

running (2m41.0s), 60/60 VUs, 6669 complete and 0 interrupted iterations
capture   [  89% ] 60 VUs  2m40.5s/3m0s

running (2m42.0s), 60/60 VUs, 6704 complete and 0 interrupted iterations
capture   [  90% ] 60 VUs  2m41.5s/3m0s

running (2m43.0s), 60/60 VUs, 6760 complete and 0 interrupted iterations
capture   [  90% ] 60 VUs  2m42.5s/3m0s

running (2m44.0s), 60/60 VUs, 6806 complete and 0 interrupted iterations
capture   [  91% ] 60 VUs  2m43.5s/3m0s

running (2m45.0s), 60/60 VUs, 6826 complete and 0 interrupted iterations
capture   [  91% ] 60 VUs  2m44.5s/3m0s

running (2m46.0s), 60/60 VUs, 6881 complete and 0 interrupted iterations
capture   [  92% ] 60 VUs  2m45.5s/3m0s

running (2m47.0s), 60/60 VUs, 6935 complete and 0 interrupted iterations
capture   [  93% ] 60 VUs  2m46.5s/3m0s

running (2m48.0s), 60/60 VUs, 6956 complete and 0 interrupted iterations
capture   [  93% ] 60 VUs  2m47.5s/3m0s

running (2m49.0s), 60/60 VUs, 7003 complete and 0 interrupted iterations
capture   [  94% ] 60 VUs  2m48.5s/3m0s

running (2m50.0s), 60/60 VUs, 7056 complete and 0 interrupted iterations
capture   [  94% ] 60 VUs  2m49.5s/3m0s

running (2m51.0s), 60/60 VUs, 7090 complete and 0 interrupted iterations
capture   [  95% ] 60 VUs  2m50.5s/3m0s

running (2m52.0s), 60/60 VUs, 7124 complete and 0 interrupted iterations
capture   [  95% ] 60 VUs  2m51.5s/3m0s

running (2m53.0s), 60/60 VUs, 7178 complete and 0 interrupted iterations
capture   [  96% ] 60 VUs  2m52.5s/3m0s

running (2m54.0s), 60/60 VUs, 7226 complete and 0 interrupted iterations
capture   [  96% ] 60 VUs  2m53.5s/3m0s

running (2m55.0s), 60/60 VUs, 7245 complete and 0 interrupted iterations
capture   [  97% ] 60 VUs  2m54.5s/3m0s

running (2m56.0s), 60/60 VUs, 7298 complete and 0 interrupted iterations
capture   [  98% ] 60 VUs  2m55.5s/3m0s

running (2m57.0s), 60/60 VUs, 7351 complete and 0 interrupted iterations
capture   [  98% ] 60 VUs  2m56.5s/3m0s

running (2m58.0s), 60/60 VUs, 7377 complete and 0 interrupted iterations
capture   [  99% ] 60 VUs  2m57.5s/3m0s

running (2m59.0s), 60/60 VUs, 7420 complete and 0 interrupted iterations
capture   [  99% ] 60 VUs  2m58.5s/3m0s

running (3m00.0s), 60/60 VUs, 7475 complete and 0 interrupted iterations
capture   [ 100% ] 60 VUs  2m59.5s/3m0s

running (3m01.0s), 31/60 VUs, 7509 complete and 0 interrupted iterations
capture ↓ [ 100% ] 60 VUs  3m0s


  █ THRESHOLDS 

    http_req_failed{name:measure}
    ✓ 'rate<0.01' rate=0.00%

    measure_duration
    ✓ 'p(95)<1000' p(95)=539.99ms

    measure_inferred
    ✓ 'rate>0.99' rate=100.00%


  █ TOTAL RESULTS 

    checks_total.......: 7540    41.467161/s
    checks_succeeded...: 100.00% 7540 out of 7540
    checks_failed......: 0.00%   0 out of 7540

    ✓ measure 2xx

    CUSTOM
    measure_duration...............: avg=435.93ms min=356.85ms med=413.88ms max=1.05s p(95)=539.99ms p(99)=571.14ms
    measure_inferred...............: 100.00% 7540 out of 7540

    HTTP
    http_req_duration..............: avg=435.35ms min=33.71ms  med=413.84ms max=1.05s p(95)=539.98ms p(99)=571.04ms
      { expected_response:true }...: avg=435.35ms min=33.71ms  med=413.84ms max=1.05s p(95)=539.98ms p(99)=571.04ms
    http_req_failed................: 0.00%   0 out of 7551
      { name:measure }.............: 0.00%   0 out of 7540
    http_reqs......................: 7551    41.527657/s

    EXECUTION
    iteration_duration.............: avg=1.43s    min=1.35s    med=1.41s    max=2.06s p(95)=1.54s    p(99)=1.57s   
    iterations.....................: 7540    41.467161/s
    vus............................: 31      min=31           max=60
    vus_max........................: 60      min=60           max=60

    NETWORK
    data_received..................: 45 MB   250 kB/s
    data_sent......................: 1.7 MB  9.2 kB/s




running (3m01.8s), 00/60 VUs, 7540 complete and 0 interrupted iterations
capture ✓ [ 100% ] 60 VUs  3m0s
