K6START=1790604425

         /\      Grafana   /‾‾/  
    /\  /  \     |\  __   /  /   
   /  \/    \    | |/ /  /   ‾‾\ 
  /          \   |   (  |  (‾)  |
 / __________ \  |_|\_\  \_____/ 


     execution: local
        script: k6/packing.js
        output: Prometheus remote write (http://172.31.64.6:9090/api/v1/write)

     scenarios: (100.00%) 1 scenario, 100 max VUs, 3m30s max duration (incl. graceful stop):
              * packers: 100 looping VUs for 3m0s (gracefulStop: 30s)


running (0m01.0s), 100/100 VUs, 0 complete and 0 interrupted iterations
packers   [   1% ] 100 VUs  0m01.0s/3m0s

running (0m02.0s), 100/100 VUs, 20 complete and 0 interrupted iterations
packers   [   1% ] 100 VUs  0m02.0s/3m0s

running (0m03.0s), 100/100 VUs, 66 complete and 0 interrupted iterations
packers   [   2% ] 100 VUs  0m03.0s/3m0s

running (0m04.0s), 100/100 VUs, 121 complete and 0 interrupted iterations
packers   [   2% ] 100 VUs  0m04.0s/3m0s

running (0m05.0s), 100/100 VUs, 177 complete and 0 interrupted iterations
packers   [   3% ] 100 VUs  0m05.0s/3m0s

running (0m06.0s), 100/100 VUs, 247 complete and 0 interrupted iterations
packers   [   3% ] 100 VUs  0m06.0s/3m0s

running (0m07.0s), 100/100 VUs, 330 complete and 0 interrupted iterations
packers   [   4% ] 100 VUs  0m07.0s/3m0s

running (0m08.0s), 100/100 VUs, 411 complete and 0 interrupted iterations
packers   [   4% ] 100 VUs  0m08.0s/3m0s

running (0m09.0s), 100/100 VUs, 490 complete and 0 interrupted iterations
packers   [   5% ] 100 VUs  0m09.0s/3m0s

running (0m10.0s), 100/100 VUs, 568 complete and 0 interrupted iterations
packers   [   6% ] 100 VUs  0m10.0s/3m0s

running (0m11.0s), 100/100 VUs, 662 complete and 0 interrupted iterations
packers   [   6% ] 100 VUs  0m11.0s/3m0s

running (0m12.0s), 100/100 VUs, 761 complete and 0 interrupted iterations
packers   [   7% ] 100 VUs  0m12.0s/3m0s

running (0m13.0s), 100/100 VUs, 859 complete and 0 interrupted iterations
packers   [   7% ] 100 VUs  0m13.0s/3m0s

running (0m14.0s), 100/100 VUs, 949 complete and 0 interrupted iterations
packers   [   8% ] 100 VUs  0m14.0s/3m0s

running (0m15.0s), 100/100 VUs, 1045 complete and 0 interrupted iterations
packers   [   8% ] 100 VUs  0m15.0s/3m0s

running (0m16.0s), 100/100 VUs, 1132 complete and 0 interrupted iterations
packers   [   9% ] 100 VUs  0m16.0s/3m0s

running (0m17.0s), 100/100 VUs, 1236 complete and 0 interrupted iterations
packers   [   9% ] 100 VUs  0m17.0s/3m0s

running (0m18.0s), 100/100 VUs, 1334 complete and 0 interrupted iterations
packers   [  10% ] 100 VUs  0m18.0s/3m0s

running (0m19.0s), 100/100 VUs, 1441 complete and 0 interrupted iterations
packers   [  11% ] 100 VUs  0m19.0s/3m0s

running (0m20.0s), 100/100 VUs, 1551 complete and 0 interrupted iterations
packers   [  11% ] 100 VUs  0m20.0s/3m0s

running (0m21.0s), 100/100 VUs, 1670 complete and 0 interrupted iterations
packers   [  12% ] 100 VUs  0m21.0s/3m0s

running (0m22.0s), 100/100 VUs, 1788 complete and 0 interrupted iterations
packers   [  12% ] 100 VUs  0m22.0s/3m0s

running (0m23.0s), 100/100 VUs, 1912 complete and 0 interrupted iterations
packers   [  13% ] 100 VUs  0m23.0s/3m0s

running (0m24.0s), 100/100 VUs, 2028 complete and 0 interrupted iterations
packers   [  13% ] 100 VUs  0m24.0s/3m0s

running (0m25.0s), 100/100 VUs, 2160 complete and 0 interrupted iterations
packers   [  14% ] 100 VUs  0m25.0s/3m0s

running (0m26.0s), 100/100 VUs, 2285 complete and 0 interrupted iterations
packers   [  14% ] 100 VUs  0m26.0s/3m0s

running (0m27.0s), 100/100 VUs, 2410 complete and 0 interrupted iterations
packers   [  15% ] 100 VUs  0m27.0s/3m0s

running (0m28.0s), 100/100 VUs, 2544 complete and 0 interrupted iterations
packers   [  16% ] 100 VUs  0m28.0s/3m0s

running (0m29.0s), 100/100 VUs, 2680 complete and 0 interrupted iterations
packers   [  16% ] 100 VUs  0m29.0s/3m0s

running (0m30.0s), 100/100 VUs, 2825 complete and 0 interrupted iterations
packers   [  17% ] 100 VUs  0m30.0s/3m0s

running (0m31.0s), 100/100 VUs, 2981 complete and 0 interrupted iterations
packers   [  17% ] 100 VUs  0m31.0s/3m0s

running (0m32.0s), 100/100 VUs, 3125 complete and 0 interrupted iterations
packers   [  18% ] 100 VUs  0m32.0s/3m0s

running (0m33.0s), 100/100 VUs, 3260 complete and 0 interrupted iterations
packers   [  18% ] 100 VUs  0m33.0s/3m0s

running (0m34.0s), 100/100 VUs, 3398 complete and 0 interrupted iterations
packers   [  19% ] 100 VUs  0m34.0s/3m0s

running (0m35.0s), 100/100 VUs, 3541 complete and 0 interrupted iterations
packers   [  19% ] 100 VUs  0m35.0s/3m0s

running (0m36.0s), 100/100 VUs, 3692 complete and 0 interrupted iterations
packers   [  20% ] 100 VUs  0m36.0s/3m0s

running (0m37.0s), 100/100 VUs, 3829 complete and 0 interrupted iterations
packers   [  21% ] 100 VUs  0m37.0s/3m0s

running (0m38.0s), 100/100 VUs, 3988 complete and 0 interrupted iterations
packers   [  21% ] 100 VUs  0m38.0s/3m0s

running (0m39.0s), 100/100 VUs, 4133 complete and 0 interrupted iterations
packers   [  22% ] 100 VUs  0m39.0s/3m0s

running (0m40.0s), 100/100 VUs, 4247 complete and 0 interrupted iterations
packers   [  22% ] 100 VUs  0m40.0s/3m0s

running (0m41.0s), 100/100 VUs, 4400 complete and 0 interrupted iterations
packers   [  23% ] 100 VUs  0m41.0s/3m0s

running (0m42.0s), 100/100 VUs, 4554 complete and 0 interrupted iterations
packers   [  23% ] 100 VUs  0m42.0s/3m0s

running (0m43.0s), 100/100 VUs, 4698 complete and 0 interrupted iterations
packers   [  24% ] 100 VUs  0m43.0s/3m0s

running (0m44.0s), 100/100 VUs, 4852 complete and 0 interrupted iterations
packers   [  24% ] 100 VUs  0m44.0s/3m0s

running (0m45.0s), 100/100 VUs, 5019 complete and 0 interrupted iterations
packers   [  25% ] 100 VUs  0m45.0s/3m0s

running (0m46.0s), 100/100 VUs, 5177 complete and 0 interrupted iterations
packers   [  26% ] 100 VUs  0m46.0s/3m0s

running (0m47.0s), 100/100 VUs, 5341 complete and 0 interrupted iterations
packers   [  26% ] 100 VUs  0m47.0s/3m0s

running (0m48.0s), 100/100 VUs, 5486 complete and 0 interrupted iterations
packers   [  27% ] 100 VUs  0m48.0s/3m0s

running (0m49.0s), 100/100 VUs, 5637 complete and 0 interrupted iterations
packers   [  27% ] 100 VUs  0m49.0s/3m0s

running (0m50.0s), 100/100 VUs, 5798 complete and 0 interrupted iterations
packers   [  28% ] 100 VUs  0m50.0s/3m0s

running (0m51.0s), 100/100 VUs, 5961 complete and 0 interrupted iterations
packers   [  28% ] 100 VUs  0m51.0s/3m0s

running (0m52.0s), 100/100 VUs, 6127 complete and 0 interrupted iterations
packers   [  29% ] 100 VUs  0m52.0s/3m0s

running (0m53.0s), 100/100 VUs, 6284 complete and 0 interrupted iterations
packers   [  29% ] 100 VUs  0m53.0s/3m0s

running (0m54.0s), 100/100 VUs, 6439 complete and 0 interrupted iterations
packers   [  30% ] 100 VUs  0m54.0s/3m0s

running (0m55.0s), 100/100 VUs, 6534 complete and 0 interrupted iterations
packers   [  31% ] 100 VUs  0m55.0s/3m0s

running (0m56.0s), 100/100 VUs, 6685 complete and 0 interrupted iterations
packers   [  31% ] 100 VUs  0m56.0s/3m0s

running (0m57.0s), 100/100 VUs, 6835 complete and 0 interrupted iterations
packers   [  32% ] 100 VUs  0m57.0s/3m0s

running (0m58.0s), 100/100 VUs, 6986 complete and 0 interrupted iterations
packers   [  32% ] 100 VUs  0m58.0s/3m0s

running (0m59.0s), 100/100 VUs, 7143 complete and 0 interrupted iterations
packers   [  33% ] 100 VUs  0m59.0s/3m0s

running (1m00.0s), 100/100 VUs, 7307 complete and 0 interrupted iterations
packers   [  33% ] 100 VUs  1m00.0s/3m0s

running (1m01.0s), 100/100 VUs, 7471 complete and 0 interrupted iterations
packers   [  34% ] 100 VUs  1m01.0s/3m0s

running (1m02.0s), 100/100 VUs, 7628 complete and 0 interrupted iterations
packers   [  34% ] 100 VUs  1m02.0s/3m0s

running (1m03.0s), 100/100 VUs, 7781 complete and 0 interrupted iterations
packers   [  35% ] 100 VUs  1m03.0s/3m0s

running (1m04.0s), 100/100 VUs, 7940 complete and 0 interrupted iterations
packers   [  36% ] 100 VUs  1m04.0s/3m0s

running (1m05.0s), 100/100 VUs, 8099 complete and 0 interrupted iterations
packers   [  36% ] 100 VUs  1m05.0s/3m0s

running (1m06.0s), 100/100 VUs, 8258 complete and 0 interrupted iterations
packers   [  37% ] 100 VUs  1m06.0s/3m0s

running (1m07.0s), 100/100 VUs, 8424 complete and 0 interrupted iterations
packers   [  37% ] 100 VUs  1m07.0s/3m0s

running (1m08.0s), 100/100 VUs, 8583 complete and 0 interrupted iterations
packers   [  38% ] 100 VUs  1m08.0s/3m0s

running (1m09.0s), 100/100 VUs, 8734 complete and 0 interrupted iterations
packers   [  38% ] 100 VUs  1m09.0s/3m0s

running (1m10.0s), 100/100 VUs, 8897 complete and 0 interrupted iterations
packers   [  39% ] 100 VUs  1m10.0s/3m0s

running (1m11.0s), 100/100 VUs, 9056 complete and 0 interrupted iterations
packers   [  39% ] 100 VUs  1m11.0s/3m0s

running (1m12.0s), 100/100 VUs, 9213 complete and 0 interrupted iterations
packers   [  40% ] 100 VUs  1m12.0s/3m0s

running (1m13.0s), 100/100 VUs, 9357 complete and 0 interrupted iterations
packers   [  41% ] 100 VUs  1m13.0s/3m0s

running (1m14.0s), 100/100 VUs, 9512 complete and 0 interrupted iterations
packers   [  41% ] 100 VUs  1m14.0s/3m0s

running (1m15.0s), 100/100 VUs, 9678 complete and 0 interrupted iterations
packers   [  42% ] 100 VUs  1m15.0s/3m0s

running (1m16.0s), 100/100 VUs, 9826 complete and 0 interrupted iterations
packers   [  42% ] 100 VUs  1m16.0s/3m0s

running (1m17.0s), 100/100 VUs, 9981 complete and 0 interrupted iterations
packers   [  43% ] 100 VUs  1m17.0s/3m0s

running (1m18.0s), 100/100 VUs, 10113 complete and 0 interrupted iterations
packers   [  43% ] 100 VUs  1m18.0s/3m0s

running (1m19.0s), 100/100 VUs, 10250 complete and 0 interrupted iterations
packers   [  44% ] 100 VUs  1m19.0s/3m0s

running (1m20.0s), 100/100 VUs, 10403 complete and 0 interrupted iterations
packers   [  44% ] 100 VUs  1m20.0s/3m0s

running (1m21.0s), 100/100 VUs, 10562 complete and 0 interrupted iterations
packers   [  45% ] 100 VUs  1m21.0s/3m0s

running (1m22.0s), 100/100 VUs, 10717 complete and 0 interrupted iterations
packers   [  46% ] 100 VUs  1m22.0s/3m0s

running (1m23.0s), 100/100 VUs, 10875 complete and 0 interrupted iterations
packers   [  46% ] 100 VUs  1m23.0s/3m0s

running (1m24.0s), 100/100 VUs, 11018 complete and 0 interrupted iterations
packers   [  47% ] 100 VUs  1m24.0s/3m0s

running (1m25.0s), 100/100 VUs, 11170 complete and 0 interrupted iterations
packers   [  47% ] 100 VUs  1m25.0s/3m0s

running (1m26.0s), 100/100 VUs, 11326 complete and 0 interrupted iterations
packers   [  48% ] 100 VUs  1m26.0s/3m0s

running (1m27.0s), 100/100 VUs, 11480 complete and 0 interrupted iterations
packers   [  48% ] 100 VUs  1m27.0s/3m0s

running (1m28.0s), 100/100 VUs, 11627 complete and 0 interrupted iterations
packers   [  49% ] 100 VUs  1m28.0s/3m0s

running (1m29.0s), 100/100 VUs, 11782 complete and 0 interrupted iterations
packers   [  49% ] 100 VUs  1m29.0s/3m0s

running (1m30.0s), 100/100 VUs, 11931 complete and 0 interrupted iterations
packers   [  50% ] 100 VUs  1m30.0s/3m0s

running (1m31.0s), 100/100 VUs, 12086 complete and 0 interrupted iterations
packers   [  51% ] 100 VUs  1m31.0s/3m0s

running (1m32.0s), 100/100 VUs, 12242 complete and 0 interrupted iterations
packers   [  51% ] 100 VUs  1m32.0s/3m0s

running (1m33.0s), 100/100 VUs, 12397 complete and 0 interrupted iterations
packers   [  52% ] 100 VUs  1m33.0s/3m0s

running (1m34.0s), 100/100 VUs, 12546 complete and 0 interrupted iterations
packers   [  52% ] 100 VUs  1m34.0s/3m0s

running (1m35.0s), 100/100 VUs, 12700 complete and 0 interrupted iterations
packers   [  53% ] 100 VUs  1m35.0s/3m0s

running (1m36.0s), 100/100 VUs, 12852 complete and 0 interrupted iterations
packers   [  53% ] 100 VUs  1m36.0s/3m0s

running (1m37.0s), 100/100 VUs, 12983 complete and 0 interrupted iterations
packers   [  54% ] 100 VUs  1m37.0s/3m0s

running (1m38.0s), 100/100 VUs, 13138 complete and 0 interrupted iterations
packers   [  54% ] 100 VUs  1m38.0s/3m0s

running (1m39.0s), 100/100 VUs, 13286 complete and 0 interrupted iterations
packers   [  55% ] 100 VUs  1m39.0s/3m0s

running (1m40.0s), 100/100 VUs, 13397 complete and 0 interrupted iterations
packers   [  56% ] 100 VUs  1m40.0s/3m0s

running (1m41.0s), 100/100 VUs, 13549 complete and 0 interrupted iterations
packers   [  56% ] 100 VUs  1m41.0s/3m0s

running (1m42.0s), 100/100 VUs, 13704 complete and 0 interrupted iterations
packers   [  57% ] 100 VUs  1m42.0s/3m0s

running (1m43.0s), 100/100 VUs, 13845 complete and 0 interrupted iterations
packers   [  57% ] 100 VUs  1m43.0s/3m0s

running (1m44.0s), 100/100 VUs, 13994 complete and 0 interrupted iterations
packers   [  58% ] 100 VUs  1m44.0s/3m0s

running (1m45.0s), 100/100 VUs, 14136 complete and 0 interrupted iterations
packers   [  58% ] 100 VUs  1m45.0s/3m0s

running (1m46.0s), 100/100 VUs, 14290 complete and 0 interrupted iterations
packers   [  59% ] 100 VUs  1m46.0s/3m0s

running (1m47.0s), 100/100 VUs, 14443 complete and 0 interrupted iterations
packers   [  59% ] 100 VUs  1m47.0s/3m0s

running (1m48.0s), 100/100 VUs, 14582 complete and 0 interrupted iterations
packers   [  60% ] 100 VUs  1m48.0s/3m0s

running (1m49.0s), 100/100 VUs, 14732 complete and 0 interrupted iterations
packers   [  61% ] 100 VUs  1m49.0s/3m0s

running (1m50.0s), 100/100 VUs, 14885 complete and 0 interrupted iterations
packers   [  61% ] 100 VUs  1m50.0s/3m0s

running (1m51.0s), 100/100 VUs, 15039 complete and 0 interrupted iterations
packers   [  62% ] 100 VUs  1m51.0s/3m0s

running (1m52.0s), 100/100 VUs, 15199 complete and 0 interrupted iterations
packers   [  62% ] 100 VUs  1m52.0s/3m0s

running (1m53.0s), 100/100 VUs, 15346 complete and 0 interrupted iterations
packers   [  63% ] 100 VUs  1m53.0s/3m0s

running (1m54.0s), 100/100 VUs, 15495 complete and 0 interrupted iterations
packers   [  63% ] 100 VUs  1m54.0s/3m0s

running (1m55.0s), 100/100 VUs, 15607 complete and 0 interrupted iterations
packers   [  64% ] 100 VUs  1m55.0s/3m0s

running (1m56.0s), 100/100 VUs, 15761 complete and 0 interrupted iterations
packers   [  64% ] 100 VUs  1m56.0s/3m0s

running (1m57.0s), 100/100 VUs, 15910 complete and 0 interrupted iterations
packers   [  65% ] 100 VUs  1m57.0s/3m0s

running (1m58.0s), 100/100 VUs, 16052 complete and 0 interrupted iterations
packers   [  66% ] 100 VUs  1m58.0s/3m0s

running (1m59.0s), 100/100 VUs, 16176 complete and 0 interrupted iterations
packers   [  66% ] 100 VUs  1m59.0s/3m0s

running (2m00.0s), 100/100 VUs, 16266 complete and 0 interrupted iterations
packers   [  67% ] 100 VUs  2m00.0s/3m0s

running (2m01.0s), 100/100 VUs, 16405 complete and 0 interrupted iterations
packers   [  67% ] 100 VUs  2m01.0s/3m0s

running (2m02.0s), 100/100 VUs, 16557 complete and 0 interrupted iterations
packers   [  68% ] 100 VUs  2m02.0s/3m0s

running (2m03.0s), 100/100 VUs, 16695 complete and 0 interrupted iterations
packers   [  68% ] 100 VUs  2m03.0s/3m0s

running (2m04.0s), 100/100 VUs, 16841 complete and 0 interrupted iterations
packers   [  69% ] 100 VUs  2m04.0s/3m0s

running (2m05.0s), 100/100 VUs, 16990 complete and 0 interrupted iterations
packers   [  69% ] 100 VUs  2m05.0s/3m0s

running (2m06.0s), 100/100 VUs, 17140 complete and 0 interrupted iterations
packers   [  70% ] 100 VUs  2m06.0s/3m0s

running (2m07.0s), 100/100 VUs, 17293 complete and 0 interrupted iterations
packers   [  71% ] 100 VUs  2m07.0s/3m0s

running (2m08.0s), 100/100 VUs, 17433 complete and 0 interrupted iterations
packers   [  71% ] 100 VUs  2m08.0s/3m0s

running (2m09.0s), 100/100 VUs, 17578 complete and 0 interrupted iterations
packers   [  72% ] 100 VUs  2m09.0s/3m0s

running (2m10.0s), 100/100 VUs, 17730 complete and 0 interrupted iterations
packers   [  72% ] 100 VUs  2m10.0s/3m0s

running (2m11.0s), 100/100 VUs, 17878 complete and 0 interrupted iterations
packers   [  73% ] 100 VUs  2m11.0s/3m0s

running (2m12.0s), 100/100 VUs, 18021 complete and 0 interrupted iterations
packers   [  73% ] 100 VUs  2m12.0s/3m0s

running (2m13.0s), 100/100 VUs, 18160 complete and 0 interrupted iterations
packers   [  74% ] 100 VUs  2m13.0s/3m0s

running (2m14.0s), 100/100 VUs, 18304 complete and 0 interrupted iterations
packers   [  74% ] 100 VUs  2m14.0s/3m0s

running (2m15.0s), 100/100 VUs, 18446 complete and 0 interrupted iterations
packers   [  75% ] 100 VUs  2m15.0s/3m0s

running (2m16.0s), 100/100 VUs, 18581 complete and 0 interrupted iterations
packers   [  76% ] 100 VUs  2m16.0s/3m0s

running (2m17.0s), 100/100 VUs, 18721 complete and 0 interrupted iterations
packers   [  76% ] 100 VUs  2m17.0s/3m0s

running (2m18.0s), 100/100 VUs, 18848 complete and 0 interrupted iterations
packers   [  77% ] 100 VUs  2m18.0s/3m0s

running (2m19.0s), 100/100 VUs, 18987 complete and 0 interrupted iterations
packers   [  77% ] 100 VUs  2m19.0s/3m0s

running (2m20.0s), 100/100 VUs, 19136 complete and 0 interrupted iterations
packers   [  78% ] 100 VUs  2m20.0s/3m0s

running (2m21.0s), 100/100 VUs, 19289 complete and 0 interrupted iterations
packers   [  78% ] 100 VUs  2m21.0s/3m0s

running (2m22.0s), 100/100 VUs, 19437 complete and 0 interrupted iterations
packers   [  79% ] 100 VUs  2m22.0s/3m0s

running (2m23.0s), 100/100 VUs, 19593 complete and 0 interrupted iterations
packers   [  79% ] 100 VUs  2m23.0s/3m0s

running (2m24.0s), 100/100 VUs, 19730 complete and 0 interrupted iterations
packers   [  80% ] 100 VUs  2m24.0s/3m0s

running (2m25.0s), 100/100 VUs, 19861 complete and 0 interrupted iterations
packers   [  81% ] 100 VUs  2m25.0s/3m0s

running (2m26.0s), 100/100 VUs, 20006 complete and 0 interrupted iterations
packers   [  81% ] 100 VUs  2m26.0s/3m0s

running (2m27.0s), 100/100 VUs, 20155 complete and 0 interrupted iterations
packers   [  82% ] 100 VUs  2m27.0s/3m0s

running (2m28.0s), 100/100 VUs, 20295 complete and 0 interrupted iterations
packers   [  82% ] 100 VUs  2m28.0s/3m0s

running (2m29.0s), 100/100 VUs, 20446 complete and 0 interrupted iterations
packers   [  83% ] 100 VUs  2m29.0s/3m0s

running (2m30.0s), 100/100 VUs, 20589 complete and 0 interrupted iterations
packers   [  83% ] 100 VUs  2m30.0s/3m0s

running (2m31.0s), 100/100 VUs, 20733 complete and 0 interrupted iterations
packers   [  84% ] 100 VUs  2m31.0s/3m0s

running (2m32.0s), 100/100 VUs, 20881 complete and 0 interrupted iterations
packers   [  84% ] 100 VUs  2m32.0s/3m0s

running (2m33.0s), 100/100 VUs, 21014 complete and 0 interrupted iterations
packers   [  85% ] 100 VUs  2m33.0s/3m0s

running (2m34.0s), 100/100 VUs, 21157 complete and 0 interrupted iterations
packers   [  86% ] 100 VUs  2m34.0s/3m0s

running (2m35.0s), 100/100 VUs, 21301 complete and 0 interrupted iterations
packers   [  86% ] 100 VUs  2m35.0s/3m0s

running (2m36.0s), 100/100 VUs, 21436 complete and 0 interrupted iterations
packers   [  87% ] 100 VUs  2m36.0s/3m0s

running (2m37.0s), 100/100 VUs, 21537 complete and 0 interrupted iterations
packers   [  87% ] 100 VUs  2m37.0s/3m0s

running (2m38.0s), 100/100 VUs, 21681 complete and 0 interrupted iterations
packers   [  88% ] 100 VUs  2m38.0s/3m0s

running (2m39.0s), 100/100 VUs, 21830 complete and 0 interrupted iterations
packers   [  88% ] 100 VUs  2m39.0s/3m0s

running (2m40.0s), 100/100 VUs, 21933 complete and 0 interrupted iterations
packers   [  89% ] 100 VUs  2m40.0s/3m0s

running (2m41.0s), 100/100 VUs, 22088 complete and 0 interrupted iterations
packers   [  89% ] 100 VUs  2m41.0s/3m0s

running (2m42.0s), 100/100 VUs, 22237 complete and 0 interrupted iterations
packers   [  90% ] 100 VUs  2m42.0s/3m0s

running (2m43.0s), 100/100 VUs, 22361 complete and 0 interrupted iterations
packers   [  91% ] 100 VUs  2m43.0s/3m0s

running (2m44.0s), 100/100 VUs, 22508 complete and 0 interrupted iterations
packers   [  91% ] 100 VUs  2m44.0s/3m0s

running (2m45.0s), 100/100 VUs, 22650 complete and 0 interrupted iterations
packers   [  92% ] 100 VUs  2m45.0s/3m0s

running (2m46.0s), 100/100 VUs, 22803 complete and 0 interrupted iterations
packers   [  92% ] 100 VUs  2m46.0s/3m0s

running (2m47.0s), 100/100 VUs, 22949 complete and 0 interrupted iterations
packers   [  93% ] 100 VUs  2m47.0s/3m0s

running (2m48.0s), 100/100 VUs, 23082 complete and 0 interrupted iterations
packers   [  93% ] 100 VUs  2m48.0s/3m0s

running (2m49.0s), 100/100 VUs, 23221 complete and 0 interrupted iterations
packers   [  94% ] 100 VUs  2m49.0s/3m0s

running (2m50.0s), 100/100 VUs, 23352 complete and 0 interrupted iterations
packers   [  94% ] 100 VUs  2m50.0s/3m0s

running (2m51.0s), 100/100 VUs, 23509 complete and 0 interrupted iterations
packers   [  95% ] 100 VUs  2m51.0s/3m0s

running (2m52.0s), 100/100 VUs, 23650 complete and 0 interrupted iterations
packers   [  96% ] 100 VUs  2m52.0s/3m0s

running (2m53.0s), 100/100 VUs, 23799 complete and 0 interrupted iterations
packers   [  96% ] 100 VUs  2m53.0s/3m0s

running (2m54.0s), 100/100 VUs, 23935 complete and 0 interrupted iterations
packers   [  97% ] 100 VUs  2m54.0s/3m0s

running (2m55.0s), 100/100 VUs, 24013 complete and 0 interrupted iterations
packers   [  97% ] 100 VUs  2m55.0s/3m0s

running (2m56.0s), 100/100 VUs, 24118 complete and 0 interrupted iterations
packers   [  98% ] 100 VUs  2m56.0s/3m0s

running (2m57.0s), 100/100 VUs, 24251 complete and 0 interrupted iterations
packers   [  98% ] 100 VUs  2m57.0s/3m0s

running (2m58.0s), 100/100 VUs, 24387 complete and 0 interrupted iterations
packers   [  99% ] 100 VUs  2m58.0s/3m0s

running (2m59.0s), 100/100 VUs, 24528 complete and 0 interrupted iterations
packers   [  99% ] 100 VUs  2m59.0s/3m0s

running (3m00.0s), 100/100 VUs, 24667 complete and 0 interrupted iterations
packers   [ 100% ] 100 VUs  3m00.0s/3m0s


  █ THRESHOLDS 

    complete_duration
    ✓ 'p(95)<500' p(95)=450.96ms


  █ TOTAL RESULTS 

    checks_total.......: 74316   411.424616/s
    checks_succeeded...: 100.00% 74316 out of 74316
    checks_failed......: 0.00%   0 out of 74316

    ✓ tote-scan 2xx
    ✓ shipment-detail 2xx
    ✓ complete 2xx

    CUSTOM
    complete_duration..............: avg=255.75ms p(50)=238.27ms p(95)=450.96ms p(99)=738.45ms max=2.04s    count=24772
    measured_complete..............: avg=242.47ms p(50)=235.56ms p(95)=385.07ms p(99)=509.52ms max=814.14ms count=21844
    measured_complete_ok...........: 21844 120.931688/s
    measured_detail................: avg=219.62ms p(50)=209.17ms p(95)=357.79ms p(99)=480.92ms max=901.4ms  count=21844
    measured_reqs..................: 65530 362.783991/s
    measured_scan..................: avg=224.02ms p(50)=214.73ms p(95)=349.97ms p(99)=475.06ms max=905.93ms count=21842

    HTTP
    http_req_duration..............: avg=242.47ms p(50)=221.81ms p(95)=431.32ms p(99)=740.05ms max=2.18s    count=74316
      { expected_response:true }...: avg=242.47ms p(50)=221.81ms p(95)=431.32ms p(99)=740.05ms max=2.18s    count=74316
    http_req_failed................: 0.00% 0 out of 74316
    http_reqs......................: 74316 411.424616/s

    EXECUTION
    iteration_duration.............: avg=727.89ms p(50)=672.52ms p(95)=1.08s    p(99)=1.77s    max=4.52s    count=24772
    iterations.....................: 24772 137.141539/s
    vus............................: 100   min=100        max=100
    vus_max........................: 100   min=100        max=100

    NETWORK
    data_received..................: 37 MB 204 kB/s
    data_sent......................: 16 MB 87 kB/s




running (3m00.6s), 000/100 VUs, 24772 complete and 0 interrupted iterations
packers ✓ [ 100% ] 100 VUs  3m0s
