K6START=1790418267

         /\      Grafana   /‾‾/  
    /\  /  \     |\  __   /  /   
   /  \/    \    | |/ /  /   ‾‾\ 
  /          \   |   (  |  (‾)  |
 / __________ \  |_|\_\  \_____/ 


     execution: local
        script: k6/capture.js
        output: Prometheus remote write (http://172.31.64.6:9090/api/v1/write)

     scenarios: (100.00%) 1 scenario, 60 max VUs, 3m30s max duration (incl. graceful stop):
              * capture: 60 looping VUs for 3m0s (gracefulStop: 30s)


running (0m01.0s), 60/60 VUs, 0 complete and 0 interrupted iterations
capture   [   0% ] 60 VUs  0m00.6s/3m0s

running (0m02.0s), 60/60 VUs, 27 complete and 0 interrupted iterations
capture   [   1% ] 60 VUs  0m01.6s/3m0s

running (0m03.0s), 60/60 VUs, 60 complete and 0 interrupted iterations
capture   [   1% ] 60 VUs  0m02.6s/3m0s

running (0m04.0s), 60/60 VUs, 120 complete and 0 interrupted iterations
capture   [   2% ] 60 VUs  0m03.6s/3m0s

running (0m05.0s), 60/60 VUs, 170 complete and 0 interrupted iterations
capture   [   3% ] 60 VUs  0m04.6s/3m0s

running (0m06.0s), 60/60 VUs, 180 complete and 0 interrupted iterations
capture   [   3% ] 60 VUs  0m05.6s/3m0s

running (0m07.0s), 60/60 VUs, 240 complete and 0 interrupted iterations
capture   [   4% ] 60 VUs  0m06.6s/3m0s

running (0m08.0s), 60/60 VUs, 298 complete and 0 interrupted iterations
capture   [   4% ] 60 VUs  0m07.6s/3m0s

running (0m09.0s), 60/60 VUs, 301 complete and 0 interrupted iterations
capture   [   5% ] 60 VUs  0m08.6s/3m0s

running (0m10.0s), 60/60 VUs, 360 complete and 0 interrupted iterations
capture   [   5% ] 60 VUs  0m09.6s/3m0s

running (0m11.0s), 60/60 VUs, 420 complete and 0 interrupted iterations
capture   [   6% ] 60 VUs  0m10.6s/3m0s

running (0m12.0s), 60/60 VUs, 426 complete and 0 interrupted iterations
capture   [   6% ] 60 VUs  0m11.6s/3m0s

running (0m13.0s), 60/60 VUs, 480 complete and 0 interrupted iterations
capture   [   7% ] 60 VUs  0m12.6s/3m0s

running (0m14.0s), 60/60 VUs, 540 complete and 0 interrupted iterations
capture   [   8% ] 60 VUs  0m13.6s/3m0s

running (0m15.0s), 60/60 VUs, 558 complete and 0 interrupted iterations
capture   [   8% ] 60 VUs  0m14.6s/3m0s

running (0m16.0s), 60/60 VUs, 600 complete and 0 interrupted iterations
capture   [   9% ] 60 VUs  0m15.6s/3m0s

running (0m17.0s), 60/60 VUs, 660 complete and 0 interrupted iterations
capture   [   9% ] 60 VUs  0m16.6s/3m0s

running (0m18.0s), 60/60 VUs, 703 complete and 0 interrupted iterations
capture   [  10% ] 60 VUs  0m17.6s/3m0s

running (0m19.0s), 60/60 VUs, 720 complete and 0 interrupted iterations
capture   [  10% ] 60 VUs  0m18.6s/3m0s

running (0m20.0s), 60/60 VUs, 780 complete and 0 interrupted iterations
capture   [  11% ] 60 VUs  0m19.6s/3m0s

running (0m21.0s), 60/60 VUs, 830 complete and 0 interrupted iterations
capture   [  11% ] 60 VUs  0m20.6s/3m0s

running (0m22.0s), 60/60 VUs, 844 complete and 0 interrupted iterations
capture   [  12% ] 60 VUs  0m21.6s/3m0s

running (0m23.0s), 60/60 VUs, 900 complete and 0 interrupted iterations
capture   [  13% ] 60 VUs  0m22.6s/3m0s

running (0m24.0s), 60/60 VUs, 957 complete and 0 interrupted iterations
capture   [  13% ] 60 VUs  0m23.6s/3m0s

running (0m25.0s), 60/60 VUs, 973 complete and 0 interrupted iterations
capture   [  14% ] 60 VUs  0m24.6s/3m0s

running (0m26.0s), 60/60 VUs, 1020 complete and 0 interrupted iterations
capture   [  14% ] 60 VUs  0m25.6s/3m0s

running (0m27.0s), 60/60 VUs, 1079 complete and 0 interrupted iterations
capture   [  15% ] 60 VUs  0m26.6s/3m0s

running (0m28.0s), 60/60 VUs, 1106 complete and 0 interrupted iterations
capture   [  15% ] 60 VUs  0m27.6s/3m0s

running (0m29.0s), 60/60 VUs, 1140 complete and 0 interrupted iterations
capture   [  16% ] 60 VUs  0m28.6s/3m0s

running (0m30.0s), 60/60 VUs, 1200 complete and 0 interrupted iterations
capture   [  16% ] 60 VUs  0m29.6s/3m0s

running (0m31.0s), 60/60 VUs, 1243 complete and 0 interrupted iterations
capture   [  17% ] 60 VUs  0m30.6s/3m0s

running (0m32.0s), 60/60 VUs, 1261 complete and 0 interrupted iterations
capture   [  18% ] 60 VUs  0m31.6s/3m0s

running (0m33.0s), 60/60 VUs, 1320 complete and 0 interrupted iterations
capture   [  18% ] 60 VUs  0m32.6s/3m0s

running (0m34.0s), 60/60 VUs, 1376 complete and 0 interrupted iterations
capture   [  19% ] 60 VUs  0m33.6s/3m0s

running (0m35.0s), 60/60 VUs, 1386 complete and 0 interrupted iterations
capture   [  19% ] 60 VUs  0m34.6s/3m0s

running (0m36.0s), 60/60 VUs, 1440 complete and 0 interrupted iterations
capture   [  20% ] 60 VUs  0m35.6s/3m0s

running (0m37.0s), 60/60 VUs, 1498 complete and 0 interrupted iterations
capture   [  20% ] 60 VUs  0m36.6s/3m0s

running (0m38.0s), 60/60 VUs, 1517 complete and 0 interrupted iterations
capture   [  21% ] 60 VUs  0m37.6s/3m0s

running (0m39.0s), 60/60 VUs, 1560 complete and 0 interrupted iterations
capture   [  21% ] 60 VUs  0m38.6s/3m0s

running (0m40.0s), 60/60 VUs, 1618 complete and 0 interrupted iterations
capture   [  22% ] 60 VUs  0m39.6s/3m0s

running (0m41.0s), 60/60 VUs, 1655 complete and 0 interrupted iterations
capture   [  23% ] 60 VUs  0m40.6s/3m0s

running (0m42.0s), 60/60 VUs, 1680 complete and 0 interrupted iterations
capture   [  23% ] 60 VUs  0m41.6s/3m0s

running (0m43.0s), 60/60 VUs, 1740 complete and 0 interrupted iterations
capture   [  24% ] 60 VUs  0m42.6s/3m0s

running (0m44.0s), 60/60 VUs, 1792 complete and 0 interrupted iterations
capture   [  24% ] 60 VUs  0m43.6s/3m0s

running (0m45.0s), 60/60 VUs, 1803 complete and 0 interrupted iterations
capture   [  25% ] 60 VUs  0m44.6s/3m0s

running (0m46.0s), 60/60 VUs, 1860 complete and 0 interrupted iterations
capture   [  25% ] 60 VUs  0m45.6s/3m0s

running (0m47.0s), 60/60 VUs, 1916 complete and 0 interrupted iterations
capture   [  26% ] 60 VUs  0m46.6s/3m0s

running (0m48.0s), 60/60 VUs, 1933 complete and 0 interrupted iterations
capture   [  26% ] 60 VUs  0m47.6s/3m0s

running (0m49.0s), 60/60 VUs, 1980 complete and 0 interrupted iterations
capture   [  27% ] 60 VUs  0m48.6s/3m0s

running (0m50.0s), 60/60 VUs, 2038 complete and 0 interrupted iterations
capture   [  28% ] 60 VUs  0m49.6s/3m0s

running (0m51.0s), 60/60 VUs, 2065 complete and 0 interrupted iterations
capture   [  28% ] 60 VUs  0m50.6s/3m0s

running (0m52.0s), 60/60 VUs, 2100 complete and 0 interrupted iterations
capture   [  29% ] 60 VUs  0m51.6s/3m0s

running (0m53.0s), 60/60 VUs, 2159 complete and 0 interrupted iterations
capture   [  29% ] 60 VUs  0m52.6s/3m0s

running (0m54.0s), 60/60 VUs, 2205 complete and 0 interrupted iterations
capture   [  30% ] 60 VUs  0m53.6s/3m0s

running (0m55.0s), 60/60 VUs, 2221 complete and 0 interrupted iterations
capture   [  30% ] 60 VUs  0m54.6s/3m0s

running (0m56.0s), 60/60 VUs, 2279 complete and 0 interrupted iterations
capture   [  31% ] 60 VUs  0m55.6s/3m0s

running (0m57.0s), 60/60 VUs, 2333 complete and 0 interrupted iterations
capture   [  31% ] 60 VUs  0m56.6s/3m0s

running (0m58.0s), 60/60 VUs, 2345 complete and 0 interrupted iterations
capture   [  32% ] 60 VUs  0m57.6s/3m0s

running (0m59.0s), 60/60 VUs, 2400 complete and 0 interrupted iterations
capture   [  33% ] 60 VUs  0m58.6s/3m0s

running (1m00.0s), 60/60 VUs, 2454 complete and 0 interrupted iterations
capture   [  33% ] 60 VUs  0m59.6s/3m0s

running (1m01.0s), 60/60 VUs, 2471 complete and 0 interrupted iterations
capture   [  34% ] 60 VUs  1m00.6s/3m0s

running (1m02.0s), 60/60 VUs, 2520 complete and 0 interrupted iterations
capture   [  34% ] 60 VUs  1m01.6s/3m0s

running (1m03.0s), 60/60 VUs, 2577 complete and 0 interrupted iterations
capture   [  35% ] 60 VUs  1m02.6s/3m0s

running (1m04.0s), 60/60 VUs, 2605 complete and 0 interrupted iterations
capture   [  35% ] 60 VUs  1m03.6s/3m0s

running (1m05.0s), 60/60 VUs, 2640 complete and 0 interrupted iterations
capture   [  36% ] 60 VUs  1m04.6s/3m0s

running (1m06.0s), 60/60 VUs, 2697 complete and 0 interrupted iterations
capture   [  36% ] 60 VUs  1m05.6s/3m0s

running (1m07.0s), 60/60 VUs, 2743 complete and 0 interrupted iterations
capture   [  37% ] 60 VUs  1m06.6s/3m0s

running (1m08.0s), 60/60 VUs, 2762 complete and 0 interrupted iterations
capture   [  38% ] 60 VUs  1m07.6s/3m0s

running (1m09.0s), 60/60 VUs, 2819 complete and 0 interrupted iterations
capture   [  38% ] 60 VUs  1m08.6s/3m0s

running (1m10.0s), 60/60 VUs, 2875 complete and 0 interrupted iterations
capture   [  39% ] 60 VUs  1m09.6s/3m0s

running (1m11.0s), 60/60 VUs, 2886 complete and 0 interrupted iterations
capture   [  39% ] 60 VUs  1m10.6s/3m0s

running (1m12.0s), 60/60 VUs, 2939 complete and 0 interrupted iterations
capture   [  40% ] 60 VUs  1m11.6s/3m0s

running (1m13.0s), 60/60 VUs, 2996 complete and 0 interrupted iterations
capture   [  40% ] 60 VUs  1m12.6s/3m0s

running (1m14.0s), 60/60 VUs, 3019 complete and 0 interrupted iterations
capture   [  41% ] 60 VUs  1m13.6s/3m0s

running (1m15.0s), 60/60 VUs, 3059 complete and 0 interrupted iterations
capture   [  41% ] 60 VUs  1m14.6s/3m0s

running (1m16.0s), 60/60 VUs, 3117 complete and 0 interrupted iterations
capture   [  42% ] 60 VUs  1m15.6s/3m0s

running (1m17.0s), 60/60 VUs, 3157 complete and 0 interrupted iterations
capture   [  43% ] 60 VUs  1m16.6s/3m0s

running (1m18.0s), 60/60 VUs, 3180 complete and 0 interrupted iterations
capture   [  43% ] 60 VUs  1m17.6s/3m0s

running (1m19.0s), 60/60 VUs, 3238 complete and 0 interrupted iterations
capture   [  44% ] 60 VUs  1m18.6s/3m0s

running (1m20.0s), 60/60 VUs, 3290 complete and 0 interrupted iterations
capture   [  44% ] 60 VUs  1m19.6s/3m0s

running (1m21.0s), 60/60 VUs, 3301 complete and 0 interrupted iterations
capture   [  45% ] 60 VUs  1m20.6s/3m0s

running (1m22.0s), 60/60 VUs, 3358 complete and 0 interrupted iterations
capture   [  45% ] 60 VUs  1m21.6s/3m0s

running (1m23.0s), 60/60 VUs, 3415 complete and 0 interrupted iterations
capture   [  46% ] 60 VUs  1m22.6s/3m0s

running (1m24.0s), 60/60 VUs, 3423 complete and 0 interrupted iterations
capture   [  46% ] 60 VUs  1m23.6s/3m0s

running (1m25.0s), 60/60 VUs, 3479 complete and 0 interrupted iterations
capture   [  47% ] 60 VUs  1m24.6s/3m0s

running (1m26.0s), 60/60 VUs, 3535 complete and 0 interrupted iterations
capture   [  48% ] 60 VUs  1m25.6s/3m0s

running (1m27.0s), 60/60 VUs, 3555 complete and 0 interrupted iterations
capture   [  48% ] 60 VUs  1m26.6s/3m0s

running (1m28.0s), 60/60 VUs, 3599 complete and 0 interrupted iterations
capture   [  49% ] 60 VUs  1m27.6s/3m0s

running (1m29.0s), 60/60 VUs, 3656 complete and 0 interrupted iterations
capture   [  49% ] 60 VUs  1m28.6s/3m0s

running (1m30.0s), 60/60 VUs, 3701 complete and 0 interrupted iterations
capture   [  50% ] 60 VUs  1m29.6s/3m0s

running (1m31.0s), 60/60 VUs, 3719 complete and 0 interrupted iterations
capture   [  50% ] 60 VUs  1m30.6s/3m0s

running (1m32.0s), 60/60 VUs, 3777 complete and 0 interrupted iterations
capture   [  51% ] 60 VUs  1m31.6s/3m0s

running (1m33.0s), 60/60 VUs, 3833 complete and 0 interrupted iterations
capture   [  51% ] 60 VUs  1m32.6s/3m0s

running (1m34.0s), 60/60 VUs, 3841 complete and 0 interrupted iterations
capture   [  52% ] 60 VUs  1m33.6s/3m0s

running (1m35.0s), 60/60 VUs, 3898 complete and 0 interrupted iterations
capture   [  53% ] 60 VUs  1m34.6s/3m0s

running (1m36.0s), 60/60 VUs, 3955 complete and 0 interrupted iterations
capture   [  53% ] 60 VUs  1m35.6s/3m0s

running (1m37.0s), 60/60 VUs, 3968 complete and 0 interrupted iterations
capture   [  54% ] 60 VUs  1m36.6s/3m0s

running (1m38.0s), 60/60 VUs, 4018 complete and 0 interrupted iterations
capture   [  54% ] 60 VUs  1m37.6s/3m0s

running (1m39.0s), 60/60 VUs, 4076 complete and 0 interrupted iterations
capture   [  55% ] 60 VUs  1m38.6s/3m0s

running (1m40.0s), 60/60 VUs, 4109 complete and 0 interrupted iterations
capture   [  55% ] 60 VUs  1m39.6s/3m0s

running (1m41.0s), 60/60 VUs, 4140 complete and 0 interrupted iterations
capture   [  56% ] 60 VUs  1m40.6s/3m0s

running (1m42.0s), 60/60 VUs, 4197 complete and 0 interrupted iterations
capture   [  56% ] 60 VUs  1m41.6s/3m0s

running (1m43.0s), 60/60 VUs, 4246 complete and 0 interrupted iterations
capture   [  57% ] 60 VUs  1m42.6s/3m0s

running (1m44.0s), 60/60 VUs, 4260 complete and 0 interrupted iterations
capture   [  58% ] 60 VUs  1m43.6s/3m0s

running (1m45.0s), 60/60 VUs, 4317 complete and 0 interrupted iterations
capture   [  58% ] 60 VUs  1m44.6s/3m0s

running (1m46.0s), 60/60 VUs, 4370 complete and 0 interrupted iterations
capture   [  59% ] 60 VUs  1m45.6s/3m0s

running (1m47.0s), 60/60 VUs, 4384 complete and 0 interrupted iterations
capture   [  59% ] 60 VUs  1m46.6s/3m0s

running (1m48.0s), 60/60 VUs, 4438 complete and 0 interrupted iterations
capture   [  60% ] 60 VUs  1m47.6s/3m0s

running (1m49.0s), 60/60 VUs, 4494 complete and 0 interrupted iterations
capture   [  60% ] 60 VUs  1m48.6s/3m0s

running (1m50.0s), 60/60 VUs, 4521 complete and 0 interrupted iterations
capture   [  61% ] 60 VUs  1m49.6s/3m0s

running (1m51.0s), 60/60 VUs, 4559 complete and 0 interrupted iterations
capture   [  61% ] 60 VUs  1m50.6s/3m0s

running (1m52.0s), 60/60 VUs, 4615 complete and 0 interrupted iterations
capture   [  62% ] 60 VUs  1m51.6s/3m0s

running (1m53.0s), 60/60 VUs, 4661 complete and 0 interrupted iterations
capture   [  63% ] 60 VUs  1m52.6s/3m0s

running (1m54.0s), 60/60 VUs, 4680 complete and 0 interrupted iterations
capture   [  63% ] 60 VUs  1m53.6s/3m0s

running (1m55.0s), 60/60 VUs, 4735 complete and 0 interrupted iterations
capture   [  64% ] 60 VUs  1m54.6s/3m0s

running (1m56.0s), 60/60 VUs, 4792 complete and 0 interrupted iterations
capture   [  64% ] 60 VUs  1m55.6s/3m0s

running (1m57.0s), 60/60 VUs, 4802 complete and 0 interrupted iterations
capture   [  65% ] 60 VUs  1m56.6s/3m0s

running (1m58.0s), 60/60 VUs, 4856 complete and 0 interrupted iterations
capture   [  65% ] 60 VUs  1m57.6s/3m0s

running (1m59.0s), 60/60 VUs, 4913 complete and 0 interrupted iterations
capture   [  66% ] 60 VUs  1m58.6s/3m0s

running (2m00.0s), 60/60 VUs, 4936 complete and 0 interrupted iterations
capture   [  66% ] 60 VUs  1m59.6s/3m0s

running (2m01.0s), 60/60 VUs, 4977 complete and 0 interrupted iterations
capture   [  67% ] 60 VUs  2m00.6s/3m0s

running (2m02.0s), 60/60 VUs, 5034 complete and 0 interrupted iterations
capture   [  68% ] 60 VUs  2m01.6s/3m0s

running (2m03.0s), 60/60 VUs, 5075 complete and 0 interrupted iterations
capture   [  68% ] 60 VUs  2m02.6s/3m0s

running (2m04.0s), 60/60 VUs, 5099 complete and 0 interrupted iterations
capture   [  69% ] 60 VUs  2m03.6s/3m0s

running (2m05.0s), 60/60 VUs, 5156 complete and 0 interrupted iterations
capture   [  69% ] 60 VUs  2m04.6s/3m0s

running (2m06.0s), 60/60 VUs, 5209 complete and 0 interrupted iterations
capture   [  70% ] 60 VUs  2m05.6s/3m0s

running (2m07.0s), 60/60 VUs, 5220 complete and 0 interrupted iterations
capture   [  70% ] 60 VUs  2m06.6s/3m0s

running (2m08.0s), 60/60 VUs, 5276 complete and 0 interrupted iterations
capture   [  71% ] 60 VUs  2m07.6s/3m0s

running (2m09.0s), 60/60 VUs, 5330 complete and 0 interrupted iterations
capture   [  71% ] 60 VUs  2m08.6s/3m0s

running (2m10.0s), 60/60 VUs, 5351 complete and 0 interrupted iterations
capture   [  72% ] 60 VUs  2m09.6s/3m0s

running (2m11.0s), 60/60 VUs, 5397 complete and 0 interrupted iterations
capture   [  73% ] 60 VUs  2m10.6s/3m0s

running (2m12.0s), 60/60 VUs, 5453 complete and 0 interrupted iterations
capture   [  73% ] 60 VUs  2m11.6s/3m0s

running (2m13.0s), 60/60 VUs, 5490 complete and 0 interrupted iterations
capture   [  74% ] 60 VUs  2m12.6s/3m0s

running (2m14.0s), 60/60 VUs, 5517 complete and 0 interrupted iterations
capture   [  74% ] 60 VUs  2m13.6s/3m0s

running (2m15.0s), 60/60 VUs, 5573 complete and 0 interrupted iterations
capture   [  75% ] 60 VUs  2m14.6s/3m0s

running (2m16.0s), 60/60 VUs, 5623 complete and 0 interrupted iterations
capture   [  75% ] 60 VUs  2m15.6s/3m0s

running (2m17.0s), 60/60 VUs, 5639 complete and 0 interrupted iterations
capture   [  76% ] 60 VUs  2m16.6s/3m0s

running (2m18.0s), 60/60 VUs, 5694 complete and 0 interrupted iterations
capture   [  76% ] 60 VUs  2m17.6s/3m0s

running (2m19.0s), 60/60 VUs, 5749 complete and 0 interrupted iterations
capture   [  77% ] 60 VUs  2m18.6s/3m0s

running (2m20.0s), 60/60 VUs, 5761 complete and 0 interrupted iterations
capture   [  78% ] 60 VUs  2m19.6s/3m0s

running (2m21.0s), 60/60 VUs, 5814 complete and 0 interrupted iterations
capture   [  78% ] 60 VUs  2m20.6s/3m0s

running (2m22.0s), 60/60 VUs, 5870 complete and 0 interrupted iterations
capture   [  79% ] 60 VUs  2m21.6s/3m0s

running (2m23.0s), 60/60 VUs, 5895 complete and 0 interrupted iterations
capture   [  79% ] 60 VUs  2m22.6s/3m0s

running (2m24.0s), 60/60 VUs, 5935 complete and 0 interrupted iterations
capture   [  80% ] 60 VUs  2m23.6s/3m0s

running (2m25.0s), 60/60 VUs, 5992 complete and 0 interrupted iterations
capture   [  80% ] 60 VUs  2m24.6s/3m0s

running (2m26.0s), 60/60 VUs, 6031 complete and 0 interrupted iterations
capture   [  81% ] 60 VUs  2m25.6s/3m0s

running (2m27.0s), 60/60 VUs, 6056 complete and 0 interrupted iterations
capture   [  81% ] 60 VUs  2m26.6s/3m0s

running (2m28.0s), 60/60 VUs, 6112 complete and 0 interrupted iterations
capture   [  82% ] 60 VUs  2m27.6s/3m0s

running (2m29.0s), 60/60 VUs, 6164 complete and 0 interrupted iterations
capture   [  83% ] 60 VUs  2m28.6s/3m0s

running (2m30.0s), 60/60 VUs, 6178 complete and 0 interrupted iterations
capture   [  83% ] 60 VUs  2m29.6s/3m0s

running (2m31.0s), 60/60 VUs, 6232 complete and 0 interrupted iterations
capture   [  84% ] 60 VUs  2m30.6s/3m0s

running (2m32.0s), 60/60 VUs, 6289 complete and 0 interrupted iterations
capture   [  84% ] 60 VUs  2m31.6s/3m0s

running (2m33.0s), 60/60 VUs, 6310 complete and 0 interrupted iterations
capture   [  85% ] 60 VUs  2m32.6s/3m0s

running (2m34.0s), 60/60 VUs, 6354 complete and 0 interrupted iterations
capture   [  85% ] 60 VUs  2m33.6s/3m0s

running (2m35.0s), 60/60 VUs, 6411 complete and 0 interrupted iterations
capture   [  86% ] 60 VUs  2m34.6s/3m0s

running (2m36.0s), 60/60 VUs, 6436 complete and 0 interrupted iterations
capture   [  86% ] 60 VUs  2m35.6s/3m0s

running (2m37.0s), 60/60 VUs, 6475 complete and 0 interrupted iterations
capture   [  87% ] 60 VUs  2m36.6s/3m0s

running (2m38.0s), 60/60 VUs, 6532 complete and 0 interrupted iterations
capture   [  88% ] 60 VUs  2m37.6s/3m0s

running (2m39.0s), 60/60 VUs, 6574 complete and 0 interrupted iterations
capture   [  88% ] 60 VUs  2m38.6s/3m0s

running (2m40.0s), 60/60 VUs, 6597 complete and 0 interrupted iterations
capture   [  89% ] 60 VUs  2m39.6s/3m0s

running (2m41.0s), 60/60 VUs, 6652 complete and 0 interrupted iterations
capture   [  89% ] 60 VUs  2m40.6s/3m0s

running (2m42.0s), 60/60 VUs, 6701 complete and 0 interrupted iterations
capture   [  90% ] 60 VUs  2m41.6s/3m0s

running (2m43.0s), 60/60 VUs, 6722 complete and 0 interrupted iterations
capture   [  90% ] 60 VUs  2m42.6s/3m0s

running (2m44.0s), 60/60 VUs, 6772 complete and 0 interrupted iterations
capture   [  91% ] 60 VUs  2m43.6s/3m0s

running (2m45.0s), 60/60 VUs, 6828 complete and 0 interrupted iterations
capture   [  91% ] 60 VUs  2m44.6s/3m0s

running (2m46.0s), 60/60 VUs, 6855 complete and 0 interrupted iterations
capture   [  92% ] 60 VUs  2m45.6s/3m0s

running (2m47.0s), 60/60 VUs, 6892 complete and 0 interrupted iterations
capture   [  93% ] 60 VUs  2m46.6s/3m0s

running (2m48.0s), 60/60 VUs, 6950 complete and 0 interrupted iterations
capture   [  93% ] 60 VUs  2m47.6s/3m0s

running (2m49.0s), 60/60 VUs, 6991 complete and 0 interrupted iterations
capture   [  94% ] 60 VUs  2m48.6s/3m0s

running (2m50.0s), 60/60 VUs, 7013 complete and 0 interrupted iterations
capture   [  94% ] 60 VUs  2m49.6s/3m0s

running (2m51.0s), 60/60 VUs, 7069 complete and 0 interrupted iterations
capture   [  95% ] 60 VUs  2m50.6s/3m0s

running (2m52.0s), 60/60 VUs, 7119 complete and 0 interrupted iterations
capture   [  95% ] 60 VUs  2m51.6s/3m0s

running (2m53.0s), 60/60 VUs, 7138 complete and 0 interrupted iterations
capture   [  96% ] 60 VUs  2m52.6s/3m0s

running (2m54.0s), 60/60 VUs, 7191 complete and 0 interrupted iterations
capture   [  96% ] 60 VUs  2m53.6s/3m0s

running (2m55.0s), 60/60 VUs, 7247 complete and 0 interrupted iterations
capture   [  97% ] 60 VUs  2m54.6s/3m0s

running (2m56.0s), 60/60 VUs, 7271 complete and 0 interrupted iterations
capture   [  98% ] 60 VUs  2m55.6s/3m0s

running (2m57.0s), 60/60 VUs, 7312 complete and 0 interrupted iterations
capture   [  98% ] 60 VUs  2m56.6s/3m0s

running (2m58.0s), 60/60 VUs, 7368 complete and 0 interrupted iterations
capture   [  99% ] 60 VUs  2m57.6s/3m0s

running (2m59.0s), 60/60 VUs, 7410 complete and 0 interrupted iterations
capture   [  99% ] 60 VUs  2m58.6s/3m0s

running (3m00.0s), 60/60 VUs, 7434 complete and 0 interrupted iterations
capture   [ 100% ] 60 VUs  2m59.6s/3m0s

running (3m01.0s), 39/60 VUs, 7490 complete and 0 interrupted iterations
capture ↓ [ 100% ] 60 VUs  3m0s


  █ THRESHOLDS 

    http_req_failed{name:measure}
    ✓ 'rate<0.01' rate=0.00%

    measure_duration
    ✓ 'p(95)<1000' p(95)=540.46ms

    measure_inferred
    ✓ 'rate>0.99' rate=100.00%


  █ TOTAL RESULTS 

    checks_total.......: 7529    41.407282/s
    checks_succeeded...: 100.00% 7529 out of 7529
    checks_failed......: 0.00%   0 out of 7529

    ✓ measure 2xx

    CUSTOM
    measure_duration...............: avg=440.43ms min=362.99ms med=417.15ms max=806.01ms p(95)=540.46ms p(99)=574.88ms
    measure_inferred...............: 100.00% 7529 out of 7529

    HTTP
    http_req_duration..............: avg=439.84ms min=32.02ms  med=417.09ms max=806.01ms p(95)=540.46ms p(99)=574.82ms
      { expected_response:true }...: avg=439.84ms min=32.02ms  med=417.09ms max=806.01ms p(95)=540.46ms p(99)=574.82ms
    http_req_failed................: 0.00%   0 out of 7540
      { name:measure }.............: 0.00%   0 out of 7529
    http_reqs......................: 7540    41.467779/s

    EXECUTION
    iteration_duration.............: avg=1.44s    min=1.36s    med=1.41s    max=1.8s     p(95)=1.54s    p(99)=1.57s   
    iterations.....................: 7529    41.407282/s
    vus............................: 39      min=39           max=60
    vus_max........................: 60      min=60           max=60

    NETWORK
    data_received..................: 45 MB   246 kB/s
    data_sent......................: 1.7 MB  9.2 kB/s




running (3m01.8s), 00/60 VUs, 7529 complete and 0 interrupted iterations
capture ✓ [ 100% ] 60 VUs  3m0s
