K6START=1790329491

         /\      Grafana   /‾‾/  
    /\  /  \     |\  __   /  /   
   /  \/    \    | |/ /  /   ‾‾\ 
  /          \   |   (  |  (‾)  |
 / __________ \  |_|\_\  \_____/ 


     execution: local
        script: k6/packing.js
        output: Prometheus remote write (http://172.31.64.6:9090/api/v1/write)

     scenarios: (100.00%) 1 scenario, 100 max VUs, 5m30s max duration (incl. graceful stop):
              * packers: 100 looping VUs for 5m0s (gracefulStop: 30s)


running (0m01.0s), 100/100 VUs, 0 complete and 0 interrupted iterations
packers   [   0% ] 100 VUs  0m01.0s/5m0s

running (0m02.0s), 100/100 VUs, 0 complete and 0 interrupted iterations
packers   [   1% ] 100 VUs  0m02.0s/5m0s

running (0m03.0s), 100/100 VUs, 0 complete and 0 interrupted iterations
packers   [   1% ] 100 VUs  0m03.0s/5m0s

running (0m04.0s), 100/100 VUs, 0 complete and 0 interrupted iterations
packers   [   1% ] 100 VUs  0m04.0s/5m0s

running (0m05.0s), 100/100 VUs, 0 complete and 0 interrupted iterations
packers   [   2% ] 100 VUs  0m05.0s/5m0s

running (0m06.0s), 100/100 VUs, 0 complete and 0 interrupted iterations
packers   [   2% ] 100 VUs  0m06.0s/5m0s

running (0m07.0s), 100/100 VUs, 0 complete and 0 interrupted iterations
packers   [   2% ] 100 VUs  0m07.0s/5m0s

running (0m08.0s), 100/100 VUs, 0 complete and 0 interrupted iterations
packers   [   3% ] 100 VUs  0m08.0s/5m0s

running (0m09.0s), 100/100 VUs, 0 complete and 0 interrupted iterations
packers   [   3% ] 100 VUs  0m09.0s/5m0s

running (0m10.0s), 100/100 VUs, 0 complete and 0 interrupted iterations
packers   [   3% ] 100 VUs  0m10.0s/5m0s

running (0m11.0s), 100/100 VUs, 0 complete and 0 interrupted iterations
packers   [   4% ] 100 VUs  0m11.0s/5m0s

running (0m12.0s), 100/100 VUs, 0 complete and 0 interrupted iterations
packers   [   4% ] 100 VUs  0m12.0s/5m0s

running (0m13.0s), 100/100 VUs, 0 complete and 0 interrupted iterations
packers   [   4% ] 100 VUs  0m13.0s/5m0s

running (0m14.0s), 100/100 VUs, 0 complete and 0 interrupted iterations
packers   [   5% ] 100 VUs  0m14.0s/5m0s

running (0m15.0s), 100/100 VUs, 0 complete and 0 interrupted iterations
packers   [   5% ] 100 VUs  0m15.0s/5m0s

running (0m16.0s), 100/100 VUs, 0 complete and 0 interrupted iterations
packers   [   5% ] 100 VUs  0m16.0s/5m0s

running (0m17.0s), 100/100 VUs, 0 complete and 0 interrupted iterations
packers   [   6% ] 100 VUs  0m17.0s/5m0s

running (0m18.0s), 100/100 VUs, 0 complete and 0 interrupted iterations
packers   [   6% ] 100 VUs  0m18.0s/5m0s

running (0m19.0s), 100/100 VUs, 0 complete and 0 interrupted iterations
packers   [   6% ] 100 VUs  0m19.0s/5m0s

running (0m20.0s), 100/100 VUs, 0 complete and 0 interrupted iterations
packers   [   7% ] 100 VUs  0m20.0s/5m0s

running (0m21.0s), 100/100 VUs, 0 complete and 0 interrupted iterations
packers   [   7% ] 100 VUs  0m21.0s/5m0s

running (0m22.0s), 100/100 VUs, 0 complete and 0 interrupted iterations
packers   [   7% ] 100 VUs  0m22.0s/5m0s

running (0m23.0s), 100/100 VUs, 0 complete and 0 interrupted iterations
packers   [   8% ] 100 VUs  0m23.0s/5m0s

running (0m24.0s), 100/100 VUs, 0 complete and 0 interrupted iterations
packers   [   8% ] 100 VUs  0m24.0s/5m0s

running (0m25.0s), 100/100 VUs, 0 complete and 0 interrupted iterations
packers   [   8% ] 100 VUs  0m25.0s/5m0s

running (0m26.0s), 100/100 VUs, 0 complete and 0 interrupted iterations
packers   [   9% ] 100 VUs  0m26.0s/5m0s

running (0m27.0s), 100/100 VUs, 0 complete and 0 interrupted iterations
packers   [   9% ] 100 VUs  0m27.0s/5m0s

running (0m28.0s), 100/100 VUs, 0 complete and 0 interrupted iterations
packers   [   9% ] 100 VUs  0m28.0s/5m0s

running (0m29.0s), 100/100 VUs, 0 complete and 0 interrupted iterations
packers   [  10% ] 100 VUs  0m29.0s/5m0s

running (0m30.0s), 100/100 VUs, 0 complete and 0 interrupted iterations
packers   [  10% ] 100 VUs  0m30.0s/5m0s

running (0m31.0s), 100/100 VUs, 0 complete and 0 interrupted iterations
packers   [  10% ] 100 VUs  0m31.0s/5m0s

running (0m32.0s), 100/100 VUs, 0 complete and 0 interrupted iterations
packers   [  11% ] 100 VUs  0m32.0s/5m0s

running (0m33.0s), 100/100 VUs, 0 complete and 0 interrupted iterations
packers   [  11% ] 100 VUs  0m33.0s/5m0s

running (0m34.0s), 100/100 VUs, 0 complete and 0 interrupted iterations
packers   [  11% ] 100 VUs  0m34.0s/5m0s

running (0m35.0s), 100/100 VUs, 0 complete and 0 interrupted iterations
packers   [  12% ] 100 VUs  0m35.0s/5m0s

running (0m36.0s), 100/100 VUs, 0 complete and 0 interrupted iterations
packers   [  12% ] 100 VUs  0m36.0s/5m0s

running (0m37.0s), 100/100 VUs, 0 complete and 0 interrupted iterations
packers   [  12% ] 100 VUs  0m37.0s/5m0s

running (0m38.0s), 100/100 VUs, 0 complete and 0 interrupted iterations
packers   [  13% ] 100 VUs  0m38.0s/5m0s

running (0m39.0s), 100/100 VUs, 0 complete and 0 interrupted iterations
packers   [  13% ] 100 VUs  0m39.0s/5m0s

running (0m40.0s), 100/100 VUs, 0 complete and 0 interrupted iterations
packers   [  13% ] 100 VUs  0m40.0s/5m0s

running (0m41.0s), 100/100 VUs, 0 complete and 0 interrupted iterations
packers   [  14% ] 100 VUs  0m41.0s/5m0s

running (0m42.0s), 100/100 VUs, 0 complete and 0 interrupted iterations
packers   [  14% ] 100 VUs  0m42.0s/5m0s

running (0m43.0s), 100/100 VUs, 0 complete and 0 interrupted iterations
packers   [  14% ] 100 VUs  0m43.0s/5m0s

running (0m44.0s), 100/100 VUs, 0 complete and 0 interrupted iterations
packers   [  15% ] 100 VUs  0m44.0s/5m0s

running (0m45.0s), 100/100 VUs, 0 complete and 0 interrupted iterations
packers   [  15% ] 100 VUs  0m45.0s/5m0s

running (0m46.0s), 100/100 VUs, 0 complete and 0 interrupted iterations
packers   [  15% ] 100 VUs  0m46.0s/5m0s

running (0m47.0s), 100/100 VUs, 0 complete and 0 interrupted iterations
packers   [  16% ] 100 VUs  0m47.0s/5m0s

running (0m48.0s), 100/100 VUs, 0 complete and 0 interrupted iterations
packers   [  16% ] 100 VUs  0m48.0s/5m0s

running (0m49.0s), 100/100 VUs, 0 complete and 0 interrupted iterations
packers   [  16% ] 100 VUs  0m49.0s/5m0s

running (0m50.0s), 100/100 VUs, 0 complete and 0 interrupted iterations
packers   [  17% ] 100 VUs  0m50.0s/5m0s

running (0m51.0s), 100/100 VUs, 0 complete and 0 interrupted iterations
packers   [  17% ] 100 VUs  0m51.0s/5m0s

running (0m52.0s), 100/100 VUs, 0 complete and 0 interrupted iterations
packers   [  17% ] 100 VUs  0m52.0s/5m0s

running (0m53.0s), 100/100 VUs, 0 complete and 0 interrupted iterations
packers   [  18% ] 100 VUs  0m53.0s/5m0s

running (0m54.0s), 100/100 VUs, 0 complete and 0 interrupted iterations
packers   [  18% ] 100 VUs  0m54.0s/5m0s

running (0m55.0s), 100/100 VUs, 0 complete and 0 interrupted iterations
packers   [  18% ] 100 VUs  0m55.0s/5m0s

running (0m56.0s), 100/100 VUs, 0 complete and 0 interrupted iterations
packers   [  19% ] 100 VUs  0m56.0s/5m0s

running (0m57.0s), 100/100 VUs, 0 complete and 0 interrupted iterations
packers   [  19% ] 100 VUs  0m57.0s/5m0s

running (0m58.0s), 100/100 VUs, 0 complete and 0 interrupted iterations
packers   [  19% ] 100 VUs  0m58.0s/5m0s

running (0m59.0s), 100/100 VUs, 0 complete and 0 interrupted iterations
packers   [  20% ] 100 VUs  0m59.0s/5m0s

running (1m00.0s), 100/100 VUs, 0 complete and 0 interrupted iterations
packers   [  20% ] 100 VUs  1m00.0s/5m0s

running (1m01.0s), 100/100 VUs, 3 complete and 0 interrupted iterations
packers   [  20% ] 100 VUs  1m01.0s/5m0s

running (1m02.0s), 100/100 VUs, 4 complete and 0 interrupted iterations
packers   [  21% ] 100 VUs  1m02.0s/5m0s

running (1m03.0s), 100/100 VUs, 5 complete and 0 interrupted iterations
packers   [  21% ] 100 VUs  1m03.0s/5m0s

running (1m04.0s), 100/100 VUs, 6 complete and 0 interrupted iterations
packers   [  21% ] 100 VUs  1m04.0s/5m0s

running (1m05.0s), 100/100 VUs, 10 complete and 0 interrupted iterations
packers   [  22% ] 100 VUs  1m05.0s/5m0s

running (1m06.0s), 100/100 VUs, 10 complete and 0 interrupted iterations
packers   [  22% ] 100 VUs  1m06.0s/5m0s

running (1m07.0s), 100/100 VUs, 10 complete and 0 interrupted iterations
packers   [  22% ] 100 VUs  1m07.0s/5m0s

running (1m08.0s), 100/100 VUs, 11 complete and 0 interrupted iterations
packers   [  23% ] 100 VUs  1m08.0s/5m0s

running (1m09.0s), 100/100 VUs, 13 complete and 0 interrupted iterations
packers   [  23% ] 100 VUs  1m09.0s/5m0s

running (1m10.0s), 100/100 VUs, 14 complete and 0 interrupted iterations
packers   [  23% ] 100 VUs  1m10.0s/5m0s

running (1m11.0s), 100/100 VUs, 15 complete and 0 interrupted iterations
packers   [  24% ] 100 VUs  1m11.0s/5m0s

running (1m12.0s), 100/100 VUs, 15 complete and 0 interrupted iterations
packers   [  24% ] 100 VUs  1m12.0s/5m0s

running (1m13.0s), 100/100 VUs, 18 complete and 0 interrupted iterations
packers   [  24% ] 100 VUs  1m13.0s/5m0s

running (1m14.0s), 100/100 VUs, 20 complete and 0 interrupted iterations
packers   [  25% ] 100 VUs  1m14.0s/5m0s

running (1m15.0s), 100/100 VUs, 20 complete and 0 interrupted iterations
packers   [  25% ] 100 VUs  1m15.0s/5m0s

running (1m16.0s), 100/100 VUs, 21 complete and 0 interrupted iterations
packers   [  25% ] 100 VUs  1m16.0s/5m0s

running (1m17.0s), 100/100 VUs, 22 complete and 0 interrupted iterations
packers   [  26% ] 100 VUs  1m17.0s/5m0s

running (1m18.0s), 100/100 VUs, 24 complete and 0 interrupted iterations
packers   [  26% ] 100 VUs  1m18.0s/5m0s

running (1m19.0s), 100/100 VUs, 28 complete and 0 interrupted iterations
packers   [  26% ] 100 VUs  1m19.0s/5m0s

running (1m20.0s), 100/100 VUs, 31 complete and 0 interrupted iterations
packers   [  27% ] 100 VUs  1m20.0s/5m0s

running (1m21.0s), 100/100 VUs, 32 complete and 0 interrupted iterations
packers   [  27% ] 100 VUs  1m21.0s/5m0s

running (1m22.0s), 100/100 VUs, 34 complete and 0 interrupted iterations
packers   [  27% ] 100 VUs  1m22.0s/5m0s

running (1m23.0s), 100/100 VUs, 36 complete and 0 interrupted iterations
packers   [  28% ] 100 VUs  1m23.0s/5m0s

running (1m24.0s), 100/100 VUs, 37 complete and 0 interrupted iterations
packers   [  28% ] 100 VUs  1m24.0s/5m0s

running (1m25.0s), 100/100 VUs, 39 complete and 0 interrupted iterations
packers   [  28% ] 100 VUs  1m25.0s/5m0s

running (1m26.0s), 100/100 VUs, 42 complete and 0 interrupted iterations
packers   [  29% ] 100 VUs  1m26.0s/5m0s

running (1m27.0s), 100/100 VUs, 42 complete and 0 interrupted iterations
packers   [  29% ] 100 VUs  1m27.0s/5m0s

running (1m28.0s), 100/100 VUs, 46 complete and 0 interrupted iterations
packers   [  29% ] 100 VUs  1m28.0s/5m0s

running (1m29.0s), 100/100 VUs, 47 complete and 0 interrupted iterations
packers   [  30% ] 100 VUs  1m29.0s/5m0s

running (1m30.0s), 100/100 VUs, 51 complete and 0 interrupted iterations
packers   [  30% ] 100 VUs  1m30.0s/5m0s

running (1m31.0s), 100/100 VUs, 52 complete and 0 interrupted iterations
packers   [  30% ] 100 VUs  1m31.0s/5m0s

running (1m32.0s), 100/100 VUs, 54 complete and 0 interrupted iterations
packers   [  31% ] 100 VUs  1m32.0s/5m0s

running (1m33.0s), 100/100 VUs, 55 complete and 0 interrupted iterations
packers   [  31% ] 100 VUs  1m33.0s/5m0s

running (1m34.0s), 100/100 VUs, 57 complete and 0 interrupted iterations
packers   [  31% ] 100 VUs  1m34.0s/5m0s

running (1m35.0s), 100/100 VUs, 58 complete and 0 interrupted iterations
packers   [  32% ] 100 VUs  1m35.0s/5m0s

running (1m36.0s), 100/100 VUs, 58 complete and 0 interrupted iterations
packers   [  32% ] 100 VUs  1m36.0s/5m0s

running (1m37.0s), 100/100 VUs, 61 complete and 0 interrupted iterations
packers   [  32% ] 100 VUs  1m37.0s/5m0s

running (1m38.0s), 100/100 VUs, 63 complete and 0 interrupted iterations
packers   [  33% ] 100 VUs  1m38.0s/5m0s

running (1m39.0s), 100/100 VUs, 64 complete and 0 interrupted iterations
packers   [  33% ] 100 VUs  1m39.0s/5m0s

running (1m40.0s), 100/100 VUs, 65 complete and 0 interrupted iterations
packers   [  33% ] 100 VUs  1m40.0s/5m0s

running (1m41.0s), 100/100 VUs, 66 complete and 0 interrupted iterations
packers   [  34% ] 100 VUs  1m41.0s/5m0s

running (1m42.0s), 100/100 VUs, 68 complete and 0 interrupted iterations
packers   [  34% ] 100 VUs  1m42.0s/5m0s

running (1m43.0s), 100/100 VUs, 69 complete and 0 interrupted iterations
packers   [  34% ] 100 VUs  1m43.0s/5m0s

running (1m44.0s), 100/100 VUs, 70 complete and 0 interrupted iterations
packers   [  35% ] 100 VUs  1m44.0s/5m0s

running (1m45.0s), 100/100 VUs, 71 complete and 0 interrupted iterations
packers   [  35% ] 100 VUs  1m45.0s/5m0s

running (1m46.0s), 100/100 VUs, 75 complete and 0 interrupted iterations
packers   [  35% ] 100 VUs  1m46.0s/5m0s

running (1m47.0s), 100/100 VUs, 75 complete and 0 interrupted iterations
packers   [  36% ] 100 VUs  1m47.0s/5m0s

running (1m48.0s), 100/100 VUs, 78 complete and 0 interrupted iterations
packers   [  36% ] 100 VUs  1m48.0s/5m0s

running (1m49.0s), 100/100 VUs, 82 complete and 0 interrupted iterations
packers   [  36% ] 100 VUs  1m49.0s/5m0s

running (1m50.0s), 100/100 VUs, 83 complete and 0 interrupted iterations
packers   [  37% ] 100 VUs  1m50.0s/5m0s

running (1m51.0s), 100/100 VUs, 83 complete and 0 interrupted iterations
packers   [  37% ] 100 VUs  1m51.0s/5m0s

running (1m52.0s), 100/100 VUs, 85 complete and 0 interrupted iterations
packers   [  37% ] 100 VUs  1m52.0s/5m0s

running (1m53.0s), 100/100 VUs, 87 complete and 0 interrupted iterations
packers   [  38% ] 100 VUs  1m53.0s/5m0s

running (1m54.0s), 100/100 VUs, 90 complete and 0 interrupted iterations
packers   [  38% ] 100 VUs  1m54.0s/5m0s

running (1m55.0s), 100/100 VUs, 90 complete and 0 interrupted iterations
packers   [  38% ] 100 VUs  1m55.0s/5m0s

running (1m56.0s), 100/100 VUs, 93 complete and 0 interrupted iterations
packers   [  39% ] 100 VUs  1m56.0s/5m0s

running (1m57.0s), 100/100 VUs, 96 complete and 0 interrupted iterations
packers   [  39% ] 100 VUs  1m57.0s/5m0s

running (1m58.0s), 100/100 VUs, 99 complete and 0 interrupted iterations
packers   [  39% ] 100 VUs  1m58.0s/5m0s

running (1m59.0s), 100/100 VUs, 99 complete and 0 interrupted iterations
packers   [  40% ] 100 VUs  1m59.0s/5m0s

running (2m00.0s), 100/100 VUs, 100 complete and 0 interrupted iterations
packers   [  40% ] 100 VUs  2m00.0s/5m0s

running (2m01.0s), 100/100 VUs, 103 complete and 0 interrupted iterations
packers   [  40% ] 100 VUs  2m01.0s/5m0s

running (2m02.0s), 100/100 VUs, 104 complete and 0 interrupted iterations
packers   [  41% ] 100 VUs  2m02.0s/5m0s

running (2m03.0s), 100/100 VUs, 105 complete and 0 interrupted iterations
packers   [  41% ] 100 VUs  2m03.0s/5m0s

running (2m04.0s), 100/100 VUs, 106 complete and 0 interrupted iterations
packers   [  41% ] 100 VUs  2m04.0s/5m0s

running (2m05.0s), 100/100 VUs, 110 complete and 0 interrupted iterations
packers   [  42% ] 100 VUs  2m05.0s/5m0s

running (2m06.0s), 100/100 VUs, 110 complete and 0 interrupted iterations
packers   [  42% ] 100 VUs  2m06.0s/5m0s

running (2m07.0s), 100/100 VUs, 110 complete and 0 interrupted iterations
packers   [  42% ] 100 VUs  2m07.0s/5m0s

running (2m08.0s), 100/100 VUs, 111 complete and 0 interrupted iterations
packers   [  43% ] 100 VUs  2m08.0s/5m0s

running (2m09.0s), 100/100 VUs, 113 complete and 0 interrupted iterations
packers   [  43% ] 100 VUs  2m09.0s/5m0s

running (2m10.0s), 100/100 VUs, 114 complete and 0 interrupted iterations
packers   [  43% ] 100 VUs  2m10.0s/5m0s

running (2m11.0s), 100/100 VUs, 115 complete and 0 interrupted iterations
packers   [  44% ] 100 VUs  2m11.0s/5m0s

running (2m12.0s), 100/100 VUs, 115 complete and 0 interrupted iterations
packers   [  44% ] 100 VUs  2m12.0s/5m0s

running (2m13.0s), 100/100 VUs, 118 complete and 0 interrupted iterations
packers   [  44% ] 100 VUs  2m13.0s/5m0s

running (2m14.0s), 100/100 VUs, 120 complete and 0 interrupted iterations
packers   [  45% ] 100 VUs  2m14.0s/5m0s

running (2m15.0s), 100/100 VUs, 120 complete and 0 interrupted iterations
packers   [  45% ] 100 VUs  2m15.0s/5m0s

running (2m16.0s), 100/100 VUs, 121 complete and 0 interrupted iterations
packers   [  45% ] 100 VUs  2m16.0s/5m0s

running (2m17.0s), 100/100 VUs, 122 complete and 0 interrupted iterations
packers   [  46% ] 100 VUs  2m17.0s/5m0s

running (2m18.0s), 100/100 VUs, 124 complete and 0 interrupted iterations
packers   [  46% ] 100 VUs  2m18.0s/5m0s

running (2m19.0s), 100/100 VUs, 128 complete and 0 interrupted iterations
packers   [  46% ] 100 VUs  2m19.0s/5m0s

running (2m20.0s), 100/100 VUs, 131 complete and 0 interrupted iterations
packers   [  47% ] 100 VUs  2m20.0s/5m0s

running (2m21.0s), 100/100 VUs, 132 complete and 0 interrupted iterations
packers   [  47% ] 100 VUs  2m21.0s/5m0s

running (2m22.0s), 100/100 VUs, 134 complete and 0 interrupted iterations
packers   [  47% ] 100 VUs  2m22.0s/5m0s

running (2m23.0s), 100/100 VUs, 136 complete and 0 interrupted iterations
packers   [  48% ] 100 VUs  2m23.0s/5m0s

running (2m24.0s), 100/100 VUs, 137 complete and 0 interrupted iterations
packers   [  48% ] 100 VUs  2m24.0s/5m0s

running (2m25.0s), 100/100 VUs, 139 complete and 0 interrupted iterations
packers   [  48% ] 100 VUs  2m25.0s/5m0s

running (2m26.0s), 100/100 VUs, 142 complete and 0 interrupted iterations
packers   [  49% ] 100 VUs  2m26.0s/5m0s

running (2m27.0s), 100/100 VUs, 142 complete and 0 interrupted iterations
packers   [  49% ] 100 VUs  2m27.0s/5m0s

running (2m28.0s), 100/100 VUs, 146 complete and 0 interrupted iterations
packers   [  49% ] 100 VUs  2m28.0s/5m0s

running (2m29.0s), 100/100 VUs, 147 complete and 0 interrupted iterations
packers   [  50% ] 100 VUs  2m29.0s/5m0s

running (2m30.0s), 100/100 VUs, 151 complete and 0 interrupted iterations
packers   [  50% ] 100 VUs  2m30.0s/5m0s

running (2m31.0s), 100/100 VUs, 152 complete and 0 interrupted iterations
packers   [  50% ] 100 VUs  2m31.0s/5m0s

running (2m32.0s), 100/100 VUs, 154 complete and 0 interrupted iterations
packers   [  51% ] 100 VUs  2m32.0s/5m0s

running (2m33.0s), 100/100 VUs, 155 complete and 0 interrupted iterations
packers   [  51% ] 100 VUs  2m33.0s/5m0s

running (2m34.0s), 100/100 VUs, 157 complete and 0 interrupted iterations
packers   [  51% ] 100 VUs  2m34.0s/5m0s

running (2m35.0s), 100/100 VUs, 158 complete and 0 interrupted iterations
packers   [  52% ] 100 VUs  2m35.0s/5m0s

running (2m36.0s), 100/100 VUs, 158 complete and 0 interrupted iterations
packers   [  52% ] 100 VUs  2m36.0s/5m0s

running (2m37.0s), 100/100 VUs, 161 complete and 0 interrupted iterations
packers   [  52% ] 100 VUs  2m37.0s/5m0s

running (2m38.0s), 100/100 VUs, 163 complete and 0 interrupted iterations
packers   [  53% ] 100 VUs  2m38.0s/5m0s

running (2m39.0s), 100/100 VUs, 164 complete and 0 interrupted iterations
packers   [  53% ] 100 VUs  2m39.0s/5m0s

running (2m40.0s), 100/100 VUs, 165 complete and 0 interrupted iterations
packers   [  53% ] 100 VUs  2m40.0s/5m0s

running (2m41.0s), 100/100 VUs, 166 complete and 0 interrupted iterations
packers   [  54% ] 100 VUs  2m41.0s/5m0s

running (2m42.0s), 100/100 VUs, 168 complete and 0 interrupted iterations
packers   [  54% ] 100 VUs  2m42.0s/5m0s

running (2m43.0s), 100/100 VUs, 169 complete and 0 interrupted iterations
packers   [  54% ] 100 VUs  2m43.0s/5m0s

running (2m44.0s), 100/100 VUs, 170 complete and 0 interrupted iterations
packers   [  55% ] 100 VUs  2m44.0s/5m0s

running (2m45.0s), 100/100 VUs, 171 complete and 0 interrupted iterations
packers   [  55% ] 100 VUs  2m45.0s/5m0s

running (2m46.0s), 100/100 VUs, 175 complete and 0 interrupted iterations
packers   [  55% ] 100 VUs  2m46.0s/5m0s

running (2m47.0s), 100/100 VUs, 175 complete and 0 interrupted iterations
packers   [  56% ] 100 VUs  2m47.0s/5m0s

running (2m48.0s), 100/100 VUs, 178 complete and 0 interrupted iterations
packers   [  56% ] 100 VUs  2m48.0s/5m0s

running (2m49.0s), 100/100 VUs, 182 complete and 0 interrupted iterations
packers   [  56% ] 100 VUs  2m49.0s/5m0s

running (2m50.0s), 100/100 VUs, 183 complete and 0 interrupted iterations
packers   [  57% ] 100 VUs  2m50.0s/5m0s

running (2m51.0s), 100/100 VUs, 183 complete and 0 interrupted iterations
packers   [  57% ] 100 VUs  2m51.0s/5m0s

running (2m52.0s), 100/100 VUs, 185 complete and 0 interrupted iterations
packers   [  57% ] 100 VUs  2m52.0s/5m0s

running (2m53.0s), 100/100 VUs, 187 complete and 0 interrupted iterations
packers   [  58% ] 100 VUs  2m53.0s/5m0s

running (2m54.0s), 100/100 VUs, 190 complete and 0 interrupted iterations
packers   [  58% ] 100 VUs  2m54.0s/5m0s

running (2m55.0s), 100/100 VUs, 190 complete and 0 interrupted iterations
packers   [  58% ] 100 VUs  2m55.0s/5m0s

running (2m56.0s), 100/100 VUs, 193 complete and 0 interrupted iterations
packers   [  59% ] 100 VUs  2m56.0s/5m0s

running (2m57.0s), 100/100 VUs, 196 complete and 0 interrupted iterations
packers   [  59% ] 100 VUs  2m57.0s/5m0s

running (2m58.0s), 100/100 VUs, 199 complete and 0 interrupted iterations
packers   [  59% ] 100 VUs  2m58.0s/5m0s

running (2m59.0s), 100/100 VUs, 199 complete and 0 interrupted iterations
packers   [  60% ] 100 VUs  2m59.0s/5m0s

running (3m00.0s), 100/100 VUs, 200 complete and 0 interrupted iterations
packers   [  60% ] 100 VUs  3m00.0s/5m0s

running (3m01.0s), 100/100 VUs, 203 complete and 0 interrupted iterations
packers   [  60% ] 100 VUs  3m01.0s/5m0s

running (3m02.0s), 100/100 VUs, 204 complete and 0 interrupted iterations
packers   [  61% ] 100 VUs  3m02.0s/5m0s

running (3m03.0s), 100/100 VUs, 205 complete and 0 interrupted iterations
packers   [  61% ] 100 VUs  3m03.0s/5m0s

running (3m04.0s), 100/100 VUs, 206 complete and 0 interrupted iterations
packers   [  61% ] 100 VUs  3m04.0s/5m0s

running (3m05.0s), 100/100 VUs, 210 complete and 0 interrupted iterations
packers   [  62% ] 100 VUs  3m05.0s/5m0s

running (3m06.0s), 100/100 VUs, 210 complete and 0 interrupted iterations
packers   [  62% ] 100 VUs  3m06.0s/5m0s

running (3m07.0s), 100/100 VUs, 210 complete and 0 interrupted iterations
packers   [  62% ] 100 VUs  3m07.0s/5m0s

running (3m08.0s), 100/100 VUs, 211 complete and 0 interrupted iterations
packers   [  63% ] 100 VUs  3m08.0s/5m0s

running (3m09.0s), 100/100 VUs, 213 complete and 0 interrupted iterations
packers   [  63% ] 100 VUs  3m09.0s/5m0s

running (3m10.0s), 100/100 VUs, 214 complete and 0 interrupted iterations
packers   [  63% ] 100 VUs  3m10.0s/5m0s

running (3m11.0s), 100/100 VUs, 215 complete and 0 interrupted iterations
packers   [  64% ] 100 VUs  3m11.0s/5m0s

running (3m12.0s), 100/100 VUs, 215 complete and 0 interrupted iterations
packers   [  64% ] 100 VUs  3m12.0s/5m0s

running (3m13.0s), 100/100 VUs, 218 complete and 0 interrupted iterations
packers   [  64% ] 100 VUs  3m13.0s/5m0s

running (3m14.0s), 100/100 VUs, 220 complete and 0 interrupted iterations
packers   [  65% ] 100 VUs  3m14.0s/5m0s

running (3m15.0s), 100/100 VUs, 220 complete and 0 interrupted iterations
packers   [  65% ] 100 VUs  3m15.0s/5m0s

running (3m16.0s), 100/100 VUs, 221 complete and 0 interrupted iterations
packers   [  65% ] 100 VUs  3m16.0s/5m0s

running (3m17.0s), 100/100 VUs, 222 complete and 0 interrupted iterations
packers   [  66% ] 100 VUs  3m17.0s/5m0s

running (3m18.0s), 100/100 VUs, 224 complete and 0 interrupted iterations
packers   [  66% ] 100 VUs  3m18.0s/5m0s

running (3m19.0s), 100/100 VUs, 228 complete and 0 interrupted iterations
packers   [  66% ] 100 VUs  3m19.0s/5m0s

running (3m20.0s), 100/100 VUs, 231 complete and 0 interrupted iterations
packers   [  67% ] 100 VUs  3m20.0s/5m0s

running (3m21.0s), 100/100 VUs, 232 complete and 0 interrupted iterations
packers   [  67% ] 100 VUs  3m21.0s/5m0s

running (3m22.0s), 100/100 VUs, 234 complete and 0 interrupted iterations
packers   [  67% ] 100 VUs  3m22.0s/5m0s

running (3m23.0s), 100/100 VUs, 236 complete and 0 interrupted iterations
packers   [  68% ] 100 VUs  3m23.0s/5m0s

running (3m24.0s), 100/100 VUs, 237 complete and 0 interrupted iterations
packers   [  68% ] 100 VUs  3m24.0s/5m0s

running (3m25.0s), 100/100 VUs, 239 complete and 0 interrupted iterations
packers   [  68% ] 100 VUs  3m25.0s/5m0s

running (3m26.0s), 100/100 VUs, 242 complete and 0 interrupted iterations
packers   [  69% ] 100 VUs  3m26.0s/5m0s

running (3m27.0s), 100/100 VUs, 242 complete and 0 interrupted iterations
packers   [  69% ] 100 VUs  3m27.0s/5m0s

running (3m28.0s), 100/100 VUs, 246 complete and 0 interrupted iterations
packers   [  69% ] 100 VUs  3m28.0s/5m0s

running (3m29.0s), 100/100 VUs, 247 complete and 0 interrupted iterations
packers   [  70% ] 100 VUs  3m29.0s/5m0s

running (3m30.0s), 100/100 VUs, 251 complete and 0 interrupted iterations
packers   [  70% ] 100 VUs  3m30.0s/5m0s

running (3m31.0s), 100/100 VUs, 252 complete and 0 interrupted iterations
packers   [  70% ] 100 VUs  3m31.0s/5m0s

running (3m32.0s), 100/100 VUs, 254 complete and 0 interrupted iterations
packers   [  71% ] 100 VUs  3m32.0s/5m0s

running (3m33.0s), 100/100 VUs, 255 complete and 0 interrupted iterations
packers   [  71% ] 100 VUs  3m33.0s/5m0s

running (3m34.0s), 100/100 VUs, 257 complete and 0 interrupted iterations
packers   [  71% ] 100 VUs  3m34.0s/5m0s

running (3m35.0s), 100/100 VUs, 258 complete and 0 interrupted iterations
packers   [  72% ] 100 VUs  3m35.0s/5m0s

running (3m36.0s), 100/100 VUs, 258 complete and 0 interrupted iterations
packers   [  72% ] 100 VUs  3m36.0s/5m0s

running (3m37.0s), 100/100 VUs, 261 complete and 0 interrupted iterations
packers   [  72% ] 100 VUs  3m37.0s/5m0s

running (3m38.0s), 100/100 VUs, 263 complete and 0 interrupted iterations
packers   [  73% ] 100 VUs  3m38.0s/5m0s

running (3m39.0s), 100/100 VUs, 264 complete and 0 interrupted iterations
packers   [  73% ] 100 VUs  3m39.0s/5m0s

running (3m40.0s), 100/100 VUs, 265 complete and 0 interrupted iterations
packers   [  73% ] 100 VUs  3m40.0s/5m0s

running (3m41.0s), 100/100 VUs, 266 complete and 0 interrupted iterations
packers   [  74% ] 100 VUs  3m41.0s/5m0s

running (3m42.0s), 100/100 VUs, 268 complete and 0 interrupted iterations
packers   [  74% ] 100 VUs  3m42.0s/5m0s

running (3m43.0s), 100/100 VUs, 269 complete and 0 interrupted iterations
packers   [  74% ] 100 VUs  3m43.0s/5m0s

running (3m44.0s), 100/100 VUs, 270 complete and 0 interrupted iterations
packers   [  75% ] 100 VUs  3m44.0s/5m0s

running (3m45.0s), 100/100 VUs, 271 complete and 0 interrupted iterations
packers   [  75% ] 100 VUs  3m45.0s/5m0s

running (3m46.0s), 100/100 VUs, 275 complete and 0 interrupted iterations
packers   [  75% ] 100 VUs  3m46.0s/5m0s

running (3m47.0s), 100/100 VUs, 275 complete and 0 interrupted iterations
packers   [  76% ] 100 VUs  3m47.0s/5m0s

running (3m48.0s), 100/100 VUs, 278 complete and 0 interrupted iterations
packers   [  76% ] 100 VUs  3m48.0s/5m0s

running (3m49.0s), 100/100 VUs, 282 complete and 0 interrupted iterations
packers   [  76% ] 100 VUs  3m49.0s/5m0s

running (3m50.0s), 100/100 VUs, 283 complete and 0 interrupted iterations
packers   [  77% ] 100 VUs  3m50.0s/5m0s

running (3m51.0s), 100/100 VUs, 283 complete and 0 interrupted iterations
packers   [  77% ] 100 VUs  3m51.0s/5m0s

running (3m52.0s), 100/100 VUs, 285 complete and 0 interrupted iterations
packers   [  77% ] 100 VUs  3m52.0s/5m0s

running (3m53.0s), 100/100 VUs, 287 complete and 0 interrupted iterations
packers   [  78% ] 100 VUs  3m53.0s/5m0s

running (3m54.0s), 100/100 VUs, 290 complete and 0 interrupted iterations
packers   [  78% ] 100 VUs  3m54.0s/5m0s

running (3m55.0s), 100/100 VUs, 290 complete and 0 interrupted iterations
packers   [  78% ] 100 VUs  3m55.0s/5m0s

running (3m56.0s), 100/100 VUs, 293 complete and 0 interrupted iterations
packers   [  79% ] 100 VUs  3m56.0s/5m0s

running (3m57.0s), 100/100 VUs, 296 complete and 0 interrupted iterations
packers   [  79% ] 100 VUs  3m57.0s/5m0s

running (3m58.0s), 100/100 VUs, 299 complete and 0 interrupted iterations
packers   [  79% ] 100 VUs  3m58.0s/5m0s

running (3m59.0s), 100/100 VUs, 299 complete and 0 interrupted iterations
packers   [  80% ] 100 VUs  3m59.0s/5m0s

running (4m00.0s), 100/100 VUs, 300 complete and 0 interrupted iterations
packers   [  80% ] 100 VUs  4m00.0s/5m0s

running (4m01.0s), 100/100 VUs, 303 complete and 0 interrupted iterations
packers   [  80% ] 100 VUs  4m01.0s/5m0s

running (4m02.0s), 100/100 VUs, 304 complete and 0 interrupted iterations
packers   [  81% ] 100 VUs  4m02.0s/5m0s

running (4m03.0s), 100/100 VUs, 305 complete and 0 interrupted iterations
packers   [  81% ] 100 VUs  4m03.0s/5m0s

running (4m04.0s), 100/100 VUs, 306 complete and 0 interrupted iterations
packers   [  81% ] 100 VUs  4m04.0s/5m0s

running (4m05.0s), 100/100 VUs, 310 complete and 0 interrupted iterations
packers   [  82% ] 100 VUs  4m05.0s/5m0s

running (4m06.0s), 100/100 VUs, 310 complete and 0 interrupted iterations
packers   [  82% ] 100 VUs  4m06.0s/5m0s

running (4m07.0s), 100/100 VUs, 310 complete and 0 interrupted iterations
packers   [  82% ] 100 VUs  4m07.0s/5m0s

running (4m08.0s), 100/100 VUs, 311 complete and 0 interrupted iterations
packers   [  83% ] 100 VUs  4m08.0s/5m0s

running (4m09.0s), 100/100 VUs, 313 complete and 0 interrupted iterations
packers   [  83% ] 100 VUs  4m09.0s/5m0s

running (4m10.0s), 100/100 VUs, 314 complete and 0 interrupted iterations
packers   [  83% ] 100 VUs  4m10.0s/5m0s

running (4m11.0s), 100/100 VUs, 315 complete and 0 interrupted iterations
packers   [  84% ] 100 VUs  4m11.0s/5m0s

running (4m12.0s), 100/100 VUs, 315 complete and 0 interrupted iterations
packers   [  84% ] 100 VUs  4m12.0s/5m0s

running (4m13.0s), 100/100 VUs, 318 complete and 0 interrupted iterations
packers   [  84% ] 100 VUs  4m13.0s/5m0s

running (4m14.0s), 100/100 VUs, 320 complete and 0 interrupted iterations
packers   [  85% ] 100 VUs  4m14.0s/5m0s

running (4m15.0s), 100/100 VUs, 320 complete and 0 interrupted iterations
packers   [  85% ] 100 VUs  4m15.0s/5m0s

running (4m16.0s), 100/100 VUs, 321 complete and 0 interrupted iterations
packers   [  85% ] 100 VUs  4m16.0s/5m0s

running (4m17.0s), 100/100 VUs, 322 complete and 0 interrupted iterations
packers   [  86% ] 100 VUs  4m17.0s/5m0s

running (4m18.0s), 100/100 VUs, 324 complete and 0 interrupted iterations
packers   [  86% ] 100 VUs  4m18.0s/5m0s

running (4m19.0s), 100/100 VUs, 328 complete and 0 interrupted iterations
packers   [  86% ] 100 VUs  4m19.0s/5m0s

running (4m20.0s), 100/100 VUs, 331 complete and 0 interrupted iterations
packers   [  87% ] 100 VUs  4m20.0s/5m0s

running (4m21.0s), 100/100 VUs, 332 complete and 0 interrupted iterations
packers   [  87% ] 100 VUs  4m21.0s/5m0s

running (4m22.0s), 100/100 VUs, 334 complete and 0 interrupted iterations
packers   [  87% ] 100 VUs  4m22.0s/5m0s

running (4m23.0s), 100/100 VUs, 336 complete and 0 interrupted iterations
packers   [  88% ] 100 VUs  4m23.0s/5m0s

running (4m24.0s), 100/100 VUs, 337 complete and 0 interrupted iterations
packers   [  88% ] 100 VUs  4m24.0s/5m0s

running (4m25.0s), 100/100 VUs, 339 complete and 0 interrupted iterations
packers   [  88% ] 100 VUs  4m25.0s/5m0s

running (4m26.0s), 100/100 VUs, 342 complete and 0 interrupted iterations
packers   [  89% ] 100 VUs  4m26.0s/5m0s

running (4m27.0s), 100/100 VUs, 342 complete and 0 interrupted iterations
packers   [  89% ] 100 VUs  4m27.0s/5m0s

running (4m28.0s), 100/100 VUs, 346 complete and 0 interrupted iterations
packers   [  89% ] 100 VUs  4m28.0s/5m0s

running (4m29.0s), 100/100 VUs, 347 complete and 0 interrupted iterations
packers   [  90% ] 100 VUs  4m29.0s/5m0s

running (4m30.0s), 100/100 VUs, 351 complete and 0 interrupted iterations
packers   [  90% ] 100 VUs  4m30.0s/5m0s

running (4m31.0s), 100/100 VUs, 352 complete and 0 interrupted iterations
packers   [  90% ] 100 VUs  4m31.0s/5m0s

running (4m32.0s), 100/100 VUs, 354 complete and 0 interrupted iterations
packers   [  91% ] 100 VUs  4m32.0s/5m0s

running (4m33.0s), 100/100 VUs, 355 complete and 0 interrupted iterations
packers   [  91% ] 100 VUs  4m33.0s/5m0s

running (4m34.0s), 100/100 VUs, 357 complete and 0 interrupted iterations
packers   [  91% ] 100 VUs  4m34.0s/5m0s

running (4m35.0s), 100/100 VUs, 358 complete and 0 interrupted iterations
packers   [  92% ] 100 VUs  4m35.0s/5m0s

running (4m36.0s), 100/100 VUs, 358 complete and 0 interrupted iterations
packers   [  92% ] 100 VUs  4m36.0s/5m0s

running (4m37.0s), 100/100 VUs, 361 complete and 0 interrupted iterations
packers   [  92% ] 100 VUs  4m37.0s/5m0s

running (4m38.0s), 100/100 VUs, 363 complete and 0 interrupted iterations
packers   [  93% ] 100 VUs  4m38.0s/5m0s

running (4m39.0s), 100/100 VUs, 364 complete and 0 interrupted iterations
packers   [  93% ] 100 VUs  4m39.0s/5m0s

running (4m40.0s), 100/100 VUs, 365 complete and 0 interrupted iterations
packers   [  93% ] 100 VUs  4m40.0s/5m0s

running (4m41.0s), 100/100 VUs, 366 complete and 0 interrupted iterations
packers   [  94% ] 100 VUs  4m41.0s/5m0s

running (4m42.0s), 100/100 VUs, 368 complete and 0 interrupted iterations
packers   [  94% ] 100 VUs  4m42.0s/5m0s

running (4m43.0s), 100/100 VUs, 369 complete and 0 interrupted iterations
packers   [  94% ] 100 VUs  4m43.0s/5m0s

running (4m44.0s), 100/100 VUs, 370 complete and 0 interrupted iterations
packers   [  95% ] 100 VUs  4m44.0s/5m0s

running (4m45.0s), 100/100 VUs, 371 complete and 0 interrupted iterations
packers   [  95% ] 100 VUs  4m45.0s/5m0s

running (4m46.0s), 100/100 VUs, 375 complete and 0 interrupted iterations
packers   [  95% ] 100 VUs  4m46.0s/5m0s

running (4m47.0s), 100/100 VUs, 375 complete and 0 interrupted iterations
packers   [  96% ] 100 VUs  4m47.0s/5m0s

running (4m48.0s), 100/100 VUs, 378 complete and 0 interrupted iterations
packers   [  96% ] 100 VUs  4m48.0s/5m0s

running (4m49.0s), 100/100 VUs, 382 complete and 0 interrupted iterations
packers   [  96% ] 100 VUs  4m49.0s/5m0s

running (4m50.0s), 100/100 VUs, 383 complete and 0 interrupted iterations
packers   [  97% ] 100 VUs  4m50.0s/5m0s

running (4m51.0s), 100/100 VUs, 383 complete and 0 interrupted iterations
packers   [  97% ] 100 VUs  4m51.0s/5m0s

running (4m52.0s), 100/100 VUs, 385 complete and 0 interrupted iterations
packers   [  97% ] 100 VUs  4m52.0s/5m0s

running (4m53.0s), 100/100 VUs, 387 complete and 0 interrupted iterations
packers   [  98% ] 100 VUs  4m53.0s/5m0s

running (4m54.0s), 100/100 VUs, 390 complete and 0 interrupted iterations
packers   [  98% ] 100 VUs  4m54.0s/5m0s

running (4m55.0s), 100/100 VUs, 390 complete and 0 interrupted iterations
packers   [  98% ] 100 VUs  4m55.0s/5m0s

running (4m56.0s), 100/100 VUs, 393 complete and 0 interrupted iterations
packers   [  99% ] 100 VUs  4m56.0s/5m0s

running (4m57.0s), 100/100 VUs, 396 complete and 0 interrupted iterations
packers   [  99% ] 100 VUs  4m57.0s/5m0s

running (4m58.0s), 100/100 VUs, 399 complete and 0 interrupted iterations
packers   [  99% ] 100 VUs  4m58.0s/5m0s

running (4m59.0s), 100/100 VUs, 399 complete and 0 interrupted iterations
packers   [ 100% ] 100 VUs  4m59.0s/5m0s

running (5m00.0s), 100/100 VUs, 400 complete and 0 interrupted iterations
packers   [ 100% ] 100 VUs  5m00.0s/5m0s

running (5m01.0s), 097/100 VUs, 403 complete and 0 interrupted iterations
packers ↓ [ 100% ] 100 VUs  5m0s

running (5m02.0s), 096/100 VUs, 404 complete and 0 interrupted iterations
packers ↓ [ 100% ] 100 VUs  5m0s

running (5m03.0s), 095/100 VUs, 405 complete and 0 interrupted iterations
packers ↓ [ 100% ] 100 VUs  5m0s

running (5m04.0s), 094/100 VUs, 406 complete and 0 interrupted iterations
packers ↓ [ 100% ] 100 VUs  5m0s

running (5m05.0s), 090/100 VUs, 410 complete and 0 interrupted iterations
packers ↓ [ 100% ] 100 VUs  5m0s

running (5m06.0s), 090/100 VUs, 410 complete and 0 interrupted iterations
packers ↓ [ 100% ] 100 VUs  5m0s

running (5m07.0s), 090/100 VUs, 410 complete and 0 interrupted iterations
packers ↓ [ 100% ] 100 VUs  5m0s

running (5m08.0s), 089/100 VUs, 411 complete and 0 interrupted iterations
packers ↓ [ 100% ] 100 VUs  5m0s

running (5m09.0s), 087/100 VUs, 413 complete and 0 interrupted iterations
packers ↓ [ 100% ] 100 VUs  5m0s

running (5m10.0s), 086/100 VUs, 414 complete and 0 interrupted iterations
packers ↓ [ 100% ] 100 VUs  5m0s

running (5m11.0s), 085/100 VUs, 415 complete and 0 interrupted iterations
packers ↓ [ 100% ] 100 VUs  5m0s

running (5m12.0s), 085/100 VUs, 415 complete and 0 interrupted iterations
packers ↓ [ 100% ] 100 VUs  5m0s

running (5m13.0s), 082/100 VUs, 418 complete and 0 interrupted iterations
packers ↓ [ 100% ] 100 VUs  5m0s

running (5m14.0s), 080/100 VUs, 420 complete and 0 interrupted iterations
packers ↓ [ 100% ] 100 VUs  5m0s

running (5m15.0s), 080/100 VUs, 420 complete and 0 interrupted iterations
packers ↓ [ 100% ] 100 VUs  5m0s

running (5m16.0s), 079/100 VUs, 421 complete and 0 interrupted iterations
packers ↓ [ 100% ] 100 VUs  5m0s

running (5m17.0s), 078/100 VUs, 422 complete and 0 interrupted iterations
packers ↓ [ 100% ] 100 VUs  5m0s

running (5m18.0s), 076/100 VUs, 424 complete and 0 interrupted iterations
packers ↓ [ 100% ] 100 VUs  5m0s

running (5m19.0s), 072/100 VUs, 428 complete and 0 interrupted iterations
packers ↓ [ 100% ] 100 VUs  5m0s

running (5m20.0s), 069/100 VUs, 431 complete and 0 interrupted iterations
packers ↓ [ 100% ] 100 VUs  5m0s

running (5m21.0s), 068/100 VUs, 432 complete and 0 interrupted iterations
packers ↓ [ 100% ] 100 VUs  5m0s

running (5m22.0s), 066/100 VUs, 434 complete and 0 interrupted iterations
packers ↓ [ 100% ] 100 VUs  5m0s

running (5m23.0s), 064/100 VUs, 436 complete and 0 interrupted iterations
packers ↓ [ 100% ] 100 VUs  5m0s

running (5m24.0s), 063/100 VUs, 437 complete and 0 interrupted iterations
packers ↓ [ 100% ] 100 VUs  5m0s

running (5m25.0s), 061/100 VUs, 439 complete and 0 interrupted iterations
packers ↓ [ 100% ] 100 VUs  5m0s

running (5m26.0s), 058/100 VUs, 442 complete and 0 interrupted iterations
packers ↓ [ 100% ] 100 VUs  5m0s

running (5m27.0s), 058/100 VUs, 442 complete and 0 interrupted iterations
packers ↓ [ 100% ] 100 VUs  5m0s

running (5m28.0s), 054/100 VUs, 446 complete and 0 interrupted iterations
packers ↓ [ 100% ] 100 VUs  5m0s

running (5m29.0s), 053/100 VUs, 447 complete and 0 interrupted iterations
packers ↓ [ 100% ] 100 VUs  5m0s

running (5m30.0s), 049/100 VUs, 451 complete and 0 interrupted iterations
packers ↓ [ 100% ] 100 VUs  5m0s


  █ THRESHOLDS 

    complete_duration
    ✓ 'p(95)<500' p(95)=56.71ms


  █ TOTAL RESULTS 

    checks_total.......: 965     2.924233/s
    checks_succeeded...: 100.00% 965 out of 965
    checks_failed......: 0.00%   0 out of 965

    ✓ tote-scan 2xx
    ✓ complete 2xx

    CUSTOM
    complete_duration..............: avg=41.59ms p(50)=39.6ms  p(95)=56.71ms p(99)=133.78ms max=208.47ms count=465 
    measured_complete..............: avg=40.5ms  p(50)=39.42ms p(95)=55.03ms p(99)=71.54ms  max=166.01ms count=400 
    measured_complete_ok...........: 400    1.212117/s
    measured_detail................: avg=16.23ms p(50)=15.72ms p(95)=20.87ms p(99)=24ms     max=41.18ms  count=400 
    measured_reqs..................: 1200   3.636351/s
    measured_scan..................: avg=22.02ms p(50)=21.4ms  p(95)=26.74ms p(99)=29.74ms  max=113ms    count=400 

    HTTP
    http_req_duration..............: avg=27.82ms p(50)=22.76ms p(95)=48.62ms p(99)=66.06ms  max=481.55ms count=1465
      { expected_response:true }...: avg=27.82ms p(50)=22.76ms p(95)=48.62ms p(99)=66.06ms  max=481.55ms count=1465
    http_req_failed................: 0.00%  0 out of 1465
    http_reqs......................: 1465   4.439379/s

    EXECUTION
    iteration_duration.............: avg=1m6s    p(50)=1m0s    p(95)=1m47s   p(99)=1m56s    max=1m59s    count=451 
    iterations.....................: 451    1.366662/s
    vus............................: 49     min=49        max=100
    vus_max........................: 100    min=100       max=100

    NETWORK
    data_received..................: 833 kB 2.5 kB/s
    data_sent......................: 309 kB 935 B/s




running (5m30.0s), 000/100 VUs, 451 complete and 49 interrupted iterations
packers ✓ [ 100% ] 100 VUs  5m0s
