K6START=1790605711

         /\      Grafana   /‾‾/  
    /\  /  \     |\  __   /  /   
   /  \/    \    | |/ /  /   ‾‾\ 
  /          \   |   (  |  (‾)  |
 / __________ \  |_|\_\  \_____/ 


     execution: local
        script: k6/packing.js
        output: Prometheus remote write (http://172.31.64.6:9090/api/v1/write)

     scenarios: (100.00%) 1 scenario, 100 max VUs, 3m30s max duration (incl. graceful stop):
              * packers: 100 looping VUs for 3m0s (gracefulStop: 30s)


running (0m01.0s), 100/100 VUs, 0 complete and 0 interrupted iterations
packers   [   1% ] 100 VUs  0m01.0s/3m0s

running (0m02.0s), 100/100 VUs, 0 complete and 0 interrupted iterations
packers   [   1% ] 100 VUs  0m02.0s/3m0s

running (0m03.0s), 100/100 VUs, 64 complete and 0 interrupted iterations
packers   [   2% ] 100 VUs  0m03.0s/3m0s

running (0m04.0s), 100/100 VUs, 119 complete and 0 interrupted iterations
packers   [   2% ] 100 VUs  0m04.0s/3m0s

running (0m05.0s), 100/100 VUs, 170 complete and 0 interrupted iterations
packers   [   3% ] 100 VUs  0m05.0s/3m0s

running (0m06.0s), 100/100 VUs, 235 complete and 0 interrupted iterations
packers   [   3% ] 100 VUs  0m06.0s/3m0s

running (0m07.0s), 100/100 VUs, 296 complete and 0 interrupted iterations
packers   [   4% ] 100 VUs  0m07.0s/3m0s

running (0m08.0s), 100/100 VUs, 365 complete and 0 interrupted iterations
packers   [   4% ] 100 VUs  0m08.0s/3m0s

running (0m09.0s), 100/100 VUs, 434 complete and 0 interrupted iterations
packers   [   5% ] 100 VUs  0m09.0s/3m0s

running (0m10.0s), 100/100 VUs, 512 complete and 0 interrupted iterations
packers   [   6% ] 100 VUs  0m10.0s/3m0s

running (0m11.0s), 100/100 VUs, 586 complete and 0 interrupted iterations
packers   [   6% ] 100 VUs  0m11.0s/3m0s

running (0m12.0s), 100/100 VUs, 672 complete and 0 interrupted iterations
packers   [   7% ] 100 VUs  0m12.0s/3m0s

running (0m13.0s), 100/100 VUs, 770 complete and 0 interrupted iterations
packers   [   7% ] 100 VUs  0m13.0s/3m0s

running (0m14.0s), 100/100 VUs, 843 complete and 0 interrupted iterations
packers   [   8% ] 100 VUs  0m14.0s/3m0s

running (0m15.0s), 100/100 VUs, 935 complete and 0 interrupted iterations
packers   [   8% ] 100 VUs  0m15.0s/3m0s

running (0m16.0s), 100/100 VUs, 1030 complete and 0 interrupted iterations
packers   [   9% ] 100 VUs  0m16.0s/3m0s

running (0m17.0s), 100/100 VUs, 1134 complete and 0 interrupted iterations
packers   [   9% ] 100 VUs  0m17.0s/3m0s

running (0m18.0s), 100/100 VUs, 1242 complete and 0 interrupted iterations
packers   [  10% ] 100 VUs  0m18.0s/3m0s

running (0m19.0s), 100/100 VUs, 1335 complete and 0 interrupted iterations
packers   [  11% ] 100 VUs  0m19.0s/3m0s

running (0m20.0s), 100/100 VUs, 1447 complete and 0 interrupted iterations
packers   [  11% ] 100 VUs  0m20.0s/3m0s

running (0m21.0s), 100/100 VUs, 1549 complete and 0 interrupted iterations
packers   [  12% ] 100 VUs  0m21.0s/3m0s

running (0m22.0s), 100/100 VUs, 1665 complete and 0 interrupted iterations
packers   [  12% ] 100 VUs  0m22.0s/3m0s

running (0m23.0s), 100/100 VUs, 1785 complete and 0 interrupted iterations
packers   [  13% ] 100 VUs  0m23.0s/3m0s

running (0m24.0s), 100/100 VUs, 1903 complete and 0 interrupted iterations
packers   [  13% ] 100 VUs  0m24.0s/3m0s

running (0m25.0s), 100/100 VUs, 2012 complete and 0 interrupted iterations
packers   [  14% ] 100 VUs  0m25.0s/3m0s

running (0m26.0s), 100/100 VUs, 2125 complete and 0 interrupted iterations
packers   [  14% ] 100 VUs  0m26.0s/3m0s

running (0m27.0s), 100/100 VUs, 2249 complete and 0 interrupted iterations
packers   [  15% ] 100 VUs  0m27.0s/3m0s

running (0m28.0s), 100/100 VUs, 2372 complete and 0 interrupted iterations
packers   [  16% ] 100 VUs  0m28.0s/3m0s

running (0m29.0s), 100/100 VUs, 2450 complete and 0 interrupted iterations
packers   [  16% ] 100 VUs  0m29.0s/3m0s

running (0m30.0s), 100/100 VUs, 2564 complete and 0 interrupted iterations
packers   [  17% ] 100 VUs  0m30.0s/3m0s

running (0m31.0s), 100/100 VUs, 2686 complete and 0 interrupted iterations
packers   [  17% ] 100 VUs  0m31.0s/3m0s

running (0m32.0s), 100/100 VUs, 2811 complete and 0 interrupted iterations
packers   [  18% ] 100 VUs  0m32.0s/3m0s

running (0m33.0s), 100/100 VUs, 2927 complete and 0 interrupted iterations
packers   [  18% ] 100 VUs  0m33.0s/3m0s

running (0m34.0s), 100/100 VUs, 3052 complete and 0 interrupted iterations
packers   [  19% ] 100 VUs  0m34.0s/3m0s

running (0m35.0s), 100/100 VUs, 3159 complete and 0 interrupted iterations
packers   [  19% ] 100 VUs  0m35.0s/3m0s

running (0m36.0s), 100/100 VUs, 3287 complete and 0 interrupted iterations
packers   [  20% ] 100 VUs  0m36.0s/3m0s

running (0m37.0s), 100/100 VUs, 3405 complete and 0 interrupted iterations
packers   [  21% ] 100 VUs  0m37.0s/3m0s

running (0m38.0s), 100/100 VUs, 3527 complete and 0 interrupted iterations
packers   [  21% ] 100 VUs  0m38.0s/3m0s

running (0m39.0s), 100/100 VUs, 3638 complete and 0 interrupted iterations
packers   [  22% ] 100 VUs  0m39.0s/3m0s

running (0m40.0s), 100/100 VUs, 3761 complete and 0 interrupted iterations
packers   [  22% ] 100 VUs  0m40.0s/3m0s

running (0m41.0s), 100/100 VUs, 3880 complete and 0 interrupted iterations
packers   [  23% ] 100 VUs  0m41.0s/3m0s

running (0m42.0s), 100/100 VUs, 4003 complete and 0 interrupted iterations
packers   [  23% ] 100 VUs  0m42.0s/3m0s

running (0m43.0s), 100/100 VUs, 4128 complete and 0 interrupted iterations
packers   [  24% ] 100 VUs  0m43.0s/3m0s

running (0m44.0s), 100/100 VUs, 4240 complete and 0 interrupted iterations
packers   [  24% ] 100 VUs  0m44.0s/3m0s

running (0m45.0s), 100/100 VUs, 4368 complete and 0 interrupted iterations
packers   [  25% ] 100 VUs  0m45.0s/3m0s

running (0m46.0s), 100/100 VUs, 4493 complete and 0 interrupted iterations
packers   [  26% ] 100 VUs  0m46.0s/3m0s

running (0m47.0s), 100/100 VUs, 4620 complete and 0 interrupted iterations
packers   [  26% ] 100 VUs  0m47.0s/3m0s

running (0m48.0s), 100/100 VUs, 4742 complete and 0 interrupted iterations
packers   [  27% ] 100 VUs  0m48.0s/3m0s

running (0m49.0s), 100/100 VUs, 4860 complete and 0 interrupted iterations
packers   [  27% ] 100 VUs  0m49.0s/3m0s

running (0m50.0s), 100/100 VUs, 4991 complete and 0 interrupted iterations
packers   [  28% ] 100 VUs  0m50.0s/3m0s

running (0m51.0s), 100/100 VUs, 5117 complete and 0 interrupted iterations
packers   [  28% ] 100 VUs  0m51.0s/3m0s

running (0m52.0s), 100/100 VUs, 5254 complete and 0 interrupted iterations
packers   [  29% ] 100 VUs  0m52.0s/3m0s

running (0m53.0s), 100/100 VUs, 5358 complete and 0 interrupted iterations
packers   [  29% ] 100 VUs  0m53.0s/3m0s

running (0m54.0s), 100/100 VUs, 5496 complete and 0 interrupted iterations
packers   [  30% ] 100 VUs  0m54.0s/3m0s

running (0m55.0s), 100/100 VUs, 5632 complete and 0 interrupted iterations
packers   [  31% ] 100 VUs  0m55.0s/3m0s

running (0m56.0s), 100/100 VUs, 5771 complete and 0 interrupted iterations
packers   [  31% ] 100 VUs  0m56.0s/3m0s

running (0m57.0s), 100/100 VUs, 5891 complete and 0 interrupted iterations
packers   [  32% ] 100 VUs  0m57.0s/3m0s

running (0m58.0s), 100/100 VUs, 6027 complete and 0 interrupted iterations
packers   [  32% ] 100 VUs  0m58.0s/3m0s

running (0m59.0s), 100/100 VUs, 6164 complete and 0 interrupted iterations
packers   [  33% ] 100 VUs  0m59.0s/3m0s

running (1m00.0s), 100/100 VUs, 6311 complete and 0 interrupted iterations
packers   [  33% ] 100 VUs  1m00.0s/3m0s

running (1m01.0s), 100/100 VUs, 6448 complete and 0 interrupted iterations
packers   [  34% ] 100 VUs  1m01.0s/3m0s

running (1m02.0s), 100/100 VUs, 6577 complete and 0 interrupted iterations
packers   [  34% ] 100 VUs  1m02.0s/3m0s

running (1m03.0s), 100/100 VUs, 6717 complete and 0 interrupted iterations
packers   [  35% ] 100 VUs  1m03.0s/3m0s

running (1m04.0s), 100/100 VUs, 6861 complete and 0 interrupted iterations
packers   [  36% ] 100 VUs  1m04.0s/3m0s

running (1m05.0s), 100/100 VUs, 7005 complete and 0 interrupted iterations
packers   [  36% ] 100 VUs  1m05.0s/3m0s

running (1m06.0s), 100/100 VUs, 7149 complete and 0 interrupted iterations
packers   [  37% ] 100 VUs  1m06.0s/3m0s

running (1m07.0s), 100/100 VUs, 7300 complete and 0 interrupted iterations
packers   [  37% ] 100 VUs  1m07.0s/3m0s

running (1m08.0s), 100/100 VUs, 7445 complete and 0 interrupted iterations
packers   [  38% ] 100 VUs  1m08.0s/3m0s

running (1m09.0s), 100/100 VUs, 7585 complete and 0 interrupted iterations
packers   [  38% ] 100 VUs  1m09.0s/3m0s

running (1m10.0s), 100/100 VUs, 7745 complete and 0 interrupted iterations
packers   [  39% ] 100 VUs  1m10.0s/3m0s

running (1m11.0s), 100/100 VUs, 7889 complete and 0 interrupted iterations
packers   [  39% ] 100 VUs  1m11.0s/3m0s

running (1m12.0s), 100/100 VUs, 8039 complete and 0 interrupted iterations
packers   [  40% ] 100 VUs  1m12.0s/3m0s

running (1m13.0s), 100/100 VUs, 8204 complete and 0 interrupted iterations
packers   [  41% ] 100 VUs  1m13.0s/3m0s

running (1m14.0s), 100/100 VUs, 8311 complete and 0 interrupted iterations
packers   [  41% ] 100 VUs  1m14.0s/3m0s

running (1m15.0s), 100/100 VUs, 8478 complete and 0 interrupted iterations
packers   [  42% ] 100 VUs  1m15.0s/3m0s

running (1m16.0s), 100/100 VUs, 8646 complete and 0 interrupted iterations
packers   [  42% ] 100 VUs  1m16.0s/3m0s

running (1m17.0s), 100/100 VUs, 8811 complete and 0 interrupted iterations
packers   [  43% ] 100 VUs  1m17.0s/3m0s

running (1m18.0s), 100/100 VUs, 8974 complete and 0 interrupted iterations
packers   [  43% ] 100 VUs  1m18.0s/3m0s

running (1m19.0s), 100/100 VUs, 9156 complete and 0 interrupted iterations
packers   [  44% ] 100 VUs  1m19.0s/3m0s

running (1m20.0s), 100/100 VUs, 9338 complete and 0 interrupted iterations
packers   [  44% ] 100 VUs  1m20.0s/3m0s

running (1m21.0s), 100/100 VUs, 9520 complete and 0 interrupted iterations
packers   [  45% ] 100 VUs  1m21.0s/3m0s

running (1m22.0s), 100/100 VUs, 9714 complete and 0 interrupted iterations
packers   [  46% ] 100 VUs  1m22.0s/3m0s

running (1m23.0s), 100/100 VUs, 9882 complete and 0 interrupted iterations
packers   [  46% ] 100 VUs  1m23.0s/3m0s

running (1m24.0s), 100/100 VUs, 10057 complete and 0 interrupted iterations
packers   [  47% ] 100 VUs  1m24.0s/3m0s

running (1m25.0s), 100/100 VUs, 10248 complete and 0 interrupted iterations
packers   [  47% ] 100 VUs  1m25.0s/3m0s

running (1m26.0s), 100/100 VUs, 10441 complete and 0 interrupted iterations
packers   [  48% ] 100 VUs  1m26.0s/3m0s

running (1m27.0s), 100/100 VUs, 10617 complete and 0 interrupted iterations
packers   [  48% ] 100 VUs  1m27.0s/3m0s

running (1m28.0s), 100/100 VUs, 10816 complete and 0 interrupted iterations
packers   [  49% ] 100 VUs  1m28.0s/3m0s

running (1m29.0s), 100/100 VUs, 10954 complete and 0 interrupted iterations
packers   [  49% ] 100 VUs  1m29.0s/3m0s

running (1m30.0s), 100/100 VUs, 11001 complete and 0 interrupted iterations
packers   [  50% ] 100 VUs  1m30.0s/3m0s

running (1m31.0s), 100/100 VUs, 11054 complete and 0 interrupted iterations
packers   [  51% ] 100 VUs  1m31.0s/3m0s

running (1m32.0s), 100/100 VUs, 11229 complete and 0 interrupted iterations
packers   [  51% ] 100 VUs  1m32.0s/3m0s

running (1m33.0s), 100/100 VUs, 11399 complete and 0 interrupted iterations
packers   [  52% ] 100 VUs  1m33.0s/3m0s

running (1m34.0s), 100/100 VUs, 11605 complete and 0 interrupted iterations
packers   [  52% ] 100 VUs  1m34.0s/3m0s

running (1m35.0s), 100/100 VUs, 11828 complete and 0 interrupted iterations
packers   [  53% ] 100 VUs  1m35.0s/3m0s

running (1m36.0s), 100/100 VUs, 12047 complete and 0 interrupted iterations
packers   [  53% ] 100 VUs  1m36.0s/3m0s

running (1m37.0s), 100/100 VUs, 12252 complete and 0 interrupted iterations
packers   [  54% ] 100 VUs  1m37.0s/3m0s

running (1m38.0s), 100/100 VUs, 12461 complete and 0 interrupted iterations
packers   [  54% ] 100 VUs  1m38.0s/3m0s

running (1m39.0s), 100/100 VUs, 12664 complete and 0 interrupted iterations
packers   [  55% ] 100 VUs  1m39.0s/3m0s

running (1m40.0s), 100/100 VUs, 12882 complete and 0 interrupted iterations
packers   [  56% ] 100 VUs  1m40.0s/3m0s

running (1m41.0s), 100/100 VUs, 13109 complete and 0 interrupted iterations
packers   [  56% ] 100 VUs  1m41.0s/3m0s

running (1m42.0s), 100/100 VUs, 13330 complete and 0 interrupted iterations
packers   [  57% ] 100 VUs  1m42.0s/3m0s

running (1m43.0s), 100/100 VUs, 13550 complete and 0 interrupted iterations
packers   [  57% ] 100 VUs  1m43.0s/3m0s

running (1m44.0s), 100/100 VUs, 13759 complete and 0 interrupted iterations
packers   [  58% ] 100 VUs  1m44.0s/3m0s

running (1m45.0s), 100/100 VUs, 13994 complete and 0 interrupted iterations
packers   [  58% ] 100 VUs  1m45.0s/3m0s

running (1m46.0s), 100/100 VUs, 14233 complete and 0 interrupted iterations
packers   [  59% ] 100 VUs  1m46.0s/3m0s

running (1m47.0s), 100/100 VUs, 14454 complete and 0 interrupted iterations
packers   [  59% ] 100 VUs  1m47.0s/3m0s

running (1m48.0s), 100/100 VUs, 14675 complete and 0 interrupted iterations
packers   [  60% ] 100 VUs  1m48.0s/3m0s

running (1m49.0s), 100/100 VUs, 14890 complete and 0 interrupted iterations
packers   [  61% ] 100 VUs  1m49.0s/3m0s

running (1m50.0s), 100/100 VUs, 15144 complete and 0 interrupted iterations
packers   [  61% ] 100 VUs  1m50.0s/3m0s

running (1m51.0s), 100/100 VUs, 15339 complete and 0 interrupted iterations
packers   [  62% ] 100 VUs  1m51.0s/3m0s

running (1m52.0s), 100/100 VUs, 15575 complete and 0 interrupted iterations
packers   [  62% ] 100 VUs  1m52.0s/3m0s

running (1m53.0s), 100/100 VUs, 15767 complete and 0 interrupted iterations
packers   [  63% ] 100 VUs  1m53.0s/3m0s

running (1m54.0s), 100/100 VUs, 16012 complete and 0 interrupted iterations
packers   [  63% ] 100 VUs  1m54.0s/3m0s

running (1m55.0s), 100/100 VUs, 16237 complete and 0 interrupted iterations
packers   [  64% ] 100 VUs  1m55.0s/3m0s

running (1m56.0s), 100/100 VUs, 16507 complete and 0 interrupted iterations
packers   [  64% ] 100 VUs  1m56.0s/3m0s

running (1m57.0s), 100/100 VUs, 16761 complete and 0 interrupted iterations
packers   [  65% ] 100 VUs  1m57.0s/3m0s

running (1m58.0s), 100/100 VUs, 17015 complete and 0 interrupted iterations
packers   [  66% ] 100 VUs  1m58.0s/3m0s

running (1m59.0s), 100/100 VUs, 17209 complete and 0 interrupted iterations
packers   [  66% ] 100 VUs  1m59.0s/3m0s

running (2m00.0s), 100/100 VUs, 17469 complete and 0 interrupted iterations
packers   [  67% ] 100 VUs  2m00.0s/3m0s

running (2m01.0s), 100/100 VUs, 17727 complete and 0 interrupted iterations
packers   [  67% ] 100 VUs  2m01.0s/3m0s

running (2m02.0s), 100/100 VUs, 17982 complete and 0 interrupted iterations
packers   [  68% ] 100 VUs  2m02.0s/3m0s

running (2m03.0s), 100/100 VUs, 18204 complete and 0 interrupted iterations
packers   [  68% ] 100 VUs  2m03.0s/3m0s

running (2m04.0s), 100/100 VUs, 18399 complete and 0 interrupted iterations
packers   [  69% ] 100 VUs  2m04.0s/3m0s

running (2m05.0s), 100/100 VUs, 18646 complete and 0 interrupted iterations
packers   [  69% ] 100 VUs  2m05.0s/3m0s

running (2m06.0s), 100/100 VUs, 18894 complete and 0 interrupted iterations
packers   [  70% ] 100 VUs  2m06.0s/3m0s

running (2m07.0s), 100/100 VUs, 19138 complete and 0 interrupted iterations
packers   [  71% ] 100 VUs  2m07.0s/3m0s

running (2m08.0s), 100/100 VUs, 19369 complete and 0 interrupted iterations
packers   [  71% ] 100 VUs  2m08.0s/3m0s

running (2m09.0s), 100/100 VUs, 19591 complete and 0 interrupted iterations
packers   [  72% ] 100 VUs  2m09.0s/3m0s

running (2m10.0s), 100/100 VUs, 19847 complete and 0 interrupted iterations
packers   [  72% ] 100 VUs  2m10.0s/3m0s

running (2m11.0s), 100/100 VUs, 20043 complete and 0 interrupted iterations
packers   [  73% ] 100 VUs  2m11.0s/3m0s

running (2m12.0s), 100/100 VUs, 20283 complete and 0 interrupted iterations
packers   [  73% ] 100 VUs  2m12.0s/3m0s

running (2m13.0s), 100/100 VUs, 20540 complete and 0 interrupted iterations
packers   [  74% ] 100 VUs  2m13.0s/3m0s

running (2m14.0s), 100/100 VUs, 20711 complete and 0 interrupted iterations
packers   [  74% ] 100 VUs  2m14.0s/3m0s

running (2m15.0s), 100/100 VUs, 20935 complete and 0 interrupted iterations
packers   [  75% ] 100 VUs  2m15.0s/3m0s

running (2m16.0s), 100/100 VUs, 21198 complete and 0 interrupted iterations
packers   [  76% ] 100 VUs  2m16.0s/3m0s

running (2m17.0s), 100/100 VUs, 21442 complete and 0 interrupted iterations
packers   [  76% ] 100 VUs  2m17.0s/3m0s

running (2m18.0s), 100/100 VUs, 21671 complete and 0 interrupted iterations
packers   [  77% ] 100 VUs  2m18.0s/3m0s

running (2m19.0s), 100/100 VUs, 21875 complete and 0 interrupted iterations
packers   [  77% ] 100 VUs  2m19.0s/3m0s

running (2m20.0s), 100/100 VUs, 22120 complete and 0 interrupted iterations
packers   [  78% ] 100 VUs  2m20.0s/3m0s

running (2m21.0s), 100/100 VUs, 22371 complete and 0 interrupted iterations
packers   [  78% ] 100 VUs  2m21.0s/3m0s

running (2m22.0s), 100/100 VUs, 22618 complete and 0 interrupted iterations
packers   [  79% ] 100 VUs  2m22.0s/3m0s

running (2m23.0s), 100/100 VUs, 22831 complete and 0 interrupted iterations
packers   [  79% ] 100 VUs  2m23.0s/3m0s

running (2m24.0s), 100/100 VUs, 23041 complete and 0 interrupted iterations
packers   [  80% ] 100 VUs  2m24.0s/3m0s

running (2m25.0s), 100/100 VUs, 23288 complete and 0 interrupted iterations
packers   [  81% ] 100 VUs  2m25.0s/3m0s

running (2m26.0s), 100/100 VUs, 23545 complete and 0 interrupted iterations
packers   [  81% ] 100 VUs  2m26.0s/3m0s

running (2m27.0s), 100/100 VUs, 23799 complete and 0 interrupted iterations
packers   [  82% ] 100 VUs  2m27.0s/3m0s

running (2m28.0s), 100/100 VUs, 24050 complete and 0 interrupted iterations
packers   [  82% ] 100 VUs  2m28.0s/3m0s

running (2m29.0s), 100/100 VUs, 24237 complete and 0 interrupted iterations
packers   [  83% ] 100 VUs  2m29.0s/3m0s

running (2m30.0s), 100/100 VUs, 24447 complete and 0 interrupted iterations
packers   [  83% ] 100 VUs  2m30.0s/3m0s

running (2m31.0s), 100/100 VUs, 24687 complete and 0 interrupted iterations
packers   [  84% ] 100 VUs  2m31.0s/3m0s

running (2m32.0s), 100/100 VUs, 24891 complete and 0 interrupted iterations
packers   [  84% ] 100 VUs  2m32.0s/3m0s

running (2m33.0s), 100/100 VUs, 25080 complete and 0 interrupted iterations
packers   [  85% ] 100 VUs  2m33.0s/3m0s

running (2m34.0s), 100/100 VUs, 25220 complete and 0 interrupted iterations
packers   [  86% ] 100 VUs  2m34.0s/3m0s

running (2m35.0s), 100/100 VUs, 25330 complete and 0 interrupted iterations
packers   [  86% ] 100 VUs  2m35.0s/3m0s

running (2m36.0s), 100/100 VUs, 25566 complete and 0 interrupted iterations
packers   [  87% ] 100 VUs  2m36.0s/3m0s

running (2m37.0s), 100/100 VUs, 25803 complete and 0 interrupted iterations
packers   [  87% ] 100 VUs  2m37.0s/3m0s

running (2m38.0s), 100/100 VUs, 25962 complete and 0 interrupted iterations
packers   [  88% ] 100 VUs  2m38.0s/3m0s

running (2m39.0s), 100/100 VUs, 26157 complete and 0 interrupted iterations
packers   [  88% ] 100 VUs  2m39.0s/3m0s

running (2m40.0s), 100/100 VUs, 26392 complete and 0 interrupted iterations
packers   [  89% ] 100 VUs  2m40.0s/3m0s

running (2m41.0s), 100/100 VUs, 26624 complete and 0 interrupted iterations
packers   [  89% ] 100 VUs  2m41.0s/3m0s

running (2m42.0s), 100/100 VUs, 26866 complete and 0 interrupted iterations
packers   [  90% ] 100 VUs  2m42.0s/3m0s

running (2m43.0s), 100/100 VUs, 27109 complete and 0 interrupted iterations
packers   [  91% ] 100 VUs  2m43.0s/3m0s

running (2m44.0s), 100/100 VUs, 27341 complete and 0 interrupted iterations
packers   [  91% ] 100 VUs  2m44.0s/3m0s

running (2m45.0s), 100/100 VUs, 27586 complete and 0 interrupted iterations
packers   [  92% ] 100 VUs  2m45.0s/3m0s

running (2m46.0s), 100/100 VUs, 27831 complete and 0 interrupted iterations
packers   [  92% ] 100 VUs  2m46.0s/3m0s

running (2m47.0s), 100/100 VUs, 28067 complete and 0 interrupted iterations
packers   [  93% ] 100 VUs  2m47.0s/3m0s

running (2m48.0s), 100/100 VUs, 28281 complete and 0 interrupted iterations
packers   [  93% ] 100 VUs  2m48.0s/3m0s

running (2m49.0s), 100/100 VUs, 28503 complete and 0 interrupted iterations
packers   [  94% ] 100 VUs  2m49.0s/3m0s

running (2m50.0s), 100/100 VUs, 28753 complete and 0 interrupted iterations
packers   [  94% ] 100 VUs  2m50.0s/3m0s

running (2m51.0s), 100/100 VUs, 28933 complete and 0 interrupted iterations
packers   [  95% ] 100 VUs  2m51.0s/3m0s

running (2m52.0s), 100/100 VUs, 29158 complete and 0 interrupted iterations
packers   [  96% ] 100 VUs  2m52.0s/3m0s

running (2m53.0s), 100/100 VUs, 29318 complete and 0 interrupted iterations
packers   [  96% ] 100 VUs  2m53.0s/3m0s

running (2m54.0s), 100/100 VUs, 29557 complete and 0 interrupted iterations
packers   [  97% ] 100 VUs  2m54.0s/3m0s

running (2m55.0s), 100/100 VUs, 29793 complete and 0 interrupted iterations
packers   [  97% ] 100 VUs  2m55.0s/3m0s

running (2m56.0s), 100/100 VUs, 30039 complete and 0 interrupted iterations
packers   [  98% ] 100 VUs  2m56.0s/3m0s

running (2m57.0s), 100/100 VUs, 30274 complete and 0 interrupted iterations
packers   [  98% ] 100 VUs  2m57.0s/3m0s

running (2m58.0s), 100/100 VUs, 30511 complete and 0 interrupted iterations
packers   [  99% ] 100 VUs  2m58.0s/3m0s

running (2m59.0s), 100/100 VUs, 30727 complete and 0 interrupted iterations
packers   [  99% ] 100 VUs  2m59.0s/3m0s

running (3m00.0s), 100/100 VUs, 30963 complete and 0 interrupted iterations
packers   [ 100% ] 100 VUs  3m00.0s/3m0s


  █ THRESHOLDS 

    complete_duration
    ✗ 'p(95)<500' p(95)=547.02ms


  █ TOTAL RESULTS 

    checks_total.......: 93219   516.90975/s
    checks_succeeded...: 100.00% 93219 out of 93219
    checks_failed......: 0.00%   0 out of 93219

    ✓ tote-scan 2xx
    ✓ shipment-detail 2xx
    ✓ complete 2xx

    CUSTOM
    complete_duration..............: avg=203.89ms p(50)=150.97ms p(95)=547.02ms p(99)=895.28ms max=2.32s count=31073
    measured_complete..............: avg=187.44ms p(50)=150.44ms p(95)=481.14ms p(99)=712.78ms max=1.43s count=28403
    measured_complete_ok...........: 28403 157.497802/s
    measured_detail................: avg=163.52ms p(50)=129.67ms p(95)=456.32ms p(99)=673.42ms max=1.32s count=28408
    measured_reqs..................: 85221 472.559948/s
    measured_scan..................: avg=177.24ms p(50)=136.84ms p(95)=477.87ms p(99)=706.32ms max=1.58s count=28410

    HTTP
    http_req_duration..............: avg=193.14ms p(50)=140ms    p(95)=535.32ms p(99)=881.67ms max=2.32s count=93219
      { expected_response:true }...: avg=193.14ms p(50)=140ms    p(95)=535.32ms p(99)=881.67ms max=2.32s count=93219
    http_req_failed................: 0.00% 0 out of 93219
    http_reqs......................: 93219 516.90975/s

    EXECUTION
    iteration_duration.............: avg=579.87ms p(50)=456.21ms p(95)=1.3s     p(99)=2.03s    max=4.96s count=31073
    iterations.....................: 31073 172.30325/s
    vus............................: 100   min=100        max=100
    vus_max........................: 100   min=100        max=100

    NETWORK
    data_received..................: 46 MB 256 kB/s
    data_sent......................: 20 MB 110 kB/s




running (3m00.3s), 000/100 VUs, 31073 complete and 0 interrupted iterations
packers ✓ [ 100% ] 100 VUs  3m0s
time="2026-09-28T14:31:31Z" level=error msg="thresholds on metrics 'complete_duration' have been crossed"
