K6START=1790333590

         /\      Grafana   /‾‾/  
    /\  /  \     |\  __   /  /   
   /  \/    \    | |/ /  /   ‾‾\ 
  /          \   |   (  |  (‾)  |
 / __________ \  |_|\_\  \_____/ 


     execution: local
        script: k6/packing.js
        output: Prometheus remote write (http://172.31.64.6:9090/api/v1/write)

     scenarios: (100.00%) 1 scenario, 100 max VUs, 4m0s max duration (incl. graceful stop):
              * packers: 100 looping VUs for 3m30s (gracefulStop: 30s)


running (0m00.9s), 100/100 VUs, 0 complete and 0 interrupted iterations
packers   [   0% ] 100 VUs  0m00.9s/3m30s

running (0m01.9s), 100/100 VUs, 0 complete and 0 interrupted iterations
packers   [   1% ] 100 VUs  0m01.9s/3m30s

running (0m02.9s), 100/100 VUs, 2 complete and 0 interrupted iterations
packers   [   1% ] 100 VUs  0m02.9s/3m30s

running (0m03.9s), 100/100 VUs, 32 complete and 0 interrupted iterations
packers   [   2% ] 100 VUs  0m03.9s/3m30s

running (0m04.9s), 100/100 VUs, 76 complete and 0 interrupted iterations
packers   [   2% ] 100 VUs  0m04.9s/3m30s

running (0m05.9s), 100/100 VUs, 98 complete and 0 interrupted iterations
packers   [   3% ] 100 VUs  0m05.9s/3m30s

running (0m06.9s), 100/100 VUs, 104 complete and 0 interrupted iterations
packers   [   3% ] 100 VUs  0m06.9s/3m30s

running (0m07.9s), 100/100 VUs, 135 complete and 0 interrupted iterations
packers   [   4% ] 100 VUs  0m07.9s/3m30s

running (0m08.9s), 100/100 VUs, 188 complete and 0 interrupted iterations
packers   [   4% ] 100 VUs  0m08.9s/3m30s

running (0m09.9s), 100/100 VUs, 200 complete and 0 interrupted iterations
packers   [   5% ] 100 VUs  0m09.9s/3m30s

running (0m10.9s), 100/100 VUs, 222 complete and 0 interrupted iterations
packers   [   5% ] 100 VUs  0m10.9s/3m30s

running (0m11.9s), 100/100 VUs, 273 complete and 0 interrupted iterations
packers   [   6% ] 100 VUs  0m11.9s/3m30s

running (0m12.9s), 100/100 VUs, 293 complete and 0 interrupted iterations
packers   [   6% ] 100 VUs  0m12.9s/3m30s

running (0m13.9s), 100/100 VUs, 307 complete and 0 interrupted iterations
packers   [   7% ] 100 VUs  0m13.9s/3m30s

running (0m14.9s), 100/100 VUs, 345 complete and 0 interrupted iterations
packers   [   7% ] 100 VUs  0m14.9s/3m30s

running (0m15.9s), 100/100 VUs, 387 complete and 0 interrupted iterations
packers   [   8% ] 100 VUs  0m15.9s/3m30s

running (0m16.9s), 100/100 VUs, 403 complete and 0 interrupted iterations
packers   [   8% ] 100 VUs  0m16.9s/3m30s

running (0m17.9s), 100/100 VUs, 444 complete and 0 interrupted iterations
packers   [   9% ] 100 VUs  0m17.9s/3m30s

running (0m18.9s), 100/100 VUs, 483 complete and 0 interrupted iterations
packers   [   9% ] 100 VUs  0m18.9s/3m30s

running (0m19.9s), 100/100 VUs, 497 complete and 0 interrupted iterations
packers   [   9% ] 100 VUs  0m19.9s/3m30s

running (0m20.9s), 100/100 VUs, 521 complete and 0 interrupted iterations
packers   [  10% ] 100 VUs  0m20.9s/3m30s

running (0m21.9s), 100/100 VUs, 569 complete and 0 interrupted iterations
packers   [  10% ] 100 VUs  0m21.9s/3m30s

running (0m22.9s), 100/100 VUs, 595 complete and 0 interrupted iterations
packers   [  11% ] 100 VUs  0m22.9s/3m30s

running (0m23.9s), 100/100 VUs, 617 complete and 0 interrupted iterations
packers   [  11% ] 100 VUs  0m23.9s/3m30s

running (0m24.9s), 100/100 VUs, 660 complete and 0 interrupted iterations
packers   [  12% ] 100 VUs  0m24.9s/3m30s

running (0m25.9s), 100/100 VUs, 693 complete and 0 interrupted iterations
packers   [  12% ] 100 VUs  0m25.9s/3m30s

running (0m26.9s), 100/100 VUs, 715 complete and 0 interrupted iterations
packers   [  13% ] 100 VUs  0m26.9s/3m30s

running (0m27.9s), 100/100 VUs, 747 complete and 0 interrupted iterations
packers   [  13% ] 100 VUs  0m27.9s/3m30s

running (0m28.9s), 100/100 VUs, 778 complete and 0 interrupted iterations
packers   [  14% ] 100 VUs  0m28.9s/3m30s

running (0m29.9s), 100/100 VUs, 805 complete and 0 interrupted iterations
packers   [  14% ] 100 VUs  0m29.9s/3m30s

running (0m30.9s), 100/100 VUs, 842 complete and 0 interrupted iterations
packers   [  15% ] 100 VUs  0m30.9s/3m30s

running (0m31.9s), 100/100 VUs, 874 complete and 0 interrupted iterations
packers   [  15% ] 100 VUs  0m31.9s/3m30s

running (0m32.9s), 100/100 VUs, 899 complete and 0 interrupted iterations
packers   [  16% ] 100 VUs  0m32.9s/3m30s

running (0m33.9s), 100/100 VUs, 929 complete and 0 interrupted iterations
packers   [  16% ] 100 VUs  0m33.9s/3m30s

running (0m34.9s), 100/100 VUs, 955 complete and 0 interrupted iterations
packers   [  17% ] 100 VUs  0m34.9s/3m30s

running (0m35.9s), 100/100 VUs, 977 complete and 0 interrupted iterations
packers   [  17% ] 100 VUs  0m35.9s/3m30s

running (0m36.9s), 100/100 VUs, 1005 complete and 0 interrupted iterations
packers   [  18% ] 100 VUs  0m36.9s/3m30s

running (0m37.9s), 100/100 VUs, 1042 complete and 0 interrupted iterations
packers   [  18% ] 100 VUs  0m37.9s/3m30s

running (0m38.9s), 100/100 VUs, 1075 complete and 0 interrupted iterations
packers   [  19% ] 100 VUs  0m38.9s/3m30s

running (0m39.9s), 100/100 VUs, 1104 complete and 0 interrupted iterations
packers   [  19% ] 100 VUs  0m39.9s/3m30s

running (0m40.9s), 100/100 VUs, 1139 complete and 0 interrupted iterations
packers   [  19% ] 100 VUs  0m40.9s/3m30s

running (0m41.9s), 100/100 VUs, 1174 complete and 0 interrupted iterations
packers   [  20% ] 100 VUs  0m41.9s/3m30s

running (0m42.9s), 100/100 VUs, 1204 complete and 0 interrupted iterations
packers   [  20% ] 100 VUs  0m42.9s/3m30s

running (0m43.9s), 100/100 VUs, 1219 complete and 0 interrupted iterations
packers   [  21% ] 100 VUs  0m43.9s/3m30s

running (0m44.9s), 100/100 VUs, 1256 complete and 0 interrupted iterations
packers   [  21% ] 100 VUs  0m44.9s/3m30s

running (0m45.9s), 100/100 VUs, 1288 complete and 0 interrupted iterations
packers   [  22% ] 100 VUs  0m45.9s/3m30s

running (0m46.9s), 100/100 VUs, 1317 complete and 0 interrupted iterations
packers   [  22% ] 100 VUs  0m46.9s/3m30s

running (0m47.9s), 100/100 VUs, 1352 complete and 0 interrupted iterations
packers   [  23% ] 100 VUs  0m47.9s/3m30s

running (0m48.9s), 100/100 VUs, 1386 complete and 0 interrupted iterations
packers   [  23% ] 100 VUs  0m48.9s/3m30s

running (0m49.9s), 100/100 VUs, 1406 complete and 0 interrupted iterations
packers   [  24% ] 100 VUs  0m49.9s/3m30s

running (0m50.9s), 100/100 VUs, 1434 complete and 0 interrupted iterations
packers   [  24% ] 100 VUs  0m50.9s/3m30s

running (0m51.9s), 100/100 VUs, 1464 complete and 0 interrupted iterations
packers   [  25% ] 100 VUs  0m51.9s/3m30s

running (0m52.9s), 100/100 VUs, 1495 complete and 0 interrupted iterations
packers   [  25% ] 100 VUs  0m52.9s/3m30s

running (0m53.9s), 100/100 VUs, 1524 complete and 0 interrupted iterations
packers   [  26% ] 100 VUs  0m53.9s/3m30s

running (0m54.9s), 100/100 VUs, 1563 complete and 0 interrupted iterations
packers   [  26% ] 100 VUs  0m54.9s/3m30s

running (0m55.9s), 100/100 VUs, 1593 complete and 0 interrupted iterations
packers   [  27% ] 100 VUs  0m55.9s/3m30s

running (0m56.9s), 100/100 VUs, 1626 complete and 0 interrupted iterations
packers   [  27% ] 100 VUs  0m56.9s/3m30s

running (0m57.9s), 100/100 VUs, 1662 complete and 0 interrupted iterations
packers   [  28% ] 100 VUs  0m57.9s/3m30s

running (0m58.9s), 100/100 VUs, 1685 complete and 0 interrupted iterations
packers   [  28% ] 100 VUs  0m58.9s/3m30s

running (0m59.9s), 100/100 VUs, 1714 complete and 0 interrupted iterations
packers   [  29% ] 100 VUs  0m59.9s/3m30s

running (1m00.9s), 100/100 VUs, 1752 complete and 0 interrupted iterations
packers   [  29% ] 100 VUs  1m00.9s/3m30s

running (1m01.9s), 100/100 VUs, 1784 complete and 0 interrupted iterations
packers   [  29% ] 100 VUs  1m01.9s/3m30s

running (1m02.9s), 100/100 VUs, 1813 complete and 0 interrupted iterations
packers   [  30% ] 100 VUs  1m02.9s/3m30s

running (1m03.9s), 100/100 VUs, 1846 complete and 0 interrupted iterations
packers   [  30% ] 100 VUs  1m03.9s/3m30s

running (1m04.9s), 100/100 VUs, 1882 complete and 0 interrupted iterations
packers   [  31% ] 100 VUs  1m04.9s/3m30s

running (1m05.9s), 100/100 VUs, 1912 complete and 0 interrupted iterations
packers   [  31% ] 100 VUs  1m05.9s/3m30s

running (1m06.9s), 100/100 VUs, 1948 complete and 0 interrupted iterations
packers   [  32% ] 100 VUs  1m06.9s/3m30s

running (1m07.9s), 100/100 VUs, 1977 complete and 0 interrupted iterations
packers   [  32% ] 100 VUs  1m07.9s/3m30s

running (1m08.9s), 100/100 VUs, 2002 complete and 0 interrupted iterations
packers   [  33% ] 100 VUs  1m08.9s/3m30s

running (1m09.9s), 100/100 VUs, 2038 complete and 0 interrupted iterations
packers   [  33% ] 100 VUs  1m09.9s/3m30s

running (1m10.9s), 100/100 VUs, 2072 complete and 0 interrupted iterations
packers   [  34% ] 100 VUs  1m10.9s/3m30s

running (1m11.9s), 100/100 VUs, 2100 complete and 0 interrupted iterations
packers   [  34% ] 100 VUs  1m11.9s/3m30s

running (1m12.9s), 100/100 VUs, 2136 complete and 0 interrupted iterations
packers   [  35% ] 100 VUs  1m12.9s/3m30s

running (1m13.9s), 100/100 VUs, 2166 complete and 0 interrupted iterations
packers   [  35% ] 100 VUs  1m13.9s/3m30s

running (1m14.9s), 100/100 VUs, 2193 complete and 0 interrupted iterations
packers   [  36% ] 100 VUs  1m14.9s/3m30s

running (1m15.9s), 100/100 VUs, 2223 complete and 0 interrupted iterations
packers   [  36% ] 100 VUs  1m15.9s/3m30s

running (1m16.9s), 100/100 VUs, 2262 complete and 0 interrupted iterations
packers   [  37% ] 100 VUs  1m16.9s/3m30s

running (1m17.9s), 100/100 VUs, 2297 complete and 0 interrupted iterations
packers   [  37% ] 100 VUs  1m17.9s/3m30s

running (1m18.9s), 100/100 VUs, 2326 complete and 0 interrupted iterations
packers   [  38% ] 100 VUs  1m18.9s/3m30s

running (1m19.9s), 100/100 VUs, 2355 complete and 0 interrupted iterations
packers   [  38% ] 100 VUs  1m19.9s/3m30s

running (1m20.9s), 100/100 VUs, 2390 complete and 0 interrupted iterations
packers   [  39% ] 100 VUs  1m20.9s/3m30s

running (1m21.9s), 100/100 VUs, 2420 complete and 0 interrupted iterations
packers   [  39% ] 100 VUs  1m21.9s/3m30s

running (1m22.9s), 100/100 VUs, 2445 complete and 0 interrupted iterations
packers   [  39% ] 100 VUs  1m22.9s/3m30s

running (1m23.9s), 100/100 VUs, 2482 complete and 0 interrupted iterations
packers   [  40% ] 100 VUs  1m23.9s/3m30s

running (1m24.9s), 100/100 VUs, 2516 complete and 0 interrupted iterations
packers   [  40% ] 100 VUs  1m24.9s/3m30s

running (1m25.9s), 100/100 VUs, 2545 complete and 0 interrupted iterations
packers   [  41% ] 100 VUs  1m25.9s/3m30s

running (1m26.9s), 100/100 VUs, 2585 complete and 0 interrupted iterations
packers   [  41% ] 100 VUs  1m26.9s/3m30s

running (1m27.9s), 100/100 VUs, 2620 complete and 0 interrupted iterations
packers   [  42% ] 100 VUs  1m27.9s/3m30s

running (1m28.9s), 100/100 VUs, 2644 complete and 0 interrupted iterations
packers   [  42% ] 100 VUs  1m28.9s/3m30s

running (1m29.9s), 100/100 VUs, 2684 complete and 0 interrupted iterations
packers   [  43% ] 100 VUs  1m29.9s/3m30s

running (1m30.9s), 100/100 VUs, 2707 complete and 0 interrupted iterations
packers   [  43% ] 100 VUs  1m30.9s/3m30s

running (1m31.9s), 100/100 VUs, 2733 complete and 0 interrupted iterations
packers   [  44% ] 100 VUs  1m31.9s/3m30s

running (1m32.9s), 100/100 VUs, 2768 complete and 0 interrupted iterations
packers   [  44% ] 100 VUs  1m32.9s/3m30s

running (1m33.9s), 100/100 VUs, 2803 complete and 0 interrupted iterations
packers   [  45% ] 100 VUs  1m33.9s/3m30s

running (1m34.9s), 100/100 VUs, 2826 complete and 0 interrupted iterations
packers   [  45% ] 100 VUs  1m34.9s/3m30s

running (1m35.9s), 100/100 VUs, 2857 complete and 0 interrupted iterations
packers   [  46% ] 100 VUs  1m35.9s/3m30s

running (1m36.9s), 100/100 VUs, 2895 complete and 0 interrupted iterations
packers   [  46% ] 100 VUs  1m36.9s/3m30s

running (1m37.9s), 100/100 VUs, 2923 complete and 0 interrupted iterations
packers   [  47% ] 100 VUs  1m37.9s/3m30s

running (1m38.9s), 100/100 VUs, 2945 complete and 0 interrupted iterations
packers   [  47% ] 100 VUs  1m38.9s/3m30s

running (1m39.9s), 100/100 VUs, 2983 complete and 0 interrupted iterations
packers   [  48% ] 100 VUs  1m39.9s/3m30s

running (1m40.9s), 100/100 VUs, 3018 complete and 0 interrupted iterations
packers   [  48% ] 100 VUs  1m40.9s/3m30s

running (1m41.9s), 100/100 VUs, 3041 complete and 0 interrupted iterations
packers   [  49% ] 100 VUs  1m41.9s/3m30s

running (1m42.9s), 100/100 VUs, 3081 complete and 0 interrupted iterations
packers   [  49% ] 100 VUs  1m42.9s/3m30s

running (1m43.9s), 100/100 VUs, 3114 complete and 0 interrupted iterations
packers   [  49% ] 100 VUs  1m43.9s/3m30s

running (1m44.9s), 100/100 VUs, 3138 complete and 0 interrupted iterations
packers   [  50% ] 100 VUs  1m44.9s/3m30s

running (1m45.9s), 100/100 VUs, 3178 complete and 0 interrupted iterations
packers   [  50% ] 100 VUs  1m45.9s/3m30s

running (1m46.9s), 100/100 VUs, 3201 complete and 0 interrupted iterations
packers   [  51% ] 100 VUs  1m46.9s/3m30s

running (1m47.9s), 100/100 VUs, 3236 complete and 0 interrupted iterations
packers   [  51% ] 100 VUs  1m47.9s/3m30s

running (1m48.9s), 100/100 VUs, 3273 complete and 0 interrupted iterations
packers   [  52% ] 100 VUs  1m48.9s/3m30s

running (1m49.9s), 100/100 VUs, 3297 complete and 0 interrupted iterations
packers   [  52% ] 100 VUs  1m49.9s/3m30s

running (1m50.9s), 100/100 VUs, 3325 complete and 0 interrupted iterations
packers   [  53% ] 100 VUs  1m50.9s/3m30s

running (1m51.9s), 100/100 VUs, 3357 complete and 0 interrupted iterations
packers   [  53% ] 100 VUs  1m51.9s/3m30s

running (1m52.9s), 100/100 VUs, 3391 complete and 0 interrupted iterations
packers   [  54% ] 100 VUs  1m52.9s/3m30s

running (1m53.9s), 100/100 VUs, 3423 complete and 0 interrupted iterations
packers   [  54% ] 100 VUs  1m53.9s/3m30s

running (1m54.9s), 100/100 VUs, 3444 complete and 0 interrupted iterations
packers   [  55% ] 100 VUs  1m54.9s/3m30s

running (1m55.9s), 100/100 VUs, 3483 complete and 0 interrupted iterations
packers   [  55% ] 100 VUs  1m55.9s/3m30s

running (1m56.9s), 100/100 VUs, 3516 complete and 0 interrupted iterations
packers   [  56% ] 100 VUs  1m56.9s/3m30s

running (1m57.9s), 100/100 VUs, 3544 complete and 0 interrupted iterations
packers   [  56% ] 100 VUs  1m57.9s/3m30s

running (1m58.9s), 100/100 VUs, 3581 complete and 0 interrupted iterations
packers   [  57% ] 100 VUs  1m58.9s/3m30s

running (1m59.9s), 100/100 VUs, 3614 complete and 0 interrupted iterations
packers   [  57% ] 100 VUs  1m59.9s/3m30s

running (2m00.9s), 100/100 VUs, 3644 complete and 0 interrupted iterations
packers   [  58% ] 100 VUs  2m00.9s/3m30s

running (2m01.9s), 100/100 VUs, 3681 complete and 0 interrupted iterations
packers   [  58% ] 100 VUs  2m01.9s/3m30s

running (2m02.9s), 100/100 VUs, 3705 complete and 0 interrupted iterations
packers   [  59% ] 100 VUs  2m02.9s/3m30s

running (2m03.9s), 100/100 VUs, 3737 complete and 0 interrupted iterations
packers   [  59% ] 100 VUs  2m03.9s/3m30s

running (2m04.9s), 100/100 VUs, 3765 complete and 0 interrupted iterations
packers   [  59% ] 100 VUs  2m04.9s/3m30s

running (2m05.9s), 100/100 VUs, 3798 complete and 0 interrupted iterations
packers   [  60% ] 100 VUs  2m05.9s/3m30s

running (2m06.9s), 100/100 VUs, 3834 complete and 0 interrupted iterations
packers   [  60% ] 100 VUs  2m06.9s/3m30s

running (2m07.9s), 100/100 VUs, 3871 complete and 0 interrupted iterations
packers   [  61% ] 100 VUs  2m07.9s/3m30s

running (2m08.9s), 100/100 VUs, 3894 complete and 0 interrupted iterations
packers   [  61% ] 100 VUs  2m08.9s/3m30s

running (2m09.9s), 100/100 VUs, 3928 complete and 0 interrupted iterations
packers   [  62% ] 100 VUs  2m09.9s/3m30s

running (2m10.9s), 100/100 VUs, 3960 complete and 0 interrupted iterations
packers   [  62% ] 100 VUs  2m10.9s/3m30s

running (2m11.9s), 100/100 VUs, 3993 complete and 0 interrupted iterations
packers   [  63% ] 100 VUs  2m11.9s/3m30s

running (2m12.9s), 100/100 VUs, 4022 complete and 0 interrupted iterations
packers   [  63% ] 100 VUs  2m12.9s/3m30s

running (2m13.9s), 100/100 VUs, 4040 complete and 0 interrupted iterations
packers   [  64% ] 100 VUs  2m13.9s/3m30s

running (2m14.9s), 100/100 VUs, 4072 complete and 0 interrupted iterations
packers   [  64% ] 100 VUs  2m14.9s/3m30s

running (2m15.9s), 100/100 VUs, 4104 complete and 0 interrupted iterations
packers   [  65% ] 100 VUs  2m15.9s/3m30s

running (2m16.9s), 100/100 VUs, 4131 complete and 0 interrupted iterations
packers   [  65% ] 100 VUs  2m16.9s/3m30s

running (2m17.9s), 100/100 VUs, 4163 complete and 0 interrupted iterations
packers   [  66% ] 100 VUs  2m17.9s/3m30s

running (2m18.9s), 100/100 VUs, 4198 complete and 0 interrupted iterations
packers   [  66% ] 100 VUs  2m18.9s/3m30s

running (2m19.9s), 100/100 VUs, 4229 complete and 0 interrupted iterations
packers   [  67% ] 100 VUs  2m19.9s/3m30s

running (2m20.9s), 100/100 VUs, 4263 complete and 0 interrupted iterations
packers   [  67% ] 100 VUs  2m20.9s/3m30s

running (2m21.9s), 100/100 VUs, 4297 complete and 0 interrupted iterations
packers   [  68% ] 100 VUs  2m21.9s/3m30s

running (2m22.9s), 100/100 VUs, 4329 complete and 0 interrupted iterations
packers   [  68% ] 100 VUs  2m22.9s/3m30s

running (2m23.9s), 100/100 VUs, 4351 complete and 0 interrupted iterations
packers   [  69% ] 100 VUs  2m23.9s/3m30s

running (2m24.9s), 100/100 VUs, 4386 complete and 0 interrupted iterations
packers   [  69% ] 100 VUs  2m24.9s/3m30s

running (2m25.9s), 100/100 VUs, 4421 complete and 0 interrupted iterations
packers   [  69% ] 100 VUs  2m25.9s/3m30s

running (2m26.9s), 100/100 VUs, 4447 complete and 0 interrupted iterations
packers   [  70% ] 100 VUs  2m26.9s/3m30s

running (2m27.9s), 100/100 VUs, 4487 complete and 0 interrupted iterations
packers   [  70% ] 100 VUs  2m27.9s/3m30s

running (2m28.9s), 100/100 VUs, 4523 complete and 0 interrupted iterations
packers   [  71% ] 100 VUs  2m28.9s/3m30s

running (2m29.9s), 100/100 VUs, 4546 complete and 0 interrupted iterations
packers   [  71% ] 100 VUs  2m29.9s/3m30s

running (2m30.9s), 100/100 VUs, 4586 complete and 0 interrupted iterations
packers   [  72% ] 100 VUs  2m30.9s/3m30s

running (2m31.9s), 100/100 VUs, 4603 complete and 0 interrupted iterations
packers   [  72% ] 100 VUs  2m31.9s/3m30s

running (2m32.9s), 100/100 VUs, 4634 complete and 0 interrupted iterations
packers   [  73% ] 100 VUs  2m32.9s/3m30s

running (2m33.9s), 100/100 VUs, 4668 complete and 0 interrupted iterations
packers   [  73% ] 100 VUs  2m33.9s/3m30s

running (2m34.9s), 100/100 VUs, 4692 complete and 0 interrupted iterations
packers   [  74% ] 100 VUs  2m34.9s/3m30s

running (2m35.9s), 100/100 VUs, 4729 complete and 0 interrupted iterations
packers   [  74% ] 100 VUs  2m35.9s/3m30s

running (2m36.9s), 100/100 VUs, 4758 complete and 0 interrupted iterations
packers   [  75% ] 100 VUs  2m36.9s/3m30s

running (2m37.9s), 100/100 VUs, 4794 complete and 0 interrupted iterations
packers   [  75% ] 100 VUs  2m37.9s/3m30s

running (2m38.9s), 100/100 VUs, 4831 complete and 0 interrupted iterations
packers   [  76% ] 100 VUs  2m38.9s/3m30s

running (2m39.9s), 100/100 VUs, 4850 complete and 0 interrupted iterations
packers   [  76% ] 100 VUs  2m39.9s/3m30s

running (2m40.9s), 100/100 VUs, 4885 complete and 0 interrupted iterations
packers   [  77% ] 100 VUs  2m40.9s/3m30s

running (2m41.9s), 100/100 VUs, 4924 complete and 0 interrupted iterations
packers   [  77% ] 100 VUs  2m41.9s/3m30s

running (2m42.9s), 100/100 VUs, 4949 complete and 0 interrupted iterations
packers   [  78% ] 100 VUs  2m42.9s/3m30s

running (2m43.9s), 100/100 VUs, 4985 complete and 0 interrupted iterations
packers   [  78% ] 100 VUs  2m43.9s/3m30s

running (2m44.9s), 100/100 VUs, 5022 complete and 0 interrupted iterations
packers   [  79% ] 100 VUs  2m44.9s/3m30s

running (2m45.9s), 100/100 VUs, 5050 complete and 0 interrupted iterations
packers   [  79% ] 100 VUs  2m45.9s/3m30s

running (2m46.9s), 100/100 VUs, 5088 complete and 0 interrupted iterations
packers   [  79% ] 100 VUs  2m46.9s/3m30s

running (2m47.9s), 100/100 VUs, 5112 complete and 0 interrupted iterations
packers   [  80% ] 100 VUs  2m47.9s/3m30s

running (2m48.9s), 100/100 VUs, 5144 complete and 0 interrupted iterations
packers   [  80% ] 100 VUs  2m48.9s/3m30s

running (2m49.9s), 100/100 VUs, 5174 complete and 0 interrupted iterations
packers   [  81% ] 100 VUs  2m49.9s/3m30s

running (2m50.9s), 100/100 VUs, 5202 complete and 0 interrupted iterations
packers   [  81% ] 100 VUs  2m50.9s/3m30s

running (2m51.9s), 100/100 VUs, 5232 complete and 0 interrupted iterations
packers   [  82% ] 100 VUs  2m51.9s/3m30s

running (2m52.9s), 100/100 VUs, 5270 complete and 0 interrupted iterations
packers   [  82% ] 100 VUs  2m52.9s/3m30s

running (2m53.9s), 100/100 VUs, 5303 complete and 0 interrupted iterations
packers   [  83% ] 100 VUs  2m53.9s/3m30s

running (2m54.9s), 100/100 VUs, 5330 complete and 0 interrupted iterations
packers   [  83% ] 100 VUs  2m54.9s/3m30s

running (2m55.9s), 100/100 VUs, 5362 complete and 0 interrupted iterations
packers   [  84% ] 100 VUs  2m55.9s/3m30s

running (2m56.9s), 100/100 VUs, 5395 complete and 0 interrupted iterations
packers   [  84% ] 100 VUs  2m56.9s/3m30s

running (2m57.9s), 100/100 VUs, 5425 complete and 0 interrupted iterations
packers   [  85% ] 100 VUs  2m57.9s/3m30s

running (2m58.9s), 100/100 VUs, 5457 complete and 0 interrupted iterations
packers   [  85% ] 100 VUs  2m58.9s/3m30s

running (2m59.9s), 100/100 VUs, 5490 complete and 0 interrupted iterations
packers   [  86% ] 100 VUs  2m59.9s/3m30s

running (3m00.9s), 100/100 VUs, 5524 complete and 0 interrupted iterations
packers   [  86% ] 100 VUs  3m00.9s/3m30s

running (3m01.9s), 100/100 VUs, 5557 complete and 0 interrupted iterations
packers   [  87% ] 100 VUs  3m01.9s/3m30s

running (3m02.9s), 100/100 VUs, 5581 complete and 0 interrupted iterations
packers   [  87% ] 100 VUs  3m02.9s/3m30s

running (3m03.9s), 100/100 VUs, 5615 complete and 0 interrupted iterations
packers   [  88% ] 100 VUs  3m03.9s/3m30s

running (3m04.9s), 100/100 VUs, 5646 complete and 0 interrupted iterations
packers   [  88% ] 100 VUs  3m04.9s/3m30s

running (3m05.9s), 100/100 VUs, 5682 complete and 0 interrupted iterations
packers   [  89% ] 100 VUs  3m05.9s/3m30s

running (3m06.9s), 100/100 VUs, 5717 complete and 0 interrupted iterations
packers   [  89% ] 100 VUs  3m06.9s/3m30s

running (3m07.9s), 100/100 VUs, 5748 complete and 0 interrupted iterations
packers   [  89% ] 100 VUs  3m07.9s/3m30s

running (3m08.9s), 100/100 VUs, 5781 complete and 0 interrupted iterations
packers   [  90% ] 100 VUs  3m08.9s/3m30s

running (3m09.9s), 100/100 VUs, 5815 complete and 0 interrupted iterations
packers   [  90% ] 100 VUs  3m09.9s/3m30s

running (3m10.9s), 100/100 VUs, 5839 complete and 0 interrupted iterations
packers   [  91% ] 100 VUs  3m10.9s/3m30s

running (3m11.9s), 100/100 VUs, 5871 complete and 0 interrupted iterations
packers   [  91% ] 100 VUs  3m11.9s/3m30s

running (3m12.9s), 100/100 VUs, 5902 complete and 0 interrupted iterations
packers   [  92% ] 100 VUs  3m12.9s/3m30s

running (3m13.9s), 100/100 VUs, 5935 complete and 0 interrupted iterations
packers   [  92% ] 100 VUs  3m13.9s/3m30s

running (3m14.9s), 100/100 VUs, 5969 complete and 0 interrupted iterations
packers   [  93% ] 100 VUs  3m14.9s/3m30s

running (3m15.9s), 100/100 VUs, 6002 complete and 0 interrupted iterations
packers   [  93% ] 100 VUs  3m15.9s/3m30s

running (3m16.9s), 100/100 VUs, 6037 complete and 0 interrupted iterations
packers   [  94% ] 100 VUs  3m16.9s/3m30s

running (3m17.9s), 100/100 VUs, 6069 complete and 0 interrupted iterations
packers   [  94% ] 100 VUs  3m17.9s/3m30s

running (3m18.9s), 100/100 VUs, 6105 complete and 0 interrupted iterations
packers   [  95% ] 100 VUs  3m18.9s/3m30s

running (3m19.9s), 100/100 VUs, 6124 complete and 0 interrupted iterations
packers   [  95% ] 100 VUs  3m19.9s/3m30s

running (3m20.9s), 100/100 VUs, 6154 complete and 0 interrupted iterations
packers   [  96% ] 100 VUs  3m20.9s/3m30s

running (3m21.9s), 100/100 VUs, 6190 complete and 0 interrupted iterations
packers   [  96% ] 100 VUs  3m21.9s/3m30s

running (3m22.9s), 100/100 VUs, 6222 complete and 0 interrupted iterations
packers   [  97% ] 100 VUs  3m22.9s/3m30s

running (3m23.9s), 100/100 VUs, 6252 complete and 0 interrupted iterations
packers   [  97% ] 100 VUs  3m23.9s/3m30s

running (3m24.9s), 100/100 VUs, 6289 complete and 0 interrupted iterations
packers   [  98% ] 100 VUs  3m24.9s/3m30s

running (3m25.9s), 100/100 VUs, 6323 complete and 0 interrupted iterations
packers   [  98% ] 100 VUs  3m25.9s/3m30s

running (3m26.9s), 100/100 VUs, 6357 complete and 0 interrupted iterations
packers   [  99% ] 100 VUs  3m26.9s/3m30s

running (3m27.9s), 100/100 VUs, 6380 complete and 0 interrupted iterations
packers   [  99% ] 100 VUs  3m27.9s/3m30s

running (3m28.9s), 100/100 VUs, 6418 complete and 0 interrupted iterations
packers   [  99% ] 100 VUs  3m28.9s/3m30s

running (3m29.9s), 100/100 VUs, 6448 complete and 0 interrupted iterations
packers   [ 100% ] 100 VUs  3m29.9s/3m30s

running (3m30.9s), 067/100 VUs, 6483 complete and 0 interrupted iterations
packers ↓ [ 100% ] 100 VUs  3m30s

running (3m31.9s), 027/100 VUs, 6523 complete and 0 interrupted iterations
packers ↓ [ 100% ] 100 VUs  3m30s


  █ THRESHOLDS 

    complete_duration
    ✗ 'p(95)<500' p(95)=1.41s


  █ TOTAL RESULTS 

    checks_total.......: 13100   61.684442/s
    checks_succeeded...: 100.00% 13100 out of 13100
    checks_failed......: 0.00%   0 out of 13100

    ✓ tote-scan 2xx
    ✓ complete 2xx

    CUSTOM
    complete_duration..............: avg=1.08s p(50)=1.04s p(95)=1.41s p(99)=1.95s max=3.09s count=6550 
    measured_complete..............: avg=1.07s p(50)=1.03s p(95)=1.36s p(99)=1.89s max=3.09s count=5645 
    measured_complete_ok...........: 5645   26.580815/s
    measured_detail................: avg=1.05s p(50)=1.01s p(95)=1.34s p(99)=1.89s max=2.96s count=5636 
    measured_reqs..................: 16916  79.652978/s
    measured_scan..................: avg=1.06s p(50)=1.02s p(95)=1.36s p(99)=1.91s max=3.01s count=5635 

    HTTP
    http_req_duration..............: avg=1.07s p(50)=1.03s p(95)=1.41s p(99)=1.98s max=3.22s count=19650
      { expected_response:true }...: avg=1.07s p(50)=1.03s p(95)=1.41s p(99)=1.98s max=3.22s count=19650
    http_req_failed................: 0.00%  0 out of 19650
    http_reqs......................: 19650  92.526663/s

    EXECUTION
    iteration_duration.............: avg=3.22s p(50)=3.19s p(95)=3.88s p(99)=4.66s max=6.46s count=6550 
    iterations.....................: 6550   30.842221/s
    vus............................: 27     min=27         max=100
    vus_max........................: 100    min=100        max=100

    NETWORK
    data_received..................: 11 MB  52 kB/s
    data_sent......................: 4.2 MB 20 kB/s




running (3m32.4s), 000/100 VUs, 6550 complete and 0 interrupted iterations
packers ✓ [ 100% ] 100 VUs  3m30s
time="2026-09-25T10:56:43Z" level=error msg="thresholds on metrics 'complete_duration' have been crossed"
