K6START=1790354765

         /\      Grafana   /‾‾/  
    /\  /  \     |\  __   /  /   
   /  \/    \    | |/ /  /   ‾‾\ 
  /          \   |   (  |  (‾)  |
 / __________ \  |_|\_\  \_____/ 


     execution: local
        script: k6/packing.js
        output: Prometheus remote write (http://172.31.64.6:9090/api/v1/write)

     scenarios: (100.00%) 1 scenario, 100 max VUs, 4m0s max duration (incl. graceful stop):
              * packers: 100 looping VUs for 3m30s (gracefulStop: 30s)


running (0m01.0s), 100/100 VUs, 0 complete and 0 interrupted iterations
packers   [   0% ] 100 VUs  0m01.0s/3m30s

running (0m02.0s), 100/100 VUs, 0 complete and 0 interrupted iterations
packers   [   1% ] 100 VUs  0m02.0s/3m30s

running (0m03.0s), 100/100 VUs, 44 complete and 0 interrupted iterations
packers   [   1% ] 100 VUs  0m03.0s/3m30s

running (0m04.0s), 100/100 VUs, 93 complete and 0 interrupted iterations
packers   [   2% ] 100 VUs  0m04.0s/3m30s

running (0m05.0s), 100/100 VUs, 135 complete and 0 interrupted iterations
packers   [   2% ] 100 VUs  0m05.0s/3m30s

running (0m06.0s), 100/100 VUs, 191 complete and 0 interrupted iterations
packers   [   3% ] 100 VUs  0m06.0s/3m30s

running (0m07.0s), 100/100 VUs, 253 complete and 0 interrupted iterations
packers   [   3% ] 100 VUs  0m07.0s/3m30s

running (0m08.0s), 100/100 VUs, 321 complete and 0 interrupted iterations
packers   [   4% ] 100 VUs  0m08.0s/3m30s

running (0m09.0s), 100/100 VUs, 397 complete and 0 interrupted iterations
packers   [   4% ] 100 VUs  0m09.0s/3m30s

running (0m10.0s), 100/100 VUs, 455 complete and 0 interrupted iterations
packers   [   5% ] 100 VUs  0m10.0s/3m30s

running (0m11.0s), 100/100 VUs, 525 complete and 0 interrupted iterations
packers   [   5% ] 100 VUs  0m11.0s/3m30s

running (0m12.0s), 100/100 VUs, 605 complete and 0 interrupted iterations
packers   [   6% ] 100 VUs  0m12.0s/3m30s

running (0m13.0s), 100/100 VUs, 680 complete and 0 interrupted iterations
packers   [   6% ] 100 VUs  0m13.0s/3m30s

running (0m14.0s), 100/100 VUs, 761 complete and 0 interrupted iterations
packers   [   7% ] 100 VUs  0m14.0s/3m30s

running (0m15.0s), 100/100 VUs, 841 complete and 0 interrupted iterations
packers   [   7% ] 100 VUs  0m15.0s/3m30s

running (0m16.0s), 100/100 VUs, 919 complete and 0 interrupted iterations
packers   [   8% ] 100 VUs  0m16.0s/3m30s

running (0m17.0s), 100/100 VUs, 1005 complete and 0 interrupted iterations
packers   [   8% ] 100 VUs  0m17.0s/3m30s

running (0m18.0s), 100/100 VUs, 1095 complete and 0 interrupted iterations
packers   [   9% ] 100 VUs  0m18.0s/3m30s

running (0m19.0s), 100/100 VUs, 1150 complete and 0 interrupted iterations
packers   [   9% ] 100 VUs  0m19.0s/3m30s

running (0m20.0s), 100/100 VUs, 1244 complete and 0 interrupted iterations
packers   [  10% ] 100 VUs  0m20.0s/3m30s

running (0m21.0s), 100/100 VUs, 1342 complete and 0 interrupted iterations
packers   [  10% ] 100 VUs  0m21.0s/3m30s

running (0m22.0s), 100/100 VUs, 1446 complete and 0 interrupted iterations
packers   [  10% ] 100 VUs  0m22.0s/3m30s

running (0m23.0s), 100/100 VUs, 1553 complete and 0 interrupted iterations
packers   [  11% ] 100 VUs  0m23.0s/3m30s

running (0m24.0s), 100/100 VUs, 1664 complete and 0 interrupted iterations
packers   [  11% ] 100 VUs  0m24.0s/3m30s

running (0m25.0s), 100/100 VUs, 1756 complete and 0 interrupted iterations
packers   [  12% ] 100 VUs  0m25.0s/3m30s

running (0m26.0s), 100/100 VUs, 1869 complete and 0 interrupted iterations
packers   [  12% ] 100 VUs  0m26.0s/3m30s

running (0m27.0s), 100/100 VUs, 1986 complete and 0 interrupted iterations
packers   [  13% ] 100 VUs  0m27.0s/3m30s

running (0m28.0s), 100/100 VUs, 2091 complete and 0 interrupted iterations
packers   [  13% ] 100 VUs  0m28.0s/3m30s

running (0m29.0s), 100/100 VUs, 2198 complete and 0 interrupted iterations
packers   [  14% ] 100 VUs  0m29.0s/3m30s

running (0m30.0s), 100/100 VUs, 2311 complete and 0 interrupted iterations
packers   [  14% ] 100 VUs  0m30.0s/3m30s

running (0m31.0s), 100/100 VUs, 2418 complete and 0 interrupted iterations
packers   [  15% ] 100 VUs  0m31.0s/3m30s

running (0m32.0s), 100/100 VUs, 2527 complete and 0 interrupted iterations
packers   [  15% ] 100 VUs  0m32.0s/3m30s

running (0m33.0s), 100/100 VUs, 2656 complete and 0 interrupted iterations
packers   [  16% ] 100 VUs  0m33.0s/3m30s

running (0m34.0s), 100/100 VUs, 2762 complete and 0 interrupted iterations
packers   [  16% ] 100 VUs  0m34.0s/3m30s

running (0m35.0s), 100/100 VUs, 2876 complete and 0 interrupted iterations
packers   [  17% ] 100 VUs  0m35.0s/3m30s

running (0m36.0s), 100/100 VUs, 3006 complete and 0 interrupted iterations
packers   [  17% ] 100 VUs  0m36.0s/3m30s

running (0m37.0s), 100/100 VUs, 3126 complete and 0 interrupted iterations
packers   [  18% ] 100 VUs  0m37.0s/3m30s

running (0m38.0s), 100/100 VUs, 3249 complete and 0 interrupted iterations
packers   [  18% ] 100 VUs  0m38.0s/3m30s

running (0m39.0s), 100/100 VUs, 3386 complete and 0 interrupted iterations
packers   [  19% ] 100 VUs  0m39.0s/3m30s

running (0m40.0s), 100/100 VUs, 3490 complete and 0 interrupted iterations
packers   [  19% ] 100 VUs  0m40.0s/3m30s

running (0m41.0s), 100/100 VUs, 3604 complete and 0 interrupted iterations
packers   [  20% ] 100 VUs  0m41.0s/3m30s

running (0m42.0s), 100/100 VUs, 3740 complete and 0 interrupted iterations
packers   [  20% ] 100 VUs  0m42.0s/3m30s

running (0m43.0s), 100/100 VUs, 3869 complete and 0 interrupted iterations
packers   [  20% ] 100 VUs  0m43.0s/3m30s

running (0m44.0s), 100/100 VUs, 4013 complete and 0 interrupted iterations
packers   [  21% ] 100 VUs  0m44.0s/3m30s

running (0m45.0s), 100/100 VUs, 4145 complete and 0 interrupted iterations
packers   [  21% ] 100 VUs  0m45.0s/3m30s

running (0m46.0s), 100/100 VUs, 4289 complete and 0 interrupted iterations
packers   [  22% ] 100 VUs  0m46.0s/3m30s

running (0m47.0s), 100/100 VUs, 4425 complete and 0 interrupted iterations
packers   [  22% ] 100 VUs  0m47.0s/3m30s

running (0m48.0s), 100/100 VUs, 4568 complete and 0 interrupted iterations
packers   [  23% ] 100 VUs  0m48.0s/3m30s

running (0m49.0s), 100/100 VUs, 4698 complete and 0 interrupted iterations
packers   [  23% ] 100 VUs  0m49.0s/3m30s

running (0m50.0s), 100/100 VUs, 4836 complete and 0 interrupted iterations
packers   [  24% ] 100 VUs  0m50.0s/3m30s

running (0m51.0s), 100/100 VUs, 4992 complete and 0 interrupted iterations
packers   [  24% ] 100 VUs  0m51.0s/3m30s

running (0m52.0s), 100/100 VUs, 5142 complete and 0 interrupted iterations
packers   [  25% ] 100 VUs  0m52.0s/3m30s

running (0m53.0s), 100/100 VUs, 5287 complete and 0 interrupted iterations
packers   [  25% ] 100 VUs  0m53.0s/3m30s

running (0m54.0s), 100/100 VUs, 5442 complete and 0 interrupted iterations
packers   [  26% ] 100 VUs  0m54.0s/3m30s

running (0m55.0s), 100/100 VUs, 5568 complete and 0 interrupted iterations
packers   [  26% ] 100 VUs  0m55.0s/3m30s

running (0m56.0s), 100/100 VUs, 5708 complete and 0 interrupted iterations
packers   [  27% ] 100 VUs  0m56.0s/3m30s

running (0m57.0s), 100/100 VUs, 5855 complete and 0 interrupted iterations
packers   [  27% ] 100 VUs  0m57.0s/3m30s

running (0m58.0s), 100/100 VUs, 5995 complete and 0 interrupted iterations
packers   [  28% ] 100 VUs  0m58.0s/3m30s

running (0m59.0s), 100/100 VUs, 6144 complete and 0 interrupted iterations
packers   [  28% ] 100 VUs  0m59.0s/3m30s

running (1m00.0s), 100/100 VUs, 6257 complete and 0 interrupted iterations
packers   [  29% ] 100 VUs  1m00.0s/3m30s

running (1m01.0s), 100/100 VUs, 6346 complete and 0 interrupted iterations
packers   [  29% ] 100 VUs  1m01.0s/3m30s

running (1m02.0s), 100/100 VUs, 6516 complete and 0 interrupted iterations
packers   [  30% ] 100 VUs  1m02.0s/3m30s

running (1m03.0s), 100/100 VUs, 6681 complete and 0 interrupted iterations
packers   [  30% ] 100 VUs  1m03.0s/3m30s

running (1m04.0s), 100/100 VUs, 6819 complete and 0 interrupted iterations
packers   [  30% ] 100 VUs  1m04.0s/3m30s

running (1m05.0s), 100/100 VUs, 6965 complete and 0 interrupted iterations
packers   [  31% ] 100 VUs  1m05.0s/3m30s

running (1m06.0s), 100/100 VUs, 7117 complete and 0 interrupted iterations
packers   [  31% ] 100 VUs  1m06.0s/3m30s

running (1m07.0s), 100/100 VUs, 7286 complete and 0 interrupted iterations
packers   [  32% ] 100 VUs  1m07.0s/3m30s

running (1m08.0s), 100/100 VUs, 7446 complete and 0 interrupted iterations
packers   [  32% ] 100 VUs  1m08.0s/3m30s

running (1m09.0s), 100/100 VUs, 7593 complete and 0 interrupted iterations
packers   [  33% ] 100 VUs  1m09.0s/3m30s

running (1m10.0s), 100/100 VUs, 7749 complete and 0 interrupted iterations
packers   [  33% ] 100 VUs  1m10.0s/3m30s

running (1m11.0s), 100/100 VUs, 7917 complete and 0 interrupted iterations
packers   [  34% ] 100 VUs  1m11.0s/3m30s

running (1m12.0s), 100/100 VUs, 8085 complete and 0 interrupted iterations
packers   [  34% ] 100 VUs  1m12.0s/3m30s

running (1m13.0s), 100/100 VUs, 8222 complete and 0 interrupted iterations
packers   [  35% ] 100 VUs  1m13.0s/3m30s

running (1m14.0s), 100/100 VUs, 8381 complete and 0 interrupted iterations
packers   [  35% ] 100 VUs  1m14.0s/3m30s

running (1m15.0s), 100/100 VUs, 8516 complete and 0 interrupted iterations
packers   [  36% ] 100 VUs  1m15.0s/3m30s

running (1m16.0s), 100/100 VUs, 8674 complete and 0 interrupted iterations
packers   [  36% ] 100 VUs  1m16.0s/3m30s

running (1m17.0s), 100/100 VUs, 8802 complete and 0 interrupted iterations
packers   [  37% ] 100 VUs  1m17.0s/3m30s

running (1m18.0s), 100/100 VUs, 8960 complete and 0 interrupted iterations
packers   [  37% ] 100 VUs  1m18.0s/3m30s

running (1m19.0s), 100/100 VUs, 9091 complete and 0 interrupted iterations
packers   [  38% ] 100 VUs  1m19.0s/3m30s

running (1m20.0s), 100/100 VUs, 9228 complete and 0 interrupted iterations
packers   [  38% ] 100 VUs  1m20.0s/3m30s

running (1m21.0s), 100/100 VUs, 9372 complete and 0 interrupted iterations
packers   [  39% ] 100 VUs  1m21.0s/3m30s

running (1m22.0s), 100/100 VUs, 9536 complete and 0 interrupted iterations
packers   [  39% ] 100 VUs  1m22.0s/3m30s

running (1m23.0s), 100/100 VUs, 9690 complete and 0 interrupted iterations
packers   [  40% ] 100 VUs  1m23.0s/3m30s

running (1m24.0s), 100/100 VUs, 9832 complete and 0 interrupted iterations
packers   [  40% ] 100 VUs  1m24.0s/3m30s

running (1m25.0s), 100/100 VUs, 9960 complete and 0 interrupted iterations
packers   [  40% ] 100 VUs  1m25.0s/3m30s

running (1m26.0s), 100/100 VUs, 10100 complete and 0 interrupted iterations
packers   [  41% ] 100 VUs  1m26.0s/3m30s

running (1m27.0s), 100/100 VUs, 10254 complete and 0 interrupted iterations
packers   [  41% ] 100 VUs  1m27.0s/3m30s

running (1m28.0s), 100/100 VUs, 10397 complete and 0 interrupted iterations
packers   [  42% ] 100 VUs  1m28.0s/3m30s

running (1m29.0s), 100/100 VUs, 10547 complete and 0 interrupted iterations
packers   [  42% ] 100 VUs  1m29.0s/3m30s

running (1m30.0s), 100/100 VUs, 10697 complete and 0 interrupted iterations
packers   [  43% ] 100 VUs  1m30.0s/3m30s

running (1m31.0s), 100/100 VUs, 10831 complete and 0 interrupted iterations
packers   [  43% ] 100 VUs  1m31.0s/3m30s

running (1m32.0s), 100/100 VUs, 10973 complete and 0 interrupted iterations
packers   [  44% ] 100 VUs  1m32.0s/3m30s

running (1m33.0s), 100/100 VUs, 11127 complete and 0 interrupted iterations
packers   [  44% ] 100 VUs  1m33.0s/3m30s

running (1m34.0s), 100/100 VUs, 11259 complete and 0 interrupted iterations
packers   [  45% ] 100 VUs  1m34.0s/3m30s

running (1m35.0s), 100/100 VUs, 11393 complete and 0 interrupted iterations
packers   [  45% ] 100 VUs  1m35.0s/3m30s

running (1m36.0s), 100/100 VUs, 11539 complete and 0 interrupted iterations
packers   [  46% ] 100 VUs  1m36.0s/3m30s

running (1m37.0s), 100/100 VUs, 11675 complete and 0 interrupted iterations
packers   [  46% ] 100 VUs  1m37.0s/3m30s

running (1m38.0s), 100/100 VUs, 11798 complete and 0 interrupted iterations
packers   [  47% ] 100 VUs  1m38.0s/3m30s

running (1m39.0s), 100/100 VUs, 11950 complete and 0 interrupted iterations
packers   [  47% ] 100 VUs  1m39.0s/3m30s

running (1m40.0s), 100/100 VUs, 12072 complete and 0 interrupted iterations
packers   [  48% ] 100 VUs  1m40.0s/3m30s

running (1m41.0s), 100/100 VUs, 12201 complete and 0 interrupted iterations
packers   [  48% ] 100 VUs  1m41.0s/3m30s

running (1m42.0s), 100/100 VUs, 12357 complete and 0 interrupted iterations
packers   [  49% ] 100 VUs  1m42.0s/3m30s

running (1m43.0s), 100/100 VUs, 12499 complete and 0 interrupted iterations
packers   [  49% ] 100 VUs  1m43.0s/3m30s

running (1m44.0s), 100/100 VUs, 12639 complete and 0 interrupted iterations
packers   [  50% ] 100 VUs  1m44.0s/3m30s

running (1m45.0s), 100/100 VUs, 12788 complete and 0 interrupted iterations
packers   [  50% ] 100 VUs  1m45.0s/3m30s

running (1m46.0s), 100/100 VUs, 12948 complete and 0 interrupted iterations
packers   [  50% ] 100 VUs  1m46.0s/3m30s

running (1m47.0s), 100/100 VUs, 13115 complete and 0 interrupted iterations
packers   [  51% ] 100 VUs  1m47.0s/3m30s

running (1m48.0s), 100/100 VUs, 13258 complete and 0 interrupted iterations
packers   [  51% ] 100 VUs  1m48.0s/3m30s

running (1m49.0s), 100/100 VUs, 13354 complete and 0 interrupted iterations
packers   [  52% ] 100 VUs  1m49.0s/3m30s

running (1m50.0s), 100/100 VUs, 13487 complete and 0 interrupted iterations
packers   [  52% ] 100 VUs  1m50.0s/3m30s

running (1m51.0s), 100/100 VUs, 13651 complete and 0 interrupted iterations
packers   [  53% ] 100 VUs  1m51.0s/3m30s

running (1m52.0s), 100/100 VUs, 13819 complete and 0 interrupted iterations
packers   [  53% ] 100 VUs  1m52.0s/3m30s

running (1m53.0s), 100/100 VUs, 13982 complete and 0 interrupted iterations
packers   [  54% ] 100 VUs  1m53.0s/3m30s

running (1m54.0s), 100/100 VUs, 14139 complete and 0 interrupted iterations
packers   [  54% ] 100 VUs  1m54.0s/3m30s

running (1m55.0s), 100/100 VUs, 14254 complete and 0 interrupted iterations
packers   [  55% ] 100 VUs  1m55.0s/3m30s

running (1m56.0s), 100/100 VUs, 14353 complete and 0 interrupted iterations
packers   [  55% ] 100 VUs  1m56.0s/3m30s

running (1m57.0s), 100/100 VUs, 14495 complete and 0 interrupted iterations
packers   [  56% ] 100 VUs  1m57.0s/3m30s

running (1m58.0s), 100/100 VUs, 14643 complete and 0 interrupted iterations
packers   [  56% ] 100 VUs  1m58.0s/3m30s

running (1m59.0s), 100/100 VUs, 14794 complete and 0 interrupted iterations
packers   [  57% ] 100 VUs  1m59.0s/3m30s

running (2m00.0s), 100/100 VUs, 14942 complete and 0 interrupted iterations
packers   [  57% ] 100 VUs  2m00.0s/3m30s

running (2m01.0s), 100/100 VUs, 15089 complete and 0 interrupted iterations
packers   [  58% ] 100 VUs  2m01.0s/3m30s

running (2m02.0s), 100/100 VUs, 15232 complete and 0 interrupted iterations
packers   [  58% ] 100 VUs  2m02.0s/3m30s

running (2m03.0s), 100/100 VUs, 15389 complete and 0 interrupted iterations
packers   [  59% ] 100 VUs  2m03.0s/3m30s

running (2m04.0s), 100/100 VUs, 15518 complete and 0 interrupted iterations
packers   [  59% ] 100 VUs  2m04.0s/3m30s

running (2m05.0s), 100/100 VUs, 15659 complete and 0 interrupted iterations
packers   [  60% ] 100 VUs  2m05.0s/3m30s

running (2m06.0s), 100/100 VUs, 15807 complete and 0 interrupted iterations
packers   [  60% ] 100 VUs  2m06.0s/3m30s

running (2m07.0s), 100/100 VUs, 15940 complete and 0 interrupted iterations
packers   [  60% ] 100 VUs  2m07.0s/3m30s

running (2m08.0s), 100/100 VUs, 16088 complete and 0 interrupted iterations
packers   [  61% ] 100 VUs  2m08.0s/3m30s

running (2m09.0s), 100/100 VUs, 16254 complete and 0 interrupted iterations
packers   [  61% ] 100 VUs  2m09.0s/3m30s

running (2m10.0s), 100/100 VUs, 16387 complete and 0 interrupted iterations
packers   [  62% ] 100 VUs  2m10.0s/3m30s

running (2m11.0s), 100/100 VUs, 16537 complete and 0 interrupted iterations
packers   [  62% ] 100 VUs  2m11.0s/3m30s

running (2m12.0s), 100/100 VUs, 16682 complete and 0 interrupted iterations
packers   [  63% ] 100 VUs  2m12.0s/3m30s

running (2m13.0s), 100/100 VUs, 16785 complete and 0 interrupted iterations
packers   [  63% ] 100 VUs  2m13.0s/3m30s

running (2m14.0s), 100/100 VUs, 16949 complete and 0 interrupted iterations
packers   [  64% ] 100 VUs  2m14.0s/3m30s

running (2m15.0s), 100/100 VUs, 17087 complete and 0 interrupted iterations
packers   [  64% ] 100 VUs  2m15.0s/3m30s

running (2m16.0s), 100/100 VUs, 17237 complete and 0 interrupted iterations
packers   [  65% ] 100 VUs  2m16.0s/3m30s

running (2m17.0s), 100/100 VUs, 17367 complete and 0 interrupted iterations
packers   [  65% ] 100 VUs  2m17.0s/3m30s

running (2m18.0s), 100/100 VUs, 17514 complete and 0 interrupted iterations
packers   [  66% ] 100 VUs  2m18.0s/3m30s

running (2m19.0s), 100/100 VUs, 17605 complete and 0 interrupted iterations
packers   [  66% ] 100 VUs  2m19.0s/3m30s

running (2m20.0s), 100/100 VUs, 17743 complete and 0 interrupted iterations
packers   [  67% ] 100 VUs  2m20.0s/3m30s

running (2m21.0s), 100/100 VUs, 17913 complete and 0 interrupted iterations
packers   [  67% ] 100 VUs  2m21.0s/3m30s

running (2m22.0s), 100/100 VUs, 18073 complete and 0 interrupted iterations
packers   [  68% ] 100 VUs  2m22.0s/3m30s

running (2m23.0s), 100/100 VUs, 18237 complete and 0 interrupted iterations
packers   [  68% ] 100 VUs  2m23.0s/3m30s

running (2m24.0s), 100/100 VUs, 18397 complete and 0 interrupted iterations
packers   [  69% ] 100 VUs  2m24.0s/3m30s

running (2m25.0s), 100/100 VUs, 18522 complete and 0 interrupted iterations
packers   [  69% ] 100 VUs  2m25.0s/3m30s

running (2m26.0s), 100/100 VUs, 18660 complete and 0 interrupted iterations
packers   [  70% ] 100 VUs  2m26.0s/3m30s

running (2m27.0s), 100/100 VUs, 18816 complete and 0 interrupted iterations
packers   [  70% ] 100 VUs  2m27.0s/3m30s

running (2m28.0s), 100/100 VUs, 18964 complete and 0 interrupted iterations
packers   [  70% ] 100 VUs  2m28.0s/3m30s

running (2m29.0s), 100/100 VUs, 19115 complete and 0 interrupted iterations
packers   [  71% ] 100 VUs  2m29.0s/3m30s

running (2m30.0s), 100/100 VUs, 19260 complete and 0 interrupted iterations
packers   [  71% ] 100 VUs  2m30.0s/3m30s

running (2m31.0s), 100/100 VUs, 19414 complete and 0 interrupted iterations
packers   [  72% ] 100 VUs  2m31.0s/3m30s

running (2m32.0s), 100/100 VUs, 19537 complete and 0 interrupted iterations
packers   [  72% ] 100 VUs  2m32.0s/3m30s

running (2m33.0s), 100/100 VUs, 19693 complete and 0 interrupted iterations
packers   [  73% ] 100 VUs  2m33.0s/3m30s

running (2m34.0s), 100/100 VUs, 19824 complete and 0 interrupted iterations
packers   [  73% ] 100 VUs  2m34.0s/3m30s

running (2m35.0s), 100/100 VUs, 19953 complete and 0 interrupted iterations
packers   [  74% ] 100 VUs  2m35.0s/3m30s

running (2m36.0s), 100/100 VUs, 20106 complete and 0 interrupted iterations
packers   [  74% ] 100 VUs  2m36.0s/3m30s

running (2m37.0s), 100/100 VUs, 20217 complete and 0 interrupted iterations
packers   [  75% ] 100 VUs  2m37.0s/3m30s

running (2m38.0s), 100/100 VUs, 20343 complete and 0 interrupted iterations
packers   [  75% ] 100 VUs  2m38.0s/3m30s

running (2m39.0s), 100/100 VUs, 20479 complete and 0 interrupted iterations
packers   [  76% ] 100 VUs  2m39.0s/3m30s

running (2m40.0s), 100/100 VUs, 20601 complete and 0 interrupted iterations
packers   [  76% ] 100 VUs  2m40.0s/3m30s

running (2m41.0s), 100/100 VUs, 20731 complete and 0 interrupted iterations
packers   [  77% ] 100 VUs  2m41.0s/3m30s

running (2m42.0s), 100/100 VUs, 20882 complete and 0 interrupted iterations
packers   [  77% ] 100 VUs  2m42.0s/3m30s

running (2m43.0s), 100/100 VUs, 20988 complete and 0 interrupted iterations
packers   [  78% ] 100 VUs  2m43.0s/3m30s

running (2m44.0s), 100/100 VUs, 21114 complete and 0 interrupted iterations
packers   [  78% ] 100 VUs  2m44.0s/3m30s

running (2m45.0s), 100/100 VUs, 21251 complete and 0 interrupted iterations
packers   [  79% ] 100 VUs  2m45.0s/3m30s

running (2m46.0s), 100/100 VUs, 21409 complete and 0 interrupted iterations
packers   [  79% ] 100 VUs  2m46.0s/3m30s

running (2m47.0s), 100/100 VUs, 21552 complete and 0 interrupted iterations
packers   [  80% ] 100 VUs  2m47.0s/3m30s

running (2m48.0s), 100/100 VUs, 21709 complete and 0 interrupted iterations
packers   [  80% ] 100 VUs  2m48.0s/3m30s

running (2m49.0s), 100/100 VUs, 21818 complete and 0 interrupted iterations
packers   [  80% ] 100 VUs  2m49.0s/3m30s

running (2m50.0s), 100/100 VUs, 21940 complete and 0 interrupted iterations
packers   [  81% ] 100 VUs  2m50.0s/3m30s

running (2m51.0s), 100/100 VUs, 22101 complete and 0 interrupted iterations
packers   [  81% ] 100 VUs  2m51.0s/3m30s

running (2m52.0s), 100/100 VUs, 22253 complete and 0 interrupted iterations
packers   [  82% ] 100 VUs  2m52.0s/3m30s

running (2m53.0s), 100/100 VUs, 22405 complete and 0 interrupted iterations
packers   [  82% ] 100 VUs  2m53.0s/3m30s

running (2m54.0s), 100/100 VUs, 22548 complete and 0 interrupted iterations
packers   [  83% ] 100 VUs  2m54.0s/3m30s

running (2m55.0s), 100/100 VUs, 22656 complete and 0 interrupted iterations
packers   [  83% ] 100 VUs  2m55.0s/3m30s

running (2m56.0s), 100/100 VUs, 22762 complete and 0 interrupted iterations
packers   [  84% ] 100 VUs  2m56.0s/3m30s

running (2m57.0s), 100/100 VUs, 22905 complete and 0 interrupted iterations
packers   [  84% ] 100 VUs  2m57.0s/3m30s

running (2m58.0s), 100/100 VUs, 23050 complete and 0 interrupted iterations
packers   [  85% ] 100 VUs  2m58.0s/3m30s

running (2m59.0s), 100/100 VUs, 23192 complete and 0 interrupted iterations
packers   [  85% ] 100 VUs  2m59.0s/3m30s

running (3m00.0s), 100/100 VUs, 23329 complete and 0 interrupted iterations
packers   [  86% ] 100 VUs  3m00.0s/3m30s

running (3m01.0s), 100/100 VUs, 23452 complete and 0 interrupted iterations
packers   [  86% ] 100 VUs  3m01.0s/3m30s

running (3m02.0s), 100/100 VUs, 23577 complete and 0 interrupted iterations
packers   [  87% ] 100 VUs  3m02.0s/3m30s

running (3m03.0s), 100/100 VUs, 23725 complete and 0 interrupted iterations
packers   [  87% ] 100 VUs  3m03.0s/3m30s

running (3m04.0s), 100/100 VUs, 23863 complete and 0 interrupted iterations
packers   [  88% ] 100 VUs  3m04.0s/3m30s

running (3m05.0s), 100/100 VUs, 23995 complete and 0 interrupted iterations
packers   [  88% ] 100 VUs  3m05.0s/3m30s

running (3m06.0s), 100/100 VUs, 24145 complete and 0 interrupted iterations
packers   [  89% ] 100 VUs  3m06.0s/3m30s

running (3m07.0s), 100/100 VUs, 24295 complete and 0 interrupted iterations
packers   [  89% ] 100 VUs  3m07.0s/3m30s

running (3m08.0s), 100/100 VUs, 24424 complete and 0 interrupted iterations
packers   [  90% ] 100 VUs  3m08.0s/3m30s

running (3m09.0s), 100/100 VUs, 24570 complete and 0 interrupted iterations
packers   [  90% ] 100 VUs  3m09.0s/3m30s

running (3m10.0s), 100/100 VUs, 24702 complete and 0 interrupted iterations
packers   [  90% ] 100 VUs  3m10.0s/3m30s

running (3m11.0s), 100/100 VUs, 24864 complete and 0 interrupted iterations
packers   [  91% ] 100 VUs  3m11.0s/3m30s

running (3m12.0s), 100/100 VUs, 25015 complete and 0 interrupted iterations
packers   [  91% ] 100 VUs  3m12.0s/3m30s

running (3m13.0s), 100/100 VUs, 25144 complete and 0 interrupted iterations
packers   [  92% ] 100 VUs  3m13.0s/3m30s

running (3m14.0s), 100/100 VUs, 25270 complete and 0 interrupted iterations
packers   [  92% ] 100 VUs  3m14.0s/3m30s

running (3m15.0s), 100/100 VUs, 25398 complete and 0 interrupted iterations
packers   [  93% ] 100 VUs  3m15.0s/3m30s

running (3m16.0s), 100/100 VUs, 25536 complete and 0 interrupted iterations
packers   [  93% ] 100 VUs  3m16.0s/3m30s

running (3m17.0s), 100/100 VUs, 25661 complete and 0 interrupted iterations
packers   [  94% ] 100 VUs  3m17.0s/3m30s

running (3m18.0s), 100/100 VUs, 25805 complete and 0 interrupted iterations
packers   [  94% ] 100 VUs  3m18.0s/3m30s

running (3m19.0s), 100/100 VUs, 25917 complete and 0 interrupted iterations
packers   [  95% ] 100 VUs  3m19.0s/3m30s

running (3m20.0s), 100/100 VUs, 26022 complete and 0 interrupted iterations
packers   [  95% ] 100 VUs  3m20.0s/3m30s

running (3m21.0s), 100/100 VUs, 26145 complete and 0 interrupted iterations
packers   [  96% ] 100 VUs  3m21.0s/3m30s

running (3m22.0s), 100/100 VUs, 26295 complete and 0 interrupted iterations
packers   [  96% ] 100 VUs  3m22.0s/3m30s

running (3m23.0s), 100/100 VUs, 26444 complete and 0 interrupted iterations
packers   [  97% ] 100 VUs  3m23.0s/3m30s

running (3m24.0s), 100/100 VUs, 26594 complete and 0 interrupted iterations
packers   [  97% ] 100 VUs  3m24.0s/3m30s

running (3m25.0s), 100/100 VUs, 26733 complete and 0 interrupted iterations
packers   [  98% ] 100 VUs  3m25.0s/3m30s

running (3m26.0s), 100/100 VUs, 26869 complete and 0 interrupted iterations
packers   [  98% ] 100 VUs  3m26.0s/3m30s

running (3m27.0s), 100/100 VUs, 26992 complete and 0 interrupted iterations
packers   [  99% ] 100 VUs  3m27.0s/3m30s

running (3m28.0s), 100/100 VUs, 27134 complete and 0 interrupted iterations
packers   [  99% ] 100 VUs  3m28.0s/3m30s

running (3m29.0s), 100/100 VUs, 27264 complete and 0 interrupted iterations
packers   [ 100% ] 100 VUs  3m29.0s/3m30s

running (3m30.0s), 100/100 VUs, 27406 complete and 0 interrupted iterations
packers   [ 100% ] 100 VUs  3m30.0s/3m30s


  █ THRESHOLDS 

    complete_duration
    ✗ 'p(95)<500' p(95)=935.37ms


  █ TOTAL RESULTS 

    checks_total.......: 82536   391.542409/s
    checks_succeeded...: 100.00% 82536 out of 82536
    checks_failed......: 0.00%   0 out of 82536

    ✓ tote-scan 2xx
    ✓ shipment-detail 2xx
    ✓ complete 2xx

    CUSTOM
    complete_duration..............: avg=361ms    p(50)=258.15ms p(95)=935.37ms p(99)=1.3s     max=2.78s    count=27512
    measured_complete..............: avg=341.4ms  p(50)=252.47ms p(95)=884.71ms p(99)=1.17s    max=2.39s    count=25097
    measured_complete_ok...........: 25097 119.057621/s
    measured_detail................: avg=184.61ms p(50)=173.01ms p(95)=327.85ms p(99)=465.31ms max=1.06s    count=25098
    measured_reqs..................: 75290 357.16812/s
    measured_scan..................: avg=190.86ms p(50)=178.94ms p(95)=340.87ms p(99)=476.8ms  max=956.51ms count=25095

    HTTP
    http_req_duration..............: avg=254.64ms p(50)=193.67ms p(95)=677.55ms p(99)=1.09s    max=2.78s    count=82536
      { expected_response:true }...: avg=254.64ms p(50)=193.67ms p(95)=677.55ms p(99)=1.09s    max=2.78s    count=82536
    http_req_failed................: 0.00% 0 out of 82536
    http_reqs......................: 82536 391.542409/s

    EXECUTION
    iteration_duration.............: avg=764.45ms p(50)=647.5ms  p(95)=1.44s    p(99)=2.17s    max=4.56s    count=27512
    iterations.....................: 27512 130.514136/s
    vus............................: 100   min=100        max=100
    vus_max........................: 100   min=100        max=100

    NETWORK
    data_received..................: 46 MB 220 kB/s
    data_sent......................: 18 MB 83 kB/s




running (3m30.8s), 000/100 VUs, 27512 complete and 0 interrupted iterations
packers ✓ [ 100% ] 100 VUs  3m30s
time="2026-09-25T16:49:36Z" level=error msg="thresholds on metrics 'complete_duration' have been crossed"
