K6START=1790430155

         /\      Grafana   /‾‾/  
    /\  /  \     |\  __   /  /   
   /  \/    \    | |/ /  /   ‾‾\ 
  /          \   |   (  |  (‾)  |
 / __________ \  |_|\_\  \_____/ 


     execution: local
        script: k6/packing.js
        output: Prometheus remote write (http://172.31.64.6:9090/api/v1/write)

     scenarios: (100.00%) 1 scenario, 100 max VUs, 2m0s max duration (incl. graceful stop):
              * packers: 100 looping VUs for 1m30s (gracefulStop: 30s)


running (0m01.0s), 100/100 VUs, 0 complete and 0 interrupted iterations
packers   [   1% ] 100 VUs  0m01.0s/1m30s

running (0m02.0s), 100/100 VUs, 10 complete and 0 interrupted iterations
packers   [   2% ] 100 VUs  0m02.0s/1m30s

running (0m03.0s), 100/100 VUs, 47 complete and 0 interrupted iterations
packers   [   3% ] 100 VUs  0m03.0s/1m30s

running (0m04.0s), 100/100 VUs, 105 complete and 0 interrupted iterations
packers   [   4% ] 100 VUs  0m04.0s/1m30s

running (0m05.0s), 100/100 VUs, 159 complete and 0 interrupted iterations
packers   [   6% ] 100 VUs  0m05.0s/1m30s

running (0m06.0s), 100/100 VUs, 216 complete and 0 interrupted iterations
packers   [   7% ] 100 VUs  0m06.0s/1m30s

running (0m07.0s), 100/100 VUs, 276 complete and 0 interrupted iterations
packers   [   8% ] 100 VUs  0m07.0s/1m30s

running (0m08.0s), 100/100 VUs, 340 complete and 0 interrupted iterations
packers   [   9% ] 100 VUs  0m08.0s/1m30s

running (0m09.0s), 100/100 VUs, 420 complete and 0 interrupted iterations
packers   [  10% ] 100 VUs  0m09.0s/1m30s

running (0m10.0s), 100/100 VUs, 470 complete and 0 interrupted iterations
packers   [  11% ] 100 VUs  0m10.0s/1m30s

running (0m11.0s), 100/100 VUs, 564 complete and 0 interrupted iterations
packers   [  12% ] 100 VUs  0m11.0s/1m30s

running (0m12.0s), 100/100 VUs, 648 complete and 0 interrupted iterations
packers   [  13% ] 100 VUs  0m12.0s/1m30s

running (0m13.0s), 100/100 VUs, 727 complete and 0 interrupted iterations
packers   [  14% ] 100 VUs  0m13.0s/1m30s

running (0m14.0s), 100/100 VUs, 817 complete and 0 interrupted iterations
packers   [  16% ] 100 VUs  0m14.0s/1m30s

running (0m15.0s), 100/100 VUs, 911 complete and 0 interrupted iterations
packers   [  17% ] 100 VUs  0m15.0s/1m30s

running (0m16.0s), 100/100 VUs, 997 complete and 0 interrupted iterations
packers   [  18% ] 100 VUs  0m16.0s/1m30s

running (0m17.0s), 100/100 VUs, 1094 complete and 0 interrupted iterations
packers   [  19% ] 100 VUs  0m17.0s/1m30s

running (0m18.0s), 100/100 VUs, 1183 complete and 0 interrupted iterations
packers   [  20% ] 100 VUs  0m18.0s/1m30s

running (0m19.0s), 100/100 VUs, 1277 complete and 0 interrupted iterations
packers   [  21% ] 100 VUs  0m19.0s/1m30s

running (0m20.0s), 100/100 VUs, 1382 complete and 0 interrupted iterations
packers   [  22% ] 100 VUs  0m20.0s/1m30s

running (0m21.0s), 100/100 VUs, 1495 complete and 0 interrupted iterations
packers   [  23% ] 100 VUs  0m21.0s/1m30s

running (0m22.0s), 100/100 VUs, 1606 complete and 0 interrupted iterations
packers   [  24% ] 100 VUs  0m22.0s/1m30s

running (0m23.0s), 100/100 VUs, 1720 complete and 0 interrupted iterations
packers   [  26% ] 100 VUs  0m23.0s/1m30s

running (0m24.0s), 100/100 VUs, 1837 complete and 0 interrupted iterations
packers   [  27% ] 100 VUs  0m24.0s/1m30s

running (0m25.0s), 100/100 VUs, 1926 complete and 0 interrupted iterations
packers   [  28% ] 100 VUs  0m25.0s/1m30s

running (0m26.0s), 100/100 VUs, 2048 complete and 0 interrupted iterations
packers   [  29% ] 100 VUs  0m26.0s/1m30s

running (0m27.0s), 100/100 VUs, 2175 complete and 0 interrupted iterations
packers   [  30% ] 100 VUs  0m27.0s/1m30s

running (0m28.0s), 100/100 VUs, 2305 complete and 0 interrupted iterations
packers   [  31% ] 100 VUs  0m28.0s/1m30s

running (0m29.0s), 100/100 VUs, 2431 complete and 0 interrupted iterations
packers   [  32% ] 100 VUs  0m29.0s/1m30s

running (0m30.0s), 100/100 VUs, 2574 complete and 0 interrupted iterations
packers   [  33% ] 100 VUs  0m30.0s/1m30s

running (0m31.0s), 100/100 VUs, 2688 complete and 0 interrupted iterations
packers   [  34% ] 100 VUs  0m31.0s/1m30s

running (0m32.0s), 100/100 VUs, 2836 complete and 0 interrupted iterations
packers   [  36% ] 100 VUs  0m32.0s/1m30s

running (0m33.0s), 100/100 VUs, 2966 complete and 0 interrupted iterations
packers   [  37% ] 100 VUs  0m33.0s/1m30s

running (0m34.0s), 100/100 VUs, 3105 complete and 0 interrupted iterations
packers   [  38% ] 100 VUs  0m34.0s/1m30s

running (0m35.0s), 100/100 VUs, 3236 complete and 0 interrupted iterations
packers   [  39% ] 100 VUs  0m35.0s/1m30s

running (0m36.0s), 100/100 VUs, 3380 complete and 0 interrupted iterations
packers   [  40% ] 100 VUs  0m36.0s/1m30s

running (0m37.0s), 100/100 VUs, 3525 complete and 0 interrupted iterations
packers   [  41% ] 100 VUs  0m37.0s/1m30s

running (0m38.0s), 100/100 VUs, 3670 complete and 0 interrupted iterations
packers   [  42% ] 100 VUs  0m38.0s/1m30s

running (0m39.0s), 100/100 VUs, 3795 complete and 0 interrupted iterations
packers   [  43% ] 100 VUs  0m39.0s/1m30s

running (0m40.0s), 100/100 VUs, 3926 complete and 0 interrupted iterations
packers   [  44% ] 100 VUs  0m40.0s/1m30s

running (0m41.0s), 100/100 VUs, 4074 complete and 0 interrupted iterations
packers   [  46% ] 100 VUs  0m41.0s/1m30s

running (0m42.0s), 100/100 VUs, 4238 complete and 0 interrupted iterations
packers   [  47% ] 100 VUs  0m42.0s/1m30s

running (0m43.0s), 100/100 VUs, 4383 complete and 0 interrupted iterations
packers   [  48% ] 100 VUs  0m43.0s/1m30s

running (0m44.0s), 100/100 VUs, 4536 complete and 0 interrupted iterations
packers   [  49% ] 100 VUs  0m44.0s/1m30s

running (0m45.0s), 100/100 VUs, 4679 complete and 0 interrupted iterations
packers   [  50% ] 100 VUs  0m45.0s/1m30s

running (0m46.0s), 100/100 VUs, 4819 complete and 0 interrupted iterations
packers   [  51% ] 100 VUs  0m46.0s/1m30s

running (0m47.0s), 100/100 VUs, 4957 complete and 0 interrupted iterations
packers   [  52% ] 100 VUs  0m47.0s/1m30s

running (0m48.0s), 100/100 VUs, 5101 complete and 0 interrupted iterations
packers   [  53% ] 100 VUs  0m48.0s/1m30s

running (0m49.0s), 100/100 VUs, 5243 complete and 0 interrupted iterations
packers   [  54% ] 100 VUs  0m49.0s/1m30s

running (0m50.0s), 100/100 VUs, 5390 complete and 0 interrupted iterations
packers   [  56% ] 100 VUs  0m50.0s/1m30s

running (0m51.0s), 100/100 VUs, 5540 complete and 0 interrupted iterations
packers   [  57% ] 100 VUs  0m51.0s/1m30s

running (0m52.0s), 100/100 VUs, 5686 complete and 0 interrupted iterations
packers   [  58% ] 100 VUs  0m52.0s/1m30s

running (0m53.0s), 100/100 VUs, 5841 complete and 0 interrupted iterations
packers   [  59% ] 100 VUs  0m53.0s/1m30s

running (0m54.0s), 100/100 VUs, 5995 complete and 0 interrupted iterations
packers   [  60% ] 100 VUs  0m54.0s/1m30s

running (0m55.0s), 100/100 VUs, 6132 complete and 0 interrupted iterations
packers   [  61% ] 100 VUs  0m55.0s/1m30s

running (0m56.0s), 100/100 VUs, 6280 complete and 0 interrupted iterations
packers   [  62% ] 100 VUs  0m56.0s/1m30s

running (0m57.0s), 100/100 VUs, 6422 complete and 0 interrupted iterations
packers   [  63% ] 100 VUs  0m57.0s/1m30s

running (0m58.0s), 100/100 VUs, 6574 complete and 0 interrupted iterations
packers   [  64% ] 100 VUs  0m58.0s/1m30s

running (0m59.0s), 100/100 VUs, 6720 complete and 0 interrupted iterations
packers   [  66% ] 100 VUs  0m59.0s/1m30s

running (1m00.0s), 100/100 VUs, 6873 complete and 0 interrupted iterations
packers   [  67% ] 100 VUs  1m00.0s/1m30s

running (1m01.0s), 100/100 VUs, 7004 complete and 0 interrupted iterations
packers   [  68% ] 100 VUs  1m01.0s/1m30s

running (1m02.0s), 100/100 VUs, 7146 complete and 0 interrupted iterations
packers   [  69% ] 100 VUs  1m02.0s/1m30s

running (1m03.0s), 100/100 VUs, 7284 complete and 0 interrupted iterations
packers   [  70% ] 100 VUs  1m03.0s/1m30s

running (1m04.0s), 100/100 VUs, 7412 complete and 0 interrupted iterations
packers   [  71% ] 100 VUs  1m04.0s/1m30s

running (1m05.0s), 100/100 VUs, 7550 complete and 0 interrupted iterations
packers   [  72% ] 100 VUs  1m05.0s/1m30s

running (1m06.0s), 100/100 VUs, 7701 complete and 0 interrupted iterations
packers   [  73% ] 100 VUs  1m06.0s/1m30s

running (1m07.0s), 100/100 VUs, 7833 complete and 0 interrupted iterations
packers   [  74% ] 100 VUs  1m07.0s/1m30s

running (1m08.0s), 100/100 VUs, 7975 complete and 0 interrupted iterations
packers   [  76% ] 100 VUs  1m08.0s/1m30s

running (1m09.0s), 100/100 VUs, 8123 complete and 0 interrupted iterations
packers   [  77% ] 100 VUs  1m09.0s/1m30s

running (1m10.0s), 100/100 VUs, 8215 complete and 0 interrupted iterations
packers   [  78% ] 100 VUs  1m10.0s/1m30s

running (1m11.0s), 100/100 VUs, 8368 complete and 0 interrupted iterations
packers   [  79% ] 100 VUs  1m11.0s/1m30s

running (1m12.0s), 100/100 VUs, 8514 complete and 0 interrupted iterations
packers   [  80% ] 100 VUs  1m12.0s/1m30s

running (1m13.0s), 100/100 VUs, 8657 complete and 0 interrupted iterations
packers   [  81% ] 100 VUs  1m13.0s/1m30s

running (1m14.0s), 100/100 VUs, 8797 complete and 0 interrupted iterations
packers   [  82% ] 100 VUs  1m14.0s/1m30s

running (1m15.0s), 100/100 VUs, 8940 complete and 0 interrupted iterations
packers   [  83% ] 100 VUs  1m15.0s/1m30s

running (1m16.0s), 100/100 VUs, 9089 complete and 0 interrupted iterations
packers   [  84% ] 100 VUs  1m16.0s/1m30s

running (1m17.0s), 100/100 VUs, 9239 complete and 0 interrupted iterations
packers   [  86% ] 100 VUs  1m17.0s/1m30s

running (1m18.0s), 100/100 VUs, 9380 complete and 0 interrupted iterations
packers   [  87% ] 100 VUs  1m18.0s/1m30s

running (1m19.0s), 100/100 VUs, 9510 complete and 0 interrupted iterations
packers   [  88% ] 100 VUs  1m19.0s/1m30s

running (1m20.0s), 100/100 VUs, 9653 complete and 0 interrupted iterations
packers   [  89% ] 100 VUs  1m20.0s/1m30s

running (1m21.0s), 100/100 VUs, 9805 complete and 0 interrupted iterations
packers   [  90% ] 100 VUs  1m21.0s/1m30s

running (1m22.0s), 100/100 VUs, 9958 complete and 0 interrupted iterations
packers   [  91% ] 100 VUs  1m22.0s/1m30s

running (1m23.0s), 100/100 VUs, 10097 complete and 0 interrupted iterations
packers   [  92% ] 100 VUs  1m23.0s/1m30s

running (1m24.0s), 100/100 VUs, 10237 complete and 0 interrupted iterations
packers   [  93% ] 100 VUs  1m24.0s/1m30s

running (1m25.0s), 100/100 VUs, 10295 complete and 0 interrupted iterations
packers   [  94% ] 100 VUs  1m25.0s/1m30s

running (1m26.0s), 100/100 VUs, 10430 complete and 0 interrupted iterations
packers   [  96% ] 100 VUs  1m26.0s/1m30s

running (1m27.0s), 100/100 VUs, 10577 complete and 0 interrupted iterations
packers   [  97% ] 100 VUs  1m27.0s/1m30s

running (1m28.0s), 100/100 VUs, 10726 complete and 0 interrupted iterations
packers   [  98% ] 100 VUs  1m28.0s/1m30s

running (1m29.0s), 100/100 VUs, 10869 complete and 0 interrupted iterations
packers   [  99% ] 100 VUs  1m29.0s/1m30s

running (1m30.0s), 100/100 VUs, 11019 complete and 0 interrupted iterations
packers   [ 100% ] 100 VUs  1m30.0s/1m30s


  █ THRESHOLDS 

    complete_duration
    ✗ 'p(95)<500' p(95)=591.52ms


  █ TOTAL RESULTS 

    checks_total.......: 33372   368.02001/s
    checks_succeeded...: 100.00% 33372 out of 33372
    checks_failed......: 0.00%   0 out of 33372

    ✓ tote-scan 2xx
    ✓ shipment-detail 2xx
    ✓ complete 2xx

    CUSTOM
    complete_duration..............: avg=285.31ms p(50)=250.48ms p(95)=591.52ms p(99)=985.98ms max=2.34s    count=11124
    measured_complete..............: avg=251.39ms p(50)=244.47ms p(95)=406.76ms p(99)=582.96ms max=1.12s    count=8444 
    measured_complete_ok...........: 8444   93.118811/s
    measured_detail................: avg=227.38ms p(50)=218.84ms p(95)=368.55ms p(99)=507.2ms  max=871.16ms count=8453 
    measured_reqs..................: 25345  279.499794/s
    measured_scan..................: avg=231.26ms p(50)=222.83ms p(95)=359.2ms  p(99)=511.15ms max=1.07s    count=8448 

    HTTP
    http_req_duration..............: avg=270.4ms  p(50)=233.37ms p(95)=572.91ms p(99)=1.01s    max=2.34s    count=33372
      { expected_response:true }...: avg=270.4ms  p(50)=233.37ms p(95)=572.91ms p(99)=1.01s    max=2.34s    count=33372
    http_req_failed................: 0.00%  0 out of 33372
    http_reqs......................: 33372  368.02001/s

    EXECUTION
    iteration_duration.............: avg=811.78ms p(50)=702.77ms p(95)=1.44s    p(99)=2.53s    max=4.67s    count=11124
    iterations.....................: 11124  122.673337/s
    vus............................: 100    min=100        max=100
    vus_max........................: 100    min=100        max=100

    NETWORK
    data_received..................: 19 MB  206 kB/s
    data_sent......................: 7.1 MB 78 kB/s




running (1m30.7s), 000/100 VUs, 11124 complete and 0 interrupted iterations
packers ✓ [ 100% ] 100 VUs  1m30s
time="2026-09-26T13:44:06Z" level=error msg="thresholds on metrics 'complete_duration' have been crossed"
