 before_rows 
-------------
       20317
(1 row)

BEGIN
LOCK TABLE
INSERT 0 1031137
UPDATE 8
COMMIT
VACUUM
 after_rows |  size  
------------+--------
    1051454 | 148 MB
(1 row)

 product_id |  qty   | last_tx_id 
------------+--------+------------
          1 |      0 |          0
          2 |      0 |          0
          3 |      0 |          0
          4 |      0 |          0
          5 |      0 |          0
          6 |      0 |          0
          7 |      0 |          0
          8 |      0 |          0
          9 |      0 |          0
         10 | 223182 |    2952907
         11 | -34734 |    2952908
         12 | 222909 |    2952901
         13 | -34805 |    2952902
         14 | 223256 |    2952903
         15 | -34662 |    2952904
         16 | 222970 |    2952905
         17 | -34819 |    2952906
(17 rows)

