K6START=1790340578

         /\      Grafana   /‾‾/  
    /\  /  \     |\  __   /  /   
   /  \/    \    | |/ /  /   ‾‾\ 
  /          \   |   (  |  (‾)  |
 / __________ \  |_|\_\  \_____/ 


     execution: local
        script: k6/packing.js
        output: Prometheus remote write (http://172.31.64.6:9090/api/v1/write)

     scenarios: (100.00%) 1 scenario, 300 max VUs, 5m30s max duration (incl. graceful stop):
              * packers: 300 looping VUs for 5m0s (gracefulStop: 30s)


running (0m00.9s), 300/300 VUs, 0 complete and 0 interrupted iterations
packers   [   0% ] 300 VUs  0m00.9s/5m0s

running (0m01.9s), 300/300 VUs, 0 complete and 0 interrupted iterations
packers   [   1% ] 300 VUs  0m01.9s/5m0s

running (0m02.9s), 300/300 VUs, 0 complete and 0 interrupted iterations
packers   [   1% ] 300 VUs  0m02.9s/5m0s

running (0m03.9s), 300/300 VUs, 0 complete and 0 interrupted iterations
packers   [   1% ] 300 VUs  0m03.9s/5m0s

running (0m04.9s), 300/300 VUs, 0 complete and 0 interrupted iterations
packers   [   2% ] 300 VUs  0m04.9s/5m0s

running (0m05.9s), 300/300 VUs, 0 complete and 0 interrupted iterations
packers   [   2% ] 300 VUs  0m05.9s/5m0s

running (0m06.9s), 300/300 VUs, 0 complete and 0 interrupted iterations
packers   [   2% ] 300 VUs  0m06.9s/5m0s

running (0m07.9s), 300/300 VUs, 0 complete and 0 interrupted iterations
packers   [   3% ] 300 VUs  0m07.9s/5m0s

running (0m08.9s), 300/300 VUs, 0 complete and 0 interrupted iterations
packers   [   3% ] 300 VUs  0m08.9s/5m0s

running (0m09.9s), 300/300 VUs, 0 complete and 0 interrupted iterations
packers   [   3% ] 300 VUs  0m09.9s/5m0s

running (0m10.9s), 300/300 VUs, 0 complete and 0 interrupted iterations
packers   [   4% ] 300 VUs  0m10.9s/5m0s

running (0m11.9s), 300/300 VUs, 0 complete and 0 interrupted iterations
packers   [   4% ] 300 VUs  0m11.9s/5m0s

running (0m12.9s), 300/300 VUs, 0 complete and 0 interrupted iterations
packers   [   4% ] 300 VUs  0m12.9s/5m0s

running (0m13.9s), 300/300 VUs, 0 complete and 0 interrupted iterations
packers   [   5% ] 300 VUs  0m13.9s/5m0s

running (0m14.9s), 300/300 VUs, 0 complete and 0 interrupted iterations
packers   [   5% ] 300 VUs  0m14.9s/5m0s

running (0m15.9s), 300/300 VUs, 0 complete and 0 interrupted iterations
packers   [   5% ] 300 VUs  0m15.9s/5m0s

running (0m16.9s), 300/300 VUs, 0 complete and 0 interrupted iterations
packers   [   6% ] 300 VUs  0m16.9s/5m0s

running (0m17.9s), 300/300 VUs, 0 complete and 0 interrupted iterations
packers   [   6% ] 300 VUs  0m17.9s/5m0s

running (0m18.9s), 300/300 VUs, 0 complete and 0 interrupted iterations
packers   [   6% ] 300 VUs  0m18.9s/5m0s

running (0m19.9s), 300/300 VUs, 0 complete and 0 interrupted iterations
packers   [   7% ] 300 VUs  0m19.9s/5m0s

running (0m20.9s), 300/300 VUs, 0 complete and 0 interrupted iterations
packers   [   7% ] 300 VUs  0m20.9s/5m0s

running (0m21.9s), 300/300 VUs, 0 complete and 0 interrupted iterations
packers   [   7% ] 300 VUs  0m21.9s/5m0s

running (0m22.9s), 300/300 VUs, 0 complete and 0 interrupted iterations
packers   [   8% ] 300 VUs  0m22.9s/5m0s

running (0m23.9s), 300/300 VUs, 0 complete and 0 interrupted iterations
packers   [   8% ] 300 VUs  0m23.9s/5m0s

running (0m24.9s), 300/300 VUs, 0 complete and 0 interrupted iterations
packers   [   8% ] 300 VUs  0m24.9s/5m0s

running (0m25.9s), 300/300 VUs, 0 complete and 0 interrupted iterations
packers   [   9% ] 300 VUs  0m25.9s/5m0s

running (0m26.9s), 300/300 VUs, 0 complete and 0 interrupted iterations
packers   [   9% ] 300 VUs  0m26.9s/5m0s

running (0m27.9s), 300/300 VUs, 0 complete and 0 interrupted iterations
packers   [   9% ] 300 VUs  0m27.9s/5m0s

running (0m28.9s), 300/300 VUs, 0 complete and 0 interrupted iterations
packers   [  10% ] 300 VUs  0m28.9s/5m0s

running (0m29.9s), 300/300 VUs, 0 complete and 0 interrupted iterations
packers   [  10% ] 300 VUs  0m29.9s/5m0s

running (0m30.9s), 300/300 VUs, 0 complete and 0 interrupted iterations
packers   [  10% ] 300 VUs  0m30.9s/5m0s

running (0m31.9s), 300/300 VUs, 0 complete and 0 interrupted iterations
packers   [  11% ] 300 VUs  0m31.9s/5m0s

running (0m32.9s), 300/300 VUs, 0 complete and 0 interrupted iterations
packers   [  11% ] 300 VUs  0m32.9s/5m0s

running (0m33.9s), 300/300 VUs, 0 complete and 0 interrupted iterations
packers   [  11% ] 300 VUs  0m33.9s/5m0s

running (0m34.9s), 300/300 VUs, 0 complete and 0 interrupted iterations
packers   [  12% ] 300 VUs  0m34.9s/5m0s

running (0m35.9s), 300/300 VUs, 0 complete and 0 interrupted iterations
packers   [  12% ] 300 VUs  0m35.9s/5m0s

running (0m36.9s), 300/300 VUs, 0 complete and 0 interrupted iterations
packers   [  12% ] 300 VUs  0m36.9s/5m0s

running (0m37.9s), 300/300 VUs, 0 complete and 0 interrupted iterations
packers   [  13% ] 300 VUs  0m37.9s/5m0s

running (0m38.9s), 300/300 VUs, 0 complete and 0 interrupted iterations
packers   [  13% ] 300 VUs  0m38.9s/5m0s

running (0m39.9s), 300/300 VUs, 0 complete and 0 interrupted iterations
packers   [  13% ] 300 VUs  0m39.9s/5m0s

running (0m40.9s), 300/300 VUs, 0 complete and 0 interrupted iterations
packers   [  14% ] 300 VUs  0m40.9s/5m0s

running (0m41.9s), 300/300 VUs, 0 complete and 0 interrupted iterations
packers   [  14% ] 300 VUs  0m41.9s/5m0s

running (0m42.9s), 300/300 VUs, 0 complete and 0 interrupted iterations
packers   [  14% ] 300 VUs  0m42.9s/5m0s

running (0m43.9s), 300/300 VUs, 0 complete and 0 interrupted iterations
packers   [  15% ] 300 VUs  0m43.9s/5m0s

running (0m44.9s), 300/300 VUs, 0 complete and 0 interrupted iterations
packers   [  15% ] 300 VUs  0m44.9s/5m0s

running (0m45.9s), 300/300 VUs, 0 complete and 0 interrupted iterations
packers   [  15% ] 300 VUs  0m45.9s/5m0s

running (0m46.9s), 300/300 VUs, 0 complete and 0 interrupted iterations
packers   [  16% ] 300 VUs  0m46.9s/5m0s

running (0m47.9s), 300/300 VUs, 0 complete and 0 interrupted iterations
packers   [  16% ] 300 VUs  0m47.9s/5m0s

running (0m48.9s), 300/300 VUs, 0 complete and 0 interrupted iterations
packers   [  16% ] 300 VUs  0m48.9s/5m0s

running (0m49.9s), 300/300 VUs, 0 complete and 0 interrupted iterations
packers   [  17% ] 300 VUs  0m49.9s/5m0s

running (0m50.9s), 300/300 VUs, 0 complete and 0 interrupted iterations
packers   [  17% ] 300 VUs  0m50.9s/5m0s

running (0m51.9s), 300/300 VUs, 0 complete and 0 interrupted iterations
packers   [  17% ] 300 VUs  0m51.9s/5m0s

running (0m52.9s), 300/300 VUs, 0 complete and 0 interrupted iterations
packers   [  18% ] 300 VUs  0m52.9s/5m0s

running (0m53.9s), 300/300 VUs, 0 complete and 0 interrupted iterations
packers   [  18% ] 300 VUs  0m53.9s/5m0s

running (0m54.9s), 300/300 VUs, 0 complete and 0 interrupted iterations
packers   [  18% ] 300 VUs  0m54.9s/5m0s

running (0m55.9s), 300/300 VUs, 0 complete and 0 interrupted iterations
packers   [  19% ] 300 VUs  0m55.9s/5m0s

running (0m56.9s), 300/300 VUs, 0 complete and 0 interrupted iterations
packers   [  19% ] 300 VUs  0m56.9s/5m0s

running (0m57.9s), 300/300 VUs, 0 complete and 0 interrupted iterations
packers   [  19% ] 300 VUs  0m57.9s/5m0s

running (0m58.9s), 300/300 VUs, 0 complete and 0 interrupted iterations
packers   [  20% ] 300 VUs  0m58.9s/5m0s

running (0m59.9s), 300/300 VUs, 0 complete and 0 interrupted iterations
packers   [  20% ] 300 VUs  0m59.9s/5m0s

running (1m00.9s), 300/300 VUs, 5 complete and 0 interrupted iterations
packers   [  20% ] 300 VUs  1m00.9s/5m0s

running (1m01.9s), 300/300 VUs, 12 complete and 0 interrupted iterations
packers   [  21% ] 300 VUs  1m01.9s/5m0s

running (1m02.9s), 300/300 VUs, 15 complete and 0 interrupted iterations
packers   [  21% ] 300 VUs  1m02.9s/5m0s

running (1m03.9s), 300/300 VUs, 21 complete and 0 interrupted iterations
packers   [  21% ] 300 VUs  1m03.9s/5m0s

running (1m04.9s), 300/300 VUs, 25 complete and 0 interrupted iterations
packers   [  22% ] 300 VUs  1m04.9s/5m0s

running (1m05.9s), 300/300 VUs, 31 complete and 0 interrupted iterations
packers   [  22% ] 300 VUs  1m05.9s/5m0s

running (1m06.9s), 300/300 VUs, 34 complete and 0 interrupted iterations
packers   [  22% ] 300 VUs  1m06.9s/5m0s

running (1m07.9s), 300/300 VUs, 39 complete and 0 interrupted iterations
packers   [  23% ] 300 VUs  1m07.9s/5m0s

running (1m08.9s), 300/300 VUs, 43 complete and 0 interrupted iterations
packers   [  23% ] 300 VUs  1m08.9s/5m0s

running (1m09.9s), 300/300 VUs, 48 complete and 0 interrupted iterations
packers   [  23% ] 300 VUs  1m09.9s/5m0s

running (1m10.9s), 300/300 VUs, 52 complete and 0 interrupted iterations
packers   [  24% ] 300 VUs  1m10.9s/5m0s

running (1m11.9s), 300/300 VUs, 54 complete and 0 interrupted iterations
packers   [  24% ] 300 VUs  1m11.9s/5m0s

running (1m12.9s), 300/300 VUs, 60 complete and 0 interrupted iterations
packers   [  24% ] 300 VUs  1m12.9s/5m0s

running (1m13.9s), 300/300 VUs, 64 complete and 0 interrupted iterations
packers   [  25% ] 300 VUs  1m13.9s/5m0s

running (1m14.9s), 300/300 VUs, 69 complete and 0 interrupted iterations
packers   [  25% ] 300 VUs  1m14.9s/5m0s

running (1m15.9s), 300/300 VUs, 75 complete and 0 interrupted iterations
packers   [  25% ] 300 VUs  1m15.9s/5m0s

running (1m16.9s), 300/300 VUs, 82 complete and 0 interrupted iterations
packers   [  26% ] 300 VUs  1m16.9s/5m0s

running (1m17.9s), 300/300 VUs, 87 complete and 0 interrupted iterations
packers   [  26% ] 300 VUs  1m17.9s/5m0s

running (1m18.9s), 300/300 VUs, 93 complete and 0 interrupted iterations
packers   [  26% ] 300 VUs  1m18.9s/5m0s

running (1m19.9s), 300/300 VUs, 98 complete and 0 interrupted iterations
packers   [  27% ] 300 VUs  1m19.9s/5m0s

running (1m20.9s), 300/300 VUs, 102 complete and 0 interrupted iterations
packers   [  27% ] 300 VUs  1m20.9s/5m0s

running (1m21.9s), 300/300 VUs, 106 complete and 0 interrupted iterations
packers   [  27% ] 300 VUs  1m21.9s/5m0s

running (1m22.9s), 300/300 VUs, 115 complete and 0 interrupted iterations
packers   [  28% ] 300 VUs  1m22.9s/5m0s

running (1m23.9s), 300/300 VUs, 123 complete and 0 interrupted iterations
packers   [  28% ] 300 VUs  1m23.9s/5m0s

running (1m24.9s), 300/300 VUs, 127 complete and 0 interrupted iterations
packers   [  28% ] 300 VUs  1m24.9s/5m0s

running (1m25.9s), 300/300 VUs, 132 complete and 0 interrupted iterations
packers   [  29% ] 300 VUs  1m25.9s/5m0s

running (1m26.9s), 300/300 VUs, 134 complete and 0 interrupted iterations
packers   [  29% ] 300 VUs  1m26.9s/5m0s

running (1m27.9s), 300/300 VUs, 137 complete and 0 interrupted iterations
packers   [  29% ] 300 VUs  1m27.9s/5m0s

running (1m28.9s), 300/300 VUs, 142 complete and 0 interrupted iterations
packers   [  30% ] 300 VUs  1m28.9s/5m0s

running (1m29.9s), 300/300 VUs, 148 complete and 0 interrupted iterations
packers   [  30% ] 300 VUs  1m29.9s/5m0s

running (1m30.9s), 300/300 VUs, 150 complete and 0 interrupted iterations
packers   [  30% ] 300 VUs  1m30.9s/5m0s

running (1m31.9s), 300/300 VUs, 158 complete and 0 interrupted iterations
packers   [  31% ] 300 VUs  1m31.9s/5m0s

running (1m32.9s), 300/300 VUs, 165 complete and 0 interrupted iterations
packers   [  31% ] 300 VUs  1m32.9s/5m0s

running (1m33.9s), 300/300 VUs, 169 complete and 0 interrupted iterations
packers   [  31% ] 300 VUs  1m33.9s/5m0s

running (1m34.9s), 300/300 VUs, 173 complete and 0 interrupted iterations
packers   [  32% ] 300 VUs  1m34.9s/5m0s

running (1m35.9s), 300/300 VUs, 180 complete and 0 interrupted iterations
packers   [  32% ] 300 VUs  1m35.9s/5m0s

running (1m36.9s), 300/300 VUs, 189 complete and 0 interrupted iterations
packers   [  32% ] 300 VUs  1m36.9s/5m0s

running (1m37.9s), 300/300 VUs, 195 complete and 0 interrupted iterations
packers   [  33% ] 300 VUs  1m37.9s/5m0s

running (1m38.9s), 300/300 VUs, 203 complete and 0 interrupted iterations
packers   [  33% ] 300 VUs  1m38.9s/5m0s

running (1m39.9s), 300/300 VUs, 211 complete and 0 interrupted iterations
packers   [  33% ] 300 VUs  1m39.9s/5m0s

running (1m40.9s), 300/300 VUs, 217 complete and 0 interrupted iterations
packers   [  34% ] 300 VUs  1m40.9s/5m0s

running (1m41.9s), 300/300 VUs, 217 complete and 0 interrupted iterations
packers   [  34% ] 300 VUs  1m41.9s/5m0s

running (1m42.9s), 300/300 VUs, 224 complete and 0 interrupted iterations
packers   [  34% ] 300 VUs  1m42.9s/5m0s

running (1m43.9s), 300/300 VUs, 228 complete and 0 interrupted iterations
packers   [  35% ] 300 VUs  1m43.9s/5m0s

running (1m44.9s), 300/300 VUs, 234 complete and 0 interrupted iterations
packers   [  35% ] 300 VUs  1m44.9s/5m0s

running (1m45.9s), 300/300 VUs, 238 complete and 0 interrupted iterations
packers   [  35% ] 300 VUs  1m45.9s/5m0s

running (1m46.9s), 300/300 VUs, 247 complete and 0 interrupted iterations
packers   [  36% ] 300 VUs  1m46.9s/5m0s

running (1m47.9s), 300/300 VUs, 252 complete and 0 interrupted iterations
packers   [  36% ] 300 VUs  1m47.9s/5m0s

running (1m48.9s), 300/300 VUs, 257 complete and 0 interrupted iterations
packers   [  36% ] 300 VUs  1m48.9s/5m0s

running (1m49.9s), 300/300 VUs, 261 complete and 0 interrupted iterations
packers   [  37% ] 300 VUs  1m49.9s/5m0s

running (1m50.9s), 300/300 VUs, 267 complete and 0 interrupted iterations
packers   [  37% ] 300 VUs  1m50.9s/5m0s

running (1m51.9s), 300/300 VUs, 272 complete and 0 interrupted iterations
packers   [  37% ] 300 VUs  1m51.9s/5m0s

running (1m52.9s), 300/300 VUs, 278 complete and 0 interrupted iterations
packers   [  38% ] 300 VUs  1m52.9s/5m0s

running (1m53.9s), 300/300 VUs, 280 complete and 0 interrupted iterations
packers   [  38% ] 300 VUs  1m53.9s/5m0s

running (1m54.9s), 300/300 VUs, 282 complete and 0 interrupted iterations
packers   [  38% ] 300 VUs  1m54.9s/5m0s

running (1m55.9s), 300/300 VUs, 285 complete and 0 interrupted iterations
packers   [  39% ] 300 VUs  1m55.9s/5m0s

running (1m56.9s), 300/300 VUs, 288 complete and 0 interrupted iterations
packers   [  39% ] 300 VUs  1m56.9s/5m0s

running (1m57.9s), 300/300 VUs, 293 complete and 0 interrupted iterations
packers   [  39% ] 300 VUs  1m57.9s/5m0s

running (1m58.9s), 300/300 VUs, 297 complete and 0 interrupted iterations
packers   [  40% ] 300 VUs  1m58.9s/5m0s

running (1m59.9s), 300/300 VUs, 300 complete and 0 interrupted iterations
packers   [  40% ] 300 VUs  1m59.9s/5m0s

running (2m00.9s), 300/300 VUs, 305 complete and 0 interrupted iterations
packers   [  40% ] 300 VUs  2m00.9s/5m0s

running (2m01.9s), 300/300 VUs, 312 complete and 0 interrupted iterations
packers   [  41% ] 300 VUs  2m01.9s/5m0s

running (2m02.9s), 300/300 VUs, 315 complete and 0 interrupted iterations
packers   [  41% ] 300 VUs  2m02.9s/5m0s

running (2m03.9s), 300/300 VUs, 321 complete and 0 interrupted iterations
packers   [  41% ] 300 VUs  2m03.9s/5m0s

running (2m04.9s), 300/300 VUs, 325 complete and 0 interrupted iterations
packers   [  42% ] 300 VUs  2m04.9s/5m0s

running (2m05.9s), 300/300 VUs, 331 complete and 0 interrupted iterations
packers   [  42% ] 300 VUs  2m05.9s/5m0s

running (2m06.9s), 300/300 VUs, 334 complete and 0 interrupted iterations
packers   [  42% ] 300 VUs  2m06.9s/5m0s

running (2m07.9s), 300/300 VUs, 339 complete and 0 interrupted iterations
packers   [  43% ] 300 VUs  2m07.9s/5m0s

running (2m08.9s), 300/300 VUs, 343 complete and 0 interrupted iterations
packers   [  43% ] 300 VUs  2m08.9s/5m0s

running (2m09.9s), 300/300 VUs, 348 complete and 0 interrupted iterations
packers   [  43% ] 300 VUs  2m09.9s/5m0s

running (2m10.9s), 300/300 VUs, 352 complete and 0 interrupted iterations
packers   [  44% ] 300 VUs  2m10.9s/5m0s

running (2m11.9s), 300/300 VUs, 354 complete and 0 interrupted iterations
packers   [  44% ] 300 VUs  2m11.9s/5m0s
time="2026-09-25T12:51:50Z" level=warning msg="Request Failed" error="Post \"http://172.31.64.6:8000/api/v1/shipments/14209/complete\": request timeout"
time="2026-09-25T12:51:51Z" level=warning msg="Request Failed" error="Post \"http://172.31.64.6:8000/api/v1/shipments/14099/complete\": request timeout"
time="2026-09-25T12:51:51Z" level=warning msg="Request Failed" error="Post \"http://172.31.64.6:8000/api/v1/shipments/14377/complete\": request timeout"
time="2026-09-25T12:51:51Z" level=warning msg="Request Failed" error="Post \"http://172.31.64.6:8000/api/v1/shipments/14262/complete\": request timeout"
time="2026-09-25T12:51:51Z" level=warning msg="Request Failed" error="Post \"http://172.31.64.6:8000/api/v1/shipments/14243/complete\": request timeout"

running (2m12.9s), 300/300 VUs, 360 complete and 0 interrupted iterations
packers   [  44% ] 300 VUs  2m12.9s/5m0s
time="2026-09-25T12:51:51Z" level=warning msg="Request Failed" error="Post \"http://172.31.64.6:8000/api/v1/shipments/14347/complete\": request timeout"
time="2026-09-25T12:51:51Z" level=warning msg="Request Failed" error="Post \"http://172.31.64.6:8000/api/v1/shipments/14190/complete\": request timeout"
time="2026-09-25T12:51:51Z" level=warning msg="Request Failed" error="Post \"http://172.31.64.6:8000/api/v1/shipments/14381/complete\": request timeout"
time="2026-09-25T12:51:52Z" level=warning msg="Request Failed" error="Post \"http://172.31.64.6:8000/api/v1/shipments/14103/complete\": request timeout"

running (2m13.9s), 300/300 VUs, 364 complete and 0 interrupted iterations
packers   [  45% ] 300 VUs  2m13.9s/5m0s
time="2026-09-25T12:51:52Z" level=warning msg="Request Failed" error="Post \"http://172.31.64.6:8000/api/v1/shipments/14125/complete\": request timeout"
time="2026-09-25T12:51:52Z" level=warning msg="Request Failed" error="Post \"http://172.31.64.6:8000/api/v1/shipments/14298/complete\": request timeout"
time="2026-09-25T12:51:52Z" level=warning msg="Request Failed" error="Post \"http://172.31.64.6:8000/api/v1/totes/scan\": request timeout"
time="2026-09-25T12:51:53Z" level=warning msg="Request Failed" error="Post \"http://172.31.64.6:8000/api/v1/totes/scan\": request timeout"
time="2026-09-25T12:51:53Z" level=warning msg="Request Failed" error="Post \"http://172.31.64.6:8000/api/v1/shipments/14288/complete\": request timeout"
time="2026-09-25T12:51:53Z" level=warning msg="Request Failed" error="Post \"http://172.31.64.6:8000/api/v1/shipments/14142/complete\": request timeout"

running (2m14.9s), 300/300 VUs, 368 complete and 0 interrupted iterations
packers   [  45% ] 300 VUs  2m14.9s/5m0s
time="2026-09-25T12:51:53Z" level=warning msg="Request Failed" error="Post \"http://172.31.64.6:8000/api/v1/shipments/14237/complete\": request timeout"
time="2026-09-25T12:51:53Z" level=warning msg="Request Failed" error="Post \"http://172.31.64.6:8000/api/v1/totes/scan\": request timeout"
time="2026-09-25T12:51:53Z" level=warning msg="Request Failed" error="Post \"http://172.31.64.6:8000/api/v1/totes/scan\": request timeout"
time="2026-09-25T12:51:53Z" level=warning msg="Request Failed" error="Post \"http://172.31.64.6:8000/api/v1/totes/scan\": request timeout"
time="2026-09-25T12:51:53Z" level=warning msg="Request Failed" error="Post \"http://172.31.64.6:8000/api/v1/shipments/14185/complete\": request timeout"
time="2026-09-25T12:51:53Z" level=warning msg="Request Failed" error="Post \"http://172.31.64.6:8000/api/v1/totes/scan\": request timeout"
time="2026-09-25T12:51:53Z" level=warning msg="Request Failed" error="Post \"http://172.31.64.6:8000/api/v1/totes/scan\": request timeout"
time="2026-09-25T12:51:53Z" level=warning msg="Request Failed" error="Post \"http://172.31.64.6:8000/api/v1/shipments/14273/complete\": request timeout"
time="2026-09-25T12:51:53Z" level=warning msg="Request Failed" error="Post \"http://172.31.64.6:8000/api/v1/shipments/14227/complete\": request timeout"
time="2026-09-25T12:51:53Z" level=warning msg="Request Failed" error="Post \"http://172.31.64.6:8000/api/v1/totes/scan\": request timeout"
time="2026-09-25T12:51:54Z" level=warning msg="Request Failed" error="Post \"http://172.31.64.6:8000/api/v1/shipments/14126/complete\": request timeout"
time="2026-09-25T12:51:54Z" level=warning msg="Request Failed" error="Post \"http://172.31.64.6:8000/api/v1/shipments/14206/complete\": request timeout"
time="2026-09-25T12:51:54Z" level=warning msg="Request Failed" error="Post \"http://172.31.64.6:8000/api/v1/shipments/14221/complete\": request timeout"

running (2m15.9s), 300/300 VUs, 377 complete and 0 interrupted iterations
packers   [  45% ] 300 VUs  2m15.9s/5m0s
time="2026-09-25T12:51:54Z" level=warning msg="Request Failed" error="Post \"http://172.31.64.6:8000/api/v1/totes/scan\": request timeout"
time="2026-09-25T12:51:54Z" level=warning msg="Request Failed" error="Post \"http://172.31.64.6:8000/api/v1/shipments/14191/complete\": request timeout"
time="2026-09-25T12:51:54Z" level=warning msg="Request Failed" error="Post \"http://172.31.64.6:8000/api/v1/shipments/14270/complete\": request timeout"
time="2026-09-25T12:51:54Z" level=warning msg="Request Failed" error="Post \"http://172.31.64.6:8000/api/v1/shipments/14147/complete\": request timeout"
time="2026-09-25T12:51:54Z" level=warning msg="Request Failed" error="Post \"http://172.31.64.6:8000/api/v1/totes/scan\": request timeout"
time="2026-09-25T12:51:54Z" level=warning msg="Request Failed" error="Post \"http://172.31.64.6:8000/api/v1/shipments/14167/complete\": request timeout"
time="2026-09-25T12:51:54Z" level=warning msg="Request Failed" error="Post \"http://172.31.64.6:8000/api/v1/shipments/14337/complete\": request timeout"
time="2026-09-25T12:51:55Z" level=warning msg="Request Failed" error="Post \"http://172.31.64.6:8000/api/v1/shipments/14168/complete\": request timeout"
time="2026-09-25T12:51:55Z" level=warning msg="Request Failed" error="Post \"http://172.31.64.6:8000/api/v1/shipments/14138/complete\": request timeout"
time="2026-09-25T12:51:55Z" level=warning msg="Request Failed" error="Post \"http://172.31.64.6:8000/api/v1/totes/scan\": request timeout"

running (2m16.9s), 300/300 VUs, 390 complete and 0 interrupted iterations
packers   [  46% ] 300 VUs  2m16.9s/5m0s
time="2026-09-25T12:51:55Z" level=warning msg="Request Failed" error="Post \"http://172.31.64.6:8000/api/v1/totes/scan\": request timeout"
time="2026-09-25T12:51:55Z" level=warning msg="Request Failed" error="Post \"http://172.31.64.6:8000/api/v1/shipments/14197/complete\": request timeout"
time="2026-09-25T12:51:55Z" level=warning msg="Request Failed" error="Post \"http://172.31.64.6:8000/api/v1/shipments/14131/complete\": request timeout"
time="2026-09-25T12:51:55Z" level=warning msg="Request Failed" error="Post \"http://172.31.64.6:8000/api/v1/totes/scan\": request timeout"
time="2026-09-25T12:51:55Z" level=warning msg="Request Failed" error="Post \"http://172.31.64.6:8000/api/v1/totes/scan\": request timeout"
time="2026-09-25T12:51:55Z" level=warning msg="Request Failed" error="Post \"http://172.31.64.6:8000/api/v1/shipments/14094/complete\": request timeout"
time="2026-09-25T12:51:55Z" level=warning msg="Request Failed" error="Post \"http://172.31.64.6:8000/api/v1/totes/scan\": request timeout"
time="2026-09-25T12:51:56Z" level=warning msg="Request Failed" error="Post \"http://172.31.64.6:8000/api/v1/shipments/14246/complete\": request timeout"
time="2026-09-25T12:51:56Z" level=warning msg="Request Failed" error="Post \"http://172.31.64.6:8000/api/v1/shipments/14281/complete\": request timeout"
time="2026-09-25T12:51:56Z" level=warning msg="Request Failed" error="Post \"http://172.31.64.6:8000/api/v1/totes/scan\": request timeout"

running (2m17.9s), 300/300 VUs, 398 complete and 0 interrupted iterations
packers   [  46% ] 300 VUs  2m17.9s/5m0s
time="2026-09-25T12:51:56Z" level=warning msg="Request Failed" error="Post \"http://172.31.64.6:8000/api/v1/shipments/14259/complete\": request timeout"
time="2026-09-25T12:51:56Z" level=warning msg="Request Failed" error="Post \"http://172.31.64.6:8000/api/v1/shipments/14144/complete\": request timeout"
time="2026-09-25T12:51:56Z" level=warning msg="Request Failed" error="Post \"http://172.31.64.6:8000/api/v1/totes/scan\": request timeout"
time="2026-09-25T12:51:56Z" level=warning msg="Request Failed" error="Post \"http://172.31.64.6:8000/api/v1/totes/scan\": request timeout"
time="2026-09-25T12:51:56Z" level=warning msg="Request Failed" error="Post \"http://172.31.64.6:8000/api/v1/shipments/14355/complete\": request timeout"
time="2026-09-25T12:51:56Z" level=warning msg="Request Failed" error="Post \"http://172.31.64.6:8000/api/v1/shipments/14224/complete\": request timeout"
time="2026-09-25T12:51:57Z" level=warning msg="Request Failed" error="Post \"http://172.31.64.6:8000/api/v1/shipments/14097/complete\": request timeout"
time="2026-09-25T12:51:57Z" level=warning msg="Request Failed" error="Post \"http://172.31.64.6:8000/api/v1/totes/scan\": request timeout"
time="2026-09-25T12:51:57Z" level=warning msg="Request Failed" error="Post \"http://172.31.64.6:8000/api/v1/shipments/14327/complete\": request timeout"
time="2026-09-25T12:51:57Z" level=warning msg="Request Failed" error="Post \"http://172.31.64.6:8000/api/v1/totes/scan\": request timeout"

running (2m18.9s), 300/300 VUs, 409 complete and 0 interrupted iterations
packers   [  46% ] 300 VUs  2m18.9s/5m0s
time="2026-09-25T12:51:57Z" level=warning msg="Request Failed" error="Post \"http://172.31.64.6:8000/api/v1/shipments/14367/complete\": request timeout"
time="2026-09-25T12:51:57Z" level=warning msg="Request Failed" error="Post \"http://172.31.64.6:8000/api/v1/totes/scan\": request timeout"
time="2026-09-25T12:51:57Z" level=warning msg="Request Failed" error="Post \"http://172.31.64.6:8000/api/v1/totes/scan\": request timeout"
time="2026-09-25T12:51:57Z" level=warning msg="Request Failed" error="Post \"http://172.31.64.6:8000/api/v1/totes/scan\": request timeout"
time="2026-09-25T12:51:57Z" level=warning msg="Request Failed" error="Post \"http://172.31.64.6:8000/api/v1/totes/scan\": request timeout"
time="2026-09-25T12:51:57Z" level=warning msg="Request Failed" error="Post \"http://172.31.64.6:8000/api/v1/shipments/14279/complete\": request timeout"
time="2026-09-25T12:51:57Z" level=warning msg="Request Failed" error="Post \"http://172.31.64.6:8000/api/v1/shipments/14130/complete\": request timeout"
time="2026-09-25T12:51:57Z" level=warning msg="Request Failed" error="Post \"http://172.31.64.6:8000/api/v1/shipments/14264/complete\": request timeout"
time="2026-09-25T12:51:58Z" level=warning msg="Request Failed" error="Post \"http://172.31.64.6:8000/api/v1/totes/scan\": request timeout"
time="2026-09-25T12:51:58Z" level=warning msg="Request Failed" error="Post \"http://172.31.64.6:8000/api/v1/shipments/14169/complete\": request timeout"

running (2m19.9s), 300/300 VUs, 418 complete and 0 interrupted iterations
packers   [  47% ] 300 VUs  2m19.9s/5m0s
time="2026-09-25T12:51:58Z" level=warning msg="Request Failed" error="Post \"http://172.31.64.6:8000/api/v1/totes/scan\": request timeout"
time="2026-09-25T12:51:58Z" level=warning msg="Request Failed" error="Post \"http://172.31.64.6:8000/api/v1/shipments/14148/complete\": request timeout"
time="2026-09-25T12:51:58Z" level=warning msg="Request Failed" error="Post \"http://172.31.64.6:8000/api/v1/totes/scan\": request timeout"
time="2026-09-25T12:51:58Z" level=warning msg="Request Failed" error="Post \"http://172.31.64.6:8000/api/v1/totes/scan\": request timeout"
time="2026-09-25T12:51:58Z" level=warning msg="Request Failed" error="Post \"http://172.31.64.6:8000/api/v1/shipments/14333/complete\": request timeout"
time="2026-09-25T12:51:59Z" level=warning msg="Request Failed" error="Post \"http://172.31.64.6:8000/api/v1/shipments/14346/complete\": request timeout"
time="2026-09-25T12:51:59Z" level=warning msg="Request Failed" error="Post \"http://172.31.64.6:8000/api/v1/totes/scan\": request timeout"
time="2026-09-25T12:51:59Z" level=warning msg="Request Failed" error="Post \"http://172.31.64.6:8000/api/v1/shipments/14158/complete\": request timeout"

running (2m20.9s), 300/300 VUs, 427 complete and 0 interrupted iterations
packers   [  47% ] 300 VUs  2m20.9s/5m0s
time="2026-09-25T12:51:59Z" level=warning msg="Request Failed" error="Post \"http://172.31.64.6:8000/api/v1/shipments/14105/complete\": request timeout"
time="2026-09-25T12:51:59Z" level=warning msg="Request Failed" error="Post \"http://172.31.64.6:8000/api/v1/totes/scan\": request timeout"
time="2026-09-25T12:52:00Z" level=warning msg="Request Failed" error="Post \"http://172.31.64.6:8000/api/v1/shipments/14157/complete\": request timeout"
time="2026-09-25T12:52:00Z" level=warning msg="Request Failed" error="Post \"http://172.31.64.6:8000/api/v1/shipments/14207/complete\": request timeout"
time="2026-09-25T12:52:00Z" level=warning msg="Request Failed" error="Post \"http://172.31.64.6:8000/api/v1/totes/scan\": request timeout"
time="2026-09-25T12:52:00Z" level=warning msg="Request Failed" error="Post \"http://172.31.64.6:8000/api/v1/shipments/14365/complete\": request timeout"

running (2m21.9s), 300/300 VUs, 435 complete and 0 interrupted iterations
packers   [  47% ] 300 VUs  2m21.9s/5m0s
time="2026-09-25T12:52:00Z" level=warning msg="Request Failed" error="Post \"http://172.31.64.6:8000/api/v1/shipments/14156/complete\": request timeout"
time="2026-09-25T12:52:00Z" level=warning msg="Request Failed" error="Post \"http://172.31.64.6:8000/api/v1/totes/scan\": request timeout"
time="2026-09-25T12:52:00Z" level=warning msg="Request Failed" error="Post \"http://172.31.64.6:8000/api/v1/shipments/14107/complete\": request timeout"
time="2026-09-25T12:52:00Z" level=warning msg="Request Failed" error="Post \"http://172.31.64.6:8000/api/v1/totes/scan\": request timeout"
time="2026-09-25T12:52:00Z" level=warning msg="Request Failed" error="Post \"http://172.31.64.6:8000/api/v1/shipments/14285/complete\": request timeout"
time="2026-09-25T12:52:01Z" level=warning msg="Request Failed" error="Post \"http://172.31.64.6:8000/api/v1/totes/scan\": request timeout"
time="2026-09-25T12:52:01Z" level=warning msg="Request Failed" error="Post \"http://172.31.64.6:8000/api/v1/shipments/14310/complete\": request timeout"
time="2026-09-25T12:52:01Z" level=warning msg="Request Failed" error="Post \"http://172.31.64.6:8000/api/v1/totes/scan\": request timeout"
time="2026-09-25T12:52:01Z" level=warning msg="Request Failed" error="Post \"http://172.31.64.6:8000/api/v1/totes/scan\": request timeout"
time="2026-09-25T12:52:01Z" level=warning msg="Request Failed" error="Post \"http://172.31.64.6:8000/api/v1/shipments/14360/complete\": request timeout"
time="2026-09-25T12:52:01Z" level=warning msg="Request Failed" error="Post \"http://172.31.64.6:8000/api/v1/shipments/14092/complete\": request timeout"
time="2026-09-25T12:52:01Z" level=warning msg="Request Failed" error="Post \"http://172.31.64.6:8000/api/v1/totes/scan\": request timeout"
time="2026-09-25T12:52:01Z" level=warning msg="Request Failed" error="Post \"http://172.31.64.6:8000/api/v1/shipments/14287/complete\": request timeout"

running (2m22.9s), 300/300 VUs, 446 complete and 0 interrupted iterations
packers   [  48% ] 300 VUs  2m22.9s/5m0s

running (2m23.9s), 300/300 VUs, 460 complete and 0 interrupted iterations
packers   [  48% ] 300 VUs  2m23.9s/5m0s

running (2m24.9s), 300/300 VUs, 464 complete and 0 interrupted iterations
packers   [  48% ] 300 VUs  2m24.9s/5m0s

running (2m25.9s), 300/300 VUs, 469 complete and 0 interrupted iterations
packers   [  49% ] 300 VUs  2m25.9s/5m0s

running (2m26.9s), 300/300 VUs, 471 complete and 0 interrupted iterations
packers   [  49% ] 300 VUs  2m26.9s/5m0s

running (2m27.9s), 300/300 VUs, 474 complete and 0 interrupted iterations
packers   [  49% ] 300 VUs  2m27.9s/5m0s

running (2m28.9s), 300/300 VUs, 479 complete and 0 interrupted iterations
packers   [  50% ] 300 VUs  2m28.9s/5m0s

running (2m29.9s), 300/300 VUs, 485 complete and 0 interrupted iterations
packers   [  50% ] 300 VUs  2m29.9s/5m0s

running (2m30.9s), 300/300 VUs, 487 complete and 0 interrupted iterations
packers   [  50% ] 300 VUs  2m30.9s/5m0s

running (2m31.9s), 300/300 VUs, 495 complete and 0 interrupted iterations
packers   [  51% ] 300 VUs  2m31.9s/5m0s

running (2m32.9s), 300/300 VUs, 502 complete and 0 interrupted iterations
packers   [  51% ] 300 VUs  2m32.9s/5m0s

running (2m33.9s), 300/300 VUs, 506 complete and 0 interrupted iterations
packers   [  51% ] 300 VUs  2m33.9s/5m0s

running (2m34.9s), 300/300 VUs, 510 complete and 0 interrupted iterations
packers   [  52% ] 300 VUs  2m34.9s/5m0s

running (2m35.9s), 300/300 VUs, 517 complete and 0 interrupted iterations
packers   [  52% ] 300 VUs  2m35.9s/5m0s

running (2m36.9s), 300/300 VUs, 526 complete and 0 interrupted iterations
packers   [  52% ] 300 VUs  2m36.9s/5m0s

running (2m37.9s), 300/300 VUs, 532 complete and 0 interrupted iterations
packers   [  53% ] 300 VUs  2m37.9s/5m0s

running (2m38.9s), 300/300 VUs, 540 complete and 0 interrupted iterations
packers   [  53% ] 300 VUs  2m38.9s/5m0s

running (2m39.9s), 300/300 VUs, 548 complete and 0 interrupted iterations
packers   [  53% ] 300 VUs  2m39.9s/5m0s

running (2m40.9s), 300/300 VUs, 554 complete and 0 interrupted iterations
packers   [  54% ] 300 VUs  2m40.9s/5m0s

running (2m41.9s), 300/300 VUs, 554 complete and 0 interrupted iterations
packers   [  54% ] 300 VUs  2m41.9s/5m0s

running (2m42.9s), 300/300 VUs, 561 complete and 0 interrupted iterations
packers   [  54% ] 300 VUs  2m42.9s/5m0s

running (2m43.9s), 300/300 VUs, 565 complete and 0 interrupted iterations
packers   [  55% ] 300 VUs  2m43.9s/5m0s

running (2m44.9s), 300/300 VUs, 571 complete and 0 interrupted iterations
packers   [  55% ] 300 VUs  2m44.9s/5m0s

running (2m45.9s), 300/300 VUs, 575 complete and 0 interrupted iterations
packers   [  55% ] 300 VUs  2m45.9s/5m0s

running (2m46.9s), 300/300 VUs, 584 complete and 0 interrupted iterations
packers   [  56% ] 300 VUs  2m46.9s/5m0s

running (2m47.9s), 300/300 VUs, 589 complete and 0 interrupted iterations
packers   [  56% ] 300 VUs  2m47.9s/5m0s

running (2m48.9s), 300/300 VUs, 594 complete and 0 interrupted iterations
packers   [  56% ] 300 VUs  2m48.9s/5m0s

running (2m49.9s), 300/300 VUs, 598 complete and 0 interrupted iterations
packers   [  57% ] 300 VUs  2m49.9s/5m0s

running (2m50.9s), 300/300 VUs, 604 complete and 0 interrupted iterations
packers   [  57% ] 300 VUs  2m50.9s/5m0s

running (2m51.9s), 300/300 VUs, 609 complete and 0 interrupted iterations
packers   [  57% ] 300 VUs  2m51.9s/5m0s

running (2m52.9s), 300/300 VUs, 615 complete and 0 interrupted iterations
packers   [  58% ] 300 VUs  2m52.9s/5m0s

running (2m53.9s), 300/300 VUs, 617 complete and 0 interrupted iterations
packers   [  58% ] 300 VUs  2m53.9s/5m0s

running (2m54.9s), 300/300 VUs, 619 complete and 0 interrupted iterations
packers   [  58% ] 300 VUs  2m54.9s/5m0s

running (2m55.9s), 300/300 VUs, 622 complete and 0 interrupted iterations
packers   [  59% ] 300 VUs  2m55.9s/5m0s

running (2m56.9s), 300/300 VUs, 625 complete and 0 interrupted iterations
packers   [  59% ] 300 VUs  2m56.9s/5m0s

running (2m57.9s), 300/300 VUs, 630 complete and 0 interrupted iterations
packers   [  59% ] 300 VUs  2m57.9s/5m0s

running (2m58.9s), 300/300 VUs, 634 complete and 0 interrupted iterations
packers   [  60% ] 300 VUs  2m58.9s/5m0s

running (2m59.9s), 300/300 VUs, 637 complete and 0 interrupted iterations
packers   [  60% ] 300 VUs  2m59.9s/5m0s

running (3m00.9s), 300/300 VUs, 642 complete and 0 interrupted iterations
packers   [  60% ] 300 VUs  3m00.9s/5m0s

running (3m01.9s), 300/300 VUs, 649 complete and 0 interrupted iterations
packers   [  61% ] 300 VUs  3m01.9s/5m0s

running (3m02.9s), 300/300 VUs, 652 complete and 0 interrupted iterations
packers   [  61% ] 300 VUs  3m02.9s/5m0s

running (3m03.9s), 300/300 VUs, 658 complete and 0 interrupted iterations
packers   [  61% ] 300 VUs  3m03.9s/5m0s

running (3m04.9s), 300/300 VUs, 660 complete and 0 interrupted iterations
packers   [  62% ] 300 VUs  3m04.9s/5m0s

running (3m05.9s), 300/300 VUs, 660 complete and 0 interrupted iterations
packers   [  62% ] 300 VUs  3m05.9s/5m0s

running (3m06.9s), 300/300 VUs, 660 complete and 0 interrupted iterations
packers   [  62% ] 300 VUs  3m06.9s/5m0s

running (3m07.9s), 300/300 VUs, 660 complete and 0 interrupted iterations
packers   [  63% ] 300 VUs  3m07.9s/5m0s

running (3m08.9s), 300/300 VUs, 660 complete and 0 interrupted iterations
packers   [  63% ] 300 VUs  3m08.9s/5m0s

running (3m09.9s), 300/300 VUs, 660 complete and 0 interrupted iterations
packers   [  63% ] 300 VUs  3m09.9s/5m0s

running (3m10.9s), 300/300 VUs, 660 complete and 0 interrupted iterations
packers   [  64% ] 300 VUs  3m10.9s/5m0s

running (3m11.9s), 300/300 VUs, 660 complete and 0 interrupted iterations
packers   [  64% ] 300 VUs  3m11.9s/5m0s

running (3m12.9s), 300/300 VUs, 660 complete and 0 interrupted iterations
packers   [  64% ] 300 VUs  3m12.9s/5m0s

running (3m13.9s), 300/300 VUs, 664 complete and 0 interrupted iterations
packers   [  65% ] 300 VUs  3m13.9s/5m0s

running (3m14.9s), 300/300 VUs, 668 complete and 0 interrupted iterations
packers   [  65% ] 300 VUs  3m14.9s/5m0s

running (3m15.9s), 300/300 VUs, 677 complete and 0 interrupted iterations
packers   [  65% ] 300 VUs  3m15.9s/5m0s

running (3m16.9s), 300/300 VUs, 690 complete and 0 interrupted iterations
packers   [  66% ] 300 VUs  3m16.9s/5m0s

running (3m17.9s), 300/300 VUs, 698 complete and 0 interrupted iterations
packers   [  66% ] 300 VUs  3m17.9s/5m0s

running (3m18.9s), 300/300 VUs, 709 complete and 0 interrupted iterations
packers   [  66% ] 300 VUs  3m18.9s/5m0s

running (3m19.9s), 300/300 VUs, 718 complete and 0 interrupted iterations
packers   [  67% ] 300 VUs  3m19.9s/5m0s

running (3m20.9s), 300/300 VUs, 727 complete and 0 interrupted iterations
packers   [  67% ] 300 VUs  3m20.9s/5m0s

running (3m21.9s), 300/300 VUs, 735 complete and 0 interrupted iterations
packers   [  67% ] 300 VUs  3m21.9s/5m0s

running (3m22.9s), 300/300 VUs, 746 complete and 0 interrupted iterations
packers   [  68% ] 300 VUs  3m22.9s/5m0s

running (3m23.9s), 300/300 VUs, 760 complete and 0 interrupted iterations
packers   [  68% ] 300 VUs  3m23.9s/5m0s

running (3m24.9s), 300/300 VUs, 764 complete and 0 interrupted iterations
packers   [  68% ] 300 VUs  3m24.9s/5m0s

running (3m25.9s), 300/300 VUs, 769 complete and 0 interrupted iterations
packers   [  69% ] 300 VUs  3m25.9s/5m0s

running (3m26.9s), 300/300 VUs, 771 complete and 0 interrupted iterations
packers   [  69% ] 300 VUs  3m26.9s/5m0s

running (3m27.9s), 300/300 VUs, 774 complete and 0 interrupted iterations
packers   [  69% ] 300 VUs  3m27.9s/5m0s

running (3m28.9s), 300/300 VUs, 779 complete and 0 interrupted iterations
packers   [  70% ] 300 VUs  3m28.9s/5m0s

running (3m29.9s), 300/300 VUs, 785 complete and 0 interrupted iterations
packers   [  70% ] 300 VUs  3m29.9s/5m0s

running (3m30.9s), 300/300 VUs, 787 complete and 0 interrupted iterations
packers   [  70% ] 300 VUs  3m30.9s/5m0s

running (3m31.9s), 300/300 VUs, 795 complete and 0 interrupted iterations
packers   [  71% ] 300 VUs  3m31.9s/5m0s

running (3m32.9s), 300/300 VUs, 802 complete and 0 interrupted iterations
packers   [  71% ] 300 VUs  3m32.9s/5m0s

running (3m33.9s), 300/300 VUs, 806 complete and 0 interrupted iterations
packers   [  71% ] 300 VUs  3m33.9s/5m0s

running (3m34.9s), 300/300 VUs, 810 complete and 0 interrupted iterations
packers   [  72% ] 300 VUs  3m34.9s/5m0s

running (3m35.9s), 300/300 VUs, 817 complete and 0 interrupted iterations
packers   [  72% ] 300 VUs  3m35.9s/5m0s

running (3m36.9s), 300/300 VUs, 826 complete and 0 interrupted iterations
packers   [  72% ] 300 VUs  3m36.9s/5m0s

running (3m37.9s), 300/300 VUs, 832 complete and 0 interrupted iterations
packers   [  73% ] 300 VUs  3m37.9s/5m0s

running (3m38.9s), 300/300 VUs, 840 complete and 0 interrupted iterations
packers   [  73% ] 300 VUs  3m38.9s/5m0s

running (3m39.9s), 300/300 VUs, 848 complete and 0 interrupted iterations
packers   [  73% ] 300 VUs  3m39.9s/5m0s

running (3m40.9s), 300/300 VUs, 854 complete and 0 interrupted iterations
packers   [  74% ] 300 VUs  3m40.9s/5m0s

running (3m41.9s), 300/300 VUs, 854 complete and 0 interrupted iterations
packers   [  74% ] 300 VUs  3m41.9s/5m0s

running (3m42.9s), 300/300 VUs, 861 complete and 0 interrupted iterations
packers   [  74% ] 300 VUs  3m42.9s/5m0s

running (3m43.9s), 300/300 VUs, 865 complete and 0 interrupted iterations
packers   [  75% ] 300 VUs  3m43.9s/5m0s

running (3m44.9s), 300/300 VUs, 871 complete and 0 interrupted iterations
packers   [  75% ] 300 VUs  3m44.9s/5m0s

running (3m45.9s), 300/300 VUs, 875 complete and 0 interrupted iterations
packers   [  75% ] 300 VUs  3m45.9s/5m0s

running (3m46.9s), 300/300 VUs, 884 complete and 0 interrupted iterations
packers   [  76% ] 300 VUs  3m46.9s/5m0s

running (3m47.9s), 300/300 VUs, 889 complete and 0 interrupted iterations
packers   [  76% ] 300 VUs  3m47.9s/5m0s

running (3m48.9s), 300/300 VUs, 894 complete and 0 interrupted iterations
packers   [  76% ] 300 VUs  3m48.9s/5m0s

running (3m49.9s), 300/300 VUs, 898 complete and 0 interrupted iterations
packers   [  77% ] 300 VUs  3m49.9s/5m0s

running (3m50.9s), 300/300 VUs, 904 complete and 0 interrupted iterations
packers   [  77% ] 300 VUs  3m50.9s/5m0s

running (3m51.9s), 300/300 VUs, 909 complete and 0 interrupted iterations
packers   [  77% ] 300 VUs  3m51.9s/5m0s

running (3m52.9s), 300/300 VUs, 915 complete and 0 interrupted iterations
packers   [  78% ] 300 VUs  3m52.9s/5m0s

running (3m53.9s), 300/300 VUs, 917 complete and 0 interrupted iterations
packers   [  78% ] 300 VUs  3m53.9s/5m0s

running (3m54.9s), 300/300 VUs, 919 complete and 0 interrupted iterations
packers   [  78% ] 300 VUs  3m54.9s/5m0s

running (3m55.9s), 300/300 VUs, 922 complete and 0 interrupted iterations
packers   [  79% ] 300 VUs  3m55.9s/5m0s

running (3m56.9s), 300/300 VUs, 925 complete and 0 interrupted iterations
packers   [  79% ] 300 VUs  3m56.9s/5m0s

running (3m57.9s), 300/300 VUs, 930 complete and 0 interrupted iterations
packers   [  79% ] 300 VUs  3m57.9s/5m0s

running (3m58.9s), 300/300 VUs, 934 complete and 0 interrupted iterations
packers   [  80% ] 300 VUs  3m58.9s/5m0s

running (3m59.9s), 300/300 VUs, 937 complete and 0 interrupted iterations
packers   [  80% ] 300 VUs  3m59.9s/5m0s

running (4m00.9s), 300/300 VUs, 942 complete and 0 interrupted iterations
packers   [  80% ] 300 VUs  4m00.9s/5m0s

running (4m01.9s), 300/300 VUs, 949 complete and 0 interrupted iterations
packers   [  81% ] 300 VUs  4m01.9s/5m0s

running (4m02.9s), 300/300 VUs, 952 complete and 0 interrupted iterations
packers   [  81% ] 300 VUs  4m02.9s/5m0s

running (4m03.9s), 300/300 VUs, 958 complete and 0 interrupted iterations
packers   [  81% ] 300 VUs  4m03.9s/5m0s

running (4m04.9s), 300/300 VUs, 960 complete and 0 interrupted iterations
packers   [  82% ] 300 VUs  4m04.9s/5m0s

running (4m05.9s), 300/300 VUs, 960 complete and 0 interrupted iterations
packers   [  82% ] 300 VUs  4m05.9s/5m0s

running (4m06.9s), 300/300 VUs, 960 complete and 0 interrupted iterations
packers   [  82% ] 300 VUs  4m06.9s/5m0s

running (4m07.9s), 300/300 VUs, 960 complete and 0 interrupted iterations
packers   [  83% ] 300 VUs  4m07.9s/5m0s

running (4m08.9s), 300/300 VUs, 960 complete and 0 interrupted iterations
packers   [  83% ] 300 VUs  4m08.9s/5m0s

running (4m09.9s), 300/300 VUs, 960 complete and 0 interrupted iterations
packers   [  83% ] 300 VUs  4m09.9s/5m0s

running (4m10.9s), 300/300 VUs, 960 complete and 0 interrupted iterations
packers   [  84% ] 300 VUs  4m10.9s/5m0s

running (4m11.9s), 300/300 VUs, 960 complete and 0 interrupted iterations
packers   [  84% ] 300 VUs  4m11.9s/5m0s

running (4m12.9s), 300/300 VUs, 960 complete and 0 interrupted iterations
packers   [  84% ] 300 VUs  4m12.9s/5m0s

running (4m13.9s), 300/300 VUs, 964 complete and 0 interrupted iterations
packers   [  85% ] 300 VUs  4m13.9s/5m0s

running (4m14.9s), 300/300 VUs, 968 complete and 0 interrupted iterations
packers   [  85% ] 300 VUs  4m14.9s/5m0s

running (4m15.9s), 300/300 VUs, 977 complete and 0 interrupted iterations
packers   [  85% ] 300 VUs  4m15.9s/5m0s

running (4m16.9s), 300/300 VUs, 990 complete and 0 interrupted iterations
packers   [  86% ] 300 VUs  4m16.9s/5m0s

running (4m17.9s), 300/300 VUs, 998 complete and 0 interrupted iterations
packers   [  86% ] 300 VUs  4m17.9s/5m0s

running (4m18.9s), 300/300 VUs, 1009 complete and 0 interrupted iterations
packers   [  86% ] 300 VUs  4m18.9s/5m0s

running (4m19.9s), 300/300 VUs, 1018 complete and 0 interrupted iterations
packers   [  87% ] 300 VUs  4m19.9s/5m0s

running (4m20.9s), 300/300 VUs, 1027 complete and 0 interrupted iterations
packers   [  87% ] 300 VUs  4m20.9s/5m0s

running (4m21.9s), 300/300 VUs, 1035 complete and 0 interrupted iterations
packers   [  87% ] 300 VUs  4m21.9s/5m0s

running (4m22.9s), 300/300 VUs, 1046 complete and 0 interrupted iterations
packers   [  88% ] 300 VUs  4m22.9s/5m0s

running (4m23.9s), 300/300 VUs, 1060 complete and 0 interrupted iterations
packers   [  88% ] 300 VUs  4m23.9s/5m0s

running (4m24.9s), 300/300 VUs, 1064 complete and 0 interrupted iterations
packers   [  88% ] 300 VUs  4m24.9s/5m0s

running (4m25.9s), 300/300 VUs, 1069 complete and 0 interrupted iterations
packers   [  89% ] 300 VUs  4m25.9s/5m0s

running (4m26.9s), 300/300 VUs, 1071 complete and 0 interrupted iterations
packers   [  89% ] 300 VUs  4m26.9s/5m0s

running (4m27.9s), 300/300 VUs, 1074 complete and 0 interrupted iterations
packers   [  89% ] 300 VUs  4m27.9s/5m0s

running (4m28.9s), 300/300 VUs, 1079 complete and 0 interrupted iterations
packers   [  90% ] 300 VUs  4m28.9s/5m0s

running (4m29.9s), 300/300 VUs, 1085 complete and 0 interrupted iterations
packers   [  90% ] 300 VUs  4m29.9s/5m0s

running (4m30.9s), 300/300 VUs, 1087 complete and 0 interrupted iterations
packers   [  90% ] 300 VUs  4m30.9s/5m0s

running (4m31.9s), 300/300 VUs, 1095 complete and 0 interrupted iterations
packers   [  91% ] 300 VUs  4m31.9s/5m0s

running (4m32.9s), 300/300 VUs, 1102 complete and 0 interrupted iterations
packers   [  91% ] 300 VUs  4m32.9s/5m0s

running (4m33.9s), 300/300 VUs, 1106 complete and 0 interrupted iterations
packers   [  91% ] 300 VUs  4m33.9s/5m0s

running (4m34.9s), 300/300 VUs, 1110 complete and 0 interrupted iterations
packers   [  92% ] 300 VUs  4m34.9s/5m0s

running (4m35.9s), 300/300 VUs, 1117 complete and 0 interrupted iterations
packers   [  92% ] 300 VUs  4m35.9s/5m0s

running (4m36.9s), 300/300 VUs, 1126 complete and 0 interrupted iterations
packers   [  92% ] 300 VUs  4m36.9s/5m0s

running (4m37.9s), 300/300 VUs, 1132 complete and 0 interrupted iterations
packers   [  93% ] 300 VUs  4m37.9s/5m0s

running (4m38.9s), 300/300 VUs, 1140 complete and 0 interrupted iterations
packers   [  93% ] 300 VUs  4m38.9s/5m0s

running (4m39.9s), 300/300 VUs, 1148 complete and 0 interrupted iterations
packers   [  93% ] 300 VUs  4m39.9s/5m0s

running (4m40.9s), 300/300 VUs, 1154 complete and 0 interrupted iterations
packers   [  94% ] 300 VUs  4m40.9s/5m0s

running (4m41.9s), 300/300 VUs, 1154 complete and 0 interrupted iterations
packers   [  94% ] 300 VUs  4m41.9s/5m0s

running (4m42.9s), 300/300 VUs, 1161 complete and 0 interrupted iterations
packers   [  94% ] 300 VUs  4m42.9s/5m0s

running (4m43.9s), 300/300 VUs, 1165 complete and 0 interrupted iterations
packers   [  95% ] 300 VUs  4m43.9s/5m0s

running (4m44.9s), 300/300 VUs, 1171 complete and 0 interrupted iterations
packers   [  95% ] 300 VUs  4m44.9s/5m0s

running (4m45.9s), 300/300 VUs, 1175 complete and 0 interrupted iterations
packers   [  95% ] 300 VUs  4m45.9s/5m0s

running (4m46.9s), 300/300 VUs, 1184 complete and 0 interrupted iterations
packers   [  96% ] 300 VUs  4m46.9s/5m0s

running (4m47.9s), 300/300 VUs, 1189 complete and 0 interrupted iterations
packers   [  96% ] 300 VUs  4m47.9s/5m0s

running (4m48.9s), 300/300 VUs, 1194 complete and 0 interrupted iterations
packers   [  96% ] 300 VUs  4m48.9s/5m0s

running (4m49.9s), 300/300 VUs, 1198 complete and 0 interrupted iterations
packers   [  97% ] 300 VUs  4m49.9s/5m0s

running (4m50.9s), 300/300 VUs, 1204 complete and 0 interrupted iterations
packers   [  97% ] 300 VUs  4m50.9s/5m0s

running (4m51.9s), 300/300 VUs, 1209 complete and 0 interrupted iterations
packers   [  97% ] 300 VUs  4m51.9s/5m0s

running (4m52.9s), 300/300 VUs, 1215 complete and 0 interrupted iterations
packers   [  98% ] 300 VUs  4m52.9s/5m0s

running (4m53.9s), 300/300 VUs, 1217 complete and 0 interrupted iterations
packers   [  98% ] 300 VUs  4m53.9s/5m0s

running (4m54.9s), 300/300 VUs, 1219 complete and 0 interrupted iterations
packers   [  98% ] 300 VUs  4m54.9s/5m0s

running (4m55.9s), 300/300 VUs, 1222 complete and 0 interrupted iterations
packers   [  99% ] 300 VUs  4m55.9s/5m0s

running (4m56.9s), 300/300 VUs, 1225 complete and 0 interrupted iterations
packers   [  99% ] 300 VUs  4m56.9s/5m0s

running (4m57.9s), 300/300 VUs, 1230 complete and 0 interrupted iterations
packers   [  99% ] 300 VUs  4m57.9s/5m0s

running (4m58.9s), 300/300 VUs, 1234 complete and 0 interrupted iterations
packers   [ 100% ] 300 VUs  4m58.9s/5m0s

running (4m59.9s), 300/300 VUs, 1237 complete and 0 interrupted iterations
packers   [ 100% ] 300 VUs  4m59.9s/5m0s

running (5m00.9s), 295/300 VUs, 1242 complete and 0 interrupted iterations
packers ↓ [ 100% ] 300 VUs  5m0s

running (5m01.9s), 288/300 VUs, 1249 complete and 0 interrupted iterations
packers ↓ [ 100% ] 300 VUs  5m0s

running (5m02.9s), 285/300 VUs, 1252 complete and 0 interrupted iterations
packers ↓ [ 100% ] 300 VUs  5m0s

running (5m03.9s), 279/300 VUs, 1258 complete and 0 interrupted iterations
packers ↓ [ 100% ] 300 VUs  5m0s

running (5m04.9s), 277/300 VUs, 1260 complete and 0 interrupted iterations
packers ↓ [ 100% ] 300 VUs  5m0s

running (5m05.9s), 277/300 VUs, 1260 complete and 0 interrupted iterations
packers ↓ [ 100% ] 300 VUs  5m0s

running (5m06.9s), 277/300 VUs, 1260 complete and 0 interrupted iterations
packers ↓ [ 100% ] 300 VUs  5m0s

running (5m07.9s), 277/300 VUs, 1260 complete and 0 interrupted iterations
packers ↓ [ 100% ] 300 VUs  5m0s

running (5m08.9s), 277/300 VUs, 1260 complete and 0 interrupted iterations
packers ↓ [ 100% ] 300 VUs  5m0s

running (5m09.9s), 277/300 VUs, 1260 complete and 0 interrupted iterations
packers ↓ [ 100% ] 300 VUs  5m0s

running (5m10.9s), 277/300 VUs, 1260 complete and 0 interrupted iterations
packers ↓ [ 100% ] 300 VUs  5m0s

running (5m11.9s), 277/300 VUs, 1260 complete and 0 interrupted iterations
packers ↓ [ 100% ] 300 VUs  5m0s

running (5m12.9s), 277/300 VUs, 1260 complete and 0 interrupted iterations
packers ↓ [ 100% ] 300 VUs  5m0s

running (5m13.9s), 273/300 VUs, 1264 complete and 0 interrupted iterations
packers ↓ [ 100% ] 300 VUs  5m0s

running (5m14.9s), 269/300 VUs, 1268 complete and 0 interrupted iterations
packers ↓ [ 100% ] 300 VUs  5m0s

running (5m15.9s), 260/300 VUs, 1277 complete and 0 interrupted iterations
packers ↓ [ 100% ] 300 VUs  5m0s

running (5m16.9s), 247/300 VUs, 1290 complete and 0 interrupted iterations
packers ↓ [ 100% ] 300 VUs  5m0s

running (5m17.9s), 239/300 VUs, 1298 complete and 0 interrupted iterations
packers ↓ [ 100% ] 300 VUs  5m0s

running (5m18.9s), 228/300 VUs, 1309 complete and 0 interrupted iterations
packers ↓ [ 100% ] 300 VUs  5m0s

running (5m19.9s), 219/300 VUs, 1318 complete and 0 interrupted iterations
packers ↓ [ 100% ] 300 VUs  5m0s

running (5m20.9s), 210/300 VUs, 1327 complete and 0 interrupted iterations
packers ↓ [ 100% ] 300 VUs  5m0s

running (5m21.9s), 202/300 VUs, 1335 complete and 0 interrupted iterations
packers ↓ [ 100% ] 300 VUs  5m0s

running (5m22.9s), 191/300 VUs, 1346 complete and 0 interrupted iterations
packers ↓ [ 100% ] 300 VUs  5m0s

running (5m23.9s), 177/300 VUs, 1360 complete and 0 interrupted iterations
packers ↓ [ 100% ] 300 VUs  5m0s

running (5m24.9s), 173/300 VUs, 1364 complete and 0 interrupted iterations
packers ↓ [ 100% ] 300 VUs  5m0s

running (5m25.9s), 168/300 VUs, 1369 complete and 0 interrupted iterations
packers ↓ [ 100% ] 300 VUs  5m0s

running (5m26.9s), 166/300 VUs, 1371 complete and 0 interrupted iterations
packers ↓ [ 100% ] 300 VUs  5m0s

running (5m27.9s), 163/300 VUs, 1374 complete and 0 interrupted iterations
packers ↓ [ 100% ] 300 VUs  5m0s

running (5m28.9s), 158/300 VUs, 1379 complete and 0 interrupted iterations
packers ↓ [ 100% ] 300 VUs  5m0s

running (5m29.9s), 152/300 VUs, 1385 complete and 0 interrupted iterations
packers ↓ [ 100% ] 300 VUs  5m0s


  █ THRESHOLDS 

    complete_duration
    ✗ 'p(95)<500' p(95)=8.19s


  █ TOTAL RESULTS 

    checks_total.......: 2948   8.933274/s
    checks_succeeded...: 96.77% 2853 out of 2948
    checks_failed......: 3.22%  95 out of 2948

    ✗ tote-scan 2xx
      ↳  97% — ✓ 1500 / ✗ 37
    ✗ complete 2xx
      ↳  95% — ✓ 1353 / ✗ 58

    CUSTOM
    complete_duration..............: avg=644.15ms p(50)=39.8ms  p(95)=8.19s    p(99)=10s     max=10s      count=1411
    lockwin_complete...............: avg=7.99s    p(50)=10s     p(95)=10s      p(99)=10s     max=10s      count=105 
    lockwin_detail.................: avg=15.62ms  p(50)=15.58ms p(95)=18.19ms  p(99)=19.01ms max=19.22ms  count=10  
    lockwin_fail_timeout...........: 95     0.287877/s
    lockwin_ok.....................: 143    0.43333/s
    lockwin_scan...................: avg=6.24s    p(50)=6.72s   p(95)=10s      p(99)=10s     max=10s      count=123 
    measured_complete..............: avg=764.89ms p(50)=40.05ms p(95)=9.91s    p(99)=10s     max=10s      count=1175
    measured_complete_ok...........: 1117   3.384826/s
    measured_detail................: avg=34.3ms   p(50)=14.62ms p(95)=252.62ms p(99)=373.5ms max=689.81ms count=1200
    measured_fail_timeout..........: 95     0.287877/s
    measured_req_fail..............: 95     0.287877/s
    measured_reqs..................: 3612   10.945382/s
    measured_scan..................: avg=644.89ms p(50)=20.14ms p(95)=6.66s    p(99)=10s     max=10s      count=1237

    HTTP
    http_req_duration..............: avg=396.51ms p(50)=22.29ms p(95)=663.54ms p(99)=10s     max=10s      count=4448
      { expected_response:true }...: avg=186.91ms p(50)=21.94ms p(95)=245.67ms p(99)=6.75s   max=9.92s    count=4353
    http_req_failed................: 2.13%  95 out of 4448
    http_reqs......................: 4448   13.478699/s

    EXECUTION
    iteration_duration.............: avg=1m5s     p(50)=1m0s    p(95)=1m44s    p(99)=1m56s   max=1m59s    count=1385
    iterations.....................: 1385   4.196942/s
    vus............................: 152    min=152        max=300
    vus_max........................: 300    min=300        max=300

    NETWORK
    data_received..................: 2.5 MB 7.5 kB/s
    data_sent......................: 938 kB 2.8 kB/s




running (5m30.0s), 000/300 VUs, 1385 complete and 152 interrupted iterations
packers ✓ [ 100% ] 300 VUs  5m0s
time="2026-09-25T12:55:08Z" level=error msg="thresholds on metrics 'complete_duration' have been crossed"
