K6START=1790605288

         /\      Grafana   /‾‾/  
    /\  /  \     |\  __   /  /   
   /  \/    \    | |/ /  /   ‾‾\ 
  /          \   |   (  |  (‾)  |
 / __________ \  |_|\_\  \_____/ 


     execution: local
        script: k6/packing.js
        output: Prometheus remote write (http://172.31.64.6:9090/api/v1/write)

     scenarios: (100.00%) 1 scenario, 100 max VUs, 3m30s max duration (incl. graceful stop):
              * packers: 100 looping VUs for 3m0s (gracefulStop: 30s)


running (0m01.0s), 100/100 VUs, 0 complete and 0 interrupted iterations
packers   [   1% ] 100 VUs  0m01.0s/3m0s

running (0m02.0s), 100/100 VUs, 9 complete and 0 interrupted iterations
packers   [   1% ] 100 VUs  0m02.0s/3m0s

running (0m03.0s), 100/100 VUs, 64 complete and 0 interrupted iterations
packers   [   2% ] 100 VUs  0m03.0s/3m0s

running (0m04.0s), 100/100 VUs, 121 complete and 0 interrupted iterations
packers   [   2% ] 100 VUs  0m04.0s/3m0s

running (0m05.0s), 100/100 VUs, 171 complete and 0 interrupted iterations
packers   [   3% ] 100 VUs  0m05.0s/3m0s

running (0m06.0s), 100/100 VUs, 235 complete and 0 interrupted iterations
packers   [   3% ] 100 VUs  0m06.0s/3m0s

running (0m07.0s), 100/100 VUs, 321 complete and 0 interrupted iterations
packers   [   4% ] 100 VUs  0m07.0s/3m0s

running (0m08.0s), 100/100 VUs, 405 complete and 0 interrupted iterations
packers   [   4% ] 100 VUs  0m08.0s/3m0s

running (0m09.0s), 100/100 VUs, 488 complete and 0 interrupted iterations
packers   [   5% ] 100 VUs  0m09.0s/3m0s

running (0m10.0s), 100/100 VUs, 572 complete and 0 interrupted iterations
packers   [   6% ] 100 VUs  0m10.0s/3m0s

running (0m11.0s), 100/100 VUs, 663 complete and 0 interrupted iterations
packers   [   6% ] 100 VUs  0m11.0s/3m0s

running (0m12.0s), 100/100 VUs, 750 complete and 0 interrupted iterations
packers   [   7% ] 100 VUs  0m12.0s/3m0s

running (0m13.0s), 100/100 VUs, 864 complete and 0 interrupted iterations
packers   [   7% ] 100 VUs  0m13.0s/3m0s

running (0m14.0s), 100/100 VUs, 950 complete and 0 interrupted iterations
packers   [   8% ] 100 VUs  0m14.0s/3m0s

running (0m15.0s), 100/100 VUs, 1060 complete and 0 interrupted iterations
packers   [   8% ] 100 VUs  0m15.0s/3m0s

running (0m16.0s), 100/100 VUs, 1167 complete and 0 interrupted iterations
packers   [   9% ] 100 VUs  0m16.0s/3m0s

running (0m17.0s), 100/100 VUs, 1254 complete and 0 interrupted iterations
packers   [   9% ] 100 VUs  0m17.0s/3m0s

running (0m18.0s), 100/100 VUs, 1365 complete and 0 interrupted iterations
packers   [  10% ] 100 VUs  0m18.0s/3m0s

running (0m19.0s), 100/100 VUs, 1471 complete and 0 interrupted iterations
packers   [  11% ] 100 VUs  0m19.0s/3m0s

running (0m20.0s), 100/100 VUs, 1574 complete and 0 interrupted iterations
packers   [  11% ] 100 VUs  0m20.0s/3m0s

running (0m21.0s), 100/100 VUs, 1695 complete and 0 interrupted iterations
packers   [  12% ] 100 VUs  0m21.0s/3m0s

running (0m22.0s), 100/100 VUs, 1812 complete and 0 interrupted iterations
packers   [  12% ] 100 VUs  0m22.0s/3m0s

running (0m23.0s), 100/100 VUs, 1929 complete and 0 interrupted iterations
packers   [  13% ] 100 VUs  0m23.0s/3m0s

running (0m24.0s), 100/100 VUs, 2052 complete and 0 interrupted iterations
packers   [  13% ] 100 VUs  0m24.0s/3m0s

running (0m25.0s), 100/100 VUs, 2163 complete and 0 interrupted iterations
packers   [  14% ] 100 VUs  0m25.0s/3m0s

running (0m26.0s), 100/100 VUs, 2286 complete and 0 interrupted iterations
packers   [  14% ] 100 VUs  0m26.0s/3m0s

running (0m27.0s), 100/100 VUs, 2409 complete and 0 interrupted iterations
packers   [  15% ] 100 VUs  0m27.0s/3m0s

running (0m28.0s), 100/100 VUs, 2537 complete and 0 interrupted iterations
packers   [  16% ] 100 VUs  0m28.0s/3m0s

running (0m29.0s), 100/100 VUs, 2679 complete and 0 interrupted iterations
packers   [  16% ] 100 VUs  0m29.0s/3m0s

running (0m30.0s), 100/100 VUs, 2812 complete and 0 interrupted iterations
packers   [  17% ] 100 VUs  0m30.0s/3m0s

running (0m31.0s), 100/100 VUs, 2947 complete and 0 interrupted iterations
packers   [  17% ] 100 VUs  0m31.0s/3m0s

running (0m32.0s), 100/100 VUs, 3049 complete and 0 interrupted iterations
packers   [  18% ] 100 VUs  0m32.0s/3m0s

running (0m33.0s), 100/100 VUs, 3191 complete and 0 interrupted iterations
packers   [  18% ] 100 VUs  0m33.0s/3m0s

running (0m34.0s), 100/100 VUs, 3333 complete and 0 interrupted iterations
packers   [  19% ] 100 VUs  0m34.0s/3m0s

running (0m35.0s), 100/100 VUs, 3468 complete and 0 interrupted iterations
packers   [  19% ] 100 VUs  0m35.0s/3m0s

running (0m36.0s), 100/100 VUs, 3625 complete and 0 interrupted iterations
packers   [  20% ] 100 VUs  0m36.0s/3m0s

running (0m37.0s), 100/100 VUs, 3790 complete and 0 interrupted iterations
packers   [  21% ] 100 VUs  0m37.0s/3m0s

running (0m38.0s), 100/100 VUs, 3950 complete and 0 interrupted iterations
packers   [  21% ] 100 VUs  0m38.0s/3m0s

running (0m39.0s), 100/100 VUs, 4121 complete and 0 interrupted iterations
packers   [  22% ] 100 VUs  0m39.0s/3m0s

running (0m40.0s), 100/100 VUs, 4288 complete and 0 interrupted iterations
packers   [  22% ] 100 VUs  0m40.0s/3m0s

running (0m41.0s), 100/100 VUs, 4453 complete and 0 interrupted iterations
packers   [  23% ] 100 VUs  0m41.0s/3m0s

running (0m42.0s), 100/100 VUs, 4624 complete and 0 interrupted iterations
packers   [  23% ] 100 VUs  0m42.0s/3m0s

running (0m43.0s), 100/100 VUs, 4804 complete and 0 interrupted iterations
packers   [  24% ] 100 VUs  0m43.0s/3m0s

running (0m44.0s), 100/100 VUs, 5003 complete and 0 interrupted iterations
packers   [  24% ] 100 VUs  0m44.0s/3m0s

running (0m45.0s), 100/100 VUs, 5176 complete and 0 interrupted iterations
packers   [  25% ] 100 VUs  0m45.0s/3m0s

running (0m46.0s), 100/100 VUs, 5359 complete and 0 interrupted iterations
packers   [  26% ] 100 VUs  0m46.0s/3m0s

running (0m47.0s), 100/100 VUs, 5542 complete and 0 interrupted iterations
packers   [  26% ] 100 VUs  0m47.0s/3m0s

running (0m48.0s), 100/100 VUs, 5732 complete and 0 interrupted iterations
packers   [  27% ] 100 VUs  0m48.0s/3m0s

running (0m49.0s), 100/100 VUs, 5924 complete and 0 interrupted iterations
packers   [  27% ] 100 VUs  0m49.0s/3m0s

running (0m50.0s), 100/100 VUs, 6094 complete and 0 interrupted iterations
packers   [  28% ] 100 VUs  0m50.0s/3m0s

running (0m51.0s), 100/100 VUs, 6275 complete and 0 interrupted iterations
packers   [  28% ] 100 VUs  0m51.0s/3m0s

running (0m52.0s), 100/100 VUs, 6460 complete and 0 interrupted iterations
packers   [  29% ] 100 VUs  0m52.0s/3m0s

running (0m53.0s), 100/100 VUs, 6651 complete and 0 interrupted iterations
packers   [  29% ] 100 VUs  0m53.0s/3m0s

running (0m54.0s), 100/100 VUs, 6834 complete and 0 interrupted iterations
packers   [  30% ] 100 VUs  0m54.0s/3m0s

running (0m55.0s), 100/100 VUs, 7009 complete and 0 interrupted iterations
packers   [  31% ] 100 VUs  0m55.0s/3m0s

running (0m56.0s), 100/100 VUs, 7183 complete and 0 interrupted iterations
packers   [  31% ] 100 VUs  0m56.0s/3m0s

running (0m57.0s), 100/100 VUs, 7371 complete and 0 interrupted iterations
packers   [  32% ] 100 VUs  0m57.0s/3m0s

running (0m58.0s), 100/100 VUs, 7565 complete and 0 interrupted iterations
packers   [  32% ] 100 VUs  0m58.0s/3m0s

running (0m59.0s), 100/100 VUs, 7749 complete and 0 interrupted iterations
packers   [  33% ] 100 VUs  0m59.0s/3m0s

running (1m00.0s), 100/100 VUs, 7943 complete and 0 interrupted iterations
packers   [  33% ] 100 VUs  1m00.0s/3m0s

running (1m01.0s), 100/100 VUs, 8128 complete and 0 interrupted iterations
packers   [  34% ] 100 VUs  1m01.0s/3m0s

running (1m02.0s), 100/100 VUs, 8300 complete and 0 interrupted iterations
packers   [  34% ] 100 VUs  1m02.0s/3m0s

running (1m03.0s), 100/100 VUs, 8493 complete and 0 interrupted iterations
packers   [  35% ] 100 VUs  1m03.0s/3m0s

running (1m04.0s), 100/100 VUs, 8681 complete and 0 interrupted iterations
packers   [  36% ] 100 VUs  1m04.0s/3m0s

running (1m05.0s), 100/100 VUs, 8844 complete and 0 interrupted iterations
packers   [  36% ] 100 VUs  1m05.0s/3m0s

running (1m06.0s), 100/100 VUs, 9025 complete and 0 interrupted iterations
packers   [  37% ] 100 VUs  1m06.0s/3m0s

running (1m07.0s), 100/100 VUs, 9205 complete and 0 interrupted iterations
packers   [  37% ] 100 VUs  1m07.0s/3m0s

running (1m08.0s), 100/100 VUs, 9396 complete and 0 interrupted iterations
packers   [  38% ] 100 VUs  1m08.0s/3m0s

running (1m09.0s), 100/100 VUs, 9580 complete and 0 interrupted iterations
packers   [  38% ] 100 VUs  1m09.0s/3m0s

running (1m10.0s), 100/100 VUs, 9734 complete and 0 interrupted iterations
packers   [  39% ] 100 VUs  1m10.0s/3m0s

running (1m11.0s), 100/100 VUs, 9921 complete and 0 interrupted iterations
packers   [  39% ] 100 VUs  1m11.0s/3m0s

running (1m12.0s), 100/100 VUs, 10096 complete and 0 interrupted iterations
packers   [  40% ] 100 VUs  1m12.0s/3m0s

running (1m13.0s), 100/100 VUs, 10285 complete and 0 interrupted iterations
packers   [  41% ] 100 VUs  1m13.0s/3m0s

running (1m14.0s), 100/100 VUs, 10433 complete and 0 interrupted iterations
packers   [  41% ] 100 VUs  1m14.0s/3m0s

running (1m15.0s), 100/100 VUs, 10615 complete and 0 interrupted iterations
packers   [  42% ] 100 VUs  1m15.0s/3m0s

running (1m16.0s), 100/100 VUs, 10804 complete and 0 interrupted iterations
packers   [  42% ] 100 VUs  1m16.0s/3m0s

running (1m17.0s), 100/100 VUs, 10939 complete and 0 interrupted iterations
packers   [  43% ] 100 VUs  1m17.0s/3m0s

running (1m18.0s), 100/100 VUs, 11119 complete and 0 interrupted iterations
packers   [  43% ] 100 VUs  1m18.0s/3m0s

running (1m19.0s), 100/100 VUs, 11309 complete and 0 interrupted iterations
packers   [  44% ] 100 VUs  1m19.0s/3m0s

running (1m20.0s), 100/100 VUs, 11480 complete and 0 interrupted iterations
packers   [  44% ] 100 VUs  1m20.0s/3m0s

running (1m21.0s), 100/100 VUs, 11665 complete and 0 interrupted iterations
packers   [  45% ] 100 VUs  1m21.0s/3m0s

running (1m22.0s), 100/100 VUs, 11851 complete and 0 interrupted iterations
packers   [  46% ] 100 VUs  1m22.0s/3m0s

running (1m23.0s), 100/100 VUs, 12032 complete and 0 interrupted iterations
packers   [  46% ] 100 VUs  1m23.0s/3m0s

running (1m24.0s), 100/100 VUs, 12224 complete and 0 interrupted iterations
packers   [  47% ] 100 VUs  1m24.0s/3m0s

running (1m25.0s), 100/100 VUs, 12394 complete and 0 interrupted iterations
packers   [  47% ] 100 VUs  1m25.0s/3m0s

running (1m26.0s), 100/100 VUs, 12569 complete and 0 interrupted iterations
packers   [  48% ] 100 VUs  1m26.0s/3m0s

running (1m27.0s), 100/100 VUs, 12759 complete and 0 interrupted iterations
packers   [  48% ] 100 VUs  1m27.0s/3m0s

running (1m28.0s), 100/100 VUs, 12951 complete and 0 interrupted iterations
packers   [  49% ] 100 VUs  1m28.0s/3m0s

running (1m29.0s), 100/100 VUs, 13135 complete and 0 interrupted iterations
packers   [  49% ] 100 VUs  1m29.0s/3m0s

running (1m30.0s), 100/100 VUs, 13313 complete and 0 interrupted iterations
packers   [  50% ] 100 VUs  1m30.0s/3m0s

running (1m31.0s), 100/100 VUs, 13496 complete and 0 interrupted iterations
packers   [  51% ] 100 VUs  1m31.0s/3m0s

running (1m32.0s), 100/100 VUs, 13611 complete and 0 interrupted iterations
packers   [  51% ] 100 VUs  1m32.0s/3m0s

running (1m33.0s), 100/100 VUs, 13790 complete and 0 interrupted iterations
packers   [  52% ] 100 VUs  1m33.0s/3m0s

running (1m34.0s), 100/100 VUs, 13971 complete and 0 interrupted iterations
packers   [  52% ] 100 VUs  1m34.0s/3m0s

running (1m35.0s), 100/100 VUs, 14132 complete and 0 interrupted iterations
packers   [  53% ] 100 VUs  1m35.0s/3m0s

running (1m36.0s), 100/100 VUs, 14276 complete and 0 interrupted iterations
packers   [  53% ] 100 VUs  1m36.0s/3m0s

running (1m37.0s), 100/100 VUs, 14408 complete and 0 interrupted iterations
packers   [  54% ] 100 VUs  1m37.0s/3m0s

running (1m38.0s), 100/100 VUs, 14563 complete and 0 interrupted iterations
packers   [  54% ] 100 VUs  1m38.0s/3m0s

running (1m39.0s), 100/100 VUs, 14745 complete and 0 interrupted iterations
packers   [  55% ] 100 VUs  1m39.0s/3m0s

running (1m40.0s), 100/100 VUs, 14903 complete and 0 interrupted iterations
packers   [  56% ] 100 VUs  1m40.0s/3m0s

running (1m41.0s), 100/100 VUs, 15084 complete and 0 interrupted iterations
packers   [  56% ] 100 VUs  1m41.0s/3m0s

running (1m42.0s), 100/100 VUs, 15232 complete and 0 interrupted iterations
packers   [  57% ] 100 VUs  1m42.0s/3m0s

running (1m43.0s), 100/100 VUs, 15420 complete and 0 interrupted iterations
packers   [  57% ] 100 VUs  1m43.0s/3m0s

running (1m44.0s), 100/100 VUs, 15609 complete and 0 interrupted iterations
packers   [  58% ] 100 VUs  1m44.0s/3m0s

running (1m45.0s), 100/100 VUs, 15782 complete and 0 interrupted iterations
packers   [  58% ] 100 VUs  1m45.0s/3m0s

running (1m46.0s), 100/100 VUs, 15955 complete and 0 interrupted iterations
packers   [  59% ] 100 VUs  1m46.0s/3m0s

running (1m47.0s), 100/100 VUs, 16138 complete and 0 interrupted iterations
packers   [  59% ] 100 VUs  1m47.0s/3m0s

running (1m48.0s), 100/100 VUs, 16312 complete and 0 interrupted iterations
packers   [  60% ] 100 VUs  1m48.0s/3m0s

running (1m49.0s), 100/100 VUs, 16496 complete and 0 interrupted iterations
packers   [  61% ] 100 VUs  1m49.0s/3m0s

running (1m50.0s), 100/100 VUs, 16665 complete and 0 interrupted iterations
packers   [  61% ] 100 VUs  1m50.0s/3m0s

running (1m51.0s), 100/100 VUs, 16845 complete and 0 interrupted iterations
packers   [  62% ] 100 VUs  1m51.0s/3m0s

running (1m52.0s), 100/100 VUs, 17017 complete and 0 interrupted iterations
packers   [  62% ] 100 VUs  1m52.0s/3m0s

running (1m53.0s), 100/100 VUs, 17201 complete and 0 interrupted iterations
packers   [  63% ] 100 VUs  1m53.0s/3m0s

running (1m54.0s), 100/100 VUs, 17349 complete and 0 interrupted iterations
packers   [  63% ] 100 VUs  1m54.0s/3m0s

running (1m55.0s), 100/100 VUs, 17509 complete and 0 interrupted iterations
packers   [  64% ] 100 VUs  1m55.0s/3m0s

running (1m56.0s), 100/100 VUs, 17668 complete and 0 interrupted iterations
packers   [  64% ] 100 VUs  1m56.0s/3m0s

running (1m57.0s), 100/100 VUs, 17845 complete and 0 interrupted iterations
packers   [  65% ] 100 VUs  1m57.0s/3m0s

running (1m58.0s), 100/100 VUs, 18015 complete and 0 interrupted iterations
packers   [  66% ] 100 VUs  1m58.0s/3m0s

running (1m59.0s), 100/100 VUs, 18196 complete and 0 interrupted iterations
packers   [  66% ] 100 VUs  1m59.0s/3m0s

running (2m00.0s), 100/100 VUs, 18371 complete and 0 interrupted iterations
packers   [  67% ] 100 VUs  2m00.0s/3m0s

running (2m01.0s), 100/100 VUs, 18543 complete and 0 interrupted iterations
packers   [  67% ] 100 VUs  2m01.0s/3m0s

running (2m02.0s), 100/100 VUs, 18706 complete and 0 interrupted iterations
packers   [  68% ] 100 VUs  2m02.0s/3m0s

running (2m03.0s), 100/100 VUs, 18884 complete and 0 interrupted iterations
packers   [  68% ] 100 VUs  2m03.0s/3m0s

running (2m04.0s), 100/100 VUs, 19066 complete and 0 interrupted iterations
packers   [  69% ] 100 VUs  2m04.0s/3m0s

running (2m05.0s), 100/100 VUs, 19207 complete and 0 interrupted iterations
packers   [  69% ] 100 VUs  2m05.0s/3m0s

running (2m06.0s), 100/100 VUs, 19382 complete and 0 interrupted iterations
packers   [  70% ] 100 VUs  2m06.0s/3m0s

running (2m07.0s), 100/100 VUs, 19561 complete and 0 interrupted iterations
packers   [  71% ] 100 VUs  2m07.0s/3m0s

running (2m08.0s), 100/100 VUs, 19736 complete and 0 interrupted iterations
packers   [  71% ] 100 VUs  2m08.0s/3m0s

running (2m09.0s), 100/100 VUs, 19915 complete and 0 interrupted iterations
packers   [  72% ] 100 VUs  2m09.0s/3m0s

running (2m10.0s), 100/100 VUs, 20073 complete and 0 interrupted iterations
packers   [  72% ] 100 VUs  2m10.0s/3m0s

running (2m11.0s), 100/100 VUs, 20248 complete and 0 interrupted iterations
packers   [  73% ] 100 VUs  2m11.0s/3m0s

running (2m12.0s), 100/100 VUs, 20394 complete and 0 interrupted iterations
packers   [  73% ] 100 VUs  2m12.0s/3m0s

running (2m13.0s), 100/100 VUs, 20578 complete and 0 interrupted iterations
packers   [  74% ] 100 VUs  2m13.0s/3m0s

running (2m14.0s), 100/100 VUs, 20722 complete and 0 interrupted iterations
packers   [  74% ] 100 VUs  2m14.0s/3m0s

running (2m15.0s), 100/100 VUs, 20897 complete and 0 interrupted iterations
packers   [  75% ] 100 VUs  2m15.0s/3m0s

running (2m16.0s), 100/100 VUs, 21080 complete and 0 interrupted iterations
packers   [  76% ] 100 VUs  2m16.0s/3m0s

running (2m17.0s), 100/100 VUs, 21193 complete and 0 interrupted iterations
packers   [  76% ] 100 VUs  2m17.0s/3m0s

running (2m18.0s), 100/100 VUs, 21376 complete and 0 interrupted iterations
packers   [  77% ] 100 VUs  2m18.0s/3m0s

running (2m19.0s), 100/100 VUs, 21551 complete and 0 interrupted iterations
packers   [  77% ] 100 VUs  2m19.0s/3m0s

running (2m20.0s), 100/100 VUs, 21706 complete and 0 interrupted iterations
packers   [  78% ] 100 VUs  2m20.0s/3m0s

running (2m21.0s), 100/100 VUs, 21891 complete and 0 interrupted iterations
packers   [  78% ] 100 VUs  2m21.0s/3m0s

running (2m22.0s), 100/100 VUs, 22066 complete and 0 interrupted iterations
packers   [  79% ] 100 VUs  2m22.0s/3m0s

running (2m23.0s), 100/100 VUs, 22234 complete and 0 interrupted iterations
packers   [  79% ] 100 VUs  2m23.0s/3m0s

running (2m24.0s), 100/100 VUs, 22412 complete and 0 interrupted iterations
packers   [  80% ] 100 VUs  2m24.0s/3m0s

running (2m25.0s), 100/100 VUs, 22556 complete and 0 interrupted iterations
packers   [  81% ] 100 VUs  2m25.0s/3m0s

running (2m26.0s), 100/100 VUs, 22716 complete and 0 interrupted iterations
packers   [  81% ] 100 VUs  2m26.0s/3m0s

running (2m27.0s), 100/100 VUs, 22892 complete and 0 interrupted iterations
packers   [  82% ] 100 VUs  2m27.0s/3m0s

running (2m28.0s), 100/100 VUs, 23069 complete and 0 interrupted iterations
packers   [  82% ] 100 VUs  2m28.0s/3m0s

running (2m29.0s), 100/100 VUs, 23250 complete and 0 interrupted iterations
packers   [  83% ] 100 VUs  2m29.0s/3m0s

running (2m30.0s), 100/100 VUs, 23425 complete and 0 interrupted iterations
packers   [  83% ] 100 VUs  2m30.0s/3m0s

running (2m31.0s), 100/100 VUs, 23598 complete and 0 interrupted iterations
packers   [  84% ] 100 VUs  2m31.0s/3m0s

running (2m32.0s), 100/100 VUs, 23681 complete and 0 interrupted iterations
packers   [  84% ] 100 VUs  2m32.0s/3m0s

running (2m33.0s), 100/100 VUs, 23854 complete and 0 interrupted iterations
packers   [  85% ] 100 VUs  2m33.0s/3m0s

running (2m34.0s), 100/100 VUs, 24025 complete and 0 interrupted iterations
packers   [  86% ] 100 VUs  2m34.0s/3m0s

running (2m35.0s), 100/100 VUs, 24164 complete and 0 interrupted iterations
packers   [  86% ] 100 VUs  2m35.0s/3m0s

running (2m36.0s), 100/100 VUs, 24336 complete and 0 interrupted iterations
packers   [  87% ] 100 VUs  2m36.0s/3m0s

running (2m37.0s), 100/100 VUs, 24512 complete and 0 interrupted iterations
packers   [  87% ] 100 VUs  2m37.0s/3m0s

running (2m38.0s), 100/100 VUs, 24689 complete and 0 interrupted iterations
packers   [  88% ] 100 VUs  2m38.0s/3m0s

running (2m39.0s), 100/100 VUs, 24866 complete and 0 interrupted iterations
packers   [  88% ] 100 VUs  2m39.0s/3m0s

running (2m40.0s), 100/100 VUs, 25013 complete and 0 interrupted iterations
packers   [  89% ] 100 VUs  2m40.0s/3m0s

running (2m41.0s), 100/100 VUs, 25190 complete and 0 interrupted iterations
packers   [  89% ] 100 VUs  2m41.0s/3m0s

running (2m42.0s), 100/100 VUs, 25354 complete and 0 interrupted iterations
packers   [  90% ] 100 VUs  2m42.0s/3m0s

running (2m43.0s), 100/100 VUs, 25531 complete and 0 interrupted iterations
packers   [  91% ] 100 VUs  2m43.0s/3m0s

running (2m44.0s), 100/100 VUs, 25690 complete and 0 interrupted iterations
packers   [  91% ] 100 VUs  2m44.0s/3m0s

running (2m45.0s), 100/100 VUs, 25858 complete and 0 interrupted iterations
packers   [  92% ] 100 VUs  2m45.0s/3m0s

running (2m46.0s), 100/100 VUs, 26029 complete and 0 interrupted iterations
packers   [  92% ] 100 VUs  2m46.0s/3m0s

running (2m47.0s), 100/100 VUs, 26192 complete and 0 interrupted iterations
packers   [  93% ] 100 VUs  2m47.0s/3m0s

running (2m48.0s), 100/100 VUs, 26371 complete and 0 interrupted iterations
packers   [  93% ] 100 VUs  2m48.0s/3m0s

running (2m49.0s), 100/100 VUs, 26548 complete and 0 interrupted iterations
packers   [  94% ] 100 VUs  2m49.0s/3m0s

running (2m50.0s), 100/100 VUs, 26710 complete and 0 interrupted iterations
packers   [  94% ] 100 VUs  2m50.0s/3m0s

running (2m51.0s), 100/100 VUs, 26877 complete and 0 interrupted iterations
packers   [  95% ] 100 VUs  2m51.0s/3m0s

running (2m52.0s), 100/100 VUs, 27052 complete and 0 interrupted iterations
packers   [  96% ] 100 VUs  2m52.0s/3m0s

running (2m53.0s), 100/100 VUs, 27227 complete and 0 interrupted iterations
packers   [  96% ] 100 VUs  2m53.0s/3m0s

running (2m54.0s), 100/100 VUs, 27393 complete and 0 interrupted iterations
packers   [  97% ] 100 VUs  2m54.0s/3m0s

running (2m55.0s), 100/100 VUs, 27527 complete and 0 interrupted iterations
packers   [  97% ] 100 VUs  2m55.0s/3m0s

running (2m56.0s), 100/100 VUs, 27684 complete and 0 interrupted iterations
packers   [  98% ] 100 VUs  2m56.0s/3m0s

running (2m57.0s), 100/100 VUs, 27862 complete and 0 interrupted iterations
packers   [  98% ] 100 VUs  2m57.0s/3m0s

running (2m58.0s), 100/100 VUs, 28041 complete and 0 interrupted iterations
packers   [  99% ] 100 VUs  2m58.0s/3m0s

running (2m59.0s), 100/100 VUs, 28214 complete and 0 interrupted iterations
packers   [  99% ] 100 VUs  2m59.0s/3m0s

running (3m00.0s), 100/100 VUs, 28382 complete and 0 interrupted iterations
packers   [ 100% ] 100 VUs  3m00.0s/3m0s


  █ THRESHOLDS 

    complete_duration
    ✓ 'p(95)<500' p(95)=390.59ms


  █ TOTAL RESULTS 

    checks_total.......: 85464   473.710235/s
    checks_succeeded...: 100.00% 85464 out of 85464
    checks_failed......: 0.00%   0 out of 85464

    ✓ tote-scan 2xx
    ✓ shipment-detail 2xx
    ✓ complete 2xx

    CUSTOM
    complete_duration..............: avg=212.86ms p(50)=192.05ms p(95)=390.59ms p(99)=710.81ms max=2.68s    count=28488
    measured_complete..............: avg=198.57ms p(50)=191.13ms p(95)=336.44ms p(99)=445.07ms max=1.17s    count=25570
    measured_complete_ok...........: 25570 141.729508/s
    measured_detail................: avg=191.44ms p(50)=181.11ms p(95)=324.7ms  p(99)=431.17ms max=932.94ms count=25571
    measured_reqs..................: 76717 425.227325/s
    measured_scan..................: avg=196.46ms p(50)=185.84ms p(95)=331.45ms p(99)=435.92ms max=931.32ms count=25576

    HTTP
    http_req_duration..............: avg=210.73ms p(50)=187.08ms p(95)=386.23ms p(99)=718.23ms max=2.68s    count=85464
      { expected_response:true }...: avg=210.73ms p(50)=187.08ms p(95)=386.23ms p(99)=718.23ms max=2.68s    count=85464
    http_req_failed................: 0.00% 0 out of 85464
    http_reqs......................: 85464 473.710235/s

    EXECUTION
    iteration_duration.............: avg=632.65ms p(50)=567.61ms p(95)=1.01s    p(99)=1.78s    max=5.47s    count=28488
    iterations.....................: 28488 157.903412/s
    vus............................: 100   min=100        max=100
    vus_max........................: 100   min=100        max=100

    NETWORK
    data_received..................: 42 MB 235 kB/s
    data_sent......................: 18 MB 100 kB/s




running (3m00.4s), 000/100 VUs, 28488 complete and 0 interrupted iterations
packers ✓ [ 100% ] 100 VUs  3m0s
