K6START=1790333984

         /\      Grafana   /‾‾/  
    /\  /  \     |\  __   /  /   
   /  \/    \    | |/ /  /   ‾‾\ 
  /          \   |   (  |  (‾)  |
 / __________ \  |_|\_\  \_____/ 


     execution: local
        script: k6/packing.js
        output: Prometheus remote write (http://172.31.64.6:9090/api/v1/write)

     scenarios: (100.00%) 1 scenario, 100 max VUs, 4m0s max duration (incl. graceful stop):
              * packers: 100 looping VUs for 3m30s (gracefulStop: 30s)


running (0m01.0s), 100/100 VUs, 0 complete and 0 interrupted iterations
packers   [   0% ] 100 VUs  0m01.0s/3m30s

running (0m02.0s), 100/100 VUs, 0 complete and 0 interrupted iterations
packers   [   1% ] 100 VUs  0m02.0s/3m30s

running (0m03.0s), 100/100 VUs, 36 complete and 0 interrupted iterations
packers   [   1% ] 100 VUs  0m03.0s/3m30s

running (0m04.0s), 100/100 VUs, 88 complete and 0 interrupted iterations
packers   [   2% ] 100 VUs  0m04.0s/3m30s

running (0m05.0s), 100/100 VUs, 123 complete and 0 interrupted iterations
packers   [   2% ] 100 VUs  0m05.0s/3m30s

running (0m06.0s), 100/100 VUs, 174 complete and 0 interrupted iterations
packers   [   3% ] 100 VUs  0m06.0s/3m30s

running (0m07.0s), 100/100 VUs, 224 complete and 0 interrupted iterations
packers   [   3% ] 100 VUs  0m07.0s/3m30s

running (0m08.0s), 100/100 VUs, 284 complete and 0 interrupted iterations
packers   [   4% ] 100 VUs  0m08.0s/3m30s

running (0m09.0s), 100/100 VUs, 337 complete and 0 interrupted iterations
packers   [   4% ] 100 VUs  0m09.0s/3m30s

running (0m10.0s), 100/100 VUs, 396 complete and 0 interrupted iterations
packers   [   5% ] 100 VUs  0m10.0s/3m30s

running (0m11.0s), 100/100 VUs, 457 complete and 0 interrupted iterations
packers   [   5% ] 100 VUs  0m11.0s/3m30s

running (0m12.0s), 100/100 VUs, 524 complete and 0 interrupted iterations
packers   [   6% ] 100 VUs  0m12.0s/3m30s

running (0m13.0s), 100/100 VUs, 594 complete and 0 interrupted iterations
packers   [   6% ] 100 VUs  0m13.0s/3m30s

running (0m14.0s), 100/100 VUs, 661 complete and 0 interrupted iterations
packers   [   7% ] 100 VUs  0m14.0s/3m30s

running (0m15.0s), 100/100 VUs, 738 complete and 0 interrupted iterations
packers   [   7% ] 100 VUs  0m15.0s/3m30s

running (0m16.0s), 100/100 VUs, 772 complete and 0 interrupted iterations
packers   [   8% ] 100 VUs  0m16.0s/3m30s

running (0m17.0s), 100/100 VUs, 786 complete and 0 interrupted iterations
packers   [   8% ] 100 VUs  0m17.0s/3m30s

running (0m18.0s), 100/100 VUs, 796 complete and 0 interrupted iterations
packers   [   9% ] 100 VUs  0m18.0s/3m30s

running (0m19.0s), 100/100 VUs, 822 complete and 0 interrupted iterations
packers   [   9% ] 100 VUs  0m19.0s/3m30s

running (0m20.0s), 100/100 VUs, 856 complete and 0 interrupted iterations
packers   [  10% ] 100 VUs  0m20.0s/3m30s

running (0m21.0s), 100/100 VUs, 920 complete and 0 interrupted iterations
packers   [  10% ] 100 VUs  0m21.0s/3m30s

running (0m22.0s), 100/100 VUs, 992 complete and 0 interrupted iterations
packers   [  10% ] 100 VUs  0m22.0s/3m30s

running (0m23.0s), 100/100 VUs, 1066 complete and 0 interrupted iterations
packers   [  11% ] 100 VUs  0m23.0s/3m30s

running (0m24.0s), 100/100 VUs, 1144 complete and 0 interrupted iterations
packers   [  11% ] 100 VUs  0m24.0s/3m30s

running (0m25.0s), 100/100 VUs, 1218 complete and 0 interrupted iterations
packers   [  12% ] 100 VUs  0m25.0s/3m30s

running (0m26.0s), 100/100 VUs, 1293 complete and 0 interrupted iterations
packers   [  12% ] 100 VUs  0m26.0s/3m30s

running (0m27.0s), 100/100 VUs, 1361 complete and 0 interrupted iterations
packers   [  13% ] 100 VUs  0m27.0s/3m30s

running (0m28.0s), 100/100 VUs, 1439 complete and 0 interrupted iterations
packers   [  13% ] 100 VUs  0m28.0s/3m30s

running (0m29.0s), 100/100 VUs, 1519 complete and 0 interrupted iterations
packers   [  14% ] 100 VUs  0m29.0s/3m30s

running (0m30.0s), 100/100 VUs, 1601 complete and 0 interrupted iterations
packers   [  14% ] 100 VUs  0m30.0s/3m30s

running (0m31.0s), 100/100 VUs, 1675 complete and 0 interrupted iterations
packers   [  15% ] 100 VUs  0m31.0s/3m30s

running (0m32.0s), 100/100 VUs, 1753 complete and 0 interrupted iterations
packers   [  15% ] 100 VUs  0m32.0s/3m30s

running (0m33.0s), 100/100 VUs, 1823 complete and 0 interrupted iterations
packers   [  16% ] 100 VUs  0m33.0s/3m30s

running (0m34.0s), 100/100 VUs, 1899 complete and 0 interrupted iterations
packers   [  16% ] 100 VUs  0m34.0s/3m30s

running (0m35.0s), 100/100 VUs, 1985 complete and 0 interrupted iterations
packers   [  17% ] 100 VUs  0m35.0s/3m30s

running (0m36.0s), 100/100 VUs, 2053 complete and 0 interrupted iterations
packers   [  17% ] 100 VUs  0m36.0s/3m30s

running (0m37.0s), 100/100 VUs, 2134 complete and 0 interrupted iterations
packers   [  18% ] 100 VUs  0m37.0s/3m30s

running (0m38.0s), 100/100 VUs, 2208 complete and 0 interrupted iterations
packers   [  18% ] 100 VUs  0m38.0s/3m30s

running (0m39.0s), 100/100 VUs, 2272 complete and 0 interrupted iterations
packers   [  19% ] 100 VUs  0m39.0s/3m30s

running (0m40.0s), 100/100 VUs, 2331 complete and 0 interrupted iterations
packers   [  19% ] 100 VUs  0m40.0s/3m30s

running (0m41.0s), 100/100 VUs, 2410 complete and 0 interrupted iterations
packers   [  20% ] 100 VUs  0m41.0s/3m30s

running (0m42.0s), 100/100 VUs, 2489 complete and 0 interrupted iterations
packers   [  20% ] 100 VUs  0m42.0s/3m30s

running (0m43.0s), 100/100 VUs, 2570 complete and 0 interrupted iterations
packers   [  20% ] 100 VUs  0m43.0s/3m30s

running (0m44.0s), 100/100 VUs, 2643 complete and 0 interrupted iterations
packers   [  21% ] 100 VUs  0m44.0s/3m30s

running (0m45.0s), 100/100 VUs, 2719 complete and 0 interrupted iterations
packers   [  21% ] 100 VUs  0m45.0s/3m30s

running (0m46.0s), 100/100 VUs, 2781 complete and 0 interrupted iterations
packers   [  22% ] 100 VUs  0m46.0s/3m30s

running (0m47.0s), 100/100 VUs, 2859 complete and 0 interrupted iterations
packers   [  22% ] 100 VUs  0m47.0s/3m30s

running (0m48.0s), 100/100 VUs, 2938 complete and 0 interrupted iterations
packers   [  23% ] 100 VUs  0m48.0s/3m30s

running (0m49.0s), 100/100 VUs, 3025 complete and 0 interrupted iterations
packers   [  23% ] 100 VUs  0m49.0s/3m30s

running (0m50.0s), 100/100 VUs, 3104 complete and 0 interrupted iterations
packers   [  24% ] 100 VUs  0m50.0s/3m30s

running (0m51.0s), 100/100 VUs, 3185 complete and 0 interrupted iterations
packers   [  24% ] 100 VUs  0m51.0s/3m30s

running (0m52.0s), 100/100 VUs, 3238 complete and 0 interrupted iterations
packers   [  25% ] 100 VUs  0m52.0s/3m30s

running (0m53.0s), 100/100 VUs, 3320 complete and 0 interrupted iterations
packers   [  25% ] 100 VUs  0m53.0s/3m30s

running (0m54.0s), 100/100 VUs, 3394 complete and 0 interrupted iterations
packers   [  26% ] 100 VUs  0m54.0s/3m30s

running (0m55.0s), 100/100 VUs, 3477 complete and 0 interrupted iterations
packers   [  26% ] 100 VUs  0m55.0s/3m30s

running (0m56.0s), 100/100 VUs, 3557 complete and 0 interrupted iterations
packers   [  27% ] 100 VUs  0m56.0s/3m30s

running (0m57.0s), 100/100 VUs, 3639 complete and 0 interrupted iterations
packers   [  27% ] 100 VUs  0m57.0s/3m30s

running (0m58.0s), 100/100 VUs, 3696 complete and 0 interrupted iterations
packers   [  28% ] 100 VUs  0m58.0s/3m30s

running (0m59.0s), 100/100 VUs, 3775 complete and 0 interrupted iterations
packers   [  28% ] 100 VUs  0m59.0s/3m30s

running (1m00.0s), 100/100 VUs, 3858 complete and 0 interrupted iterations
packers   [  29% ] 100 VUs  1m00.0s/3m30s

running (1m01.0s), 100/100 VUs, 3917 complete and 0 interrupted iterations
packers   [  29% ] 100 VUs  1m01.0s/3m30s

running (1m02.0s), 100/100 VUs, 3997 complete and 0 interrupted iterations
packers   [  30% ] 100 VUs  1m02.0s/3m30s

running (1m03.0s), 100/100 VUs, 4083 complete and 0 interrupted iterations
packers   [  30% ] 100 VUs  1m03.0s/3m30s

running (1m04.0s), 100/100 VUs, 4164 complete and 0 interrupted iterations
packers   [  30% ] 100 VUs  1m04.0s/3m30s

running (1m05.0s), 100/100 VUs, 4234 complete and 0 interrupted iterations
packers   [  31% ] 100 VUs  1m05.0s/3m30s

running (1m06.0s), 100/100 VUs, 4312 complete and 0 interrupted iterations
packers   [  31% ] 100 VUs  1m06.0s/3m30s

running (1m07.0s), 100/100 VUs, 4393 complete and 0 interrupted iterations
packers   [  32% ] 100 VUs  1m07.0s/3m30s

running (1m08.0s), 100/100 VUs, 4474 complete and 0 interrupted iterations
packers   [  32% ] 100 VUs  1m08.0s/3m30s

running (1m09.0s), 100/100 VUs, 4554 complete and 0 interrupted iterations
packers   [  33% ] 100 VUs  1m09.0s/3m30s

running (1m10.0s), 100/100 VUs, 4636 complete and 0 interrupted iterations
packers   [  33% ] 100 VUs  1m10.0s/3m30s

running (1m11.0s), 100/100 VUs, 4712 complete and 0 interrupted iterations
packers   [  34% ] 100 VUs  1m11.0s/3m30s

running (1m12.0s), 100/100 VUs, 4778 complete and 0 interrupted iterations
packers   [  34% ] 100 VUs  1m12.0s/3m30s

running (1m13.0s), 100/100 VUs, 4860 complete and 0 interrupted iterations
packers   [  35% ] 100 VUs  1m13.0s/3m30s

running (1m14.0s), 100/100 VUs, 4941 complete and 0 interrupted iterations
packers   [  35% ] 100 VUs  1m14.0s/3m30s

running (1m15.0s), 100/100 VUs, 5027 complete and 0 interrupted iterations
packers   [  36% ] 100 VUs  1m15.0s/3m30s

running (1m16.0s), 100/100 VUs, 5081 complete and 0 interrupted iterations
packers   [  36% ] 100 VUs  1m16.0s/3m30s

running (1m17.0s), 100/100 VUs, 5143 complete and 0 interrupted iterations
packers   [  37% ] 100 VUs  1m17.0s/3m30s

running (1m18.0s), 100/100 VUs, 5220 complete and 0 interrupted iterations
packers   [  37% ] 100 VUs  1m18.0s/3m30s

running (1m19.0s), 100/100 VUs, 5291 complete and 0 interrupted iterations
packers   [  38% ] 100 VUs  1m19.0s/3m30s

running (1m20.0s), 100/100 VUs, 5359 complete and 0 interrupted iterations
packers   [  38% ] 100 VUs  1m20.0s/3m30s

running (1m21.0s), 100/100 VUs, 5439 complete and 0 interrupted iterations
packers   [  39% ] 100 VUs  1m21.0s/3m30s

running (1m22.0s), 100/100 VUs, 5518 complete and 0 interrupted iterations
packers   [  39% ] 100 VUs  1m22.0s/3m30s

running (1m23.0s), 100/100 VUs, 5603 complete and 0 interrupted iterations
packers   [  40% ] 100 VUs  1m23.0s/3m30s

running (1m24.0s), 100/100 VUs, 5685 complete and 0 interrupted iterations
packers   [  40% ] 100 VUs  1m24.0s/3m30s

running (1m25.0s), 100/100 VUs, 5750 complete and 0 interrupted iterations
packers   [  40% ] 100 VUs  1m25.0s/3m30s

running (1m26.0s), 100/100 VUs, 5807 complete and 0 interrupted iterations
packers   [  41% ] 100 VUs  1m26.0s/3m30s

running (1m27.0s), 100/100 VUs, 5896 complete and 0 interrupted iterations
packers   [  41% ] 100 VUs  1m27.0s/3m30s

running (1m28.0s), 100/100 VUs, 5977 complete and 0 interrupted iterations
packers   [  42% ] 100 VUs  1m28.0s/3m30s

running (1m29.0s), 100/100 VUs, 6055 complete and 0 interrupted iterations
packers   [  42% ] 100 VUs  1m29.0s/3m30s

running (1m30.0s), 100/100 VUs, 6138 complete and 0 interrupted iterations
packers   [  43% ] 100 VUs  1m30.0s/3m30s

running (1m31.0s), 100/100 VUs, 6215 complete and 0 interrupted iterations
packers   [  43% ] 100 VUs  1m31.0s/3m30s

running (1m32.0s), 100/100 VUs, 6287 complete and 0 interrupted iterations
packers   [  44% ] 100 VUs  1m32.0s/3m30s

running (1m33.0s), 100/100 VUs, 6368 complete and 0 interrupted iterations
packers   [  44% ] 100 VUs  1m33.0s/3m30s

running (1m34.0s), 100/100 VUs, 6448 complete and 0 interrupted iterations
packers   [  45% ] 100 VUs  1m34.0s/3m30s

running (1m35.0s), 100/100 VUs, 6535 complete and 0 interrupted iterations
packers   [  45% ] 100 VUs  1m35.0s/3m30s

running (1m36.0s), 100/100 VUs, 6612 complete and 0 interrupted iterations
packers   [  46% ] 100 VUs  1m36.0s/3m30s

running (1m37.0s), 100/100 VUs, 6693 complete and 0 interrupted iterations
packers   [  46% ] 100 VUs  1m37.0s/3m30s

running (1m38.0s), 100/100 VUs, 6755 complete and 0 interrupted iterations
packers   [  47% ] 100 VUs  1m38.0s/3m30s

running (1m39.0s), 100/100 VUs, 6825 complete and 0 interrupted iterations
packers   [  47% ] 100 VUs  1m39.0s/3m30s

running (1m40.0s), 100/100 VUs, 6902 complete and 0 interrupted iterations
packers   [  48% ] 100 VUs  1m40.0s/3m30s

running (1m41.0s), 100/100 VUs, 6987 complete and 0 interrupted iterations
packers   [  48% ] 100 VUs  1m41.0s/3m30s

running (1m42.0s), 100/100 VUs, 7067 complete and 0 interrupted iterations
packers   [  49% ] 100 VUs  1m42.0s/3m30s

running (1m43.0s), 100/100 VUs, 7151 complete and 0 interrupted iterations
packers   [  49% ] 100 VUs  1m43.0s/3m30s

running (1m44.0s), 100/100 VUs, 7233 complete and 0 interrupted iterations
packers   [  50% ] 100 VUs  1m44.0s/3m30s

running (1m45.0s), 100/100 VUs, 7299 complete and 0 interrupted iterations
packers   [  50% ] 100 VUs  1m45.0s/3m30s

running (1m46.0s), 100/100 VUs, 7370 complete and 0 interrupted iterations
packers   [  50% ] 100 VUs  1m46.0s/3m30s

running (1m47.0s), 100/100 VUs, 7455 complete and 0 interrupted iterations
packers   [  51% ] 100 VUs  1m47.0s/3m30s

running (1m48.0s), 100/100 VUs, 7540 complete and 0 interrupted iterations
packers   [  51% ] 100 VUs  1m48.0s/3m30s

running (1m49.0s), 100/100 VUs, 7621 complete and 0 interrupted iterations
packers   [  52% ] 100 VUs  1m49.0s/3m30s

running (1m50.0s), 100/100 VUs, 7701 complete and 0 interrupted iterations
packers   [  52% ] 100 VUs  1m50.0s/3m30s

running (1m51.0s), 100/100 VUs, 7778 complete and 0 interrupted iterations
packers   [  53% ] 100 VUs  1m51.0s/3m30s

running (1m52.0s), 100/100 VUs, 7844 complete and 0 interrupted iterations
packers   [  53% ] 100 VUs  1m52.0s/3m30s

running (1m53.0s), 100/100 VUs, 7926 complete and 0 interrupted iterations
packers   [  54% ] 100 VUs  1m53.0s/3m30s

running (1m54.0s), 100/100 VUs, 8008 complete and 0 interrupted iterations
packers   [  54% ] 100 VUs  1m54.0s/3m30s

running (1m55.0s), 100/100 VUs, 8083 complete and 0 interrupted iterations
packers   [  55% ] 100 VUs  1m55.0s/3m30s

running (1m56.0s), 100/100 VUs, 8158 complete and 0 interrupted iterations
packers   [  55% ] 100 VUs  1m56.0s/3m30s

running (1m57.0s), 100/100 VUs, 8243 complete and 0 interrupted iterations
packers   [  56% ] 100 VUs  1m57.0s/3m30s

running (1m58.0s), 100/100 VUs, 8318 complete and 0 interrupted iterations
packers   [  56% ] 100 VUs  1m58.0s/3m30s

running (1m59.0s), 100/100 VUs, 8378 complete and 0 interrupted iterations
packers   [  57% ] 100 VUs  1m59.0s/3m30s

running (2m00.0s), 100/100 VUs, 8458 complete and 0 interrupted iterations
packers   [  57% ] 100 VUs  2m00.0s/3m30s

running (2m01.0s), 100/100 VUs, 8512 complete and 0 interrupted iterations
packers   [  58% ] 100 VUs  2m01.0s/3m30s

running (2m02.0s), 100/100 VUs, 8591 complete and 0 interrupted iterations
packers   [  58% ] 100 VUs  2m02.0s/3m30s

running (2m03.0s), 100/100 VUs, 8668 complete and 0 interrupted iterations
packers   [  59% ] 100 VUs  2m03.0s/3m30s

running (2m04.0s), 100/100 VUs, 8752 complete and 0 interrupted iterations
packers   [  59% ] 100 VUs  2m04.0s/3m30s

running (2m05.0s), 100/100 VUs, 8833 complete and 0 interrupted iterations
packers   [  60% ] 100 VUs  2m05.0s/3m30s

running (2m06.0s), 100/100 VUs, 8894 complete and 0 interrupted iterations
packers   [  60% ] 100 VUs  2m06.0s/3m30s

running (2m07.0s), 100/100 VUs, 8971 complete and 0 interrupted iterations
packers   [  60% ] 100 VUs  2m07.0s/3m30s

running (2m08.0s), 100/100 VUs, 9055 complete and 0 interrupted iterations
packers   [  61% ] 100 VUs  2m08.0s/3m30s

running (2m09.0s), 100/100 VUs, 9140 complete and 0 interrupted iterations
packers   [  61% ] 100 VUs  2m09.0s/3m30s

running (2m10.0s), 100/100 VUs, 9213 complete and 0 interrupted iterations
packers   [  62% ] 100 VUs  2m10.0s/3m30s

running (2m11.0s), 100/100 VUs, 9290 complete and 0 interrupted iterations
packers   [  62% ] 100 VUs  2m11.0s/3m30s

running (2m12.0s), 100/100 VUs, 9363 complete and 0 interrupted iterations
packers   [  63% ] 100 VUs  2m12.0s/3m30s

running (2m13.0s), 100/100 VUs, 9442 complete and 0 interrupted iterations
packers   [  63% ] 100 VUs  2m13.0s/3m30s

running (2m14.0s), 100/100 VUs, 9521 complete and 0 interrupted iterations
packers   [  64% ] 100 VUs  2m14.0s/3m30s

running (2m15.0s), 100/100 VUs, 9601 complete and 0 interrupted iterations
packers   [  64% ] 100 VUs  2m15.0s/3m30s

running (2m16.0s), 100/100 VUs, 9655 complete and 0 interrupted iterations
packers   [  65% ] 100 VUs  2m16.0s/3m30s

running (2m17.0s), 100/100 VUs, 9737 complete and 0 interrupted iterations
packers   [  65% ] 100 VUs  2m17.0s/3m30s

running (2m18.0s), 100/100 VUs, 9814 complete and 0 interrupted iterations
packers   [  66% ] 100 VUs  2m18.0s/3m30s

running (2m19.0s), 100/100 VUs, 9882 complete and 0 interrupted iterations
packers   [  66% ] 100 VUs  2m19.0s/3m30s

running (2m20.0s), 100/100 VUs, 9947 complete and 0 interrupted iterations
packers   [  67% ] 100 VUs  2m20.0s/3m30s

running (2m21.0s), 100/100 VUs, 10030 complete and 0 interrupted iterations
packers   [  67% ] 100 VUs  2m21.0s/3m30s

running (2m22.0s), 100/100 VUs, 10105 complete and 0 interrupted iterations
packers   [  68% ] 100 VUs  2m22.0s/3m30s

running (2m23.0s), 100/100 VUs, 10187 complete and 0 interrupted iterations
packers   [  68% ] 100 VUs  2m23.0s/3m30s

running (2m24.0s), 100/100 VUs, 10260 complete and 0 interrupted iterations
packers   [  69% ] 100 VUs  2m24.0s/3m30s

running (2m25.0s), 100/100 VUs, 10341 complete and 0 interrupted iterations
packers   [  69% ] 100 VUs  2m25.0s/3m30s

running (2m26.0s), 100/100 VUs, 10401 complete and 0 interrupted iterations
packers   [  70% ] 100 VUs  2m26.0s/3m30s

running (2m27.0s), 100/100 VUs, 10478 complete and 0 interrupted iterations
packers   [  70% ] 100 VUs  2m27.0s/3m30s

running (2m28.0s), 100/100 VUs, 10556 complete and 0 interrupted iterations
packers   [  70% ] 100 VUs  2m28.0s/3m30s

running (2m29.0s), 100/100 VUs, 10639 complete and 0 interrupted iterations
packers   [  71% ] 100 VUs  2m29.0s/3m30s

running (2m30.0s), 100/100 VUs, 10723 complete and 0 interrupted iterations
packers   [  71% ] 100 VUs  2m30.0s/3m30s

running (2m31.0s), 100/100 VUs, 10800 complete and 0 interrupted iterations
packers   [  72% ] 100 VUs  2m31.0s/3m30s

running (2m32.0s), 100/100 VUs, 10854 complete and 0 interrupted iterations
packers   [  72% ] 100 VUs  2m32.0s/3m30s

running (2m33.0s), 100/100 VUs, 10938 complete and 0 interrupted iterations
packers   [  73% ] 100 VUs  2m33.0s/3m30s

running (2m34.0s), 100/100 VUs, 11024 complete and 0 interrupted iterations
packers   [  73% ] 100 VUs  2m34.0s/3m30s

running (2m35.0s), 100/100 VUs, 11105 complete and 0 interrupted iterations
packers   [  74% ] 100 VUs  2m35.0s/3m30s

running (2m36.0s), 100/100 VUs, 11185 complete and 0 interrupted iterations
packers   [  74% ] 100 VUs  2m36.0s/3m30s

running (2m37.0s), 100/100 VUs, 11263 complete and 0 interrupted iterations
packers   [  75% ] 100 VUs  2m37.0s/3m30s

running (2m38.0s), 100/100 VUs, 11331 complete and 0 interrupted iterations
packers   [  75% ] 100 VUs  2m38.0s/3m30s

running (2m39.0s), 100/100 VUs, 11397 complete and 0 interrupted iterations
packers   [  76% ] 100 VUs  2m39.0s/3m30s

running (2m40.0s), 100/100 VUs, 11476 complete and 0 interrupted iterations
packers   [  76% ] 100 VUs  2m40.0s/3m30s

running (2m41.0s), 100/100 VUs, 11555 complete and 0 interrupted iterations
packers   [  77% ] 100 VUs  2m41.0s/3m30s

running (2m42.0s), 100/100 VUs, 11631 complete and 0 interrupted iterations
packers   [  77% ] 100 VUs  2m42.0s/3m30s

running (2m43.0s), 100/100 VUs, 11712 complete and 0 interrupted iterations
packers   [  78% ] 100 VUs  2m43.0s/3m30s

running (2m44.0s), 100/100 VUs, 11792 complete and 0 interrupted iterations
packers   [  78% ] 100 VUs  2m44.0s/3m30s

running (2m45.0s), 100/100 VUs, 11862 complete and 0 interrupted iterations
packers   [  79% ] 100 VUs  2m45.0s/3m30s

running (2m46.0s), 100/100 VUs, 11910 complete and 0 interrupted iterations
packers   [  79% ] 100 VUs  2m46.0s/3m30s

running (2m47.0s), 100/100 VUs, 11994 complete and 0 interrupted iterations
packers   [  80% ] 100 VUs  2m47.0s/3m30s

running (2m48.0s), 100/100 VUs, 12076 complete and 0 interrupted iterations
packers   [  80% ] 100 VUs  2m48.0s/3m30s

running (2m49.0s), 100/100 VUs, 12154 complete and 0 interrupted iterations
packers   [  80% ] 100 VUs  2m49.0s/3m30s

running (2m50.0s), 100/100 VUs, 12230 complete and 0 interrupted iterations
packers   [  81% ] 100 VUs  2m50.0s/3m30s

running (2m51.0s), 100/100 VUs, 12312 complete and 0 interrupted iterations
packers   [  81% ] 100 VUs  2m51.0s/3m30s

running (2m52.0s), 100/100 VUs, 12390 complete and 0 interrupted iterations
packers   [  82% ] 100 VUs  2m52.0s/3m30s

running (2m53.0s), 100/100 VUs, 12451 complete and 0 interrupted iterations
packers   [  82% ] 100 VUs  2m53.0s/3m30s

running (2m54.0s), 100/100 VUs, 12523 complete and 0 interrupted iterations
packers   [  83% ] 100 VUs  2m54.0s/3m30s

running (2m55.0s), 100/100 VUs, 12604 complete and 0 interrupted iterations
packers   [  83% ] 100 VUs  2m55.0s/3m30s

running (2m56.0s), 100/100 VUs, 12683 complete and 0 interrupted iterations
packers   [  84% ] 100 VUs  2m56.0s/3m30s

running (2m57.0s), 100/100 VUs, 12765 complete and 0 interrupted iterations
packers   [  84% ] 100 VUs  2m57.0s/3m30s

running (2m58.0s), 100/100 VUs, 12826 complete and 0 interrupted iterations
packers   [  85% ] 100 VUs  2m58.0s/3m30s

running (2m59.0s), 100/100 VUs, 12907 complete and 0 interrupted iterations
packers   [  85% ] 100 VUs  2m59.0s/3m30s

running (3m00.0s), 100/100 VUs, 12969 complete and 0 interrupted iterations
packers   [  86% ] 100 VUs  3m00.0s/3m30s

running (3m01.0s), 100/100 VUs, 13022 complete and 0 interrupted iterations
packers   [  86% ] 100 VUs  3m01.0s/3m30s

running (3m02.0s), 100/100 VUs, 13105 complete and 0 interrupted iterations
packers   [  87% ] 100 VUs  3m02.0s/3m30s

running (3m03.0s), 100/100 VUs, 13183 complete and 0 interrupted iterations
packers   [  87% ] 100 VUs  3m03.0s/3m30s

running (3m04.0s), 100/100 VUs, 13266 complete and 0 interrupted iterations
packers   [  88% ] 100 VUs  3m04.0s/3m30s

running (3m05.0s), 100/100 VUs, 13342 complete and 0 interrupted iterations
packers   [  88% ] 100 VUs  3m05.0s/3m30s

running (3m06.0s), 100/100 VUs, 13411 complete and 0 interrupted iterations
packers   [  89% ] 100 VUs  3m06.0s/3m30s

running (3m07.0s), 100/100 VUs, 13476 complete and 0 interrupted iterations
packers   [  89% ] 100 VUs  3m07.0s/3m30s

running (3m08.0s), 100/100 VUs, 13556 complete and 0 interrupted iterations
packers   [  90% ] 100 VUs  3m08.0s/3m30s

running (3m09.0s), 100/100 VUs, 13630 complete and 0 interrupted iterations
packers   [  90% ] 100 VUs  3m09.0s/3m30s

running (3m10.0s), 100/100 VUs, 13708 complete and 0 interrupted iterations
packers   [  90% ] 100 VUs  3m10.0s/3m30s

running (3m11.0s), 100/100 VUs, 13790 complete and 0 interrupted iterations
packers   [  91% ] 100 VUs  3m11.0s/3m30s

running (3m12.0s), 100/100 VUs, 13874 complete and 0 interrupted iterations
packers   [  91% ] 100 VUs  3m12.0s/3m30s

running (3m13.0s), 100/100 VUs, 13932 complete and 0 interrupted iterations
packers   [  92% ] 100 VUs  3m13.0s/3m30s

running (3m14.0s), 100/100 VUs, 14013 complete and 0 interrupted iterations
packers   [  92% ] 100 VUs  3m14.0s/3m30s

running (3m15.0s), 100/100 VUs, 14091 complete and 0 interrupted iterations
packers   [  93% ] 100 VUs  3m15.0s/3m30s

running (3m16.0s), 100/100 VUs, 14142 complete and 0 interrupted iterations
packers   [  93% ] 100 VUs  3m16.0s/3m30s

running (3m17.0s), 100/100 VUs, 14215 complete and 0 interrupted iterations
packers   [  94% ] 100 VUs  3m17.0s/3m30s

running (3m18.0s), 100/100 VUs, 14299 complete and 0 interrupted iterations
packers   [  94% ] 100 VUs  3m18.0s/3m30s

running (3m19.0s), 100/100 VUs, 14379 complete and 0 interrupted iterations
packers   [  95% ] 100 VUs  3m19.0s/3m30s

running (3m20.0s), 100/100 VUs, 14435 complete and 0 interrupted iterations
packers   [  95% ] 100 VUs  3m20.0s/3m30s

running (3m21.0s), 100/100 VUs, 14510 complete and 0 interrupted iterations
packers   [  96% ] 100 VUs  3m21.0s/3m30s

running (3m22.0s), 100/100 VUs, 14589 complete and 0 interrupted iterations
packers   [  96% ] 100 VUs  3m22.0s/3m30s

running (3m23.0s), 100/100 VUs, 14668 complete and 0 interrupted iterations
packers   [  97% ] 100 VUs  3m23.0s/3m30s

running (3m24.0s), 100/100 VUs, 14744 complete and 0 interrupted iterations
packers   [  97% ] 100 VUs  3m24.0s/3m30s

running (3m25.0s), 100/100 VUs, 14823 complete and 0 interrupted iterations
packers   [  98% ] 100 VUs  3m25.0s/3m30s

running (3m26.0s), 100/100 VUs, 14903 complete and 0 interrupted iterations
packers   [  98% ] 100 VUs  3m26.0s/3m30s

running (3m27.0s), 100/100 VUs, 14959 complete and 0 interrupted iterations
packers   [  99% ] 100 VUs  3m27.0s/3m30s

running (3m28.0s), 100/100 VUs, 15036 complete and 0 interrupted iterations
packers   [  99% ] 100 VUs  3m28.0s/3m30s

running (3m29.0s), 100/100 VUs, 15117 complete and 0 interrupted iterations
packers   [ 100% ] 100 VUs  3m29.0s/3m30s

running (3m30.0s), 100/100 VUs, 15198 complete and 0 interrupted iterations
packers   [ 100% ] 100 VUs  3m30.0s/3m30s

running (3m31.0s), 009/100 VUs, 15292 complete and 0 interrupted iterations
packers ↓ [ 100% ] 100 VUs  3m30s


  █ THRESHOLDS 

    complete_duration
    ✗ 'p(95)<500' p(95)=729.36ms


  █ TOTAL RESULTS 

    checks_total.......: 30602   145.004392/s
    checks_succeeded...: 100.00% 30602 out of 30602
    checks_failed......: 0.00%   0 out of 30602

    ✓ tote-scan 2xx
    ✓ complete 2xx

    CUSTOM
    complete_duration..............: avg=471.07ms p(50)=438.67ms p(95)=729.36ms p(99)=1.01s    max=3.85s count=15301
    measured_complete..............: avg=453.76ms p(50)=434.89ms p(95)=643.57ms p(99)=861.26ms max=1.26s count=13596
    measured_complete_ok...........: 13596  64.423231/s
    measured_detail................: avg=432.18ms p(50)=411.26ms p(95)=606.03ms p(99)=820.06ms max=1.4s  count=13598
    measured_reqs..................: 40798  193.317077/s
    measured_scan..................: avg=437.2ms  p(50)=416.31ms p(95)=623.18ms p(99)=831.06ms max=1.25s count=13604

    HTTP
    http_req_duration..............: avg=458.53ms p(50)=424.75ms p(95)=711.87ms p(99)=1.04s    max=3.89s count=45903
      { expected_response:true }...: avg=458.53ms p(50)=424.75ms p(95)=711.87ms p(99)=1.04s    max=3.89s count=45903
    http_req_failed................: 0.00%  0 out of 45903
    http_reqs......................: 45903  217.506588/s

    EXECUTION
    iteration_duration.............: avg=1.37s    p(50)=1.27s    p(95)=1.79s    p(99)=3.2s     max=5.68s count=15301
    iterations.....................: 15301  72.502196/s
    vus............................: 9      min=9          max=100
    vus_max........................: 100    min=100        max=100

    NETWORK
    data_received..................: 26 MB  122 kB/s
    data_sent......................: 9.7 MB 46 kB/s




running (3m31.0s), 000/100 VUs, 15301 complete and 0 interrupted iterations
packers ✓ [ 100% ] 100 VUs  3m30s
time="2026-09-25T11:03:15Z" level=error msg="thresholds on metrics 'complete_duration' have been crossed"
