K6START=1790320587

         /\      Grafana   /‾‾/  
    /\  /  \     |\  __   /  /   
   /  \/    \    | |/ /  /   ‾‾\ 
  /          \   |   (  |  (‾)  |
 / __________ \  |_|\_\  \_____/ 


     execution: local
        script: k6/packing.js
        output: Prometheus remote write (http://172.31.64.6:9090/api/v1/write)

     scenarios: (100.00%) 1 scenario, 20 max VUs, 1m20s max duration (incl. graceful stop):
              * packers: 20 looping VUs for 50s (gracefulStop: 30s)


running (0m01.0s), 20/20 VUs, 0 complete and 0 interrupted iterations
packers   [   2% ] 20 VUs  01.0s/50s

running (0m02.0s), 20/20 VUs, 0 complete and 0 interrupted iterations
packers   [   4% ] 20 VUs  02.0s/50s

running (0m03.0s), 20/20 VUs, 20 complete and 0 interrupted iterations
packers   [   6% ] 20 VUs  03.0s/50s

running (0m04.0s), 20/20 VUs, 40 complete and 0 interrupted iterations
packers   [   8% ] 20 VUs  04.0s/50s

running (0m05.0s), 20/20 VUs, 60 complete and 0 interrupted iterations
packers   [  10% ] 20 VUs  05.0s/50s

running (0m06.0s), 20/20 VUs, 74 complete and 0 interrupted iterations
packers   [  12% ] 20 VUs  06.0s/50s

running (0m07.0s), 20/20 VUs, 88 complete and 0 interrupted iterations
packers   [  14% ] 20 VUs  07.0s/50s

running (0m08.0s), 20/20 VUs, 104 complete and 0 interrupted iterations
packers   [  16% ] 20 VUs  08.0s/50s

running (0m09.0s), 20/20 VUs, 122 complete and 0 interrupted iterations
packers   [  18% ] 20 VUs  09.0s/50s

running (0m10.0s), 20/20 VUs, 141 complete and 0 interrupted iterations
packers   [  20% ] 20 VUs  10.0s/50s

running (0m11.0s), 20/20 VUs, 160 complete and 0 interrupted iterations
packers   [  22% ] 20 VUs  11.0s/50s

running (0m12.0s), 20/20 VUs, 180 complete and 0 interrupted iterations
packers   [  24% ] 20 VUs  12.0s/50s

running (0m13.0s), 20/20 VUs, 200 complete and 0 interrupted iterations
packers   [  26% ] 20 VUs  13.0s/50s

running (0m14.0s), 20/20 VUs, 220 complete and 0 interrupted iterations
packers   [  28% ] 20 VUs  14.0s/50s

running (0m15.0s), 20/20 VUs, 240 complete and 0 interrupted iterations
packers   [  30% ] 20 VUs  15.0s/50s

running (0m16.0s), 20/20 VUs, 254 complete and 0 interrupted iterations
packers   [  32% ] 20 VUs  16.0s/50s

running (0m17.0s), 20/20 VUs, 273 complete and 0 interrupted iterations
packers   [  34% ] 20 VUs  17.0s/50s

running (0m18.0s), 20/20 VUs, 292 complete and 0 interrupted iterations
packers   [  36% ] 20 VUs  18.0s/50s

running (0m19.0s), 20/20 VUs, 307 complete and 0 interrupted iterations
packers   [  38% ] 20 VUs  19.0s/50s

running (0m20.0s), 20/20 VUs, 326 complete and 0 interrupted iterations
packers   [  40% ] 20 VUs  20.0s/50s

running (0m21.0s), 20/20 VUs, 344 complete and 0 interrupted iterations
packers   [  42% ] 20 VUs  21.0s/50s

running (0m22.0s), 20/20 VUs, 364 complete and 0 interrupted iterations
packers   [  44% ] 20 VUs  22.0s/50s

running (0m23.0s), 20/20 VUs, 383 complete and 0 interrupted iterations
packers   [  46% ] 20 VUs  23.0s/50s

running (0m24.0s), 20/20 VUs, 400 complete and 0 interrupted iterations
packers   [  48% ] 20 VUs  24.0s/50s

running (0m25.0s), 20/20 VUs, 420 complete and 0 interrupted iterations
packers   [  50% ] 20 VUs  25.0s/50s

running (0m26.0s), 20/20 VUs, 440 complete and 0 interrupted iterations
packers   [  52% ] 20 VUs  26.0s/50s

running (0m27.0s), 20/20 VUs, 460 complete and 0 interrupted iterations
packers   [  54% ] 20 VUs  27.0s/50s

running (0m28.0s), 20/20 VUs, 477 complete and 0 interrupted iterations
packers   [  56% ] 20 VUs  28.0s/50s

running (0m29.0s), 20/20 VUs, 496 complete and 0 interrupted iterations
packers   [  58% ] 20 VUs  29.0s/50s

running (0m30.0s), 20/20 VUs, 513 complete and 0 interrupted iterations
packers   [  60% ] 20 VUs  30.0s/50s

running (0m31.0s), 20/20 VUs, 533 complete and 0 interrupted iterations
packers   [  62% ] 20 VUs  31.0s/50s

running (0m32.0s), 20/20 VUs, 553 complete and 0 interrupted iterations
packers   [  64% ] 20 VUs  32.0s/50s

running (0m33.0s), 20/20 VUs, 573 complete and 0 interrupted iterations
packers   [  66% ] 20 VUs  33.0s/50s

running (0m34.0s), 20/20 VUs, 589 complete and 0 interrupted iterations
packers   [  68% ] 20 VUs  34.0s/50s

running (0m35.0s), 20/20 VUs, 606 complete and 0 interrupted iterations
packers   [  70% ] 20 VUs  35.0s/50s

running (0m36.0s), 20/20 VUs, 626 complete and 0 interrupted iterations
packers   [  72% ] 20 VUs  36.0s/50s

running (0m37.0s), 20/20 VUs, 644 complete and 0 interrupted iterations
packers   [  74% ] 20 VUs  37.0s/50s

running (0m38.0s), 20/20 VUs, 663 complete and 0 interrupted iterations
packers   [  76% ] 20 VUs  38.0s/50s

running (0m39.0s), 20/20 VUs, 682 complete and 0 interrupted iterations
packers   [  78% ] 20 VUs  39.0s/50s

running (0m40.0s), 20/20 VUs, 700 complete and 0 interrupted iterations
packers   [  80% ] 20 VUs  40.0s/50s

running (0m41.0s), 20/20 VUs, 720 complete and 0 interrupted iterations
packers   [  82% ] 20 VUs  41.0s/50s

running (0m42.0s), 20/20 VUs, 740 complete and 0 interrupted iterations
packers   [  84% ] 20 VUs  42.0s/50s

running (0m43.0s), 20/20 VUs, 759 complete and 0 interrupted iterations
packers   [  86% ] 20 VUs  43.0s/50s

running (0m44.0s), 20/20 VUs, 777 complete and 0 interrupted iterations
packers   [  88% ] 20 VUs  44.0s/50s

running (0m45.0s), 20/20 VUs, 793 complete and 0 interrupted iterations
packers   [  90% ] 20 VUs  45.0s/50s

running (0m46.0s), 20/20 VUs, 813 complete and 0 interrupted iterations
packers   [  92% ] 20 VUs  46.0s/50s

running (0m47.0s), 20/20 VUs, 833 complete and 0 interrupted iterations
packers   [  94% ] 20 VUs  47.0s/50s

running (0m48.0s), 20/20 VUs, 853 complete and 0 interrupted iterations
packers   [  96% ] 20 VUs  48.0s/50s

running (0m49.0s), 20/20 VUs, 873 complete and 0 interrupted iterations
packers   [  98% ] 20 VUs  49.0s/50s

running (0m50.0s), 20/20 VUs, 888 complete and 0 interrupted iterations
packers   [ 100% ] 20 VUs  50.0s/50s

running (0m51.0s), 02/20 VUs, 906 complete and 0 interrupted iterations
packers ↓ [ 100% ] 20 VUs  50s


  █ THRESHOLDS 

    complete_duration
    ✓ 'p(95)<500' p(95)=112.99ms


  █ TOTAL RESULTS 

    checks_total.......: 1816    35.563087/s
    checks_succeeded...: 100.00% 1816 out of 1816
    checks_failed......: 0.00%   0 out of 1816

    ✓ tote-scan 2xx
    ✓ complete 2xx

    CUSTOM
    complete_duration..............: avg=49.78ms p(50)=37.49ms p(95)=112.99ms p(99)=337ms    max=455.53ms count=908 
    measured_complete..............: avg=36.45ms p(50)=35.27ms p(95)=52.05ms  p(99)=73.34ms  max=133.5ms  count=748 
    measured_complete_ok...........: 748    14.648232/s
    measured_detail................: avg=15.32ms p(50)=13.88ms p(95)=22.59ms  p(99)=37.28ms  max=95.45ms  count=748 
    measured_reqs..................: 2243   43.925112/s
    measured_scan..................: avg=20.33ms p(50)=18.81ms p(95)=27.68ms  p(99)=50.85ms  max=137.42ms count=747 

    HTTP
    http_req_duration..............: avg=37ms    p(50)=22.39ms p(95)=88ms     p(99)=345.98ms max=643.81ms count=2724
      { expected_response:true }...: avg=37ms    p(50)=22.39ms p(95)=88ms     p(99)=345.98ms max=643.81ms count=2724
    http_req_failed................: 0.00%  0 out of 2724
    http_reqs......................: 2724   53.34463/s

    EXECUTION
    iteration_duration.............: avg=1.11s   p(50)=1.07s   p(95)=1.24s    p(99)=2.13s    max=2.22s    count=908 
    iterations.....................: 908    17.781543/s
    vus............................: 2      min=2         max=20
    vus_max........................: 20     min=20        max=20

    NETWORK
    data_received..................: 1.5 MB 30 kB/s
    data_sent......................: 576 kB 11 kB/s




running (0m51.1s), 00/20 VUs, 908 complete and 0 interrupted iterations
packers ✓ [ 100% ] 20 VUs  50s
